[VISC_LRG]
Strength=10
Primary=RangedSuicide
GuardRange=512
TiberiumHeal=no
Explosion=none

[VISC_SML]
Strength=10
Primary=RangedSuicide
GuardRange=512
TiberiumHeal=no
Explosion=none

[120mmRA]
ROF=80
Range=3.6
Damage=40
RangeInRA1=4.75
ProjectileRange=4.1

[4TNK]
ROT=5
Cost=1700
Sight=6
Speed=4
Points=17
Primary=120mmRA
Strength=6000
Secondary=MammothTuskRA

[70mmMslRA]
ROF=50
Range=3.75
Damage=35
RangeInRA1=5
ProjectileRange=4.25

[ANT1]
ROT=8
Cost=700
Speed=6
Points=70
Crusher=no
GuardRange=3.75
GuardRangeInRA1=5
SpeedType=Track

[ANT2]
ROT=6
Cost=700
Speed=8
Points=70
Crusher=no
SpeedType=Track

[ANT3]
ROT=9
Cost=700
Speed=7
Points=70
Crusher=no
GuardRange=3.75
GuardRangeInRA1=5
SpeedType=Track

[AntTeslaZap]
Range=1.75
IsRailgun=no
AttachedParticleSystem=none

[BARLO2]
Strength=20
Explosion=NAPALM2,NAPALM3
ScrapExplosion=NAPALM2,NAPALM3
CollateralDamageCoefficient=0.033

[Barrel3Sys]
Spawns=yes
Lifetime=5
Slowdown=0
HoldsWhat=BarrelPart
BehavesLike=Smoke
ParticleCap=5
SpawnCutoff=5
SpawnFrames=1
SpawnRadius=167
SpawnTranslucencyCutoff=100

[BarrelExp]
Wood=yes
Spread=20
Verses=75%,75%,100%,50%,25%

[BarrelSys]
Spawns=yes
Lifetime=2
Slowdown=0
HoldsWhat=BarrelPart
BehavesLike=Smoke
ParticleCap=2
SpawnCutoff=2
SpawnFrames=1
SpawnRadius=55
SpawnTranslucencyCutoff=100

[CrateRules]
WoodCrate=Firepower
SilverCrate=Armor
WoodCrateImg=CRATE

[E1A]
Sight=3

[E2S]
Sight=3
VoiceMove=I3ACKNO,I3AFFIRM,I3YESSIR
VoiceAttack=I3ACKNO,I3AFFIRM,I3YESSIR
VoiceSelect=I3AWAIT,I3REPORT
CollateralDamageCoefficient=0.025

[E3A]
Sight=3
Strength=450

[E4S]
Sight=3
VoiceMove=I5ACKNO,I5AFFIRM,I5YESSIR
VoiceAttack=I5ACKNO,I5AFFIRM,I5YESSIR
VoiceSelect=I5AWAIT,I5REPORT
CollateralDamageCoefficient=0.025

[Easy]
Groundspeed=0.9
Airspeed=1.0
BuildTime=1.0
Armor=1.4
ROF=0.91
Cost=0.60
RepairDelay=.001
BuildDelay=.001
DestroyWalls=yes
ContentScan=yes

[FireballLauncher]
Range=3
RangeInRA1=4

[Gas]
Verses=200%,0%,100%,60%,60%

[GrenadeRA]
Range=3
Damage=100
RangeInRA1=4

[INTEQUIP1A]
Primary=GasBarrel3Weap
Explodes=yes

[INTEQUIP1B]
Primary=GasBarrel3Weap
Explodes=yes

[INTGNRTR1B]
Sight=5

[M1Carbine]
Range=2.25
RangeInRA1=3

[MEDIC]
Sight=2

[MSA]
DeploysInto=RATSLA
LegalTarget=no

[MammothTuskRA]
ROF=80
Range=3.75
Speed=30
Damage=75
Warhead=MslHE
RangeInRA1=5
MinimumRange=0
ProjectileRange=4.25

[Napalm2]
Verses=90%,100%,150%,150%,50%

[RABARL]
Strength=10
Explosion=NAPALM2
ScrapExplosion=NAPALM2

[RABRL3]
Strength=20
Explosion=NAPALM2,NAPALM3
ScrapExplosion=NAPALM2,NAPALM3

[RAPBOX]
Name=Equipment
Image=none
Power=100
Immune=yes
Powered=yes
Selectable=no
LegalTarget=no
ThreatPosed=0

[RATSLA]
Cost=100
Armor=heavy
Sight=0
Strength=5000
Artillary=yes

[Sniper]
ROF=5
Range=3
Damage=100
Warhead=Super
RangeInRA1=3.25

[VolkovCannon]
Damage=150
ROF=10
Range=4
Projectile=Invisible
Speed=100
Warhead=VolkovAP
Report=XPLOSML2

[Super]
Wall=yes
InfDeath=1

[VolkovAP]
Verses=100%,100%,100%,100%,100%

[Super2]
InfDeath=5

[TTankZap]
Range=6.4
RangeInRA1=8.5

[TeslaZap]
ROF=60

[VOLKOV]
C4=no
Name=Stavros
Armor=none
VeteranAbilities=STRONGER
Elite=VolkovCannon
Image=GNRL
Cost=4900
Owner=Allies
Sight=2
Speed=5
Immune=no
Primary=Sniper
Fearless=no
Strength=800
VoiceDie=YELL1,NUYELL1,NUYELL3,NUYELL4,NUYELL5
Trainable=yes
VoiceMove=STAVMOV,STAVCRSE,STAVYES
GuardRange=1.75
Infiltrate=no
NoAutoFire=false
SelfHealing=no
VoiceAttack=STAVCRSE,STAVMOV,STAVYES
VoiceSelect=STAVCMDR,STAVYES
VoiceFeedback=

[Vulcan]
ROF=0
Anim=none
Range=4.5
Damage=250
Report=none

[Preview]

[PreviewPack]

[01000002]
Max=5
Full=no
Name=ent1
Group=-1
House=Soviet
Script=01000004
Whiner=no
Droppod=no
Suicide=yes
Loadable=no
Prebuild=no
Priority=7
Waypoint=B
Annoyance=no
IonImmune=no
Recruiter=no
Reinforce=no
TaskForce=01000003
TechLevel=0
Aggressive=no
Autocreate=no
GuardSlower=no
OnTransOnly=no
AvoidThreats=no
LooseRecruit=no
VeteranLevel=1
IsBaseDefense=no
OnlyTargetHouseEnemy=no
TransportsReturnOnUnload=no
AreTeamMembersRecruitable=no

[01000003]
0=1,ANT3
Name=1 ANT3
Group=-1

[01000004]
0=0,4
Name=Attack Infantry

[01000005]
Max=5
Full=no
Name=ent2
Group=-1
House=Soviet
Script=01000004
Whiner=no
Droppod=no
Suicide=yes
Loadable=no
Prebuild=no
Priority=7
Waypoint=C
Annoyance=no
IonImmune=no
Recruiter=no
Reinforce=no
TaskForce=01000003
TechLevel=0
Aggressive=no
Autocreate=no
GuardSlower=no
OnTransOnly=no
AvoidThreats=no
LooseRecruit=no
VeteranLevel=1
IsBaseDefense=no
OnlyTargetHouseEnemy=no
TransportsReturnOnUnload=no
AreTeamMembersRecruitable=no

[01000006]
Max=5
Full=no
Name=ent4
Group=-1
House=Soviet
Script=01000004
Whiner=no
Droppod=no
Suicide=yes
Loadable=no
Prebuild=no
Priority=7
Waypoint=E
Annoyance=no
IonImmune=no
Recruiter=no
Reinforce=no
TaskForce=01000003
TechLevel=0
Aggressive=no
Autocreate=no
GuardSlower=no
OnTransOnly=no
AvoidThreats=no
LooseRecruit=no
VeteranLevel=1
IsBaseDefense=no
OnlyTargetHouseEnemy=no
TransportsReturnOnUnload=no
AreTeamMembersRecruitable=no

[01000015]
0=1,MSA
Name=Tesla Coil
Group=-1

[01000016]
Max=5
Full=yes
Name=Tesla Coil
Group=-1
House=Allies2
Script=01000017
Whiner=no
Droppod=no
Suicide=no
Loadable=no
Prebuild=no
Priority=5
Waypoint=A
Annoyance=no
IonImmune=no
Recruiter=no
Reinforce=no
TaskForce=01000015
TechLevel=0
Aggressive=no
Autocreate=yes
GuardSlower=no
OnTransOnly=no
AvoidThreats=no
LooseRecruit=no
VeteranLevel=1
IsBaseDefense=no
OnlyTargetHouseEnemy=no
TransportsReturnOnUnload=no
AreTeamMembersRecruitable=no

[01000017]
0=11,15
Name=Deploy

[01000022]
Max=5
Full=no
Name=eng1
Group=-1
House=GDI
Script=01000024
Whiner=no
Droppod=no
Suicide=no
Loadable=no
Prebuild=no
Priority=7
Waypoint=CU
Annoyance=yes
IonImmune=no
Recruiter=no
Reinforce=no
TaskForce=01000023
TechLevel=0
Aggressive=yes
Autocreate=no
GuardSlower=no
OnTransOnly=no
AvoidThreats=no
LooseRecruit=no
VeteranLevel=1
IsBaseDefense=no
OnlyTargetHouseEnemy=no
TransportsReturnOnUnload=no
AreTeamMembersRecruitable=no

[01000023]
0=2,E1A
Name=2 Rifle Infantry
Group=-1

[01000024]
0=16,0
1=0,1
Name=eng1

[01000031]
Max=5
Tag=01000033
Full=no
Name=swarm1
Group=-1
House=Soviet
Script=01000036
Whiner=no
Droppod=no
Suicide=no
Loadable=no
Prebuild=no
Priority=7
Waypoint=M
Annoyance=no
IonImmune=no
Recruiter=no
Reinforce=no
TaskForce=01000034
TechLevel=0
Aggressive=no
Autocreate=no
GuardSlower=no
OnTransOnly=no
AvoidThreats=no
LooseRecruit=no
VeteranLevel=1
IsBaseDefense=no
OnlyTargetHouseEnemy=no
TransportsReturnOnUnload=no
AreTeamMembersRecruitable=no

[01000034]
0=3,ANT1
Name=3 ANT1
Group=-1

[01000035]
0=2,ANT2
Name=2 ANT2
Group=-1

[01000036]
0=3,15
1=16,9
2=0,4
Name=swarm

[01000037]
Max=5
Full=no
Name=swarm2
Group=-1
House=Soviet
Script=01000036
Whiner=no
Droppod=no
Suicide=no
Loadable=no
Prebuild=no
Priority=7
Waypoint=M
Annoyance=no
IonImmune=no
Recruiter=no
Reinforce=no
TaskForce=01000035
TechLevel=0
Aggressive=no
Autocreate=no
GuardSlower=no
OnTransOnly=no
AvoidThreats=no
LooseRecruit=no
VeteranLevel=1
IsBaseDefense=no
OnlyTargetHouseEnemy=no
TransportsReturnOnUnload=no
AreTeamMembersRecruitable=no

[01000040]
Max=5
Full=no
Name=grnf
Group=-1
House=Allies
Script=01000042
Whiner=no
Droppod=no
Suicide=no
Loadable=no
Prebuild=no
Priority=7
Waypoint=M
Annoyance=no
IonImmune=no
Recruiter=no
Reinforce=no
TaskForce=01000041
TechLevel=0
Aggressive=no
Autocreate=no
GuardSlower=no
OnTransOnly=no
AvoidThreats=no
LooseRecruit=no
VeteranLevel=1
IsBaseDefense=no
OnlyTargetHouseEnemy=no
TransportsReturnOnUnload=no
AreTeamMembersRecruitable=no

[01000041]
0=2,E1A
1=5,E4S
2=1,MEDIC
Name=grnf
Group=-1

[01000042]
0=3,15
Name=To Waypoint 15

[01000043]
0=1,4TNK
Name=1 Mammoth Tank
Group=-1

[01000044]
Max=5
Full=yes
Name=grnf2
Group=-1
House=Allies
Script=01000042
Whiner=no
Droppod=no
Suicide=no
Loadable=no
Prebuild=no
Priority=7
Waypoint=M
Annoyance=no
IonImmune=no
Recruiter=no
Reinforce=yes
TaskForce=01000043
TechLevel=0
Aggressive=no
Autocreate=no
GuardSlower=no
OnTransOnly=no
AvoidThreats=no
LooseRecruit=no
VeteranLevel=1
IsBaseDefense=no
OnlyTargetHouseEnemy=yes
TransportsReturnOnUnload=no
AreTeamMembersRecruitable=no

[01000047]
Max=5
Full=no
Name=gasatk
Group=-1
House=Soviet
Script=01000048
Whiner=no
Droppod=no
Suicide=no
Loadable=no
Prebuild=no
Priority=7
Waypoint=L
Annoyance=no
IonImmune=no
Recruiter=no
Reinforce=no
TaskForce=01000034
TechLevel=0
Aggressive=no
Autocreate=no
GuardSlower=no
OnTransOnly=no
AvoidThreats=no
LooseRecruit=no
VeteranLevel=1
IsBaseDefense=no
OnlyTargetHouseEnemy=no
TransportsReturnOnUnload=no
AreTeamMembersRecruitable=no

[01000048]
0=16,9
1=0,4
Name=gasatk

[01000055]
0=0,4
1=20,3
2=0,4
Name=IntAnt

[01000056]
Max=5
Tag=01000066
Full=no
Name=fodder
Group=-1
House=Soviet
Script=01000060
Whiner=no
Droppod=no
Suicide=no
Loadable=no
Prebuild=no
Priority=7
Waypoint=M
Annoyance=no
IonImmune=no
Recruiter=no
Reinforce=no
TaskForce=01000059
TechLevel=0
Aggressive=no
Autocreate=no
GuardSlower=no
OnTransOnly=no
AvoidThreats=no
LooseRecruit=no
VeteranLevel=1
IsBaseDefense=no
OnlyTargetHouseEnemy=no
TransportsReturnOnUnload=no
AreTeamMembersRecruitable=no

[01000057]
Max=5
Full=no
Name=intant1
Group=-1
House=Nod
Script=01000055
Whiner=no
Droppod=no
Suicide=no
Loadable=no
Prebuild=no
Priority=5
Waypoint=BC
Annoyance=no
IonImmune=no
Recruiter=no
Reinforce=no
TaskForce=01000003
TechLevel=0
Aggressive=no
Autocreate=no
GuardSlower=no
OnTransOnly=no
AvoidThreats=no
LooseRecruit=no
VeteranLevel=1
IsBaseDefense=no
OnlyTargetHouseEnemy=no
TransportsReturnOnUnload=no
AreTeamMembersRecruitable=no

[01000058]
Max=5
Full=no
Name=intant2
Group=-1
House=Nod
Script=01000055
Whiner=no
Droppod=no
Suicide=no
Loadable=no
Prebuild=no
Priority=5
Waypoint=BA
Annoyance=no
IonImmune=no
Recruiter=no
Reinforce=no
TaskForce=01000003
TechLevel=0
Aggressive=no
Autocreate=no
GuardSlower=no
OnTransOnly=no
AvoidThreats=no
LooseRecruit=no
VeteranLevel=1
IsBaseDefense=no
OnlyTargetHouseEnemy=no
TransportsReturnOnUnload=no
AreTeamMembersRecruitable=no

[01000059]
0=3,ANT3
Name=3 ANT3
Group=-1

[01000060]
0=16,15
1=16,4
2=16,0
3=0,4
Name=fodder

[01000087]
Max=0
Full=yes
Name=ptrl1
Group=-1
House=Soviet
Script=01000089
Whiner=no
Droppod=no
Suicide=no
Loadable=no
Prebuild=no
Priority=7
Waypoint=G
Annoyance=no
IonImmune=no
Recruiter=no
Reinforce=no
TaskForce=01000088
TechLevel=0
Aggressive=no
Autocreate=no
GuardSlower=no
OnTransOnly=no
AvoidThreats=no
LooseRecruit=no
VeteranLevel=1
IsBaseDefense=no
OnlyTargetHouseEnemy=no
TransportsReturnOnUnload=no
AreTeamMembersRecruitable=no

[01000088]
0=1,ANT1
Name=1 ANT1
Group=-1

[01000089]
0=16,7
1=16,3
2=16,4
3=16,6
4=6,1
Name=ptrl1

[01000092]
Max=5
Full=no
Name=nest1
Group=-1
House=Soviet
Script=01000093
Whiner=no
Droppod=no
Suicide=no
Loadable=no
Prebuild=no
Priority=7
Waypoint=M
Annoyance=no
IonImmune=no
Recruiter=no
Reinforce=no
TaskForce=01000003
TechLevel=0
Aggressive=yes
Autocreate=no
GuardSlower=no
OnTransOnly=no
AvoidThreats=no
LooseRecruit=no
VeteranLevel=1
IsBaseDefense=no
OnlyTargetHouseEnemy=no
TransportsReturnOnUnload=no
AreTeamMembersRecruitable=no

[01000093]
0=3,6
1=3,7
2=3,8
3=5,6
4=3,7
5=3,6
6=3,15
7=6,1
Name=nest1

[01000096]
Max=0
Full=no
Name=ptrl2
Group=-1
House=Soviet
Script=01000097
Whiner=no
Droppod=no
Suicide=no
Loadable=no
Prebuild=no
Priority=7
Waypoint=BA
Annoyance=no
IonImmune=no
Recruiter=no
Reinforce=no
TaskForce=01000003
TechLevel=0
Aggressive=no
Autocreate=no
GuardSlower=no
OnTransOnly=no
AvoidThreats=no
LooseRecruit=no
VeteranLevel=1
IsBaseDefense=no
OnlyTargetHouseEnemy=no
TransportsReturnOnUnload=no
AreTeamMembersRecruitable=no

[01000097]
0=16,53
1=16,54
2=16,55
3=16,52
4=6,1
Name=ptrl2

[01000098]
Max=0
Full=no
Name=tend1
Group=-1
House=Soviet
Script=01000099
Whiner=no
Droppod=no
Suicide=no
Loadable=no
Prebuild=no
Priority=7
Waypoint=BJ
Annoyance=no
IonImmune=no
Recruiter=no
Reinforce=no
TaskForce=01000003
TechLevel=0
Aggressive=yes
Autocreate=no
GuardSlower=no
OnTransOnly=no
AvoidThreats=no
LooseRecruit=no
VeteranLevel=1
IsBaseDefense=no
OnlyTargetHouseEnemy=no
TransportsReturnOnUnload=no
AreTeamMembersRecruitable=no

[01000099]
0=3,62
1=3,63
2=3,61
3=6,1
Name=tend1

[01000100]
Max=0
Full=no
Name=tend2
Group=-1
House=Soviet
Script=01000101
Whiner=no
Droppod=no
Suicide=no
Loadable=no
Prebuild=no
Priority=7
Waypoint=BM
Annoyance=no
IonImmune=no
Recruiter=no
Reinforce=no
TaskForce=01000003
TechLevel=0
Aggressive=yes
Autocreate=no
GuardSlower=no
OnTransOnly=no
AvoidThreats=no
LooseRecruit=no
VeteranLevel=1
IsBaseDefense=no
OnlyTargetHouseEnemy=no
TransportsReturnOnUnload=no
AreTeamMembersRecruitable=no

[01000101]
0=3,65
1=3,66
2=3,67
3=3,64
4=6,1
Name=tend2

[01000102]
Max=0
Full=no
Name=tend3
Group=-1
House=Soviet
Script=01000103
Whiner=no
Droppod=no
Suicide=no
Loadable=no
Prebuild=no
Priority=7
Waypoint=BF
Annoyance=no
IonImmune=no
Recruiter=no
Reinforce=no
TaskForce=01000088
TechLevel=0
Aggressive=yes
Autocreate=no
GuardSlower=no
OnTransOnly=no
AvoidThreats=no
LooseRecruit=no
VeteranLevel=1
IsBaseDefense=no
OnlyTargetHouseEnemy=no
TransportsReturnOnUnload=no
AreTeamMembersRecruitable=no

[01000103]
0=3,58
1=3,59
2=3,60
3=3,19
4=3,57
5=6,1
Name=tend3

[01000110]
Max=0
Full=no
Name=hatch
Group=-1
House=Soviet
Script=01000004
Whiner=no
Droppod=no
Suicide=no
Loadable=no
Prebuild=no
Priority=7
Waypoint=BE
Annoyance=no
IonImmune=no
Recruiter=no
Reinforce=no
TaskForce=01000088
TechLevel=0
Aggressive=no
Autocreate=no
GuardSlower=no
OnTransOnly=no
AvoidThreats=no
LooseRecruit=no
VeteranLevel=1
IsBaseDefense=no
OnlyTargetHouseEnemy=no
TransportsReturnOnUnload=no
AreTeamMembersRecruitable=no

[Actions]
01000000=1,4,1,01000005,0,0,0,0,A
01000007=2,4,1,01000006,0,0,0,0,A,4,1,01000002,0,0,0,0,A
01000009=1,56,0,0,0,0,0,0,A
01000011=2,56,0,0,0,0,0,0,A,17,0,0,0,0,0,0,A
01000013=3,41,0,358,0,0,0,0,A,53,2,01000018,0,0,0,0,A,19,0,164,0,0,0,0,A
01000018=3,80,1,01000016,0,0,0,0,A,53,2,01000011,0,0,0,0,A,7,1,01000056,0,0,0,0,M
01000020=4,4,1,01000022,0,0,0,0,A,17,0,98,0,0,0,0,A,4,1,01000057,0,0,0,0,A,4,1,01000058,0,0,0,0,A
01000025=1,1,0,2,0,0,0,0,A
01000027=6,41,0,232,0,0,0,0,AA,41,0,232,0,0,0,0,AB,41,0,232,0,0,0,0,AC,41,0,232,0,0,0,0,AL,41,0,232,0,0,0,0,AM,41,0,232,0,0,0,0,AN
01000029=4,19,0,428,0,0,0,0,A,56,0,1,0,0,0,0,A,14,0,10,0,0,0,0,A,62,0,0,0,0,0,0,A
01000032=1,7,1,01000040,0,0,0,0,A
01000038=2,7,1,01000037,0,0,0,0,A,53,2,01000053,0,0,0,0,M
01000045=1,7,1,01000044,0,0,0,0,A
01000049=2,17,0,13,0,0,0,0,A,4,1,01000102,0,0,0,0,BF
01000051=2,17,0,9,0,0,0,0,A,4,1,01000047,0,0,0,0,A
01000053=1,7,1,01000031,0,0,0,0,A
01000061=1,31,0,0,0,0,0,0,A
01000063=7,19,0,164,0,0,0,0,A,54,2,01000061,0,0,0,0,A,17,0,14,0,0,0,0,A,17,0,98,0,0,0,0,A,17,0,20,0,0,0,0,A,17,0,21,0,0,0,0,A,53,2,01000121,0,0,0,0,A
01000065=1,54,2,01000011,0,0,0,0,A
01000067=2,16,0,0,0,0,0,0,A,54,2,01000061,0,0,0,0,A
01000069=2,56,0,2,0,0,0,0,A,19,0,428,0,0,0,0,A
01000071=4,41,0,5,0,0,0,0,AD,41,0,5,0,0,0,0,AE,41,0,5,0,0,0,0,Q,41,0,5,0,0,0,0,R
01000073=3,41,0,5,0,0,0,0,AF,41,0,5,0,0,0,0,AG,32,0,0,0,0,0,0,A
01000075=3,41,0,5,0,0,0,0,AH,41,0,5,0,0,0,0,AI,32,0,0,0,0,0,0,A
01000077=3,41,0,5,0,0,0,0,AJ,41,0,5,0,0,0,0,AK,32,0,0,0,0,0,0,A
01000079=1,32,0,0,0,0,0,0,A
01000081=4,32,0,0,0,0,0,0,AJ,41,0,5,0,0,0,0,Q,41,0,5,0,0,0,0,R,41,0,5,0,0,0,0,S
01000083=1,32,0,0,0,0,0,0,A
01000085=1,2,0,2,0,0,0,0,A
01000090=2,4,1,01000087,0,0,0,0,A,7,1,01000092,0,0,0,0,A
01000094=2,4,1,01000096,0,0,0,0,A,4,1,01000098,0,0,0,0,A
01000104=2,7,1,01000092,0,0,0,0,A,4,1,01000100,0,0,0,0,A
01000106=2,56,0,3,0,0,0,0,A,6,0,3,0,0,0,0,A
01000108=1,80,1,01000110,0,0,0,0,BE
01000111=1,7,1,01000092,0,0,0,0,A
01000113=1,7,1,01000092,0,0,0,0,A
01000115=1,17,0,8,0,0,0,0,A
01000117=2,7,1,01000092,0,0,0,0,A,57,0,4,0,0,0,0,A
01000119=1,56,0,4,0,0,0,0,A
01000121=4,73,0,100,0,0,0,0,A,72,0,1,0,0,0,0,A,71,0,99999999999,0,0,0,0,A,53,2,01000123,0,0,0,0,A
01000123=4,73,0,70,0,0,0,0,A,72,0,1,0,0,0,0,A,71,0,99999999999,0,0,0,0,A,53,2,01000125,0,0,0,0,A
01000125=4,73,0,90,0,0,0,0,A,72,0,1,0,0,0,0,A,71,0,99999999999,0,0,0,0,A,53,2,01000127,0,0,0,0,A
01000127=4,73,0,75,0,0,0,0,A,72,0,1,0,0,0,0,A,71,0,99999999999,0,0,0,0,A,53,2,01000129,0,0,0,0,A
01000129=4,73,0,95,0,0,0,0,A,72,0,1,0,0,0,0,A,71,0,99999999999,0,0,0,0,A,53,2,01000131,0,0,0,0,A
01000131=4,73,0,80,0,0,0,0,A,72,0,1,0,0,0,0,A,71,0,99999999999,0,0,0,0,A,53,2,01000133,0,0,0,0,A
01000133=4,73,0,100,0,0,0,0,A,72,0,1,0,0,0,0,A,71,0,99999999999,0,0,0,0,A,53,2,01000135,0,0,0,0,A
01000135=4,73,0,85,0,0,0,0,A,72,0,1,0,0,0,0,A,71,0,99999999999,0,0,0,0,A,53,2,01000137,0,0,0,0,A
01000137=4,73,0,100,0,0,0,0,A,72,0,1,0,0,0,0,A,71,0,99999999999,0,0,0,0,A,53,2,01000139,0,0,0,0,A
01000139=4,73,0,90,0,0,0,0,A,72,0,1,0,0,0,0,A,71,0,99999999999,0,0,0,0,A,53,2,01000141,0,0,0,0,A
01000141=4,73,0,100,0,0,0,0,A,72,0,1,0,0,0,0,A,71,0,99999999999,0,0,0,0,A,53,2,01000143,0,0,0,0,A
01000143=5,73,0,95,0,0,0,0,A,72,0,1,0,0,0,0,A,71,0,99999999999,0,0,0,0,A,53,2,01000145,0,0,0,0,A,53,2,01000147,0,0,0,0,A
01000145=3,73,0,100,0,0,0,0,A,72,0,1,0,0,0,0,A,71,0,99999999999,0,0,0,0,A

[Allies]
IQ=0
Edge=East
Side=Allies
Color=DarkSky
Allies=Allies,GDI,Allies1,Allies2,Special
Credits=0
ActsLike=2
NodeCount=0
TechLevel=10
PercentBuilt=0
PlayerControl=yes

[Allies1]
IQ=0
Edge=West
Side=Allies
Color=DarkSky
Allies=Allies1,Allies,Allies2,Neutral,Special
Credits=0
ActsLike=2
NodeCount=0
TechLevel=10
PercentBuilt=0
PlayerControl=yes

[Allies2]
IQ=0
Edge=West
Side=Allies
Color=DarkOrange
Allies=Allies2,Allies,Allies1,Neutral,GDI
Credits=0
ActsLike=2
NodeCount=0
TechLevel=10
PercentBuilt=0
PlayerControl=no

[Basic]
Win=ANTEND
Name=It Came From RA! 4: Exterminate!
Author=Bittah Commander
Player=Allies
Percent=0
GameMode=Custom Map
HomeCell=98
InitTime=10000
Official=yes
EndOfGame=yes
FreeRadar=no
MaxPlayer=8
MinPlayer=2
SkipScore=no
TrainCrate=no
TruckCrate=no
AltHomeCell=99
OneTimeOnly=no
CarryOverCap=0
NewINIFormat=4
NextScenario=
RequiredAddOn=1
SkipMapSelect=yes
CarryOverMoney=0.000000
AltNextScenario=
MultiplayerOnly=0
IceGrowthEnabled=no
VeinGrowthEnabled=no
TiberiumGrowthEnabled=yes
IgnoreGlobalAITriggers=no
TiberiumDeathToVisceroid=no

[Briefing]
1=We've discovered a series of tunnels underneath the ruined base. Now that we've cut off their escape routes, the ants have nowhere left to run to.
2=@@Perform a sweep and clear all of the tunnels, and find the cause of these abominations. Destroy anything that isn't human!
3=@@The power to the tunnel lights has been knocked out, which will limit visibility. Find the generator controls, and you can re-activate the lights.

[CellTags]
41038=01000052
41039=01000052
42031=01000030
42037=01000039
42038=01000039
42039=01000052
42040=01000052
43031=01000030
43038=01000039
43039=01000039
43040=01000052
43041=01000052
44039=01000039
44040=01000039
44041=01000052
44042=01000052
44061=01000010
44065=01000014
45040=01000039
45041=01000039
45060=01000010
46059=01000010
46060=01000010
48057=01000010
49057=01000010
49058=01000010
50029=01000046
50058=01000010
50059=01000010
51028=01000050
51029=01000046
51030=01000046
51059=01000010
52028=01000050
52029=01000050
52030=01000046
52031=01000046
52059=01000010
53029=01000050
53030=01000050
53031=01000046
53032=01000046
53058=01000010
53059=01000010
54030=01000050
54031=01000050
54032=01000046
55031=01000050
59075=01000010
60067=01000010
60068=01000010
60069=01000010
60074=01000010
61066=01000010
61067=01000010
61069=01000010
61070=01000010
62070=01000010
62071=01000010
63071=01000010
71063=01000116
72062=01000116
72063=01000116
72078=01000064
73061=01000116
73062=01000116
73077=01000064
73078=01000064
81054=01000107
81055=01000107
82054=01000107

[Events]
01000000=1,36,0,0
01000007=1,36,0,0
01000009=1,1,0,2
01000011=1,13,0,1
01000013=1,1,0,2
01000018=1,13,0,1
01000020=1,8,0,0
01000025=1,11,0,12
01000027=1,36,0,1
01000029=1,1,0,2
01000032=1,48,0,0
01000038=1,1,0,2
01000045=1,1,0,2
01000049=1,1,0,2
01000051=1,1,0,2
01000053=1,13,0,5
01000061=1,13,0,6
01000063=1,1,0,2
01000065=1,48,0,0
01000067=1,8,0,0
01000069=1,48,0,5
01000071=1,36,0,2
01000073=2,36,0,2,13,0,6
01000075=2,36,0,2,13,0,12
01000077=2,36,0,2,13,0,18
01000079=2,36,0,2,13,0,24
01000081=2,36,0,2,13,0,30
01000083=1,48,0,5
01000085=1,9,0,2
01000090=1,13,0,0
01000094=1,13,0,6
01000104=1,13,0,12
01000106=1,1,0,2
01000108=2,36,0,3,13,0,12
01000111=1,13,0,24
01000113=1,13,0,36
01000115=1,1,0,2
01000117=2,13,0,6,36,0,4
01000119=1,23,1,01000092
01000121=1,13,0,1
01000123=1,13,0,0
01000125=1,13,0,0
01000127=1,13,0,0
01000129=1,13,0,0
01000131=1,13,0,0
01000133=1,13,0,0
01000135=1,13,0,0
01000137=1,13,0,0
01000139=1,13,0,0
01000141=1,13,0,0
01000143=1,13,0,0
01000145=1,13,0,0

[GDI]
IQ=0
Edge=East
Side=Allies
Color=Lime
Allies=Allies,GDI,Neutral,Allies1,Allies2,Soviet1
Credits=0
ActsLike=2
NodeCount=0
TechLevel=10
PercentBuilt=0
PlayerControl=no

[GDI1]
IQ=0
Edge=West
Side=GDI
Color=Gold
Allies=GDI1,GDI
Credits=0
ActsLike=2
NodeCount=0
TechLevel=10
PercentBuilt=0
PlayerControl=no

[GDI2]
IQ=0
Edge=West
Side=GDI
Color=Gold
Allies=GDI2,GDI
Credits=0
ActsLike=2
NodeCount=0
TechLevel=10
PercentBuilt=0
PlayerControl=no

[Houses]
0=GDI
1=Nod
2=Allies
3=Soviet
4=Neutral
5=Special
6=GDI1
7=Nod1
8=GDI2
9=Nod2
10=Allies1
11=Allies2
12=Soviet1
13=Soviet2

[Infantry]
0=GDI,E1A,256,84,41,0,Guard,64,None,0,-1,0,1,0
1=GDI,E1A,256,83,41,0,Guard,64,None,0,-1,0,1,0
2=Allies,VOLKOV,256,84,40,0,Area Guard,64,None,0,-1,0,1,0
3=Allies,E1A,256,83,38,0,Guard,64,None,0,-1,0,1,0
4=Allies,E1A,256,84,39,0,Guard,64,None,0,-1,0,1,0
5=Allies,E1A,256,85,40,0,Guard,64,None,0,-1,0,1,0
6=Allies,E1A,256,86,41,0,Guard,64,None,0,-1,0,1,0
7=Allies,E1A,256,87,42,0,Guard,64,None,0,-1,0,1,0
8=Allies,E4S,256,84,38,0,Guard,64,None,0,-1,0,1,0
9=Allies,E4S,256,84,37,0,Guard,64,None,0,-1,0,1,0
10=Allies,E4S,256,85,39,0,Guard,64,None,0,-1,0,1,0
11=Allies,E4S,256,86,40,0,Guard,64,None,0,-1,0,1,0
12=Allies,E4S,256,87,41,0,Guard,64,None,0,-1,0,1,0
13=Allies,E4S,256,88,42,0,Guard,64,None,0,-1,0,1,0
14=Allies,E4S,256,88,41,0,Guard,64,None,0,-1,0,1,0
15=Allies,E4S,256,83,37,0,Guard,64,None,0,-1,0,1,0
16=Allies,E2S,256,86,39,1,Guard,64,None,0,-1,0,1,0
17=Allies,E2S,256,87,40,0,Guard,64,None,0,-1,0,1,0
18=Allies,E3A,256,88,40,0,Guard,64,None,0,-1,0,1,0
19=Allies,E2S,256,85,38,0,Guard,64,None,0,-1,0,1,0
20=Allies,MEDIC,256,84,36,1,Guard,64,None,0,-1,0,1,0
21=Allies,MEDIC,256,89,41,0,Guard,64,None,0,-1,0,1,0
22=Allies,E3A,256,85,37,0,Guard,64,None,0,-1,0,1,0
23=Allies,E3A,256,86,38,0,Guard,64,None,0,-1,0,1,0
24=Allies,E3A,256,87,39,0,Guard,64,None,0,-1,0,1,0
25=Allies,E2S,256,86,39,2,Guard,64,None,0,-1,0,1,0
26=Allies,E3A,256,84,36,2,Guard,64,None,0,-1,0,1,0

[IsoMapPack5]
0=CgwAIAQBADcAxxoAYAACAgA2AMfpATcoKQA46wEDADUoKAAnrgADACeuAAMAKa0AOe8FBA
1=A0KCgAJwUBBCi1AQQoBQEEKAYBBAApBQE65wgFADMoKAAnXQEFKGUCBShdAQUoXQEFKF0B
2=BSheAQUAKV0BO/8KBgAyKCgAJ7UBBigVAwYotQEGKLUBBii1AQYotQEGKLUBBii2AQYAKb
3=UBPPcNBwAxKCgAJw0CByjFAwcoDQIHKA0CBygNAgcoDQIHKA0CBygNAgcoDQIHKA4CBwAp
4=DQI97xAIADAoKAAnZQIIKHUECChlAggoZQIIKGUCCChlAggoZQIIKGUCCChlAggoZQIIKG
5=UCCChmAggAKWUCPucTCQAvKCgAJ70CCSglBQkovQIJKL0CCSi9AgkovQIJKL0CCSi9Agko
6=vQIJKL0CCSi9AgkovQIJKL0CCSi+AgkAKb0CP/8VCgAuKCgAJxUDCijVBQooFQMKKBUDCi
7=gVAwooFQMKKBUDCigVAwooFQMKKBUDCigVAwooFQMKKBUDCigVAwooFQMKKBYDCgApFQNA
8=9xgLAC0oKAAnbQMLKIUGCyhtAwsobQMLKG0DCyhtAwsobQMLKG0DCyhtAwsobQMLKG0DCy
9=htAwsobQMLKG0DCyhtAwsobQMLKG0DCyhuAwsAKW0DQe8bDAAsKCgAJ8UDDCg1BwwoxQMM
10=KMUDDCjFAwwoxQMMKMUDDCjFAwwoxQMMKMUDDCjFAwwoxQMMKMUDDCjFAwwoxQMMKMUDDC
11=jFAwwoxQMMKMUDDCjGAwwAKcUDQuceDQArKCgAJx0EDSjlBw0oHQQNKB0EDSgdBA0oHQQN
12=KB0EDSgdBA0oHQQNKB0EDSgdBA0oHQQNKB0EDSgdBA0oHQQNKB0EDSgdBA0oHQQNKB0EDS
13=gdBA0oHQQNKB4EDQApHQRD/yAOACooKAAndQQOKJUIDih1BA4odQQOKHUEDih1BA4odQQO
14=KHUEDih1BA4odQQOKHUEDih1BA4odQQOKHUEDih1BA4odQQOKHUEDih1BA4odQQOKHUEDi
15=h1BA4odQQOKHUEDih2BA4AKXUERPcjDwApKCgAJ80EDyhFCQ8ozQQPKM0EDyjNBA8ozQQP
16=KM0EDyjNBA8ozQQPKM0EDyjNBA8ozQQPKM0EDyjNBA8ozQQPKM0EDyjNBA8ozQQPKM0EDy
17=jNBA8ozQQPKM0EDyjNBA8ozQQPKM0EDyjOBA8AKc0ERe8mEAAoKCgAJyUFECj1CRAoJQUQ
18=KCUFECglBRAoJQUQKCUFECglBRAoJQUQKCUFECglBRAoJQUQKCUFECglBRAoJQUQKPkEEC
19=j5BBAo+QQQKPkEECj5BBAo+QQQKPkEECj5BBAo+QQQKPkEECj5BBAo+gQQACn5BEYo+wQ4
20=AOYkpysRACf1AhEofQURKKUKESh9BREofQURKH0FESh9BREofQURKH0FESh9BREofQURKH
21=0FESh9BREofQURKH0FESh9BREoJQURKCUFESglBREoJQURKCUFESglBREoJQURKPkEESj5
22=BBEo+QQRKPoEEQAn+wQRAEcozwQ4ANvlKTcoUQU5KCkAQesBEgAm+QYSKNUFEijVBRIo1Q
23=USKNUFEijVBRIo1QUSKNUFEijVBRIo1QUSKNUFEijVBRIo1QUSKNUFEijVBRIo1QUSKH0F
24=Eih9BRIofQUSKH0FEih9BRIoJQUSKCUFEiglBRIoJQUSKCcFEgBIKHUEN/IqEgAnfwUSAD
25=koVQBBKCkANih9BTooKQBAKCkAQusBEwAl6QwTKC0GEygtBhMoLQYTKC0GEygtBhMoLQYT
26=KC0GEygtBhMoLQYTKC0GEygtBhMoLQYTKC0GEygtBhMoLQYTKNUFEyjVBRMo1QUTKH0FEy
27=h9BRMofQUTKH0FEyh/BRMASSgdBDbmKRMAJ9UFEyjVBRMo1wUTADoorQBAKCgAJy8GEwBC
28=KFUANSjVBTsoKQA/KCkAQ+sBFAAk+REUKIUGFCiFBhQohQYUKIUGFCiFBhQohQYUKIUGFC
29=iFBhQohQYUKIUGFCiFBhQohQYUKIUGFCiFBhQohQYUKKkFFCipBRQoqQUUKKkFFCirBRQA
30=SiiZAzXiJRQAJwEGFCgBBhQoAQYUKNcFFAA7KNkAPSgpAD8oKAAnWgYUACdZBhQoWwYUAE
31=MorQA0KAAGJ7sSFAA8KFUAPigpAETrARUAI/UYFSjdBhUo3QYVKN0GFSjdBhUo3QYVKN0G
32=FSjdBhUo3QYVKN0GFSjdBhUo3QYVKN0GFSjdBhUo3QYVKN0GFSiFBhUohQYVKIUGFSiFBh
33=UohwYVAEsomQM07iYVACfdBhUosQYVKLEGFSiHBhUAPCjZAD4oKAAnsQYVKIUGFSiHBhUA
34=RCitADMo1AUnlhMVACeyBhUAJ8MTFQA9KKwAJ+4TFQAnkw0VAEXjBBYAIu0bFig1BxYoNQ
35=cWKDUHFig1BxYoNQcWKDUHFig1BxYoNQcWKDUHFig1BxYoNQcWKDUHFig1BxYoNQcWKDUH
36=FijdBhYo3QYWKN0GFijdBhYo3wYWAEwomQMz8ioWACc1BxYoNQcWKAkHFijBExYoNQcWKD
37=YHFgAn6g0WACdiBxYAJ+kNFihhBxYovQ0WKGMHFgAyKCwGJ2IHFgAn/SAWKGIHFgAnyhQW
38=ACclGxYqNQdG8wkXACHlHhcojQcXKI0HFyiNBxcojQcXKI0HFyiNBxcojQcXKI0HFyiNBx
39=cojQcXKI0HFyiNBxcojQcXKI0HFyiNBxcobQ4XKI0HFyiNBxcojQcXKI0HFyiNBxcojwcX
40=AE0o8QMy+j0XACflBxcouQcXKNEVFyjlBxco5QcXKNEVFygRCBcoEQgXKBEIFygSCBcAJ3
41=UPFyg9CBcoPQgXKKEPFyhrCBcAMSgIBydVFhcoPggXACf9FRco5wcYACDlHhgo5QcYKOUH
42=GCjlBxgo5QcYKOUHGCjlBxgo5QcYKOUHGCjlBxgo5QcYKOUHGCjlBxgo5QcYKOUHGCjlBx
43=go5QcYKAkdGCgRCBgoEQgYKBEIGCgRCBgoEQgYKBEIGCgRCBgoEwgYAE4odAQnPQgYKD0I
44=GCgRCBgoMRcYKD0IGCg9CBgoPQgYKD0IGCg9CBgoPQgYKD0IGCg9CBgoPQgYKD0IGCg9CB
45=goEggYACcSCBgAJx0lGCgxFxgoPwgZAB/5HBkoPQgZKD0IGSg9CBkoPQgZKD0IGSg9CBko
46=PQgZKD0IGSg9CBkoPQgZKD0IGSg9CBkoPQgZKD0IGSg9CBkoPQgZKD0IGSi1FxkoTSsZKJ
47=UIGSiVCBkolQgZKJUIGSiVCBkolQgZKJUIGSiVCBkolQgZKJcIGQBPKCQFJ9UQGSi9GBko
48=wQgZKMEIGSjBCBkowQgZKMEIGSjBCBkowQgZKMEIGSjBCBkowQgZKMEIGSjBCBko6RgZKG
49=kIGShlGBkolwgaAB7hGhoolQgaKJUIGiiVCBoolQgaKJUIGiiVCBoolQgaKJUIGiiVCBoo
50=lQgaKJUIGiiVCBoolQgaKJUIGiiVCBoolQgaKJUIGiiVCBoolQgaKIUnGii9ORoo7QgaKO
51=0IGijtCBoo7QgaKO0IGijtCBoo7QgaKO0IGijtCBoo7QgaKO0IGijvCBoAUCjUBSetIRoo
52=8RkaKBkJGijtCBoo7QgaKO0IGijtCBoo7QgaKO0IGijtCBoo7QgaKO0IGijuCBoAJz0pGi
53=htGRoo7wgbAB3pFxso7QgbKO0IGyjtCBso7QgbKO0IGyjtCBso7ggbACfdPRso7QgbKO0I
54=GyjtCBso7QgbKO0IGyjtCBso7QgbKO0IGyjtCBso7QgbKO0IGyjtCBso7QgbKMEIGyjBCB
55=sowQgbKMEIGyjBCBsowQgbKMEIGyjBCBsowQgbKMEIGyjBCBsowQgbKMMIGwBRKAAGJ+0I
56=GyjtCBso7QgbKMEIGyjBCBsowQgbKMEIGyjBCBsowQgbKMEIGyjBCBsowQgbKHUaGyjtCB
57=so7ggbACcdURso3xEcABz1GBwoRQkcKEUJHChFCRwoRQkcKEUJHChFCRwoRQkcKEUJHChF
58=CRwoRQkcKEUJHChFCRwoRAkAARwAKgDHGgAAAAAAHAArAMcaAAARAAC+DAAgBwAAABwALg
59=DHGgBjABwALygpADAoKQAxKCkARSgpAEYoKQBHKCkASCgpAEkoKQBKKCkASygpAEwoKQBN
60=KCkATigpAE8oKQBQKCkAUSgpAFIoKwA2ANv1GDcoKQA5KCkAOigpADsoKQA8KCkAPSgpAD
61=4oKQA/KCkAQCgpAEIoKQBDKCsAMgDl7xAsAObpAS0oKQA4KCkAQSgpAEQoKAABMwAwG2gx
62=AwAcADUAMesBNAA6qwEdABznHh0AHSgpAB4oKQAfKCkAICgpACEoKQAiKCkAIygpACQoKQ
63=AlKCkAJigpACcoKQAoKCkAKSgpACooKAAnGgkdACcaCR0AJ8IIHQAnwggdACfCCB0AJ8II
64=HQAnwggdACfCCB0AJ8IIHQAnwggdACfCCB0AJ8IIHQAnwggdACfCCB0AJ8MIHQBTKL8CGw
65=DRszUdADIoKQAzKCkANCgpACz7PR0ALSgpADgoKAAnygkdACdyCR0AJ3IJHQAncgkdACdy
66=CR0AJ3IJHQAnRwkdAEQoXQEx80sdACvjRh0ALigpADooKQA7KCgAJ58JHQBCKFUARSgpAD
67=XrTh0AN+hOAh0ANgBMqU4eKMkJHijKCR4AJ8oJHgAnygkeACfKCR4AJ8oJHgAnygkeACfK
68=CR4AJ8oJHgAnygkeACfKCR4AJ8oJHgAnygkeACfJCR4oGQkeKBkJHigZCR4oGQkeKBkJHi
69=gZCR4oGQkeKBkJHigZCR4oGQkeKBkJHigZCR4oGwkeAFTnSh4AGuJGHgAncQkeKHIJHgAn
70=cgkeACdzCR4ANSjZACvmPx4AJ8kJHijLCR4ALiiAACf2CR4AJ/YJHgAnwRMeKPUJHij1CR
71=4o9QkeKPcJHgBBKFwBJyEKHigjCh4ARSiBACr7SB4ALygpADAoKAAnIwoeADwoVAAnIwoe
72=AEYoVwA2AC3rTjcALusBMQA2qQEfKCEKHyghCh8oIQofKCEKHyghCh8oIQofKCEKHyghCh
73=8oIQofKCEKHyghCh8oIQofKCEKHyj1CR8o9QkfKPUJHyj1CR8o9QkfKPUJHyj1CR8o9Qkf
74=KPUJHyj1CR8o9QkfKPUJHyj1CR8o9wkfAFXjUR8AGeVKHyhNCh8oTQofKE4KHwAnTgofAC
75=dNCh8oTwofACrlPx8oIQofKCMKHwAvKIEAMCgoACdNCh8oTgofACcRHh8onRQfKKUKHyil
76=Ch8opQofKHoKHwAnER4fKMkUHyilCh8opwofACn+TB8AJxMeHwBAKFQAJyAKCx8AKwDzGg
77=AABAAAHwAsiQEIaQE2/aQfKJwUAh8AMQA7uVMgKHkKICh5CiAoeQogKHkKICh5CiAoeQog
78=KHkKICh5CiAoeQogKHkKICh5CiAoeQogKI0dICh5CiAoeQogKHkKICh5CiAoeQogKHkKIC
79=h5CiAoeQogKHkKICh5CiAoeQogKHkKICh5CiAoeQogKHsKIABW51UgABjlVSAo0QogKNEK
80=ICjRCiAo0QogKNEKICjRCiAo0wogADYoXQEp7VIgKNEKICjSCiAAJ9EKICilCiAopQogKK
81=UKICh5CiAoeQogKE0KIChNCiAoTwogADf7+CAAKPVPIChPCiAAOShVAD0oKAAnpgogACdG
82=HyAAJxsfIAAqhFUBAQAAIN1XBWgBvVcJaQEtgQQNawExAEmxViEo0QohKNEKISjRCiEo0Q
83=ohKNEKISjRCiEo0QohKNEKISjRCiEo0QohKNMKIQA35z8hADgoKQA5KCgAJ6kxIShVCyEo
84=VQshKFULIShVCyEoVQshKCkLISgpCyEoKQshKCkLISgpCyEoKQshKCkLISgpCyEoKQshKC
85=kLISgrCyEAVygVAxf1TyEogQshKIELISiBCyEogQshKP8KIQAo8lYhACf9CiEo/QohKP0K
86=ISj9CiEo0QohKNEKISilCiEoyR8hKNEKISjTCiEANudVIQAn4lEhACeWKSEAJ3sKIQA+KI
87=AAJ3oKIQAnYzMhAEsogACkVQECAAAhxVUGaAGlVQpoAaVVDmkBNPT/AiEAMQA381YyADzr
88=ATMASqkBIigpCyIoKQsiKCkLIigpCyIoKQsiKCkLIigpCyIoKQsiKCkLIigpCyIoKwsiAD
89=b5PSIoVQsiKFYLIgAnVwsiADoorQBEKCgAJ60LIiitCyIorQsiKK0LIiitCyIoVQsiKCkL
90=IigpCyIoKQsiKCkLIigpCyIoKQsiKCkLIigpCyIoKwsiAFgovQIW9loiACeBCyIogQsiKI
91=ELIiiBCyIogQsiKFULIihWCyIAJ4EhIiiBCyIogQsiKIMLIgAx/2IiADIoKQAzKCgAJ/U1
92=IihVISIoBQwiKAUMIihVISIoMwwiAEsoMQE18WEiKDIMIgAneSsiKAcMIgBD710iAEooKQ
93=BMKCkATigoACSsIQEHAAAiJa0hC2gBpWAPaQE0+V4jKFULIyhVCyMoVQsjKFULIyhVCyMo
94=VQsjKFULIyhVCyMoVQsjKFULIyhXISMANeU/IyitCyMorQsjKK0LIyitCyMorwsjADsoBQ
95=FDKCgAJwYMIwAnBQwjKAUMIygFDCMoBQwjKIELIyhVCyMoVQsjKFULIyhVCyMoVQsjKFUL
96=IyhXCyMAWShlAhXiXCMAJ60LIyitCyMorQsjKK0LIyitCyMorwsjABwoMAEnBRcjKK4LIw
97=AnrTcjKK03IyiJLSMoMQwjKDEMIygxDCMoMQwjKDIMIwAnMQwjKAUMIyjhIiMoMQwjKDEM
98=IygzDCMASuVgIygzDCMATChVAE4oKAAnOyMjADThXCMo2TcjKP9BIwBJKIEATSgpAE8oKQ
99=BR6QEkKK0LJCitCyQorQskKK0LJCitCyQorQskKK0LJCitCyQorQskKK0LJCiBNyQorQsk
100=KK0LJCitCyQorQskKK0LJCivCyQAPOdKJABCKCgAJwYMJAAnBgwkACcFDCQoBQwkKAUMJC
101=gFDCQoDRgkKNkLJCjZCyQo2QskKNkLJCjZCyQo2QskKNsLJABaKJECFPJWJAAnMQwkKDEM
102=JCgxDCQoMQwkKDEMJCgxDCQoMQwkKDMMJAAdKIgBJ+EXJCgxDCQoMQwkKDEMJCgxDCQoMQ
103=wkKDEMJCgxDCQoMQwkKDMMJAA08VYkKDEMJCgxDCQoMQwkKNkLJCjbCyQATSgEAScHDCQA
104=TyhVAFEoKAAn6zkkADUoVAsn8SQkKEEvJCi/GCQAUCitAFLpASUoBQwlKAUMJSgFDCUoBQ
105=wlKAUMJSgFDCUoBQwlKAUMJSgFDCUoBQwlKNkLJSjZCyUo2QslKNkLJSjZCyUo2wslAD3m
106=SiUAJ9kLJSjZCyUo2QslKNkLJSjZCyUo2QslKNkLJSiZLyUo2QslKNkLJSjZCyUo2QslKN
107=kLJSjZCyUo2wslAFsovQIT+lMlACcxDCUoMQwlKDEMJSgxDCUoMQwlKDEMJSgxDCUoMQwl
108=KDEMJSgzDCUAHijgASddDCUoXQwlKF0MJShdDCUoXQwlKF0MJShdDCUoBQwlKAcMJQA15V
109=UlKAUMJSgFDCUo2QslKNoLJQAn2QslKNsLJQBQKDABJwcMJQBSKFUAQiYdJSUoS0YlADYo
110=gAsnJTElKM8wJQBTKIEAMSMcOwMEAAAlADKJAQhrAUEAQCQfMCYAEus4JgATKCkAFCgpAB
111=UoKQAWKCkAFygpABgoKQAZKCgAJ21bJii9DSYovQ0mKL0NJii9DSYovQ0mKL0NJii9DSYo
112=ZQ0mKGUNJihlDSYoZQ0mKGUNJihnDSYAPiiQAidBGSYoZQ0mKGUNJihlDSYoZQ0mKGUNJi
113=gNDSYoDQ0mKA0NJigNDSYoDQ0mKA0NJigPDSYAXChkAidJXCYoBQwmKAUMJigFDCYoBwwm
114=AB/xYSYo2QsmKNkLJijZCyYo2QsmKIELJiiCCyYAJ5FwJihdFyYogQsmKIELJiiBCyYogQ
115=smKIILJgAngQsmKIMLJgBT710mACjvXSYAN/9XJgA/KCgAJ6EwJijjFyYAVCiBADCAXAIB
116=AAAmALleBWgBuV4JaQEzgQQNagEpACXrcCYAKyYfZyYAKibrcCYAQCiJDEIm1DwCJgBBAF
117=ujZycAEfE1JygNDScoDg0nACcODScAJw4NJwAnDg0nACcODScAJw4NJwAnDw0nABooiAEn
118=fWgnKA0NJygNDScoDQ0nKA0NJygNDScodRonKA0NJygNDScoDQ0nKA0NJygNDScoDQ0nKA
119=8NJwA/KJACJ1EmJygNDScoDQ0nKA0NJygNDScodRonKA0NJygNDScoDQ0nKA0NJygNDSco
120=DQ0nKA8NJwBdKGQCJ1lpJygNDScoDQ0nKA0NJ+xoDwAAJwAoANEaAAAAAAAnACkA0REAAJ
121=IMACAIGgAAAAAAJwAqANHrAS4A2+kBLygpADQoKQA1KCkAQigpAEwoKQBNKCkATigpAE8o
122=KQBQKCkAUSgpAFIoKQBTKCsAIADl+REnKCkAQCgpAEQoKwA2AObtBUsoKQBUKCkAVSgoAA
123=kwAPMaAAACAAAnADGJAQZpATKJAQppATOJAQ5oAQIrADAbAGAAAicALQAx6wFDADTrAUEA
124=S+sBLABMqAECKAAQAMe7ESgAESgpABIoKQATKCkAFCgpABUoKQAWKCkAFygpABgoKQAZKC
125=kAGigpABsoKQAkKCkAJSgpADYoKQA3KCkAOCgpADkoKQA6KCkAOygpADwoKQA9KCkAPigp
126=AD8oKQBAKCkARigpAEcoKQBIKCkASSgpAEooKQBLKCkAVSgpAFYoKQBXKCkAWCgpAFkoKQ
127=BaKCkAWygpAFwoKQBdKCkAXigpABz/YigAHSgpAB4oKQAfKCkAICgpACcoKQAoKCkAKSgo
128=ACe/DSgAKyhVAEQoKAAnFg4oACcXDigAMP5iKAAnQg4oACe+DSgAJ74NKAAnvg0oACe+DS
129=gAJ74NKAAnvg0oACe/DSgAIftpKAAiKCkAIygpACYoKQBFKCkANedrKABBKCkATCgoACcV
130=DijcbQIHAAAoAL1tC2gBvW0PawEsAC3vaC0ALusBQwAz6QFC628pAA/xNSkovQ0pKL4NKQ
131=Anvg0pACe+DSkAJ74NKQAnvg0pACe+DSkAJ74NKQAnvg0pACe+DSkAJ74NKQAnvw0pABwo
132=OQI1KCgAJ74NKQAnvg0pACe+DSkAJ74NKQAnvg0pACe+DSkAJ74NKQAnvg0pACe+DSkAJ7
133=4NKQAnvw0pAEEoDAInvg0pACe+DSkAJ74NKQAnvg0pACdmDSkAJ2YNKQAnZg0pACdmDSkA
134=J2YNKQAnZg0pACdmDSkAJ2YNKQAnZw0pAF8oZAInZg0pACdmDSkAJ2YNKQAnZw0pACHrZC
135=kAIigpACMoKQAmKCgAJxYOKQAnFg4pACcVDiko1RspKBcOKQBDKAQBJ0MOKQBFKFQAJ0EO
136=KShDDikAMe9zKQAyKCkAMygoACeFHCkoxQ4pKMUOKSjFDikoxQ4pKMUOKSjFDikoxw4pAF
137=QoiQEk43IpACUoKQBCKCkARigpAC7vcykANCgoACfeHCkAJ7McKQAs4eApKAMcKgAO6Tgq
138=KBUOKigVDiooFQ4qKBUOKigVDiooFQ4qKBUOKigVDiooFQ4qKBUOKigVDiooFQ4qKBUOKi
139=gXDioAHSiRAi4oKQA0KCgAJ5oOKgAnmQ4qKJkOKiiZDioomQ4qKJkOKiiZDioomg4qACeZ
140=DioomQ4qKJkOKiiZDioomw4qAEIoZAInmQ4qKJkOKihBDiooQQ4qKEEOKihBDiooQQ4qKE
141=EOKihBDiooQQ4qKEMOKgBgKAwCJxUOKigVDiooFQ4qKBYOKgAnFw4qACT3ZSoAJSgoACdu
142=DioAJ20OKihtDioobQ4qKG0OKihvDioALCgwASdtDioobw4qAEYogAAnsRwqKG0OKihuDi
143=oAJ0EOKihBDiooQQ4qKEEOKihBDiooQQ4qKEEOKihBDiooQw4qAB7/bSoALSgpAEMoKQBH
144=KCkASigpAC/jcioAMygoACdDDioAVihVAEsmRyorAA39NisobQ4rKG0OKyhtDisobQ4rKG
145=0OKyhtDisobQ4rKG0OKyhtDisobQ4rKG0OKyhtDisobQ4rKG0OKyhtDisobw4rAB4o6QIt
146=KCgAJ8cOKwAvKFUAMygoACceDysAJx0PKygdDysoHQ8rKB0PKygdDysoHQ8rKB0PKygdDy
147=soHQ8rKB0PKygdDysoHQ8rKB0PKygfDysAQyi8AidhHSsoHQ8rKB0PKygdDysoHQ8rKB0P
148=KygdDysoHQ8rKB0PKygdDysoHw8rAGEoDAInNR0rKB0PKygdDysoHQ8rKB0PKygeDysAJx
149=0PKygdDysoHQ8rKB0PKygdDysoHQ8rKMUOKyjHDisAR/F3KyjFDisobQ4rKG0OKyhtDiso
150=bQ4rKG0OKyhtDisobQ4rKG8OKwAf/20rACwoKAAnOzkrAEgoVQBJKCkAMOtvKwAyKCgAJ2
151=8OKwBMKEMOSgBbJMgqAisASwBcqwEsAAztMSwoxQ4sKMUOLCjFDiwoxQ4sKMUOLCjFDiwo
152=xQ4sKMUOLCjFDiwoxQ4sKMUOLCjFDiwoxQ4sKMUOLCjFDiwoxQ4sKMUOLCjHDiwALChAAy
153=fyDiwAJ/EOLCjzDiwAMCitADIoKAAnSg8sACdJDywoSQ8sKEkPLChJDywoSQ8sKEkPLChJ
154=DywoSQ8sKEkPLChJDywoSQ8sKEkPLChJDywoSQ8sKEkPLChLDywARCgUAyetLCwoSQ8sKE
155=kPLChJDywoSQ8sKEkPLChJDywoSQ8sKEkPLChJDywoSw8sAGIoDAIndQ8sKHUPLCh1Dywo
156=dQ8sKHUPLCh1DywodQ8sKHUPLCh1DywodQ8sKHUPLCgdDywoHw8sAEjreiwASSgoACeZOi
157=woxQ4sKMUOLCjFDiwoxw4sAFUmpSssKPMOLAAr7nMsACdDOiwAMe9zLABPKCkAUCgoACcL
158=HSwASiZ7KywATCgpAE3/eCwASybrOS0AC+ktLSgeDy0AJ+UdLSgdDy0oHQ8tKB0PLSgdDy
159=0oHQ8tKB0PLSgdDy0oHQ8tKB0PLSgdDy0oHQ8tKB0PLSgdDy0oHQ8tKB0PLSgdDy0oHw8t
160=AB8obQMrKCgAJ3YPLQAndQ8tKHUPLSh1Dy0odw8tADEoBAEnog8tACehDy0ooQ8tKKEPLS
161=ihDy0ooQ8tKKEPLSihDy0ooQ8tKKEPLSihDy0ooQ8tKKEPLSihDy0ooQ8tKKEPLSihDy0o
162=oQ8tKKMPLQBFKG0DUCgoACd9PC0ozQ8tKM0PLSjNDy0ozg8tACd9PC0ozQ8tKM0PLSjNDy
163=0ozQ8tKM8PLQBjKAwCJ308LSjNDy0ozQ8tKM0PLSjNDy0ozQ8tKM0PLSjNDy0ozQ8tKHUP
164=LSh1Dy0odw8tAErjfS0ASygoACeZOi0oHw8tAFbqei0AJ6dXLQAq6notACfHOi0ATvF3LS
165=hLDy0AUShVAFIoKQBTKCkAVygpAE3w8AItAEwAYb/xLgAK+ScuKHUPLih1Dy4odQ8uKHUP
166=Lih1Dy4odQ8uKHUPLih1Dy4odQ8uKHUPLih1Dy4odQ8uKHUPLih1Dy4odQ8uKHUPLih1Dy
167=4odQ8uKHUPLih1Dy4odw8uACAoxAMndQ8uKHUPLih1Dy4odQ8uKHUPLih2Dy4AJ3UPLih1
168=Dy4odQ8uKHUPLih1Dy4odQ8uKHUPLih1Dy4odQ8uKHUPLih1Dy4odQ8uKHUPLih1Dy4odQ
169=8uKHUPLih1Dy4odQ8uKHUPLih2Dy4AJ79aLgBPKMwEJ88PLgBRKFUAUygoACchIC4oISAu
170=KFEQLihREC4oURAuKFEQLihREC4oURAuKFEQLihREC4oURAuKFEQLihTEC4AZChkAifRTC
171=4oURAuKFEQLij5Dy4o+Q8uKPkPLijJHy4o+Q8uKPkPLij5Dy4o+Q8uKM0PLiiJWS4olkou
172=ACddWS4oRh8uACd/PC4ATf14LigmEC4AJ84PLgAniVkuKH08LihHHy8ACf0gLyjNDy8ozQ
173=8vKM0PLyjNDy8ozQ8vKM0PLyjNDy8ozQ8vKM0PLyjNDy8ozQ8vKM0PLyjNDy8ozQ8vKM0P
174=LyjNDy8ozQ8vKM0PLyjNDy8ozQ8vKM0PLyjODy8AJ88PLwAhKB0EJSgpACYoKAAnnR8vKC
175=UQLyglEC8oJRAvKPoPLwAncR8vKPkPLyj5Dy8o+Q8vKPkPLyj5Dy8ozQ8vKM0PLyjNDy8o
176=zQ8vKM0PLyjNDy8ozQ8vKM0PLyjNDy8ozQ8vKM0PLyjNDy8ozg8vACfPXC8ATih0BCcmEC
177=8AJyUQLygnEC8AUiisACdTEC8AVChUACcZQC8oGUAvKKkQLyipEC8oqRAvKKkQLyipEC8o
178=qRAvKKkQLyipEC8oqRAvKKkQLyipEC8oqRAvKKsQLwBlKLwCJ2VPLyhREC8oURAvKFEQLy
179=iVPy8oURAvKFEQLyhTEC8ATCZ5IC8osmkvACcWWy8AJ8l3LyiPPi8AMSZ7IC8AOSgoACe5
180=Pi8oqRAvKBdbMAAI4RowKCUQMCglEDAoJRAwKCUQMCglEDAoJRAwKCUQMCglEDAoJRAwKC
181=UQMCglEDAoJRAwKCUQMCglEDAoJRAwKCUQMCglEDAoJRAwKCUQMCglEDAoJRAwKCUQMOSB
182=DAAAMAAgAMcaAAAAAAAwABEAAHMMACAMIQDHGgAAAAAAMAAiAMcaZAEBADAAJCgpACUoKQ
183=AmKCkAJygpAC4oKQAvKCkAMygpADQoKQA1KCkANigpADcoKQA7KCkAPCgpAD0oKQA+KCkA
184=PygpAEAoKQBBKCkAQigpAEMoKQBEKCkARSgpAEYoKQBHKCkASCgpAE4oKQBPKCkAUCgpAF
185=EoKQBSKCkAUygpAFQoKQBVKCkAVigpAFcoKQBYKCkAWSgpAFooKQBbKCkAXCgpAF0oKQBe
186=KCkAXygpAGAoKQBhKCkAYigpAGMoKQBkKCkAZSgpAGYoKwApANHhRiooKQArKCkALCgpAD
187=EoKQA5KCkASigpAEsoKQBMKCkATSgrACMA5fUNKCgpAC0oKQAwKCkAMigpADgoKQA6KCkA
188=SesBMQAH4xoxAAgoKQAJKCkACigpAAsoKQAMKCkADSgpAA4oKQAPKCkAECgpABEoKQASKC
189=kAEygpABQoKQAVKCkAFigpABcoKQAYKCkAGSgpABooKQAbKCkAHCgpAB0oKQAeKCkAHygp
190=ACAoKAAnfRAxKH8QMQAjKIAAJ6oQMQAnqhAxACeqEDEAJ6sQMQAoKNgAJ1IQMQAnUhAxAC
191=dSEDEAJ/oPMQAn+g8xACf6DzEAJ/oPMQAn+g8xACf6DzEAJ/oPMQAn+g8xACf6DzEAJ/oP
192=MQAn+g8xACf6DzEAJ/sPMQBJKOgCJ/oPMQAn+g8xACf6DzEAJ/oPMQAn+g8xACf6DzEAJ/
193=oPMQAn+g8xACf6DzEAJ/oPMQAn+g8xACf6DzEAJ/oPMQAn+g8xACeiDzEAJ6IPMQAnog8x
194=ACeiDzEAJ6IPMQAnog8xACeiDzEAJ6MPMQBnKPADJ6IPMQAnog8xACejDzEALed2MQAwKC
195=gAJ/sPMQAyKFUAOCgoACdTEDEAOihUACdSEDEAJ1IQMQAnUxAxAE4orQApKEkPLigpAC8o
196=KQAzKCkANygpADsoKQBKKCsAXQDms40xAF7rATIABv0gMijVEDIo1hAyACfWEDIAJ9YQMg
197=An1hAyACfWEDIAJ9YQMgAn1hAyACfWEDIAJ9YQMgAn1hAyACfWEDIAJ9YQMgAn1hAyACfW
198=EDIAJ9YQMgAn1hAyACfWEDIAJ9YQMgAn1hAyACfWEDIAJ9YQMgAn1hAyACfWEDIAJ9YQMg
199=An1hAyACfVEDIo1RAyKNUQMiiBITIo1RAyKNUQMijVEDIo1xAyACkoAAYn1RAyKH0QMih9
200=EDIofRAyKH0QMih9EDIofRAyKH0QMih9EDIofRAyKH0QMih9EDIofRAyKH8QMgBKKJACJ3
201=0QMih9EDIofRAyKH0QMih9EDIofRAyKH0QMih9EDIofRAyKH0QMijNDzIozQ8yKM0PMijN
202=DzIozQ8yKM0PMijNDzIozw8yAGgoQAMnzQ8yKM0PMijMDwEyAC4AJU8gMgAvKCgAJyYQMg
203=AnJRAyKCcQMgAzKK0ANygoACd+EDIAJ30QMih/EDIAOyisACd9EDIofRAyKH8QMgBPKK8A
204=XQDbt3syAF4oKQAq+38yADQoKQA2KCkAPCgpAEsoKQBaKH0QWygpAFwoKQBf6wEzAAXlKT
205=MoLREzKC0RMygtETMoLREzKC0RMygtETMoLREzKC0RMygtETMoLREzKC0RMygtETMoLREz
206=KC0RMygtETMoLREzKC0RMygtETMoLREzKC0RMygtETMoLREzKC0RMygtETMoLREzKC0RMy
207=gtETMoLREzKC0RMygtETMoLREzKC0RMygtETMoLREzKC0RMygvETMAKihYBieBITMoAREz
208=KAERMygBETMoAREzKAERMygBETMoAREzKAERMygBETMoAREzKAERMygDETMASyhkAieBIT
209=MoAREzKAERMygBETMoAREzKAERMygBETMoAREzKKkQMyipEDMoqRAzKKkQMyipEDMoqRAz
210=KKkQMyirEDMAaSjoAid5IDMoqRAzKKkQMyipEDMo0SAzKKkQMyipEDMoqxAzADTrejMANi
211=goACcCETMAJwERMygBETMoAREzKAMRMwA8KAQBJ4EhMygDETMAWuuFMwBbKCkAXCgoACdZ
212=ETMoWxEzAF8ogQAr94YzADUoKQA9KCkATCgpAFAo1RBZKCkAYCgoAAFPAC0bI7s+NAAE6S
213=00KIURNCiFETQohRE0KIURNCiFETQohRE0KIURNCiFETQohRE0KIURNCiFETQohRE0KIUR
214=NCiFETQohRE0KIURNCiFETQohRE0KIURNCiFETQohRE0KIURNCiFETQohRE0KIURNCiFET
215=QohRE0KIURNCiFETQohRE0KIURNCiFETQohRE0KIURNCiFETQohRE0KIURNCiHETQAKyiw
216=BicJMzQohRE0KIURNCiFETQohRE0KIURNCiFETQohRE0KIURNCiFETQohRE0KIURNCiHET
217=QATChkAicJMzQohRE0KIURNCiFETQohRE0KIURNCgtETQoLRE0KC0RNCgtETQoLRE0KC0R
218=NCgtETQoLxE0AGookAInqTE0KC0RNCgtETQoLRE0KC0RNCguETQAJ9khNCgvETQANeWBNC
219=haETQAJ1kRNChZETQoWRE0KFkRNChZETQoWxE0AD0oXQFZ8YI0KFkRNChaETQAJ1oRNAAn
220=WRE0KFkRNChbETQAYCgxASzjiDQAPigpAE0oKQBRKCkAWO+JNABhKCoATgAnWxFPAC7njF
221=AANKsBNQAD4TA1KN0RNSjdETUo3RE1KN0RNSjdETUo3RE1KN0RNSjdETUo3RE1KN0RNSjd
222=ETUo3RE1KN0RNSjdETUo3RE1KN0RNSjdETUo3RE1KN0RNSjdETUo3RE1KN0RNSjdETUo3R
223=E1KN0RNSjdETUo3RE1KN0RNSjdETUo3RE1KN0RNSjdETUo3RE1KN0RNSjdETUo3RE1KN0R
224=NSjdETUo3hE1ACffETUALCgIByfpRDUo3RE1KN0RNSjdETUo3RE1KN0RNSjdETUo3RE1KN
225=0RNSjdETUo3RE1KN0RNSjfETUATShkAieRRDUohRE1KLUiNSiFETUohRE1KIURNSiFETUo
226=hRE1KIURNSiFETUohRE1KIcRNQBrKDgCJ2EzNSiFETUohRE1KIURNSiGETUAJ4YRNQAntS
227=I1KIURNSiFETUohRE1KIURNSiGETUAJ2VENSiFETUohRE1KIcRNQA+8401AFj+gzUAJ90R
228=NSjdETUo3RE1KN0RNSjdETUo3RE1KN4RNQAn71U1AD/7ijUATu+JNQBSKCkAUygpAFQoKQ
229=BXKCgAJ2QjATUATwAnsxFRAEr/jlAAW6sBNgAC+TI2KDUSNig1EjYoNRI2KDUSNig1EjYo
230=NRI2KDUSNig1EjYoNRI2KDUSNig1EjYoNRI2KDUSNig1EjYoNRI2KDUSNig1EjYoNRI2KD
231=USNig1EjYoNRI2KDUSNig1EjYoNRI2KDUSNig1EjYoNRI2KDUSNig1EjYoNRI2KDUSNig1
232=EjYoNRI2KDUSNig1EjYoNRI2KDUSNig1EjYoNRI2KDUSNig1EjYoNxI2AC0oYAcnYRI2KG
233=ESNihhEjYoYRI2KGESNihhEjYoYRI2KGESNihhEjYoYRI2KGESNihhEjYoYRI2KGISNgAn
234=JWg2KMVFNihhEjYoYRI2KGESNihhEjYoYRI2KGESNihhEjYoYhI2ACcZNTYoYRI2KGMSNg
235=BsKMwEJ8VFNihhEjYoYRI2KGESNihhEjYoYRI2KGESNihhEjYoYRI2KGESNigJEjYoCRI2
236=KAkSNigLEjYAUeuQNgBSKCkAUygpAFQoKQBXKCgAJ+USNijlEjYo5RI2KOUSNijlEjYo5R
237=I2KOYSNgAnV1g2ADn6lTYAJ1FoNigTEzYATyiBAFXvlDYAVigoACdQRwI2AFAAS6OTNwAB
238=7TE3KI0SNyiNEjcojRI3KI0SNyiNEjcojRI3KI0SNyiNEjcojRI3KI0SNyiNEjcojRI3KI
239=0SNyiNEjcojRI3KI0SNyiNEjcojRI3KI0SNyiNEjcojRI3KI0SNyiNEjcojRI3KI0SNyiN
240=EjcojRI3KI0SNyiNEjcojRI3KI0SNyiNEjcojRI3KI0SNyiNEjcojRI3KI0SNyiNEjcojR
241=I3KDUSNyg1EjcoNhI3ACeTezcAOSiNBzooKAAnKTc3KCk3NyjlEjco5RI3KOUSNyjlEjco
242=5RI3KOUSNyjlEjco5RI3KOUSNyjlEjco5RI3KOUSNyjkEgADNwBOAMcaAAAAAAA3AE8Axx
243=oAAAAAEQAAcwwAIAUANwBhAMcaAGAAATcAYgAnKQBjKCkAZCgpAGUoKQBmKCkAZygpAGgo
244=KQBpKCkAaigpAGsoKQBsKCkAbSgrADAA0fkRMSgpADIoKQAzKCkANCgpADUoKQA2KCkANy
245=gpADwoKQA9KCsAUQDb9Q1SKCkAUygpAFQoKQBVKCkAVigpAFcoKQBYKCkAWSgpAFooKQBb
246=KCkAXCgpAF0oKQBeKCkAXygrACkA5fEUKigpAC8oKQA4KCkAOygpAD4oKwBQAOblCGDrAT
247=gAAvcuOAADKCkABCgpAAUoKQAGKCkABygpAAgoKQAJKCkACigpAAsoKQAMKCkADSgpAA4o
248=KQAPKCkAECgpABEoKQASKCkAEygpABQoKQAVKCkAFigpABcoKQAYKCkAGSgpABooKQAbKC
249=kAHCgpAB0oKQAeKCkAHygpACAoKQAhKCkAIigpACMoKQAkKCkAJSgpACYoKQAnKCkALCgp
250=AC0oKQAuKCkALygpADgoKQA5KCkAOigpADsoKQBAKCkAQSgpAEIoKQBDKCkARCgpAEUoKQ
251=BGKCkARygpAEgoKQBJKCkASigpAEsoKQBMKCkATSgpAE4oKQBPKCkAYCgpAGEoKAAnuhI4
252=ACe6EjgAJ7oSOAAnuhI4ACe6EjgAJ7oSOAAnuhI4ACe6EjgAJ7oSOAAnuhI4ACe6EjgAJ7
253=sSOABuKDkCKfuKOAAqKCgAJxITOAAnEhM4ACcSEzgAJxITOAAnEhM4ACcSEzgAJ7sSOAA+
254=KFwBJ+YSOAAn5hI4ACfmEjgAJ+YSOAAn5hI4ACfmEjgAJ+YSOAAn5hI4ACfmEjgAJ+YSOA
255=An5hI4ACfmEjgAJ+YSOAAn5xI4ACj/jjgAKygpADAoKQA3KCkAPCgpAD8oKAAnuxI4AF/5
256=lTkojhI5ACeOEjkAJ44SOQAnjhI5ACeOEjkAJ44SOQAnjhI5ACeOEjkAJ44SOQAnjhI5AC
257=eOEjkAJ44SOQAnjhI5ACeOEjkAJ44SOQAnjhI5ACeOEjkAJ44SOQAnjhI5ACeOEjkAJ44S
258=OQAnjhI5ACeOEjkAJ44SOQAnjhI5ACeOEjkAJ44SOQAnjhI5ACeOEjkAJ44SOQAnjhI5AC
259=eOEjkAJ44SOQAnjhI5ACeOEjkAJ44SOQAnjhI5ACdiEjkAJ2MSOQA3/mI5ACdiEjkAJ2IS
260=OQAnYhI5ACdjEjkAPCjYACdiEjkAJ2ISOQAnYhI5ACdiEjkAJ2ISOQAnYhI5ACdiEjkAJ2
261=ISOQAnYhI5ACdiEjkAJ2ISOQAnYhI5ACdiEjkAJ2ISOQAnYhI5ACdiEjkAJ2ESOSgdJTko
262=YhI5ACdhEjkoYRI5KGESOShhEjkoYRI5KGESOShhEjkoYRI5KGESOShhEjkoYxI5AG8oUA
263=UnjRI5KI8SOQAr+oo5ACf6JTkAJ+USOSjlEjko5RI5KOUSOSjlEjkojxI5AD8oXAEnuRI5
264=KLkSOSi5EjkouRI5KLkSOSi5EjkouRI5KLkSOSi5EjkouRI5KLkSOSi5EjkouRI5KLkSOS
265=i7EjkALOqQOQAndyU5ADYoVQA9KCkAQCgoACe5EjkouRI6KI0SOiiNEjoojRI6KI0SOiiN
266=EjoojRI6KI0SOiiNEjoojRI6KI0SOiiNEjoojRI6KI0SOiiNEjoojRI6KI0SOiiNEjoojR
267=I6KI0SOiiNEjoojRI6KI0SOiiNEjoojRI6KI0SOiiNEjoojRI6KI0SOiiNEjoojRI6KI0S
268=OiiNEjoojRI6KI0SOiiNEjoojxI6ACjlYDooYRI6KGESOihhEjooYRI6KGESOihjEjoAPS
269=gwASdhEjooYRI6KGESOihhEjooCRI6KAkSOigJEjooCRI6KAkSOigJEjooCRI6KAsSOgBQ
270=KDgCJwkSOigJEjooCRI6KAkSOigKEjoAJ20kOigJEjooCRI6KAkSOigJEjooCRI6KAkSOi
271=gJEjooCRI6KAsSOgBwKLwCJ5kkOigLEjoALPeGOgAvKCgAJ2ESOihhEjooYRI6KGESOihh
272=EjooYRI6KDcSOgBAKFwBJ/EkOig1EjooNRI6KDUSOig1EjooNRI6KDUSOig1EjooNRI6KD
273=USOig1EjooNRI6KDYSOgAn2jc6ACfbNzoALfONOgAuKCgAJ2ISOgAnrzc6AEEogQBGJvMk
274=OgBHKCkAUSgoACcxODsojRI7KI0SOyiNEjsojRI7KI0SOyiNEjsojRI7KI0SOyiNEjsojR
275=I7KI0SOyiNEjsojRI7KI0SOyiNEjsojRI7KI0SOyiNEjsojRI7KI0SOyiNEjsojRI7KI0S
276=OyiNEjsojRI7KI0SOyiNEjsojRI7KI0SOyiOEjsAJx0lOyiNEjsojRI7KI0SOyiNEjsojx
277=I7ACnpZDsojRI7KI0SOyiNEjsojRI7KI0SOyiPEjsAPigwASfxJDsojRI7KDUSOyg1Ejso
278=NRI7KDUSOyg1EjsoNRI7KDUSOyg1EjsoCRI7KAkSOygJEjsoCRI7KAkSOygJEjsoCRI7KA
279=kSOygJEjsoCRI7KAkSOygJEjsoCRI7KAkSOygLEjsAcSh0BCcVJDsoCxI7AC3rhTsALigo
280=ACdhEjsoxSQ7KGESOyhhEjsoYRI7KGESOyhiEjsAJ603OyhjEjsAQSi1AUYmL0g7AEcoKA
281=An5RI7KOUSOyjlEjso5RI7KOUSOyjlEjso5RI7KOUSOyjlEjso5RI7KOUSOyjlEjso5RI7
282=KOcSOwBgKJACJ8JKOwAn2jc7ACevNzsAQvuVOwBF45M7AEgoKAAnuxI7AGH1AjwojRI8KI
283=0SPCiNEjwojRI8KI0SPCiNEjwojRI8KI0SPCiNEjwojRI8KI0SPCiNEjwojRI8KI0SPCiN
284=EjwojRI8KI0SPCiNEjwojRI8KI0SPCiNEjwojRI8KI0SPCiNEjwojRI8KI0SPCiNEjwojR
285=I8KI0SPCiNEjwojRI8KI0SPCiNEjwojRI8KI0SPCiPEjwAKu1oPCiNEjwojRI8KI0SPCiN
286=EjwojRI8KI8SPAA/KDABJ3k2PCg1EjwoNRI8KDUSPCg1EjwoNRI8KN0RPCjdETwo3RE8KN
287=0RPCjdETwo3RE8KN0RPCjdETwo3RE8KN0RPCjdETwo3RE8KN0RPCjdETwo3RE8KLERPCix
288=ETwosRE8KBUkPCixETwosRE8KLERPCixETwosRE8KLERPCiyETwAJ3VcPCizETwARfJ3PA
289=An3RE8KN8RPABIKIAAJ1U3PChVNzwoNRI8KDUSPCg1EjwoNRI8KDUSPCg1EjwoNRI8KDUS
290=PCjdETwo3RE8KN0RPCjfETwAYSiQAicSSjwAJ6JcPAAn/zY8AEMoWRFEKCkASSgoACeDNz
291=wAWyhVAFwoKQBiKCgAAUIALRsiNmUAPShhEj0oYRI9KGESPShhEj0oYRI9KGESPShhEj0o
292=YRI9KGESPShhEj0oYRI9KGESPShhEj0oYRI9KGESPShhEj0oYRI9KGESPShhEj0oYRI9KG
293=ESPShhEj0oYRI9KGESPShhEj0oYRI9KGESPShhEj0oYRI9KGESPShhEj0oYRI9KGESPShh
294=Ej0oYRI9KGESPSg1Ej0oNRI9KDUSPSg1Ej0oNRI9KDYSPQAnzVw9KN0RPSjfET0AW+eXPQ
295=BcKCgAJ2VaPSgJEj0oCRI9KAkSPSgJEj0oCRI9KAkSPSgJEj0oCRI9KAkSPSgJEj0oCRI9
296=KAkSPSgJEj0o3RE9KN0RPSjdET0o3RE9KN0RPSjdET0o3hE9ACdBWz0o3RE9KN0RPSjdET
297=0o3xE9ADgmkyM9AEPndj0ARCgoACc1Ej0oNRI9KDUSPSg3Ej0ASSjZAFAoKAAnmSQ9KGES
298=PShhEj0oYRI9KGESPShhEj0oYRI9KGESPSgJEj0oCRI9KAkSPSgJEj0oH1w9ADkmvSM9KK
299=c2PQBK44g9AEsoKQBMKCkATygoACdDJD0AWihVAF0oKAAnNBICPQBCAC61kT4oCRI+KAkS
300=PigJEj4oCRI+KAkSPigJEj4oCRI+KAkSPigJEj4oCRI+KAkSPigJEj4oCRI+KAkSPigJEj
301=4oCRI+KAkSPigJEj4oCRI+KAkSPigJEj4oCRI+KAkSPigJEj4oCRI+KAkSPigJEj4oCRI+
302=KAkSPigJEj4oCRI+KAkSPigJEj4oCRI+KLERPiixET4osRE+KLERPiixET4oshE+ACcdXD
303=4oWxE+AF3ljD4onTU+KL0jPiixET7wjQACAAA+AGYAxxoAAAAAAD4AZwDHGgARAABxDAAg
304=BwAAAAA+AGgAxxpkAQEAPgBpKCkAaigpAGsoKQBsKCkAbSgpAG4oKQBvKCsAKwDR/QosKC
305=kALSgpAC4oKQAvKCkAMCgpADEoKQAyKCkAMygpADQoKQA1KCkANigpADcoKQA4KCkAOSgr
306=AEMA2/EURCgpAEUoKQBGKCkARygpAEgoKQBJKCkASigpAEsoKQBMKCkATygpAFAoKQBRKC
307=kAUigpAFMoKQBUKCkAVigpAFcoKQBYKCkAWSgpAFooKQBfKCkAYCgrACoA5fEfOigrAEIA
308=5vUCTSgpAE4oKQBVKCkAWygpAF4oKQBh6wE/AAn/QT8ACigpAAsoKQAMKCkADSgpAA4oKQ
309=APKCkAECgpABEoKQASKCkAEygpABQoKQAVKCkAFigpABcoKQAYKCkAGSgpABooKQAbKCkA
310=HCgpAB0oKQAeKCkAHygpACAoKQAhKCkAIigpACMoKQAkKCkAJSgpACYoKQAnKCkAKCgpAC
311=koKQAqKCkAPCgpAD0oKQA+KCkAPygpAEAoKQBVKCkAXSgpAF4oKQBhKCkAYigpAGMoKQBk
312=KCkAZSgpAGYoKQBnKCgAJ90RPyjeET8AJ94RPwAn3hE/ACfeET8AJ94RPwAn3hE/ACeGET
313=8AJ4YRPwAnhhE/ACeGET8AJ4YRPwAnhhE/ACeGET8AJ4YRPwAnhhE/ACeGET8AJ4YRPwAn
314=hhE/ACdbET8AOuaMPwAnhhE/ACeGET8AJ4YRPwAnhhE/ACeGET8AJ4YRPwAnhhE/ACeGET
315=8AJ4YRPwAnhxE/AE33ez8ATigoACfeET8AJ94RPwAn3hE/ACfeET8AJ94RPwAnhhE/ACda
316=ET8AJ1sRPwBbKIkBK+OIPwA4KCkAOygpAEEoKQBUKH0QVigpAFgoKQBcKCkAXygpAGAoKA
317=ABQgAxG43WQChaEUAAJ1oRQAAnWhFAACdaEUAAJ1oRQAAnWhFAACdaEUAAJ1oRQAAnWhFA
318=ACdaEUAAJ1oRQAAnWhFAACdaEUAAJ1oRQAAnWhFAACdaEUAAJ1oRQAAnWhFAACdaEUAAJ1
319=oRQAAnWhFAACdaEUAAJ1oRQAAnWhFAACdaEUAAJ1oRQAAnWhFAACdaEUAAJ1oRQAAnWhFA
320=ACdaEUAAJ1oRQAAnWxFAACvyd0AAJ1oRQAAnWhFAACdbEUAAVCisACdbEUAAVihVAFgoKQ
321=BcKCgAJ94RQAAn3xFAAF8ogQBgKCgAJzYSQAAnNhJAACc2EkAAJzYSQAAnNhJAACc2EkAA
322=JzUSQCgVJEAoNRJAKDUSQCg1EkAoNRJAKDUSQCiFEUAohRFAKIURQCiFEUAohRFAKIURQC
323=iFEUAohhFAACeFEUAoWxFAADvnjEAAQSgoACdZEUAoWRFAKC0RQCgtEUAoLRFAKC0RQCgt
324=EUAoLRFAKC4RQAAnLRFAKC0RQCgtEUAofRBAKCcQQAA5+39AADwoKQBAKCkAR/d7QABSKC
325=kAUygpAFcoKQBZKCgAJwQiAkAAQgAw8oJEACd/EC4ANvcCLAA36wEtADzrAUMATKkBQSgB
326=EUEoARFBKAERQSgBEUEoARFBKAERQSgBEUEoARFBKAERQSgBEUEoARFBKAERQSgBEUEoAR
327=FBKAERQSgCEUEAJwERQSgBEUEoARFBKAERQSgBEUEoARFBKAERQSgBEUEoARFBKAERQSgB
328=EUEoARFBKAERQSgBEUEoARFBKAERQSirEEEAR/94QQBTKCgAJ9YQQQAn1RBBKNcQQQBXKK
329=wAJwMRQQBZKFUAWygoACdaEUEAJ1oRQQAnWRFBKFoRQQAnWhFBACdZEUEoWRFBKFkRQShZ
330=EUEoWRFBKFkRQShZEUEoWRFBKFkRQShZEUEoWRFBKFkRQSgBEUEoARFBKAERQSgBEUEoAR
331=FBKAIRQQAniiJBACcCEUEAJxE0QSgtEUEoLxFBADzviUEAQCgoACeHEUEAQihVAEMoKQAs
332=JiMgQQAtKCgAJzUSQSjdEUEo3RFBKN0RQSjdEUEo3RFBKN0RQSjdEUEo3RFBKN0RQSiHEU
333=EAPfuKQQA/KCkAK/eGQQBGKCkASCgoACffEUEAWihWAC8Aw4hBAC7giAJBAEQAObWGQiip
334=EEIoqRBCKKkQQiipEEIoqRBCKKkQQiipEEIoqRBCKKkQQiipEEIoqRBCKKkQQiipEEIoqR
335=BCKKkQQiipEEIoqhBCACetIUIoqRBCKKkQQiipEEIoqRBCKKkQQiipEEIoqRBCKKkQQiip
336=EEIoqRBCKKkQQiipEEIoqRBCKK8hQgBG6XpCKNcQQgBIKFUAUigoACctEUIoBSJCKC0RQi
337=gtEUIoLhFCACctEUIoLxFCAFooXAEnWhFCACdZEUIoWRFCKFkRQihZEUIoWRFCKFkRQihZ
338=EUIoWRFCKFkRQihZEUIoWRFCKFkRQihZEUIoWRFCKFkRQihZEUIoLRFCKC0RQigtEUIoLR
339=FCKC0RQigtEUIoLRFCKC0RQigtEUIo5TNCKFkRQihaEUIAJ1sRQgA994ZCAD8oKAAnsRFC
340=KDkjQiiyEUIAJ7ERQiiHEUIALvGNQihZEUIoWRFCKFkRQihZEUIoWRFCKFkRQihbEUIAPv
341=eGQgAs54FCAEUoKQBJKCkAUSgqAEQAJQQiAkIALwBJvYNDKFEQQyhREEMoURBDKFEQQyhR
342=EEMoURBDKFEQQyhREEMoURBDKFEQQyhREEMoURBDKFEQQyhREEMoURBDKFEQQyhREEMoUR
343=BDKFEQQyhREEMoURBDKFEQQyhREEMoURBDKFEQQyhREEMoURBDKFEQQyhREEMoURBDKFMQ
344=QwAs73NDAEUoKAAnqRBDKKkQQyipEEMorSFDKH0QQyh9EEMofRBDKH0QQyh9EEMofRBDKH
345=4QQwAnfRBDKH0QQyh9EEMofRBDKH0QQyh9EEMofRBDKH0QQyh9EEMofRBDKH0QQyh9EEMo
346=fRBDKH0QQyh9EEMofRBDKFEQQyhREEMoURBDKFEQQyhREEMoUhBDACeBIUMoURBDKFEQQy
347=hREEMoURBDKFEQQyhREEMoUxBDAD7xgkMofRBDKDEiQyh9EEMofRBDKH0QQyglEEMoJRBD
348=KCUQQyglEEMoJRBDKCUQQyglEEMogyFDAC/zgkMARCgpAC37f0MALigoACd9EEMoNTNEKP
349=kPRCj5D0Qo+Q9EKPkPRCj5D0Qo+Q9EKPkPRCj5D0Qo+Q9EKPkPRCj5D0Qo+Q9EKPkPRCj5
350=D0Qo+Q9EKPkPRCj5D0Qo+Q9EKPkPRCj5D0Qo+Q9EKPkPRCj5D0Qo+Q9EKPkPRCj5D0Qo+Q
351=9EKPkPRCj5D0Qo+Q9EKPsPRAAt+39EAC4oKQAvKCkARCgoACepEEQoVSFEKKkQRCipEEQo
352=fRBEKH0QRCh9EEQofRBEKH0QRCh9EEQofRBEKH0QRCh9EEQofRBEKH0QRCh9EEQofRBEKH
353=0QRCh9EEQofRBEKH0QRCh9EEQofRBEKH0QRCh9EEQofRBEKCUQRCglEEQoJRBEKCUQRCgl
354=EEQoJRBEKCUQRCglEEQoJRBEKCUQRCglEEQoJRBEKCUQRCglEEQoJRBEKCUQRCglEEQoJR
355=BEKPkPRCj5D0Qo+Q9EKPoPRAAnjVREKPkPRCj5D0Qo+Q9EKI9URAAw+39EAEMoKAAnzg9E
356=ACfZQkUooQ9FKKEPRSihD0UooQ9FKKEPRSihD0UooQ9FKKEPRSihD0UooQ9FKKEPRSihD0
357=UooQ9FKKEPRSihD0UooQ9FKKEPRSihD0UooQ9FKKEPRSihD0UooQ9FKKEPRSihD0UooQ9F
358=KKEPRSihD0UooQ9FKKEPRSihD0UooQ9FKKIPRQAnow9FADDjfUUAQygoACf5D0UopSBFKP
359=kPRSj5D0Uo+w9FAEkoBAEnUTFFKFEQRShREEUoURBFKFEQRShREEUoURBFKFEQRShREEUo
360=URBFKFEQRShREEUoURBFKFEQRShREEUoURBFKFEQRShREEUoURBFKFEQRShREEUoURBFKP
361=kPRSj5D0Uo+Q9FKPkPRSj5D0Uo+Q9FKPkPRSj5D0Uo+Q9FKPkPRSj5D0Uo+Q9FKPkPRSj5
362=D0Uo+Q9FKPkPRSihD0UooQ9FKKEPRSihD0UooQ9FKKEPRSijD0UAMet6RQBCKCkASvH7RS
363=hFH0YoSg9GACftYEYoSQ9GKEkPRihJD0YoSQ9GKEkPRihJD0YoSQ9GKEkPRihJD0YoSQ9G
364=KEkPRihJD0YoSQ9G6HoOAABGACAAxxoAAAAAAEYAIQARAACVDAAgCMcaAAAAAABGACIAJy
365=kAIygpACQoKQAlKCkAJigpACcoKQAoKCkAKSgpACooKQArKCkALCgpAC0oKQAuKCkALygp
366=ADAoKQAxKCkAQygpAEQoKQBFKCkARigpAEcoKQBIKCkASSgpAEooKQBUKCkAVSgpAFYoKQ
367=BXKCkAWCgpAFkoKQBaKCkAWygpAFwoKQBdKCkAXigpAF8oKQBgKCkAYSgpAGIoKQBjKCkA
368=ZCgpAGUoKQBmKCkAZygoAAIzANEaAGMARgA0KCkANSgpADYoKQA4KCkAOSgpADooKQA7KC
369=kAPCgpAD0oKQA+KCkAPygpAEAoKQBBKCsATADb5RNOKCkATygpAFAoKQBRKCkAUigrADIA
370=5eUINygpAEIoKwBLAObhBE0oKQBT6wFHABHjJUcAEigpABMoKQAUKCkAFSgpABYoKQAXKC
371=kAGCgpABkoKQAaKCkAGygpABwoKQAdKCkAHigpAB8oKQAgKCkAISgoACfyDkcAJ/IORwAn
372=8g5HACfyDkcAJ/IORwAn8g5HACfyDkcAJ/IORwAn8g5HACfyDkcAJ/IORwAn8g5HACfyDk
373=cAJ/IORwAn8g5HACeaDkcAJ5oORwAnmg5HACeaDkcAJ5oORwAnmg5HACebDkcASyjxA00o
374=KAAnxg5HACfGDkcAJ8YORwAnxg5HACfGDkcAJ8YORwAnxg5HACfGDkcAJ8YORwAnxg5HAC
375=fGDkcAJ8YORwAnxg5HACfGDkcAJ8YORwAnxg5HACfGDkcAJ8cORwAy/mJHACfFDkcoxg5H
376=ACfGDkcAJ8YORwAnmg5HACeaDkcAJ5oORwAnmg5HACeaDkcAJ5oORwAnmg5HACeaDkcAJ5
377=sORwBCKGQCJ24ORwAnQg5HACdDDkcAU+9zRwAx9nBHACdvDkcAOChVAEMoKQBMKEEOTigp
378=AFAoKQBU6QFIKJoOSAAnmg5IACeaDkgAJ5oOSAAnmg5IACeaDkgAJ5oOSAAnmg5IACeaDk
379=gAJ5oOSAAnmg5IACeaDkgAJ5oOSAAnmg5IACeaDkgAJ5kOSCiNHUgomQ5IKJkOSCiZDkgo
380=mQ5IKJkOSCiZDkgomQ5IKJkOSCiZDkgomQ5IKJkOSCiZDkgomQ5IKEEOSChBDkgoQQ5IKO
381=kNSCjrDUgATOpvSAAnFw5IAE4oVQBQKCgAJ2IdSAAnmQ5IKJkOSCiZDkgomQ5IKJkOSCiZ
382=DkgomQ5IKJkOSCiZDkgomQ5IKJkOSCiZDkgomQ5IKJkOSCiZDkgomQ5IKJsOSAAx5WBIKJ
383=kOSCiZDkgomQ5IKJkOSCibDkgANygEASfFDkgoxQ5IKMUOSCjFDkgoxQ5IKMUOSChtDkgo
384=6w1IADD5aUgokw1IAD8oVQBAKCkARCgpAEgoZQ1JKCkATygpAFEoKAAn3BwDSABCAC0bIl
385=AhAwBIAEMANqkBSShBDkkoQQ5JKEEOSShBDkkoQQ5JKEEOSShBDkkoQQ5JKEEOSShBDkko
386=QQ5JKEEOSShBDkkoQQ5JKEEOSShBDkkoQQ5JKEEOSShBDkkoQQ5JKEEOSShBDkkoQQ5JKE
387=EOSSjpDUko6w1JAD//YkkAQCgoACctHEkokQ1JKJENSSiRDUkokw1JAE8oBAEnvw1JAFEo
388=VQBTKCgAJxUOSSgVDkkoFQ5JKBUOSSgVDkkoFQ5JKBUOSSgVDkkoFQ5JKBUOSSgVDkkoFQ
389=5JKBUOSSgVDkkoFQ5JKBUOSSgXDkkAMOFnSSgVDkkoFg5JACexHEkoFQ5JKBUOSSgVDkko
390=Fg5JACelK0koCR1JKEEOSShCDkkAJwkdSShDDkkASOvdSQBJKCkAL+drSQA+KCkAQSgpAC
391=v7aUkALCgpAEUoKQBHKCkASigpAFIoKwBEAC7/bUIAMOsBQwBbqQFKKOkNSijpDUoo6Q1K
392=KOkNSijpDUoo6Q1KKOkNSijpDUoo6Q1KKOkNSijpDUoo6Q1KKOkNSijpDUoo6Q1KKOkNSi
393=jpDUoo6Q1KKOkNSijpDUoo6Q1KKOsNSgA+7V1KKJENSiiTDUoAQSiAACf5GkooZQ1KKGUN
394=SihmDUoAJ2UNSihnDUoAUigwASeSDUoAJ5ENSiiRDUookQ1KKJENSiiRDUookQ1KKJENSi
395=iRDUookQ1KKJENSiiRDUookQ1KKJENSiiRDUookQ1KKJENSig5DUooOQ1KKDoNSgAntThK
396=KDoNSgAn7SlKKDkNSig5DUooOQ1KKDkNSig5DUooOw1KACvjZ0oALCgpAEQoKQBFKCkARy
397=goACfrDUoASihVAC7zbEoAPSgoACczOEoAKu9oSgAtKCkARigoACcCHEoAJ+A4AUoAQwDc
398=bQFKADAAy91KAC/9bUsokQ1LKJENSyiRDUsokQ1LKJENSyiRDUsokQ1LKJENSyiRDUsokQ
399=1LKJENSyiRDUsokQ1LKJENSyiRDUsokQ1LKJENSyiRDUsokQ1LKJENSyg5DUsoOQ1LKDsN
400=SwBC8WFLKDkNSyg5DUsoOQ1LKDkNSyg5DUsoOg1LACc5DUsoOQ1LKDkNSyg5DUsoOQ1LKD
401=kNSyg5DUsoOQ1LKDkNSyg5DUsoOQ1LKDkNSyg5DUsoOQ1LKDkNSyg5DUso4QxLKOIMSwAn
402=4QxLKOEMSyiJDEsoiQxLKIkMSyiKDEsAJ8UZSyjHGUsAKu1dSyjjDEsALShUACfiDEsAJ+
403=MMSwBGKIAAJw8NSwBLKFUANvVlSyilNkso+xpLACnpZEsozxpLAEMoVAAnEilLACcODUsA
404=J/oaSwAngDcBSwAxAMxoAksAMAA3rNYCSwAuAELrAS8AZKkBTCg5DUwoOQ1MKDkNTCg5DU
405=woOQ1MKDkNTCg5DUwoOQ1MKDkNTCg5DUwoOQ1MKDkNTCg5DUwoOQ1MKDkNTCg5DUwoOQ1M
406=KDsNTAA36WRMKA0NTCgNDUwoDg1MACeFU0woDQ1MKA0NTCgNDUwoDQ1MKA0NTCgNDUwoDQ
407=1MKA0NTCgNDUwoDQ1MKA0NTCgNDUwoDQ1MKA0NTCgNDUwoDQ1MKA0NTCgNDUwoDQ1MKA0N
408=TCi1DEwotQxMKLUMTCiJDEwoigxMACdeDEwAJzFDTChrNEwAKfVaTCi1DEwotwxMAC4ogQ
409=AvKCkAMCgoACfhDEwo4gxMACfhDEwo3idMACcCU0wAJw0NTCj3NUwAO+VrTCgjNkwAKOFn
410=TCg5DUwoSxpMAEQogAAnOQ1MKDkNTCh2GkwAJ1hTAUwAMgDEawFMADEAxWtNKOEMTSjhDE
411=0o4QxNKOEMTSjhDE0o4QxNKOEMTSjhDE0o4QxNKOEMTSjhDE0o4QxNKOEMTSjhDE0o4QxN
412=KOMMTQA492VNADsoKAAnASdNKLUMTSi1DE0ooVFNKLUMTSi1DE0otQxNKLUMTSi1DE0otQ
413=xNKLUMTSi1DE0otQxNKLUMTSi1DE0otQxNKLUMTSi1DE0otQxNKLUMTSi1DE0otQxNKF0M
414=TShdDE0o+iVNACcFDE0oBQxNKDtPTQAo9VpNKF0MTShdDE0oXQxNKPklTSiKDE0AJ4oMTQ
415=AniQxNKF0MTShdDE0oXQxNKD80TQBNKAwCJxdQTQA5/2JNADooKQA8KCgAJ69CTQAn8WFN
416=KIoMTQAnwTRNKF0MTShdDE0oxhlNACdLUU0AM+hkAk0AMQBAu8xNADImLSdOKIkMTiiJDE
417=4oiQxOKIkMTiiJDE4oiQxOKIkMTiiJDE4oiQxOKIkMTiiJDE4oiQxOKIkMTiiLDE4AOfNh
418=TgA6KCgAJ4sMTgA8KFQAJ1EmTiiJDE4oiQxOKOlPTiiJDE4oiQxOKIkMTiiJDE4oiQxOKI
419=kMTiiJDE4oiQxOKIkMTiiJDE4oiQxOKIkMTiiJDE4oiQxOKIkMTiiJDE4oXQxOKF0MTihd
420=DE4oWTJOKF0MTihdDE4om1tOACf5U04otQxOKIkMTiiJDE4oiQxOKM0lTii1DE4otQxOKL
421=UMTiiJDE4oiQxOKIkMTigJM04otgxOACdFbE4oQRlOKGIzTgAnT0FOACbpZE4oqiZOACdh
422=M04oXQxOKF4MTgAnkU9OKLwYAU4AMwDIxwJOADIAXKlkTygxDE8oMQxPKDEMTygxDE8oMQ
423=xPKDEMTygxDE8oMQxPKDEMTygxDE8oMQxPKDEMTygxDE8ovRhPKF0MTyhdDE8o6RhPKF8M
424=TwA96WRPKF0MTyhdDE8oXQxPKElcTyhBGU8otQxPKLUMTyi1DE8otQxPKLUMTyi1DE8otQ
425=xPKLUMTyi1DE8otQxPKLUMTyi1DE8otQxPKLUMTyi1DE8oXQxP/GILAABPADcA0RoAAAAA
426=AE8RAABdDAAgAwA/ANEaAGAAA08AQADRGmQBAQBPAEEoKwAoANv1AisoKQAsKCkALSgpAC
427=4oKQAvKCkAMSgpAEgoKQBJKCkASigpAEsoKQBMKCkATSgrADQA5fkROCgpAD4oKQBCKCsA
428=JwDm7QUpKCkAKigpADAoKQAyKCkAMygpAEcoKQBO6AECUAAaAMe/ClAAGygpABwoKQAdKC
429=kAHigpAB8oKQAgKCkAISgpACIoKQAjKCkAJCgpACUoKQAmKCkAJygpADQoKQA4KCkAOSgp
430=ADooKQA7KCkAPCgpAD0oKQA+KCkARCgpAEUoKQBGKCkARygpAE4oKQBPKCkAUCgpAFEoKQ
431=BSKCkAUygpAFQoKQBVKCkAVigpAFcoKQBYKCkAWSgpAFooKQBbKCkAXCgpAF0oKQA27V1Q
432=KAUMUCgHDFAAQiiBACniUVAAJzIMUAAnMgxQACcyDFAAJzIMUAAnMwxQADIoBAEnBgxQAC
433=cGDFAAJwYMUAAnBwxQADX3WlAANygpAD8oKQBDKCkAKCikCieuC1AAJ68LUAAxKIAAJ68L
434=UABIKFUATekBUSiCC1EAJ4ILUQAnggtRACeCC1EAJ4ILUQAnggtRACeCC1EAJ4ILUQAngg
435=tRACeDC1EANfsyUQA3KCgAJyoLUQAnKgtRACcqC1EAJyoLUQAnKgtRACcqC1EAJysLUQA/
436=KFwBJyoLUQAnKgtRACcrC1EASCitAE0oKAAnggtRACeCC1EAJ4ILUQAnggtRACeCC1EAJ4
437=ILUQAnggtRACeCC1EAJ4ILUQAnggtRACeCC1EAJ4ILUQAnggtRACeCC1EAJ4ELUSj9ClEo
438=/wpRAEPrWVEAKuFRUSgpC1EoKQtRKCkLUSgpC1EoKwtRADAoBAEnVwtRADMoVAAnVQtRKF
439=cLUQAl51VRACYoKQA2KCkAQCgpAEQoKAAnMRdRKP8KUQA0KKUKSSgpAEwoKAABKQAxG5Da
440=AlEAKABiqQFSKCkLUigpC1IoKQtSKCkLUigpC1IoKQtSKCkLUigqC1IAJ/0VUigrC1IANu
441=1HUihWC1IAJ1ULUihVC1IoVQtSKFULUihVC1IoVQtSKFULUihVC1IoKQtSKCkLUigrC1IA
442=SSg5AkwoKAAnggtSACeBC1IogQtSKIELUiiBC1IogQtSKIELUiiBC1IogQtSKIELUiiBC1
443=IogQtSKIELUiiBC1IogwtSACX/V1IAJigoACe1IlIorQtSKK8LUgBEKKwAJ9kLUijZC1Io
444=2QtSKK0LUiitC1IorgtSACc5I1IoMxdSACTmVVIAJ/8KUgBFKFUALe5SUgAn0xVSAEooVQ
445=BLKCsAKQAu51UnADDrASgAW6kBUyjRClMo0QpTKNEKUyjRClMo0QpTKNMKUwAz5T9TKNEK
446=UyjRClMo0QpTKNEKUyjRClMo0QpTKNEKUyjRClMo0QpTKNEKUyjRClMoeQpTKHkKUyh7Cl
447=MASiiRAksoKAAn0gpTACfRClMo0QpTKNEKUyjRClMo0QpTKNEKUyjRClMo0QpTKNEKUyjR
448=ClMo0QpTKNEKUyjRClMo0wpTACTpTlMo0QpTKNMKUwAnKIAAJ+EtUyjZFlMoKQtTKCkLUy
449=grC1MARSgEASdVC1MoVQtTKFULUygpC1MoKQtTKCsLUwAj5lVTACdXIVMARihUACf/ClMA
450=LuZVUwAn2yxTACjkVQJTACkAP6VVVCh5ClQoeQpUKHkKVCh7ClQAMu08VCh5ClQoeQpUKH
451=kKVCh5ClQoeQpUKHkKVCh5ClQoeQpUKHkKVCh5ClQoeQpUKHkKVChNFVQoeQpUKHkKVCh6
452=ClQAJ3oKVAAneQpUKHkKVCh5ClQoeQpUKHkKVCh5ClQoeQpUKHkKVCh5ClQoeQpUKHkKVC
453=h5ClQoeQpUKHsKVAAi40ZUACMoKAAnpQpUKKUKVCilClQopwpUACgo2AAn0RVUKKUKVCil
454=ClQopQpUKKcKVABGKAQBJ60sVCh5ClQoeQpUKCMVVABH4VFUKPUJVCgjIFQAKfdPVAAs6/
455=5UACooIQor9f9VKCEKVSgjClUAMfVPVSghClUoIQpVKCEKVSghClUoIQpVKCEKVSghClUo
456=IQpVKCEKVSghClUoIQpVKCEKVSghClUoIwpVAEAokAInGR9VKCEKVSghClUoIQpVKCEKVS
457=ghClUoIQpVKCEKVSghClUoIQpVKCEKVSghClUoIQpVKCEKVSghClUoIwpVACHlP1UoIQpV
458=KCEKVSjJFFUoIQpVKCEKVSghClUoIwpVACkoXAEnpTZVKCEKVSghClUoIQpVKCMKVQBHKA
459=QBJ9E2VShPClUALPdPVQBBKCkASCgoACdxFFUonzVVACrsUgFVACsAz/dWACzrOFYALSgp
460=ADAoKAAnIQpWKCEKVighClYoIQpWKCEKVighClYoIQpWKCEKVighClYoIQpWKCEKVighCl
461=YoIQpWKCEKVighClYoIwpWAEEo6AInwTRWKJ0UVih5ClYoeQpWKHkKVih5ClYoeQpWKHkK
462=Vih5ClYoeQpWKHkKVih5ClYoeQpWKHkKVih5ClYoewpWACDlP1YoeQpWKHkKVih5ClYoeQ
463=pWKHkKVih5ClYoeQpWKHkKVih7ClYAKii0ASchNlYoeQpWKHkKVih7ClYAK/5MVgAncUtW
464=KEUUVihHFFYAL+nzVyhzCVcALuc0VwAvKCgAJ8kJVyjtE1coyQlXKMkJVyjJCVcoyQlXKM
465=kJVyjJCVcoyQlXKMkJVyjJCVcoyQlXKMkJVyjJCVcoyQlXKMkJVyjJCVcoywlXAEIoQAMn
466=5T5XKMEeVyghClcoIQpXKCEKVyghClcoIQpXKCEKVyghClcoIQpXKCEKVyghClcoIQpXKC
467=EKVyghClcoIQpXKMkJVyjJCVcoyQlXKMkJVyjJCVcoyQlXKMkJVyjJCVcoyQlXKMsJVwAr
468=9U9XKMkJVyjJCVcolhNXACc1SVcoCShYKOUSWChxCVgocQlYKHIJWAAncQlYKHEJWChxCV
469=gocQlYKHEJWChxCVgocQlYKHEJWChxCVgocQlYKHEJWChyCVgAJy1IWChxCVgocQlYKHEJ
470=WChxCVgocQlYKHMJWABD/UxYKIU9WCgJM1goyQlYKMkJWCjJCVgoyQlYKMkJWCjJCVgoyQ
471=lYKMkJWCjJCVgoyQlYKMkJWCjJCVgoyQlYKMkJWChxCVgocQlYKHEJWChxCVgocQlYKHEJ
472=WChxCVgocQlYKHEJWCiOElgAJ81GWCj7O1kAK/knWSgZCVkoGQlZKBkJWSgZCVkoGQlZKB
473=kJWSgZCVkoGQlZKBkJWSgZCVkoGQlZKBkJWSgZCVkoGQlZKBkJWSgZCVkoGQlZKBkJWSgZ
474=CVkoGQlZKBkJWSgZCVkoGQlZKBoJWQAnUl1ZACclUlkocQlZKHEJWShxCVkocQlZKHEJWS
475=hxCVkocQlZKHEJWShxCVkocQlZKHEJWShxCVkocQlZKHEJWShxCVkoGQlZKBkJWSgZCVko
476=GQlZKBkJWSgZCVkoGwlZACr/21oAKvVEWijBCFoowQhaKMEIWijBCFoowQhaKMEIWijBCF
477=oowQhaKMEIWijBCFoowQhaKMEIWijBCFoowQhaKMEIWijBCFoowQhaKMEIWijBCFoowQha
478=KMEIWijBCFoowQhaKMEIWijBCFoowQhaKMEIWijBCFoowQhaKMEIWijBCFoowQhaKMEIWi
479=jBCFoowQhaKMEIWijBCFoowQhaKMEIWijBCFoowQhaKGkIWihpCFooaQhaKGkIWihrCFoA
480=Kf9BWwAp/UFbKGkIWyhpCFsoaQhbKGkIWyhpCFsoaQhbKGkIWyhpCFsoaQhbKGkIWyhpCF
481=soaQhbKGkIWyhpCFsoaQhbKGkIWyhpCFsoaQhbKGkIWyhpCFsoaQhbKGkIWyhpCFsoaQhb
482=KGkIWyhpCFsoaQhbKGkIWyhpCFsoaQhbKGkIWyhpCFsoaQhbKGkIWyhpCFsoaQhbKGkIWy
483=hpCFsoaQhbKGkIWyhpCFsoEQhbKBEIWygRCFsoEwhcACjlP1woEQhcKBEIXCgRCFwoEQhc
484=KBEIXCgRCFwoEQhcKBEIXCgSCFwAJ+VJXCgRCFwoEQhcKBEIXCgRCFwoEQhcKBEIXCgRCF
485=woEQhcKBEIXCgRCFwoEQhcKBEIXCgRCFwoEQhcKBEIXCgRCFwoEQhcKBEIXCgRCFwoEAgA
486=AlwARwDHGgAAAAAAXABIAMcaAAAAEQAApwdZFAYAAFwASQDHGgBjAFwASigpAEsoKQBMKC
487=kATSgpAE4oKQBPKCkAUCgpAFEoKwAmANHpDCfrAV0AJ+MEXQAoKCkAKSgpACooKQArKCkA
488=LCgpAC0oKQAuKCkALygpADAoKQAxKCkAMigpADMoKQA0KCkANSgpADYoKQA3KCkAOCgpAD
489=koKQA6KCkAOygpADwoKQA9KCkAPigpAD8oKQBAKCkAQSgpAEIoKQBDKCkARCgpAEUoKQBG
490=KCkARygpAEgoKQBJKCgAJ7oHXQAnugddACe6B10AJ7oHXQAnugddACe6B10AJ7kHXigKB1
491=4AJwoHXgAnCgdeACcKB14AJwoHXgAnCgdeACcKB14AJwoHXgAnCgdeACcKB14AJwoHXgAn
492=CgdeACcKB14AJwoHXgAnCgdeACcKB14AJwoHXgAnCgdeACcKB14AJwoHXgAnCgdeACcKB1
493=4AJwoHXgAnCgdeACcKB14AJwoHXgAnCgdeACcKB14AJwoHXgAnCgdeACcKB14AJwoHXgAn
494=CgdeACcJB14oxQ5eKAkHXigJB14oCQdeKAkHXigJB18osQZfKLEGXyixBl8osQZfKLEGXy
495=ixBl8osQZfKLEGXyixBl8osQZfKLEGXyixBl8osQZfKLEGXyixBl8osQZfKLEGXyixBl8o
496=sQZfKLEGXyixBl8osQZfKLEGXyixBl8osQZfKLEGXyixBl8osQZfKLEGXyixBl8osQZfKL
497=EGXyixBl8osQZfKLEGXyixBl8osQZfKLEGYChZBmAoWQZgKFkGYChZBmAoWQZgKFkGYChZ
498=BmAoWQZgKFkGYChZBmAoWQZgKFkGYChZBmAoWQZgKFkGYChZBmAoWQZgKFkGYChZBmAoWQ
499=ZgKFkGYChZBmAoWQZgKFkGYChZBmAoWQZgKFkGYChZBmAoWQZgKFkGYChZBmAoWQZgKFkG
500=YChZBmAoWQZgKFkGYSgBBmEoAQZhKAEGYSgBBmEoAQZhKAEGYSgBBmEoAQZhKAEGYSgBBm
501=EoAQZhKAEGYSgBBmEoAQZhKAEGYSgBBmEoAQZhKAEGYSgBBmEoAQZhKAEGYSgBBmEoAQZh
502=KAEGYSgBBmEoAQZhKAEGYSgBBmEoAQZhKAEGYSgBBmEoAQZhKAEGYSgBBmIoqQViKKkFYi
503=ipBWIoqQViKKkFYiipBWIoqQViKKkFYiipBWIoqQViKKkFYiipBWIoqQViKKkFYiipBWIo
504=qQViKKkFYiipBWIoqQViKKkFYiipBWIoqQViKKkFYiipBWIoqQViKKkFYiipBWIoqQViKK
505=kFYiipBWIoqQViKKkFYyhRBWMoUQVjKFEFYyhRBWMoUQVjKFEFYyhRBWMoUQVjKFEFYyhR
506=BWMoUQVjKFEFYyhRBWMoUQVjKFEFYyhRBWMoUQVjKFEFYyhRBWMoUQVjKFEFYyhRBWMoUQ
507=VjKFEFYyhRBWMoUQVjKFEFYyhRBWMoUQVjKFEFZCj5BGQo+QRkKPkEZCj5BGQo+QRkKPkE
508=ZCj5BGQo+QRkKPkEZCj5BGQo+QRkKPkEZCj5BGQo+QRkKPkEZCj5BGQo+QRkKPkEZCj5BG
509=Qo+QRkKPkEZCj5BGQo+QRkKPkEZCj5BGQo+QRkKPkEZCj5BGUooQRlKKEEZSihBGUooQRl
510=KKEEZSihBGUooQRlKKEEZSihBGUooQRlKKEEZSihBGUooQRlKKEEZSihBGUooQRlKKEEZS
511=ihBGUooQRlKKEEZSihBGUooQRlKKEEZSihBGUooQRlKKEEZihJBGYoSQRmKEkEZihJBGYo
512=SQRmKEkEZihJBGYoSQRmKEkEZihJBGYoSQRmKEkEZihJBGYoSQRmKEkEZihJBGYoSQRmKE
513=kEZihJBGYoSQRmKEkEZihJBGYoSQRmKEkEZyjxA2co8QNnKPEDZyjxA2co8QNnKPEDZyjx
514=A2co8QNnKPEDZyjxA2co8QNnKPEDZyjxA2co8QNnKPEDZyjxA2co8QNnKPEDZyjxA2co8Q
515=NnKPEDZyjxA2gomQNoKJkDaCiZA2gomQNoKJkDaCiZA2gomQNoKJkDaCiZA2gomQNoKJkD
516=aCiZA2gomQNoKJkDaCiZA2gomQNoKJkDaCiZA2gomQNoKJkDaShBA2koQQNpKEEDaShBA2
517=koQQNpKEEDaShBA2koQQNpKEEDaShBA2koQQNpKEEDaShBA2koQQNpKEEDaShBA2koQQNp
518=KEEDaijpAmoo6QJqKOkCaijpAmoo6QJqKOkCaijpAmoo6QJqKOkCaijpAmoo6QJqKOkCai
519=jpAmoo6QJqKOkCaijpAmsokQJrKJECayiRAmsokQJrKJECayiRAmsokQJrKJECayiRAmso
520=kQJrKJECayiRAmsokQJrKJECbCg5AmwoOQJsKDkCbCg5AmwoOQJsKDkCbCg5AmwoOQJsKD
521=kCbCg5AmwoOQJsKDkCbSjhAW0o4QFtKOEBbSjhAW0o4QFtKOEBbSjhAW0o4QFtKOEBbSjh
522=AW4oiQFuKIkBbiiJAW4oiQFuKIkBbiiJAW4oiQFuKIkBbygxAW8oMQFvKDEBbygxAW8oMQ
523=FvKDEBcCjZAHAo2QBwKNkAcCjZAHHgBA4AAHEAPADHGgAAAAAAAAAAABEAAA==

[Lighting]
Red=1.000
Blue=1.000
Green=1.000
Level=0.032000
Ground=0.000
IonRed=1.500
Ambient=0.650000
IonBlue=0.700
IonGreen=1.000
IonLevel=0.032000
IonGround=0.000
IonAmbient=0.500

[Map]
Size=0,0,55,59
Theater=TEMPERATE
LocalSize=3,7,49,46

[Math]
Range=RA1 * 3/4
Sight=RA1 -1

[Neutral]
IQ=0
Edge=West
Side=GDI
Color=Grey
Allies=Neutral,GDI,Allies,Allies1,Allies2
Credits=0
ActsLike=0
NodeCount=0
TechLevel=10
PercentBuilt=0
PlayerControl=no

[Nod]
IQ=0
Edge=West
Side=Nod
Color=DarkRed
Allies=Nod,Allies,Neutral,Special
Credits=0
ActsLike=3
NodeCount=0
TechLevel=10
PercentBuilt=0
PlayerControl=no

[Nod1]
IQ=0
Edge=West
Side=Nod
Color=DarkRed
Allies=Nod1,Nod
Credits=0
ActsLike=3
NodeCount=0
TechLevel=10
PercentBuilt=0
PlayerControl=no

[Nod2]
IQ=0
Edge=West
Side=Nod
Color=DarkRed
Allies=Nod2,Nod
Credits=0
ActsLike=3
NodeCount=0
TechLevel=10
PercentBuilt=0
PlayerControl=no

[OverlayDataPack]
0=BQAAIP4AIACAYwAAIP4hEACFDAsAAAH+/wEAghEB/v0BAIQMABAB/voBAIcUAAsAABIB/v
1=oBAIEQ/gQAAIIRAf76AQCHEQAMCwAQAf76AQCBEv4EAACCESj++gEAhxMAAAwADBT+JwAA
2=gQH+qwEAgKcCACD+JwAAhxQACwAAABH+JQAAhAEAAAT+0QEAgQv+BQAAgRL+IwAAhAEAAQ
3=P+0QEAiSYFAAAYGQAAE/4hAACEAQAAAv7TAQCBFP4FAACBCf4hAACEAQAABP7VAQCBC/4G
4=AACBC/4eAACEAQAAA/7WAQCBB/4EAACCDQn+HgAAhAEAJgL+zwEAgSj+BgAAgQP+BgAAgQ
5=H+HgAAhycBAAsAABP+zAEAggcS/gQAAIoEAAAADAAIABMB/gcAAIEo/hQAAIUCABIGB/4L
6=AACBC/7CAQCHAwAAEwAAAv4JAACCEAH+BgAAggcR/hIAAIUDAAAADP4LAACCCgH+wAEAiC
7=gCAAAkAA0D/goAAI8HEQEAAAAmAwAAEAAAAAH+DAAAhQQAAAIE/gcAAIYZAAAACQH+wAEA
8=hSAFAAAi/gsAAIEG/gQAAJASAQAAABIAAQATAAAnAQAB/ggAAIcDAAAJAA0K/gkAAIILAf
9=7AAQCCICX+BgAAgSb+CAAAggwU/gQAAJAQAQAAABEAAAANAgASKCcB/gUAAIImAv4MAACF
10=BgAACgH+wAEAiyYHAAAkAAAAKAAk/gYAAIQLAAAR/gQAAIYRAQAAABP+BQAAhQEMABEB/g
11=UAAIQUAAIE/ggAAIUNDA0JAf7AAQCLAQAUACIAAAALACL+BgAAgQn+BAAAgRP+BAAAkBIB
12=AAAACwAAAgATAAAAEgH+BQAAhAsADQr+BAAAhwIEAAABAAH+wQEAkScBABMAAAAmADgzAA
13=AmAAIK/gYAAIEL/gQAAIURAQAABf4FAACFAgAADQ7+BQAAgQX+BgAAhwkADQoAEQH+wAEA
14=kyYvABEBAAsAKAAkMTYzKAAkABT+BgAAgQf+BQAAgxAIA/4HAACEAgEAAf4EAACBA/4NAA
15=CBDv6oAQCAmwMAIP4XAACdKAAUAAAQBiEAACIAADENACIAAAATAAAABgIAABb+BAAAkQwA
16=AAAMAAABAAAZABIBAAAC/gQAAIQHAAIE/gUAAIEJ/sABAIcFFAATAAAS/gYAAIEm/gUAAI
17=kmAAAAASUAABT+CQAAgQv+CAAAhxEGBAAAAAT+BAAAhg0KAAoACv7AAQCHAwAAEwATAv4G
18=AACTKAAkAAAAKAAACQAAARIAAgMAGP4GAACFBgAAAAL+BQAAgQz+CAAAgQb+BAAAgQv+wA
19=EAgQT+BAAAgg0H/ggAAIEi/gYAAIEK/gQAAIUBEQAAGv4NAACSBQADAAAAAQADAAAAAg4U
20=AAAJ/sABAIUCAAACBP4KAACIBgAAACYAAAv+BgAAggEQ/g4AAIEk/g0AAIQRAA8K/sABAI
21=EE/gQAAIINCv4IAACIDQwUACgAAAr+CQAAhAoAAA3+BQAAhQ8AAAAi/g8AAIET/sABAIYG
22=AgAAAgT+CwAAhxQBABMAAAv+CQAAgQP+BwAAgQT+CAAAgSb+BwAAgg0E/sMBAIwGBwAABw
23=ANCgAAAgT+BAAAiBUvABEBAA0J/gkAAIEE/gQAAIYRAAAJARD+BgAAhigCAAACBP4EAACG
24=ARMAAAAJ/r0BAIIBJf4IAACNBQANCgAAAg4UAAAQAf4JAACCBgL+BwAAiQoAAAERAAACBP
25=4GAACKDQoAAAARARQAC/6/AQCGARIAAAIE/goAAIYUABMAAAz+CAAAigElAAABAAAMDQv+
26=BAAAhgESAAANCv4EAACBAf4GAACDEgEK/r8BAIgBACITAAANCv4GAACJBgAAABEADQsB/g
27=kAAIIBEf4GAACBAf4FAACCARH+DwAAgQz+wQEAhDAAFBT+CgAAhwsAAAAQAAH+CwAAggES
28=/gQAAIMHEQH+BQAAggEQ/gQAAIoFAAAACwANAAIJ/sIBAIghAAATEQAABf4GAACBDP4EAA
29=CBEf4NAACJAREABAAAABAB/gUAAIIBEf4MAACBFP7AAQCIIi8AEgAAEwr+CgAAhQIEAAAS
30=/g0AAIkBEAAIAAAAEgH+BQAAggES/ggAAIUGAAAAEv6/AQCHARQAABAIB/4MAACFDQoAAB
31=L+DQAAiQERAAAGAAARAf4GAACBCv4HAACKDhMAAAARAAAAAf67AQCFARMAABL+EgAAgRH+
32=DQAAiQESAA4UAAASAf4EAACBA/4GAACNDwkAABEAAAATAAAnAf6rAQCAZAMAIP4RAACCEw
33=P+DAAAggIE/gYAAIEQ/g0AAIwBCwAAEQAAEQEAAAT+CAAAjQEAAAASAAAADQMAEQH+uwEA
34=gSX+CgAAjQIEAAANCgAABgAAABL+EQAAixIAABAGAgAAAAQJ/gQAAIYSAQAAABD+BgAAgh
35=AB/rsBAIES/gYAAJEVBAAADQoACgAAAAwUAAAAEf4RAACHEwAADAAAAf4EAACSBAAAABEB
36=AAAAEQAHAAACARIB/rsBAIET/gQAAIQwABQT/gcAAIgLAAARAAAAEf4RAACBC/4GAACWAg
37=AKARIAAAASAQAAABIAAAgiAAARAf67AQCJFAAAABQAABMU/gUAAIEK/gQAAIUQAAAAEv4Q
38=AACWBQAAABAAAAALAAABEQAAABEBAAAAEv4GAACCEAH+uwEAjREVLwARAAANEAAAAAr+Bg
39=AAhRIAAAAR/g4AAIEE/gcAAIEJ/gQAAJIBEAAAABABAAAAEQAPAAsAAAz+vAEAiwwUAAAS
40=AAwAEQAJ/gYAAIcoABEAAAAQ/gsAAIomAwAAAAwABgAK/gcAAI8KAAAAEgEAAAAQAAAQAA
41=v+vwEAiBMAAAkBAAAL/gYAAIkwABQAEwAAABH+CwAAiBMADwAAAAIL/gcAAIEC/gUAAIkR
42=AQAAABMAAAr+wQEAgw0KAf4HAACNAQAAJQAAEwALAAAAEP4LAACBEf4FAACIFAAoAAAAJg
43=P+BwAAhxABAAAADQn+wwEAgQH+CAAAiScBAAESAAATB/4EAACBEv4LAACNEwAACAAADQUS
44=AAAAFP4IAACCEQH+zgEAiggDABEGJwERBgf+BgAAgRH+CwAAgQv+BwAAhREAAAAT/ggAAI
45=ISAf7MAQCKASUAAAMMABIGEv4IAACBEv4JAACCJgf+BgAAhwEAEwAAABL+CAAAgQz+zQEA
46=ggEQ/gUAAIEM/gYAAIUGAAAAEP4JAACFEwAAAAf+BQAAhQ0AAAAR/gYAAIEK/s8BAIIGCv
47=4KAACHFQwUAAAAEf4JAACBC/4HAACCAgz+BAAAgRD+BAAAgQn+zwEAggEl/goAAIkwABQA
48=EQAAABL+CAAAgQX+CAAAgRP+BQAAhBMAAAv+0QEAggER/ggAAJINFAAAEwAQAAAAEwAoAA
49=AACAT+CgAAgQ/+BQAAgg0K/rABAICsAQAg/iMAAIIICv4IAACWAREAAA0AEgAAAA0FFAAA
50=FBECDwAAAv4EAACCAg7+2QEAggEl/gkAAIgQARAADAAAE/4FAACPDQMNDAEMDRAGABEAAA
51=AU/toBAIIBEf4IAACEDQwBC/4EAACBC/4IAACMAgkEAA4UAAYAAQAN/toBAIIBEv4IAACB
52=Af4FAACCJgX+BAAAkAkAAAAJBAAKAAANDBQADQz+2wEAhAEQDQT+BQAAghEB/gUAAIEU/g
53=oAAIEL/gYAAIIPDv7dAQCLAQwBEQ8EAAIADAH+BQAAigsABQAAAAUAAgn+5wEAiQEAAQ4B
54=Eg0LAf4FAACCBgX+CAAAgRT+6gEAhQEAAQwB/gUAAIMwAAf+9gEAgwEAKP4EAACBB/4GAA
55=CGBQAAAAIL/u0BAIYwABQAAC/+CgAAgwUAE/7sAQCGASUAAA8D/ggAAIMFAAb+8AEAhQES
56=AAAL/gkAAIYNDBQAAAr+7QEAhAERBgX+CgAAhAEADQn+7wEAghQS/gsAAIISAf7xAQCCAR
57=L+DAAAghEB/vEBAIkBEQAAAAYAAAT+BQAAghAB/r8BAIBOAAAg/jIAAIkBEQAwAA8LARD+
58=BQAAgQz+8gEAjQEQFAAAFAABEQAAAAn+9AEAgwEMEf4EAACEARIAC/74AQCHEgAKAAABCv
59=76AQCBCf7HFwCABQAAIP4AIACABQAAIP4AIACABQAAIP4AIACABQAAIP4AIACABQAAIP4A
60=IACABQAAIP4AIACABQAAIP4AIACABQAAIP4AIACABQAAIP4AIACABQAAIP4AIACABQAAIP
61=4AIACABQAAIP4AIACABQAAIP4AIACABQAAIP4AIACABQAAIP4AIACABQAAIP4AIACABQAA
62=IP4AIACABQAAIP4AIACABQAAIP4AIACABQAAIP4AIACABQAAIP4AIACABQAAIP4AIACABQ
63=AAIP4AIACABQAAIP4AIACABQAAIP4AIACA

[OverlayPack]
0=BQAAIP4AIP+AagAAIP4hEP+FQUH//z/+/wH/gj8//v0B/4RB/z8//voB/4c//0H//z8//v
1=kB/4I/P/4EAP+CPz/++QH/iD8//0FB/z8//vkB/4I/P/4EAP+DPz8//vgB/4k/P///Qf9A
2=Pz/+JgD/gj8//qoB/4DhAgAg/iYA/4k/P/9B////Pz/+JAD/hD8//z/+0AH/gj9A/gUA/4
3=I/P/4iAP/+BAA//tEB/4o/P///QUH//z8//iAA/4g/P/8/////Qf7OAf+CPz/+BAD/hT4+
4=//8//h4A/4g/P/8/////Qf7QAf+CP0D+BgD/gT/+HgD/iD8//z////9B/tIB/4E//gQA/4
5=I/P/4eAP/+BAA/hP///0H+BQD/gUH+xQH/gj8//gUA/4E//gUA/4JAP/4eAP+HPz8/QP//
6=Qf4FAP+BQf7GAf+QPz8/////P////z7/Pv8/P/4HAP+CPz/+EwD/hT//Pz8//gcA/4VB//
7=//P/7CAf+HP///Pz//P/4JAP+CPz/+BgD/gz8/P/4RAP+FP////0D+BwD/h0H///8/Pz/+
8=vwH/iEA///9E/0A//goA/48+Pz////8/P///Pz///z/+DAD/hT///0BA/gcA/4dB////Pz
9=8//r8B/4VAP///RP4LAP+BQP4EAP+QPz///z8//z7/Pz//Pz//P/4IAP+HP///Pv9AQP4J
10=AP+DPz8//r8B/4JAQP4GAP+BRP4IAP+CPz/+BAD/kD8///8/P////0A//z9APz/+BQD/gj
11=8//gsA/4c+QP//Pz8//r8B/4s/P///RP///0T/RP4GAP+EP/8/P/4EAP+GPz///z8//gUA
12=/4VBQP8/P/4EAP+FPz//QED+CAD//gYAP/6/Af+LPz8//0T///9E/0T+BgD/hj////8/P/
13=4EAP+QPz///z9A//8+/0H///8/P/4EAP+FP0D/QED+BAD/hEBA/0D+BAA//sAB//4EAD+N
14=////RP9ERP//RP9AP/4FAP+LP0D//z7/Pz///z/+BQD/hUH//z8//gUA/4E//gYA/4g+/0
15=BA/z8/P/6/Af+KP0D/Pz8/QP9E//4FAESF/0T/Pz/+BQD/gT/+BQD/jj8/P////z7///9B
16=QUA//gQA/4E//g0A/4E//qgB/4CvAwAg/hcA/50/Pz///z8/QP//RP//RET/RP///z8///
17=8/P///Qf4EAP+RQP///z7//z7//0H/Pz///z/+BAD/hD7/QED+BQD/gT/+wAH//gQAP4P/
18=/0D+BgD/gUT+BQD/iUT//z8/P///Qf4JAP+BPv4IAP+HPz8/////Pv4EAP+GQED/Pv8//s
19=AB/4c///8/P0A//gYA/5NE/0T///9E//8///8/P/8+Pv9B/gYA/48+////Pv///z7/QP//
20=/z7+BAD/gUD+BAD/gT/+wAH/gT/+BAD/gkA//ggA/4FE/gYA/4E//gQA/4U/P///Qf4NAP
21=+SPv8+////Pv8+////QD8///8//sAB/4U///9AQP4KAP+IQP///0T//z/+BgD/gj8//g4A
22=/4FD/g0A//4EAD/+wAH/gT/+BAD/gkBA/ggA/4g/Pz//RP//P/4JAP+EQP//Pv4FAP+GPv
23=///0ND/g0A/4M+Pz/+vwH/hj8///9AQP4LAP+HQD8/P///P/4JAP+BP/4HAP+BQP4IAP+B
24=Q/4HAP+CP0D+BQD/gT/+vQH/jD8///8+/0BA//9AQP4EAP+DQED//gUAP/4JAP+BP/4EAP
25=+GPv//Pz8//gYA/5BDQ///QED///9APz////8//r0B/4I/P/4IAP+OPv9AQP//QD8///8/
26=Pz/+CAD/gj8//gcA/4k///8/P///QED+BgD/ikBA////Pz8//z/+vwH/hj8///9AQP4KAP
27=+GPz8///8//ggA/4o/P///Pv//Pj8//gQA/4Y/P///QED+BAD/gT7+BgD/gz8/P/6/Af+I
28=P/8/P///QED+BgD/hED////+BgA//ggA/4I/P/4FAP+CQD/+BQD/gj8//g8A/4E//sEB/4
29=RA/z8//gkA/4VAQP////4EAD/+CgD/gj8//gQA/4M+Pz/+BQD/gj8//gQA/4o+////Pv8+
30=/0A//sEB/4k/P///Pz///z7+BgD/gUD+BAD/gj8//gwA/4k/P/8+////Pz/+BQD/gj8//g
31=wA/4I/P/6/Af+IP0D/P///QED+CgD/hkBA//8/P/4MAP+JPz//Pv///z8//gUA/4I/P/4I
32=AP+GQP///z8//r4B/4c/P///Pz8//gwA/4ZAQP//Pz/+DAD/iT8///9A//8/P/4GAP+BQP
33=4HAP+KPz////8/P///P/67Af+FPz///0D+EgD/gj8//gwA/4k/P/8/P///Pz/+BAD/gT/+
34=BgD/jT8//z8/////Pz//Pz/+qwH/gJIDACD+EAD/gz9AP/4MAP+CQED+BgD/gj8//gwA/4
35=w/P/8/P///Pz///z/+BwD/jkA///8/P////0A//z8//rsB/4E//goA/45AQP//QED//0D/
36=//8/P/4PAP+MPz///z8/P////z4+/gQA/4Y/P///Pz/+BgD/gj8//roB/4I/P/4GAP+SQE
37=D//0BA/z7///8/P////z8//g8A/4g/P///QP//Pv4EAP+SQP///z8///8/P/8+//8+Qz8/
38=/roB/4I/P/4EAP+EQP8/P/4HAP/+BAA/hf///z8//g8A/4I/QP4GAP+WPv8/Pz////8/P/
39=//Pz///z5D//8/P/66Af+KPz////9A//8/P/4FAP+LPz///z8/////Pz/+DwD/lj////8+
40=////P///Pz////8/P///Pz/+BAD/hD7/Pz/+ugH/jz8/QED/P///Pz////8/P/4EAP+HPz
41=////8/P/4NAP+BP/4HAP+BP/4EAP+SPz////8/P///Pz//Pv9D//8//rsB/40/Pz///z//
42=Pz8//z8//gUA/4g/Pz////8/P/4KAP+KPz////8+/z7/P/4HAP+PQP///z8///8/P///Pv
43=8//r0B/4U/Pz////4GAD/+BQD/ikD/Pz8/////Pz/+CQD/iT8//z7///9AP/4HAP+BP/4F
44=AP+JPz///z8///8//sAB//4FAD+U//8/////P///P///Pz9A////Pz/+CQD/gj8//gUA//
45=4EAD+E//8/P/4HAP+HPz///z8/P/7CAf+DPz8//gcA/4k/P/8/P///QD/+BAD/gj8//gkA
46=/44/P///Pv//QD8/P/8/P/4IAP+FPz///z/+xAH/gT/+BgD/gz8///4HAD/+BgD/gj8//g
47=kA/4I/QP4HAP+FPz//Pz/+CAD/gj8//swB/4o/P///PkD/Pz9A/ggA/4I/P/4IAP+CPz/+
48=BgD/hz7/Pz//Pz/+CAD/gT/+zQH/iD8//z7///9A/gYA/4ZA////Pz/+BwD/hj8/////Pv
49=4FAP+FPz//Pz/+BgD/gT/+zwH/gj9A/goA/4hAPz////8/P/4HAP+CP0D+BwD/h0A/////
50=Pz/+BAD/gT/+zwH/gj8//goA/4pA/z8/P////z8//gcA/4E//ggA/4o/P////z8///8//t
51=EB/4I/P/4IAP+KP0D//z8/P/////4EAD+E//8/P/4KAP+IPz////8/Pz/+sAH/gMYBACD+
52=IwD/gj9A/gcA/5dAPz///z8/P////0A/Pz//QD4+Pv//Pv4EAP+CQD/+BQD/gT/+0wH/gj
53=8//gkA/4g/Pz//P/8/P/4FAP+EQD8+QP4EAD6IQP8+////Pz/+2QH/gj8//ggA//4EAD+F
54=////P0D+CAD/jT4+QP8/P/9A/z7/Pz/+2QH/gj8//gcA/4NAPz/+BAD/gj8//gQA/4k+//
55=//Pj7/P//+BAA/g/8/P/7bAf+EPz8/QP4FAP+CPz/+BAD/gj8//goA/4k/////P/8/Pz/+
56=3QH//gUAP4ZA/z7/Pz/+BAD/iz9A/z7///8+/0A//gcA/4E//t8B//4KAD/+BAD/gj8//g
57=gA/4I/P/7pAf/+BgA//gQA/4NA/z7+CgD/gT/+6wH//gQAP4T///8//gYA/4Y+////QD/+
58=7QH/hkD/Pz//QP4KAP+EPv8/P/7rAf+GPz///0A//ggA/4M+/0D+BAD/gT/+6wH/hT8///
59=9A/gkA/4Y/Pz///z/+7QH//gQAP/4JAP+BQP4EAD/+7wH/gj9A/gsA/4M/Pz/+8AH/gj8/
60=/gwA/4I/P/7xAf+JPz////9A//9A/gUA/4I/P/6/Af+AUAAAIP4yAP+JPz//QP9APz8//g
61=UA/4E//vIB/4U/P0D///4EAD+E////P/70Af+LPz8/////Pz8//z/+9wH/iD8//z///z8/
62=/vkB/4I/P/7HF/+ABQAAIP4AIP+ABQAAIP4AIP+ABQAAIP4AIP+ABQAAIP4AIP+ABQAAIP
63=4AIP+ABQAAIP4AIP+ABQAAIP4AIP+ABQAAIP4AIP+ABQAAIP4AIP+ABQAAIP4AIP+ABQAA
64=IP4AIP+ABQAAIP4AIP+ABQAAIP4AIP+ABQAAIP4AIP+ABQAAIP4AIP+ABQAAIP4AIP+ABQ
65=AAIP4AIP+ABQAAIP4AIP+ABQAAIP4AIP+ABQAAIP4AIP+ABQAAIP4AIP+ABQAAIP4AIP+A
66=BQAAIP4AIP+ABQAAIP4AIP+ABQAAIP4AIP+A

[ScriptTypes]
0=01000004
1=01000017
2=01000024
3=01000036
4=01000042
5=01000048
6=01000055
7=01000060
8=01000089
9=01000093
10=01000097
11=01000099
12=01000101
13=01000103

[Soviet]
IQ=0
Edge=West
Side=Soviet
Color=DarkRed
Allies=Soviet,Soviet1,Soviet2,Neutral,Special,Allies1
Credits=0
ActsLike=3
NodeCount=0
TechLevel=10
PercentBuilt=0
PlayerControl=no

[Soviet1]
IQ=0
Edge=West
Side=GDI
Color=DarkRed
Allies=Soviet1,Soviet,Soviet2,Neutral
Credits=0
ActsLike=3
NodeCount=0
TechLevel=10
PercentBuilt=0
PlayerControl=no

[Soviet2]
IQ=0
Edge=West
Side=GDI
Color=DarkRed
Allies=Soviet2,Soviet,Soviet1,Neutral
Credits=0
ActsLike=3
NodeCount=0
TechLevel=10
PercentBuilt=0
PlayerControl=no

[Special]
IQ=0
Edge=West
Side=GDI
Color=Grey
Allies=Special,Soviet,GDI,Allies2,Allies1,Soviet1,Soviet2
Credits=0
ActsLike=0
NodeCount=0
TechLevel=10
PercentBuilt=0
PlayerControl=no

[SpecialFlags]
Inert=no
FogOfWar=no
IonStorms=no
MCVDeploy=no
Meteorites=no
Visceroids=yes
FixedAlliance=no
TiberiumGrows=yes
InitialVeteran=no
HarvesterImmune=no
TiberiumSpreads=yes
TiberiumExplosive=no
DestroyableBridges=yes

[Structures]
0=Neutral,INTNUKE2B,256,25,70,64,None,1,0,1,0,0,None,None,None,0,0
1=Neutral,INTNUKE2A,256,26,69,64,None,1,0,1,0,0,None,None,None,0,0
2=Neutral,INTNUKE2A,256,18,61,64,None,1,0,1,0,0,None,None,None,0,0
3=Neutral,INTNUKE2B,256,17,62,64,None,1,0,1,0,0,None,None,None,0,0
4=Neutral,INTNUKE2B,256,27,48,64,None,1,0,1,0,0,None,None,None,0,0
5=Neutral,INTNUKE2A,256,40,73,64,None,1,0,1,0,0,None,None,None,0,0
6=Neutral,INTNUKE2A,256,47,80,64,None,1,0,1,0,0,None,None,None,0,0
7=Neutral,INTNUKE2A,256,48,91,64,None,1,0,1,0,0,None,None,None,0,0
8=Neutral,INTNUKE2B,256,35,56,64,None,1,0,1,0,0,None,None,None,0,0
9=Special,INTEQUIP1A,256,20,65,64,01000082,1,0,1,0,0,None,None,None,0,0
10=Special,INTEQUIP1B,256,22,64,64,01000082,1,0,1,0,0,None,None,None,0,0
11=Neutral,INTNUKE2A,256,55,98,64,None,1,0,1,0,0,None,None,None,0,0
12=Neutral,INTEQUIP2A,256,75,72,64,None,1,0,1,0,0,None,None,None,0,0
13=Neutral,INTEQUIP2A,256,76,75,64,None,1,0,1,0,0,None,None,None,0,0
14=Special,INTGNRTR1B,256,77,72,64,None,1,0,1,0,0,None,None,None,0,0
15=Neutral,RABRL3,255,21,68,64,None,1,0,1,0,0,None,None,None,0,0
16=Neutral,RABRL3,255,20,64,64,None,1,0,1,0,0,None,None,None,0,0
17=Neutral,RABRL3,255,21,63,64,01000070,1,0,1,0,0,None,None,None,0,0
18=Neutral,RABRL3,255,22,62,64,None,1,0,1,0,0,None,None,None,0,0
19=Neutral,RABRL3,255,23,63,64,None,1,0,1,0,0,None,None,None,0,0
20=Neutral,RABRL3,255,24,66,64,None,1,0,1,0,0,None,None,None,0,0
21=Neutral,RABRL3,255,23,67,64,None,1,0,1,0,0,None,None,None,0,0
22=Neutral,RABRL3,0,20,58,64,01000084,1,0,1,0,0,None,None,None,0,0
23=Neutral,RABRL3,256,32,68,64,None,1,0,1,0,0,None,None,None,0,0
24=Neutral,RABARL,255,24,65,64,None,1,0,1,0,0,None,None,None,0,0
25=Neutral,RABARL,255,22,68,64,01000070,1,0,1,0,0,None,None,None,0,0
26=Neutral,RABARL,255,19,65,64,None,1,0,1,0,0,None,None,None,0,0
27=Neutral,RABARL,255,21,62,64,None,1,0,1,0,0,None,None,None,0,0
28=Neutral,RABARL,255,19,66,64,None,1,0,1,0,0,None,None,None,0,0
29=Neutral,RABARL,255,21,59,64,None,1,0,1,0,0,None,None,None,0,0
30=Neutral,RABARL,255,19,57,64,01000084,1,0,1,0,0,None,None,None,0,0
31=Neutral,RABARL,256,31,66,64,None,1,0,1,0,0,None,None,None,0,0
32=Neutral,RABRL3,256,37,79,64,None,1,0,1,0,0,None,None,None,0,0
33=Neutral,RABRL3,256,42,84,64,None,1,0,1,0,0,None,None,None,0,0
34=Neutral,RABRL3,256,38,81,64,None,1,0,1,0,0,None,None,None,0,0
35=Neutral,RABRL3,256,39,76,64,None,1,0,1,0,0,None,None,None,0,0
36=Neutral,RABARL,256,39,83,64,None,1,0,1,0,0,None,None,None,0,0
37=Neutral,RABARL,256,41,83,64,None,1,0,1,0,0,None,None,None,0,0
38=Neutral,RABARL,256,44,81,64,None,1,0,1,0,0,None,None,None,0,0
39=Neutral,RABARL,256,44,82,64,None,1,0,1,0,0,None,None,None,0,0
40=Neutral,RABARL,256,43,84,64,None,1,0,1,0,0,None,None,None,0,0
41=Neutral,RABARL,256,37,76,64,None,1,0,1,0,0,None,None,None,0,0
42=Neutral,RABARL,256,42,82,64,None,1,0,1,0,0,None,None,None,0,0
43=Neutral,RABRL3,256,50,58,64,None,1,0,1,0,0,None,None,None,0,0
44=Neutral,RABRL3,256,51,49,64,None,1,0,1,0,0,None,None,None,0,0
45=Neutral,RABRL3,256,54,48,64,None,1,0,1,0,0,None,None,None,0,0
46=Neutral,RABRL3,256,61,49,64,None,1,0,1,0,0,None,None,None,0,0
47=Neutral,RABRL3,256,64,49,64,None,1,0,1,0,0,None,None,None,0,0
48=Neutral,RABRL3,256,72,60,64,None,1,0,1,0,0,None,None,None,0,0
49=Neutral,RABRL3,256,69,59,64,None,1,0,1,0,0,None,None,None,0,0
50=Neutral,RABRL3,256,68,62,64,None,1,0,1,0,0,None,None,None,0,0
51=Neutral,RABRL3,256,66,60,64,None,1,0,1,0,0,None,None,None,0,0
52=Neutral,RABRL3,256,61,53,64,None,1,0,1,0,0,None,None,None,0,0
53=Neutral,RABRL3,256,46,34,64,None,1,0,1,0,0,None,None,None,0,0
54=Neutral,RABRL3,256,44,33,64,None,1,0,1,0,0,None,None,None,0,0
55=Neutral,RABRL3,256,41,39,64,None,1,0,1,0,0,None,None,None,0,0
56=Neutral,RABRL3,256,44,42,64,None,1,0,1,0,0,None,None,None,0,0
57=Neutral,RABARL,256,68,63,64,None,1,0,1,0,0,None,None,None,0,0
58=Neutral,RABARL,256,72,61,64,None,1,0,1,0,0,None,None,None,0,0
59=Neutral,RABARL,256,69,57,64,None,1,0,1,0,0,None,None,None,0,0
60=Neutral,RABARL,256,61,50,64,None,1,0,1,0,0,None,None,None,0,0
61=Neutral,RABARL,256,51,59,64,None,1,0,1,0,0,None,None,None,0,0
62=Neutral,RABARL,256,51,57,64,None,1,0,1,0,0,None,None,None,0,0
63=Neutral,RABARL,256,50,49,64,None,1,0,1,0,0,None,None,None,0,0
64=Neutral,RABARL,256,51,51,64,None,1,0,1,0,0,None,None,None,0,0
65=Neutral,RABARL,256,59,52,64,None,1,0,1,0,0,None,None,None,0,0
66=Neutral,RABARL,256,42,43,64,None,1,0,1,0,0,None,None,None,0,0
67=Neutral,RABARL,256,39,40,64,None,1,0,1,0,0,None,None,None,0,0
68=Neutral,RABARL,256,44,32,64,None,1,0,1,0,0,None,None,None,0,0
69=Neutral,RABARL,256,46,36,64,None,1,0,1,0,0,None,None,None,0,0
70=Soviet1,LAR1,256,24,54,64,None,1,0,1,0,0,None,None,None,0,0
71=Soviet1,LAR2,256,24,58,64,None,1,0,1,0,0,None,None,None,0,0
72=Soviet1,LAR1,256,26,57,64,None,1,0,1,0,0,None,None,None,0,0
73=Soviet1,LAR2,256,26,59,64,None,1,0,1,0,0,None,None,None,0,0
74=Soviet1,LAR2,256,25,60,64,None,1,0,1,0,0,None,None,None,0,0
75=Soviet1,LAR1,256,26,62,64,None,1,0,1,0,0,None,None,None,0,0
76=Soviet1,LAR1,256,28,63,64,None,1,0,1,0,0,None,None,None,0,0
77=Soviet1,LAR1,256,28,61,64,None,1,0,1,0,0,None,None,None,0,0
78=Soviet1,LAR1,256,28,66,64,None,1,0,1,0,0,None,None,None,0,0
79=Soviet1,LAR2,256,31,62,64,None,1,0,1,0,0,None,None,None,0,0
80=Soviet1,LAR1,256,43,83,64,None,1,0,1,0,0,None,None,None,0,0
81=Soviet1,LAR1,256,41,80,64,None,1,0,1,0,0,None,None,None,0,0
82=Soviet1,LAR1,256,39,80,64,None,1,0,1,0,0,None,None,None,0,0
83=Soviet1,LAR1,256,38,79,64,None,1,0,1,0,0,None,None,None,0,0
84=Soviet1,LAR1,256,37,80,64,None,1,0,1,0,0,None,None,None,0,0
85=Soviet1,LAR2,256,39,77,64,None,1,0,1,0,0,None,None,None,0,0
86=Soviet1,LAR2,256,39,79,64,None,1,0,1,0,0,None,None,None,0,0
87=Soviet1,LAR2,256,39,82,64,None,1,0,1,0,0,None,None,None,0,0
88=Soviet1,LAR2,256,43,80,64,None,1,0,1,0,0,None,None,None,0,0
89=Soviet1,LAR1,256,52,94,64,None,1,0,1,0,0,None,None,None,0,0
90=Soviet1,LAR1,256,53,95,64,None,1,0,1,0,0,None,None,None,0,0
91=Soviet1,LAR1,256,53,90,64,None,1,0,1,0,0,None,None,None,0,0
92=Soviet1,LAR1,256,56,94,64,None,1,0,1,0,0,None,None,None,0,0
93=Soviet1,LAR1,256,57,92,64,None,1,0,1,0,0,None,None,None,0,0
94=Soviet1,LAR1,256,56,90,64,None,1,0,1,0,0,None,None,None,0,0
95=Soviet1,LAR1,256,58,87,64,None,1,0,1,0,0,None,None,None,0,0
96=Soviet1,LAR1,256,62,87,64,None,1,0,1,0,0,None,None,None,0,0
97=Soviet1,LAR1,256,59,84,64,None,1,0,1,0,0,None,None,None,0,0
98=Soviet1,LAR2,256,51,94,64,None,1,0,1,0,0,None,None,None,0,0
99=Soviet1,LAR2,256,52,91,64,None,1,0,1,0,0,None,None,None,0,0
100=Soviet1,LAR2,256,54,94,64,None,1,0,1,0,0,None,None,None,0,0
101=Soviet1,LAR2,256,55,92,64,None,1,0,1,0,0,None,None,None,0,0
102=Soviet1,LAR2,256,60,88,64,None,1,0,1,0,0,None,None,None,0,0
103=Soviet1,LAR2,256,59,86,64,None,1,0,1,0,0,None,None,None,0,0
104=Soviet1,LAR2,256,58,84,64,None,1,0,1,0,0,None,None,None,0,0
105=Soviet1,LAR1,256,64,80,64,None,1,0,1,0,0,None,None,None,0,0
106=Soviet1,LAR2,256,63,76,64,None,1,0,1,0,0,None,None,None,0,0
107=Soviet1,LAR1,256,65,79,64,None,1,0,1,0,0,None,None,None,0,0
108=Soviet1,LAR1,256,68,80,64,None,1,0,1,0,0,None,None,None,0,0
109=Soviet1,LAR1,256,69,80,64,None,1,0,1,0,0,None,None,None,0,0
110=Soviet1,LAR2,256,69,78,64,None,1,0,1,0,0,None,None,None,0,0
111=Soviet1,LAR1,256,66,77,64,None,1,0,1,0,0,None,None,None,0,0
112=Soviet1,LAR1,256,66,75,64,None,1,0,1,0,0,None,None,None,0,0
113=Soviet1,LAR1,256,64,74,64,None,1,0,1,0,0,None,None,None,0,0
114=Soviet1,LAR2,256,68,76,64,None,1,0,1,0,0,None,None,None,0,0
115=Neutral,STEELCRATE,256,29,67,64,None,1,0,1,0,0,None,None,None,0,0
116=Neutral,WOODCRATE,256,47,35,64,None,1,0,1,0,0,None,None,None,0,0
117=Neutral,WOODCRATE,256,45,84,64,None,1,0,1,0,0,None,None,None,0,0
118=Neutral,WOODCRATE,256,69,76,64,None,1,0,1,0,0,None,None,None,0,0
119=Neutral,STEELCRATE,256,52,52,64,None,1,0,1,0,0,None,None,None,0,0
120=Neutral,RABRL3,256,52,95,64,None,1,0,1,0,0,None,None,None,0,0
121=Neutral,RABRL3,256,55,94,64,None,1,0,1,0,0,None,None,None,0,0
122=Neutral,RABARL,256,53,89,64,None,1,0,1,0,0,None,None,None,0,0
123=Neutral,RABARL,256,66,74,64,None,1,0,1,0,0,None,None,None,0,0
124=Neutral,RABARL,256,66,79,64,None,1,0,1,0,0,None,None,None,0,0
125=Neutral,RABRL3,256,68,78,64,None,1,0,1,0,0,None,None,None,0,0
126=Neutral,RABRL3,256,65,77,64,None,1,0,1,0,0,None,None,None,0,0
127=Soviet1,LAR2,256,58,94,64,None,1,0,1,0,0,None,None,None,0,0
128=Soviet1,LAR2,256,59,93,64,None,1,0,1,0,0,None,None,None,0,0
129=Soviet1,LAR2,256,59,94,64,None,1,0,1,0,0,None,None,None,0,0
130=Soviet1,LAR1,256,59,95,64,None,1,0,1,0,0,None,None,None,0,0
131=Soviet1,LAR1,256,60,96,64,None,1,0,1,0,0,None,None,None,0,0
132=Soviet1,LAR1,256,62,96,64,None,1,0,1,0,0,None,None,None,0,0
133=Soviet1,LAR1,256,62,95,64,None,1,0,1,0,0,None,None,None,0,0
134=Soviet1,LAR1,256,61,94,64,None,1,0,1,0,0,None,None,None,0,0
135=Neutral,WOODCRATE,256,87,69,64,None,1,0,1,0,0,None,None,None,0,0
136=Neutral,STEELCRATE,256,86,67,64,None,1,0,1,0,0,None,None,None,0,0
137=Neutral,RABRL3,256,75,57,64,None,1,0,1,0,0,None,None,None,0,0
138=Neutral,RABRL3,256,72,54,64,None,1,0,1,0,0,None,None,None,0,0
139=Neutral,RABRL3,256,69,51,64,None,1,0,1,0,0,None,None,None,0,0
140=Neutral,RABRL3,256,64,48,64,None,1,0,1,0,0,None,None,None,0,0
141=Neutral,RABARL,256,63,46,64,None,1,0,1,0,0,None,None,None,0,0
142=Neutral,RABARL,256,59,49,64,None,1,0,1,0,0,None,None,None,0,0
143=Neutral,RABARL,256,80,54,64,None,1,0,1,0,0,None,None,None,0,0
144=Neutral,RABARL,256,78,54,64,None,1,0,1,0,0,None,None,None,0,0
145=Soviet1,LAR2,256,82,48,64,None,1,0,1,0,0,None,None,None,0,0
146=Soviet1,LAR1,256,80,44,64,None,1,0,1,0,0,None,None,None,0,0
147=Soviet1,LAR1,256,78,44,64,None,1,0,1,0,0,None,None,None,0,0
148=Neutral,RABRL3,256,84,44,64,None,1,0,1,0,0,None,None,None,0,0
149=Neutral,RABARL,256,84,43,64,None,1,0,1,0,0,None,None,None,0,0
150=Neutral,RABRL3,256,81,40,64,None,1,0,1,0,0,None,None,None,0,0
151=Neutral,RABARL,256,82,40,64,None,1,0,1,0,0,None,None,None,0,0
152=Neutral,INTEQUIP2A,256,74,73,64,None,1,0,1,0,0,None,None,None,0,0
153=Neutral,INTEQUIP2B,256,75,73,64,None,1,0,1,0,0,None,None,None,0,0
154=Neutral,INTEQUIP2A,256,77,74,64,None,1,0,1,0,0,None,None,None,0,0
155=Neutral,INTEQUIP2B,256,77,75,64,None,1,0,1,0,0,None,None,None,0,0
156=Special,RAPBOX,256,33,44,64,01000030,1,0,0,0,0,None,None,None,0,0
157=Neutral,RABARL,256,82,42,64,None,1,0,1,0,0,None,None,None,0,0
158=Special,RAPBOX,256,39,50,64,01000030,1,0,0,0,0,None,None,None,0,0
159=Special,RAPBOX,256,38,49,64,01000030,1,0,0,0,0,None,None,None,0,0
160=Allies2,RAAPWR,256,55,1,64,None,1,0,1,0,0,None,None,None,0,0
161=Neutral,BARLO2,255,22,60,64,None,1,0,1,0,0,None,None,None,0,0
162=Neutral,RABRL3,255,20,67,64,None,1,0,1,0,0,None,None,None,0,0
163=Neutral,RABARL,255,22,61,64,None,1,0,1,0,0,None,None,None,0,0
164=Neutral,RABARL,255,24,64,64,01000070,1,0,1,0,0,None,None,None,0,0

[Tags]
01000001=0,1?a 1,01000000
01000008=0,1?b 1,01000007
01000010=0,1+ 1,01000009
01000012=2,1+b 1,01000011
01000014=0,tsla init 1,01000013
01000019=0,tsla 1,01000018
01000021=0,t00a 1,01000020
01000026=0,win 1,01000025
01000028=0,2?g 1,01000027
01000030=0,2+ 1,01000029
01000033=1,grnf 1,01000032
01000039=0,swrm 1,01000038
01000046=0,grnf2 1,01000045
01000050=0,rvl1 1,01000049
01000052=0,rvl2 1,01000051
01000054=0,swrm1 1,01000053
01000062=2,shrd 1,01000061
01000064=0,4+ 1,01000063
01000066=0,tsla sight x 1,01000065
01000068=0,Reveal Map 1,01000067
01000070=0,5+ 1,01000069
01000072=0,5? 1,01000071
01000074=0,5?1 1,01000073
01000076=0,5?2 1,01000075
01000078=0,5?3 1,01000077
01000080=0,5?4 1,01000079
01000082=0,5?x 1,01000081
01000084=0,5- 1,01000083
01000086=0,lose 1,01000085
01000091=0,t000 1,01000090
01000095=0,t001 1,01000094
01000105=0,t002 1,01000104
01000107=0,3+ 1,01000106
01000109=0,3?A 1,01000108
01000112=0,t004 1,01000111
01000114=0,t006 1,01000113
01000116=0,rvl3 1,01000115
01000118=2,nst1 1,01000117
01000120=2,nst2 1,01000119
01000122=2,lights 01 1,01000121
01000124=0,lights 02 1,01000123
01000126=0,lights 03 1,01000125
01000128=0,lights 04 1,01000127
01000130=0,lights 05 1,01000129
01000132=0,lights 06 1,01000131
01000134=0,lights 07 1,01000133
01000136=0,lights 08 1,01000135
01000138=0,lights 09 1,01000137
01000140=0,lights 10 1,01000139
01000142=0,lights 11 1,01000141
01000144=0,lights 12 1,01000143
01000146=0,lights 13 1,01000145

[TaskForces]
0=01000003
1=01000015
2=01000023
3=01000034
4=01000035
5=01000041
6=01000043
7=01000059
8=01000088

[TeamTypes]
0=01000002
1=01000005
2=01000006
3=01000016
4=01000022
5=01000031
6=01000037
7=01000040
8=01000044
9=01000047
10=01000057
11=01000058
12=01000056
13=01000087
14=01000092
15=01000096
16=01000098
17=01000100
18=01000102
19=01000110

[Triggers]
01000000=Neutral,<none>,1?a,0,1,1,1,0
01000007=Neutral,<none>,1?b,0,1,1,1,0
01000009=Neutral,<none>,1+,0,1,1,1,0
01000011=Neutral,<none>,1+b,1,1,1,1,0
01000013=Neutral,<none>,tsla init,0,1,1,1,0
01000018=Neutral,<none>,tsla,1,1,1,1,0
01000020=Neutral,<none>,t00a,0,1,1,1,0
01000025=Neutral,<none>,win,0,1,1,1,0
01000027=Neutral,<none>,2?g,0,1,1,1,0
01000029=Neutral,<none>,2+,0,1,1,1,0
01000032=Neutral,<none>,grnf,0,1,1,1,0
01000038=Neutral,<none>,swrm,0,1,1,1,0
01000045=Neutral,<none>,grnf2,0,1,1,1,0
01000049=Neutral,<none>,rvl1,0,1,1,1,0
01000051=Neutral,<none>,rvl2,0,1,1,1,0
01000053=Neutral,<none>,swrm1,1,1,1,1,0
01000061=Neutral,<none>,shrd,0,1,1,1,0
01000063=Neutral,<none>,4+,0,1,1,1,0
01000065=Neutral,<none>,tsla sight x,0,1,1,1,0
01000067=Neutral,<none>,Reveal Map,1,1,1,1,0
01000069=Neutral,<none>,5+,0,1,1,1,0
01000071=Neutral,<none>,5?,0,1,1,1,0
01000073=Neutral,<none>,5?1,0,1,1,1,0
01000075=Neutral,<none>,5?2,0,1,1,1,0
01000077=Neutral,<none>,5?3,0,1,1,1,0
01000079=Neutral,<none>,5?4,0,1,1,1,0
01000081=Neutral,<none>,5?x,0,1,1,1,0
01000083=Neutral,<none>,5-,0,1,1,1,0
01000085=Neutral,<none>,lose,0,1,1,1,0
01000090=Neutral,<none>,t000,0,1,1,1,0
01000094=Neutral,<none>,t001,0,1,1,1,0
01000104=Neutral,<none>,t002,0,1,1,1,0
01000106=Neutral,<none>,3+,0,1,1,1,0
01000108=Neutral,<none>,3?A,0,1,1,1,0
01000111=Neutral,<none>,t004,0,1,1,1,0
01000113=Neutral,<none>,t006,0,1,1,1,0
01000115=Neutral,<none>,rvl3,0,1,1,1,0
01000117=Neutral,<none>,nst1,1,1,1,1,0
01000119=Neutral,<none>,nst2,1,1,1,1,0
01000121=Neutral,<none>,lights 01,1,1,1,1,0
01000123=Neutral,<none>,lights 02,1,1,1,1,0
01000125=Neutral,<none>,lights 03,1,1,1,1,0
01000127=Neutral,<none>,lights 04,1,1,1,1,0
01000129=Neutral,<none>,lights 05,1,1,1,1,0
01000131=Neutral,<none>,lights 06,1,1,1,1,0
01000133=Neutral,<none>,lights 07,1,1,1,1,0
01000135=Neutral,<none>,lights 08,1,1,1,1,0
01000137=Neutral,<none>,lights 09,1,1,1,1,0
01000139=Neutral,<none>,lights 10,1,1,1,1,0
01000141=Neutral,<none>,lights 11,1,1,1,1,0
01000143=Neutral,<none>,lights 12,1,1,1,1,0
01000145=Neutral,<none>,lights 13,1,1,1,1,0

[Units]
0=Soviet,ANT1,256,18,56,64,Guard,01000080,0,-1,0,-1,1,0
1=Soviet,ANT1,256,24,62,64,Guard,01000074,0,-1,0,-1,1,0
2=Soviet,ANT1,256,25,64,64,Guard,01000074,0,-1,0,-1,1,0
3=Soviet,ANT1,256,23,58,0,Guard,01000076,0,-1,0,-1,1,0
4=Soviet,ANT1,256,26,61,32,Guard,01000076,0,-1,0,-1,1,0
5=Soviet,ANT1,256,28,64,0,Guard,01000076,0,-1,0,-1,1,0
6=Soviet,ANT1,256,25,59,32,Guard,01000078,0,-1,0,-1,1,0
7=Soviet,ANT1,256,25,57,0,Guard,01000078,0,-1,0,-1,1,0
8=Soviet,ANT1,256,29,62,0,Guard,01000078,0,-1,0,-1,1,0
9=Soviet,ANT1,256,30,68,32,Guard,01000076,0,-1,0,-1,1,0
10=Soviet,ANT1,256,30,61,64,Guard,01000080,0,-1,0,-1,1,0
11=Soviet,ANT1,256,28,58,32,Guard,01000080,0,-1,0,-1,1,0
12=Soviet,ANT1,256,34,64,64,Guard,01000080,0,-1,0,-1,1,0
13=Soviet,ANT1,256,28,55,32,Guard,None,0,-1,0,-1,1,0
14=Soviet,ANT1,256,27,53,32,Guard,None,0,-1,0,-1,1,0
15=Soviet,ANT1,256,30,56,32,Guard,None,0,-1,0,-1,1,0
16=Soviet,ANT1,256,42,69,224,Guard,None,0,-1,0,-1,1,0
17=Soviet,ANT1,256,42,70,224,Guard,None,0,-1,0,-1,1,0
18=Soviet,ANT1,256,43,69,224,Guard,None,0,-1,0,-1,1,0
19=Soviet,ANT2,256,44,76,32,Guard,None,0,-1,0,-1,1,0
20=Soviet,ANT1,256,37,78,32,Guard,None,0,-1,0,-1,1,0
21=Soviet,ANT1,256,40,78,64,Guard,None,0,-1,0,-1,1,0
22=Soviet,ANT1,256,42,81,0,Guard,None,0,-1,0,-1,1,0
23=Soviet,ANT1,256,46,74,0,Guard,None,0,-1,0,-1,1,0
24=Soviet,ANT1,256,49,75,192,Guard,None,0,-1,0,-1,1,0
25=Soviet,ANT1,256,50,77,224,Guard,None,0,-1,0,-1,1,0
26=Soviet,ANT2,256,57,85,0,Guard,None,0,-1,0,-1,1,0
27=Soviet,ANT2,256,60,86,192,Guard,None,0,-1,0,-1,1,0
28=Soviet1,QANT,256,54,92,32,Guard,None,0,-1,0,-1,1,0
29=Soviet,ANT1,256,56,92,32,Guard,None,0,-1,0,-1,1,0
30=Soviet,ANT1,256,54,89,64,Guard,None,0,-1,0,-1,1,0
31=Soviet,ANT1,256,58,91,0,Guard,None,0,-1,0,-1,1,0
32=Soviet,ANT1,256,56,88,32,Guard,None,0,-1,0,-1,1,0
33=Soviet,ANT3,256,64,79,32,Guard,None,0,-1,0,-1,1,0
34=Soviet,ANT3,256,63,75,224,Guard,None,0,-1,0,-1,1,0
35=Soviet,ANT3,256,62,71,224,Guard,None,0,-1,0,-1,1,0
36=Soviet,ANT2,256,67,78,0,Guard,None,0,-1,0,-1,1,0
37=Soviet,ANT3,256,77,73,0,Guard,None,0,-1,0,-1,1,0
38=Soviet,ANT3,256,79,73,0,Guard,None,0,-1,0,-1,1,0
39=Soviet,ANT3,256,68,64,0,Guard,None,0,-1,0,-1,1,0
40=Soviet,ANT3,256,72,66,0,Guard,None,0,-1,0,-1,1,0
41=Soviet,ANT3,256,56,51,64,Guard,None,0,-1,0,-1,1,0
42=Soviet,ANT3,256,56,50,64,Guard,None,0,-1,0,-1,1,0
43=Soviet,ANT1,256,52,58,64,Guard,None,0,-1,0,-1,1,0
44=Soviet,ANT2,256,52,49,64,Guard,None,0,-1,0,-1,1,0
45=Soviet,ANT3,256,59,44,96,Guard,None,0,-1,0,-1,1,0
46=Soviet,ANT3,256,77,62,224,Guard,None,0,-1,0,-1,1,0
47=Soviet,ANT3,256,78,62,224,Guard,None,0,-1,0,-1,1,0
48=Soviet,ANT3,256,77,53,0,Guard,None,0,-1,0,-1,1,0
49=Soviet,ANT3,256,78,53,0,Guard,None,0,-1,0,-1,1,0
50=Nod,ANT3,256,79,45,32,Guard,None,0,-1,0,-1,1,0
51=Nod,ANT3,256,80,45,32,Guard,None,0,-1,0,-1,1,0
52=Soviet,ANT3,256,44,34,192,Guard,None,0,-1,0,-1,1,0
53=Soviet,ANT3,256,45,36,128,Guard,None,0,-1,0,-1,1,0

[VariableNames]
0=tesla perimiter,0
1=gas,0
2=biohazard leak,0
3=entered nest,0
4=ant left map,0

[Waypoints]
0=54066
1=63078
2=67073
3=64067
4=50055
5=43058
6=58051
7=68063
8=77067
9=47036
10=29039
11=55029
12=25035
13=60027
14=74078
15=36044
16=65020
17=65023
18=66022
19=52021
20=52073
21=45080
26=46032
27=49035
28=52038
29=67021
30=64021
31=65027
32=60024
33=63029
34=56024
35=58027
36=61031
37=43035
38=46038
39=49041
52=44074
53=39078
54=46085
55=51081
56=93053
57=56017
58=69030
59=64036
60=51024
61=76064
62=77069
63=80067
64=52060
65=45060
66=55074
67=60069
98=38086
99=66058

[Digest]
1=QB0LhJYelbaRuhnC6YqhxOhDHgY=

