[Tutorial]
140=We've heard of some unusual hostile activity in this area. Let's check it out!
141=The bridge has been destroyed. We'll have to find another way to cross the river.
142=It's Nod! It's an ambush!
143=We'll send you some reinforcements. Take out that outpost!

[Difficult]
ROF=0.91
Cost=1.0
Armor=1.0
Airspeed=1.0
BuildTime=1.0
BuildDelay=.03
Groundspeed=0.9
RepairDelay=.02
DestroyWalls=no
BuildSlowdown=yes

[E1N]
GuardRange=12

[E3N]
GuardRange=12

[E5]
GuardRange=12

[Easy]
ROF=0.64
Cost=.25
Armor=1.0
Airspeed=1.0
BuildTime=1.0
BuildDelay=.001
ContentScan=yes
Groundspeed=1.0
RepairDelay=.001
DestroyWalls=yes

[Preview]

[PreviewPack]

[01000000]
0=0,4
Name=Attack infantry

[01000001]
0=50,600
1=3,12
Name=Move to 12

[01000002]
0=8,BGGY
Name=8 Buggies
Group=-1

[01000003]
0=2,3TNK
1=2,V2RL
Name=2 3TNK, 2 V2RL
Group=-1

[01000004]
Max=0
Full=no
Name=Nod buggies
Group=-1
House=Nod
Script=01000000
Whiner=no
Droppod=no
Suicide=no
Loadable=no
Prebuild=no
Priority=5
Waypoint=K
Annoyance=no
IonImmune=no
Recruiter=no
Reinforce=no
TaskForce=01000002
TechLevel=0
Aggressive=no
Autocreate=no
GuardSlower=no
OnTransOnly=no
AvoidThreats=no
LooseRecruit=no
VeteranLevel=1
IsBaseDefense=no
OnlyTargetHouseEnemy=no
TransportsReturnOnUnload=no
AreTeamMembersRecruitable=no

[01000005]
Max=0
Full=no
Name=Player reinforcements
Group=-1
House=Soviet
Script=01000001
Whiner=no
Droppod=no
Suicide=no
Loadable=no
Prebuild=no
Priority=5
Waypoint=L
Annoyance=no
IonImmune=no
Recruiter=no
Reinforce=no
TaskForce=01000003
TechLevel=0
Aggressive=no
Autocreate=no
GuardSlower=no
OnTransOnly=no
AvoidThreats=no
LooseRecruit=no
VeteranLevel=1
IsBaseDefense=no
OnlyTargetHouseEnemy=no
TransportsReturnOnUnload=no
AreTeamMembersRecruitable=no

[01000022]
0=3,E1S
1=3,E4S
Name=Starting forces
Group=-1

[01000023]
0=50,240
1=3,98
Name=Move to 98

[01000024]
Max=0
Full=no
Name=Starting force
Group=-1
House=Soviet
Script=01000023
Whiner=no
Droppod=no
Suicide=no
Loadable=no
Prebuild=no
Priority=5
Waypoint=N
Annoyance=no
IonImmune=no
Recruiter=no
Reinforce=no
TaskForce=01000022
TechLevel=0
Aggressive=no
Autocreate=no
GuardSlower=no
OnTransOnly=no
AvoidThreats=no
LooseRecruit=no
VeteranLevel=3
IsBaseDefense=no
OnlyTargetHouseEnemy=no
TransportsReturnOnUnload=no
AreTeamMembersRecruitable=no

[AITriggerTypesEnable]
01A10CND-G=yes
01CYPHV0-G=yes
01CYPHV1-G=yes
01CYPHV2-G=yes
01CYPHV3-G=yes
01CYPHVM-G=yes
01CYPVE1-G=yes
01CYPVE2-G=yes
01CYPVE3-G=yes
01CYPVE4-G=yes
01CYPVE5-G=yes
01CYPVE6-G=yes
01CYPVH1-G=yes
01CYPVH2-G=yes
01CYPVH3-G=yes
01CYPVH4-G=yes
01CYPVH5-G=yes
01CYPVH6-G=yes
01CYPVH7-G=yes
01CYPVH8-G=yes
01CYPVM1-G=yes
01FTKHT0-G=yes
01FTKHT1-G=yes
01FTKMT0-G=yes
01FTKMT1-G=yes
01MWVFTH-G=yes
01MWVFTM-G=yes
01STKHH0-G=yes
01STKHH1-G=yes
01STKHH2-G=yes
01STKHH3-G=yes
01X0FCTE-G=yes
01X0FCTH-G=yes
01X0FCTM-G=yes
01X0HRVH-G=yes
01X0HRVM-G=yes
01X1FCTE-G=yes
01X3FCTE-G=yes
01X4FCTE-G=yes
01X5FCTE-G=yes
01X6FCTE-G=yes
02A10CND-G=yes
02X0HRVH-G=yes
03A10CND-G=yes
03X0HRVH-G=yes
04A10CND-G=yes
04X0HRVH-G=yes
074AC080-A=yes
074AC080-G=yes
074AC080-S=yes
074AC081-A=yes
074AC081-G=yes
074AC081-S=yes
074AC082-A=yes
074AC082-G=yes
074AC082-S=yes
074AC083-A=yes
074AC083-G=yes
074AC083-S=yes
074ADF20-A=yes
074ADF20-G=yes
074ADF20-S=yes
074ADF21-A=yes
074ADF21-G=yes
074ADF21-S=yes
074ADF22-A=yes
074ADF22-G=yes
074ADF22-S=yes
074ADF23-A=yes
074ADF23-G=yes
074ADF23-S=yes
074B3330-A=yes
074B3330-G=yes
074B3330-S=yes
075A52F0-A=yes
075A52F0-G=yes
075A52F0-S=yes
075A52F1-A=yes
075A52F1-G=yes
075A52F1-S=yes
075A52F2-A=yes
075A52F2-G=yes
075A52F2-S=yes
075A52F3-A=yes
075A52F3-G=yes
075A52F3-S=yes
07CC6360-A=yes
07CC6360-G=yes
07CC6360-S=yes
07CC6470-A=yes
07CC6470-G=yes
07CC6470-S=yes
07CC6580-A=yes
07CC6580-G=yes
07CC6580-S=yes
07CC66F0-A=yes
07CC66F0-G=yes
07CC66F0-S=yes
07CC6800-A=yes
07CC6800-G=yes
07CC6800-S=yes
07CC6CF0-A=yes
07CC6CF0-G=yes
07CC6CF0-S=yes
07CC6E00-A=yes
07CC6E00-G=yes
07CC6E00-S=yes
07CC6F10-A=yes
07CC6F10-G=yes
07CC6F10-S=yes
07CC7690-A=yes
07CC7690-G=yes
07CC7690-S=yes
07CC77A0-A=yes
07CC77A0-G=yes
07CC77A0-S=yes
07CC78B0-A=yes
07CC78B0-G=yes
07CC78B0-S=yes
07CC79C0-A=yes
07CC79C0-G=yes
07CC79C0-S=yes
07CC7AD0-A=yes
07CC7AD0-G=yes
07CC7AD0-S=yes
07CC7BE0-A=yes
07CC7BE0-G=yes
07CC7BE0-S=yes
07CC7CF0-A=yes
07CC7CF0-G=yes
07CC7CF0-S=yes
07CC7E00-A=yes
07CC7E00-G=yes
07CC7E00-S=yes
07CC7F10-A=yes
07CC7F10-G=yes
07CC7F10-S=yes
07CDB770-G=yes
07D5E8A0-G=yes
07D70470-G=yes
07D70D20-G=yes
07E30560-A=yes
07E30560-G=yes
07E30560-S=yes
07E30660-A=yes
07E30660-G=yes
07E30660-S=yes
07E57AE0-A=yes
07E57AE0-G=yes
07E57AE0-S=yes
07F232E0-G=yes
07F26720-A=yes
07F26720-G=yes
07F26720-S=yes
07F3D830-A=yes
07F3D830-G=yes
07F3D830-S=yes
07F3EC20-G=yes
07F3EE20-G=yes
07F3EF20-A=yes
07F3EF20-G=yes
07F3EF20-S=yes
080C70E0-A=yes
080C70E0-G=yes
080C70E0-S=yes
080C71E0-A=yes
080C71E0-G=yes
080C71E0-S=yes
080C71E1-A=yes
080C71E1-G=yes
080C71E1-S=yes
080C71E2-A=yes
080C71E2-G=yes
080C71E2-S=yes
080C71E3-A=yes
080C71E3-G=yes
080C71E3-S=yes
080CF120-A=yes
080CF120-G=yes
080CF120-S=yes
080CF220-A=yes
080CF220-G=yes
080CF220-S=yes
080D0120-A=yes
080D0120-G=yes
080D0120-S=yes
080D0220-A=yes
080D0220-G=yes
080D0220-S=yes
080D0320-A=yes
080D0320-G=yes
080D0320-S=yes
080D0820-A=yes
080D0820-G=yes
080D0820-S=yes
080D0920-A=yes
080D0920-G=yes
080D0920-S=yes
080D1120-A=yes
080D1120-G=yes
080D1120-S=yes
080D1220-A=yes
080D1220-G=yes
080D1220-S=yes
080D1320-A=yes
080D1320-G=yes
080D1320-S=yes
080D1520-A=yes
080D1520-G=yes
080D1520-S=yes
080D1720-A=yes
080D1720-G=yes
080D1720-S=yes
080D1820-A=yes
080D1820-G=yes
080D1820-S=yes
080D1920-A=yes
080D1920-G=yes
080D1920-S=yes
080D1921-A=yes
080D1921-G=yes
080D1921-S=yes
080D1922-A=yes
080D1922-G=yes
080D1922-S=yes
080D1923-A=yes
080D1923-G=yes
080D1923-S=yes
080D1A20-A=yes
080D1A20-G=yes
080D1A20-S=yes
080D1A21-A=yes
080D1A21-G=yes
080D1A21-S=yes
080D1A22-A=yes
080D1A22-G=yes
080D1A22-S=yes
080D1A23-A=yes
080D1A23-G=yes
080D1A23-S=yes
080D1C20-A=yes
080D1C20-G=yes
080D1C20-S=yes
080D1C21-A=yes
080D1C21-G=yes
080D1C21-S=yes
080D1C22-A=yes
080D1C22-G=yes
080D1C22-S=yes
080D1C23-A=yes
080D1C23-G=yes
080D1C23-S=yes
080D2120-A=yes
080D2120-G=yes
080D2120-S=yes
080D2220-A=yes
080D2220-G=yes
080D2220-S=yes
080D2620-A=yes
080D2620-G=yes
080D2620-S=yes
080D2621-A=yes
080D2621-G=yes
080D2621-S=yes
080D2622-A=yes
080D2622-G=yes
080D2622-S=yes
080D2623-A=yes
080D2623-G=yes
080D2623-S=yes
080D2720-A=yes
080D2720-G=yes
080D2720-S=yes
080D2820-A=yes
080D2820-G=yes
080D2820-S=yes
080D2920-A=yes
080D2920-G=yes
080D2920-S=yes
080D2C20-A=yes
080D2C20-G=yes
080D2C20-S=yes
080D2D20-A=yes
080D2D20-G=yes
080D2D20-S=yes
080D2E20-A=yes
080D2E20-G=yes
080D2E20-S=yes
080D2F20-A=yes
080D2F20-G=yes
080D2F20-S=yes
080D3520-A=yes
080D3520-G=yes
080D3520-S=yes
080D3620-A=yes
080D3620-G=yes
080D3620-S=yes
080D3720-A=yes
080D3720-G=yes
080D3720-S=yes
080D3920-A=yes
080D3920-G=yes
080D3920-S=yes
080D3A20-A=yes
080D3A20-G=yes
080D3A20-S=yes
080D3B20-A=yes
080D3B20-G=yes
080D3B20-S=yes
080D3C20-A=yes
080D3C20-G=yes
080D3C20-S=yes
080D3D20-A=yes
080D3D20-G=yes
080D3D20-S=yes
080D3E20-A=yes
080D3E20-G=yes
080D3E20-S=yes
080D3F20-A=yes
080D3F20-G=yes
080D3F20-S=yes
080D4320-G=yes
080D4420-G=yes
080D4D20-G=yes
080D4E20-G=yes
080D4E21-G=yes
080D4E22-G=yes
080D4E23-G=yes
080D4F20-G=yes
080D5120-G=yes
080D5220-G=yes
080D5320-G=yes
080D5420-G=yes
080D5520-G=yes
080D5620-G=yes
080D5720-G=yes
080D5820-G=yes
080D5821-G=yes
080D5822-G=yes
080D5823-G=yes
080D5920-G=yes
080D5921-G=yes
080D5922-G=yes
080D5923-G=yes
080D5A20-G=yes
080D5B20-G=yes
080D5C20-G=yes
080D5D20-G=yes
080D6120-G=yes
080D6220-G=yes
080D6320-G=yes
080D6420-G=yes
080D6520-G=yes
080D6620-G=yes
080D6B20-G=yes
080D6C20-G=yes
080D6D20-G=yes
080D6E20-G=yes
080D6F20-G=yes
080D7620-G=yes
080D7720-G=yes
080D7820-G=yes
080D7D20-G=yes
080D7E20-G=yes
080D7F20-G=yes
080D8620-G=yes
080D8920-A=yes
080D8920-G=yes
080D8920-S=yes
080D9320-A=yes
080D9320-G=yes
080D9320-S=yes
080D9420-A=yes
080D9420-G=yes
080D9420-S=yes
080D9520-A=yes
080D9520-G=yes
080D9520-S=yes
080DA220-G=yes
080DA320-G=yes
080DA820-G=yes
080DA920-G=yes
080DAE20-A=yes
080DAE20-G=yes
080DAE20-S=yes
080DAF20-A=yes
080DAF20-G=yes
080DAF20-S=yes
080DBB20-G=yes
080DBC20-G=yes
080DDBE0-G=yes
080DF140-A=yes
080DF140-G=yes
080DF140-S=yes
080E2360-G=yes
080E8920-G=yes
080E8A20-G=yes
080E8B20-G=yes
080E8C20-G=yes
080E8D20-G=yes
080E8E20-G=yes
080E8F20-G=yes
080F9470-A=yes
080F9470-G=yes
080F9470-S=yes
080FB470-G=yes
08440AE0-A=yes
08440AE0-G=yes
08440AE0-S=yes
084712B0-A=yes
084712B0-G=yes
084712B0-S=yes
08471C20-A=yes
08471C20-G=yes
08471C20-S=yes
08472A20-G=yes
08472B20-G=yes
08472C20-G=yes
08472D20-G=yes
08472E20-A=yes
08472E20-G=yes
08472E20-S=yes
08472E21-A=yes
08472E21-G=yes
08472E21-S=yes
08472E22-A=yes
08472E22-G=yes
08472E22-S=yes
08472E23-A=yes
08472E23-G=yes
08472E23-S=yes
08472F20-A=yes
08472F20-G=yes
08472F20-S=yes
084EF620-G=yes
084EF720-G=yes
084EF820-A=yes
084EF820-G=yes
084EF820-S=yes
084EF920-A=yes
084EF920-G=yes
084EF920-S=yes
084EFA20-G=yes
084EFA21-G=yes
084EFA22-G=yes
084EFA23-G=yes
084EFB20-G=yes
084EFC20-A=yes
084EFC20-G=yes
084EFC20-S=yes
084EFF20-A=yes
084EFF20-G=yes
084EFF20-S=yes
084EFF21-A=yes
084EFF21-G=yes
084EFF21-S=yes
084EFF22-A=yes
084EFF22-G=yes
084EFF22-S=yes
084EFF23-A=yes
084EFF23-G=yes
084EFF23-S=yes
084F0A20-A=yes
084F0A20-G=yes
084F0A20-S=yes
084F0A21-A=yes
084F0A21-G=yes
084F0A21-S=yes
084F0A22-A=yes
084F0A22-G=yes
084F0A22-S=yes
084F0A23-A=yes
084F0A23-G=yes
084F0A23-S=yes
084F0B20-G=yes
084F4130-A=yes
084F4130-G=yes
084F4130-S=yes
084F4230-G=yes
084F7D20-G=yes
08500120-A=yes
08500120-G=yes
08500120-S=yes
08507720-A=yes
08507720-G=yes
08507720-S=yes
085696F0-A=yes
085696F0-G=yes
085696F0-S=yes
0856AD20-A=yes
0856AD20-G=yes
0856AD20-S=yes
0856AF20-A=yes
0856AF20-G=yes
0856AF20-S=yes
085940B0-G=yes
085944D0-G=yes
085944D1-G=yes
085944D2-G=yes
085944D3-G=yes
085945B0-A=yes
085945B0-G=yes
085945B0-S=yes
085945D0-G=yes
085945D1-G=yes
085945D2-G=yes
085945D3-G=yes
085946B0-G=yes
085947B0-A=yes
085947B0-G=yes
085947B0-S=yes
085948B0-G=yes
085949B0-A=yes
085949B0-G=yes
085949B0-S=yes
08594AB0-G=yes
08595620-A=yes
08595620-G=yes
08595620-S=yes
08595720-A=yes
08595720-G=yes
08595720-S=yes
08595E20-G=yes
08595F20-G=yes
08596350-G=yes
08596450-G=yes
08596550-G=yes
08596650-G=yes
08596750-A=yes
08596750-G=yes
08596750-S=yes
08596850-A=yes
08596850-G=yes
08596850-S=yes
08596B20-A=yes
08596B20-G=yes
08596B20-S=yes
08596C20-A=yes
08596C20-G=yes
08596C20-S=yes
08596D20-A=yes
08596D20-G=yes
08596D20-S=yes
08597420-A=yes
08597420-G=yes
08597420-S=yes
08597520-G=yes
08597720-A=yes
08597720-G=yes
08597720-S=yes
08597820-G=yes
08597920-G=yes
08597A20-A=yes
08597A20-G=yes
08597A20-S=yes
08597A21-S=yes
08597B20-A=yes
08597B20-G=yes
08597B20-S=yes
08597B21-S=yes
08597C20-A=yes
08597C20-G=yes
08597C20-S=yes
08597C21-S=yes
08597D20-A=yes
08597D20-G=yes
08597D20-S=yes
08597D21-S=yes
08597E20-G=yes
085983D0-A=yes
085983D0-G=yes
085983D0-S=yes
085983D1-A=yes
085983D1-G=yes
085983D1-S=yes
085983D2-A=yes
085983D2-G=yes
085983D2-S=yes
085983D3-A=yes
085983D3-G=yes
085983D3-S=yes
08598A20-A=yes
08598A20-G=yes
08598A20-S=yes
0859A060-A=yes
0859A060-G=yes
0859A060-S=yes
0859A160-A=yes
0859A160-G=yes
0859A160-S=yes
0859A820-G=yes
0859AB20-G=yes
0859B030-A=yes
0859B030-G=yes
0859B030-S=yes
0859B130-A=yes
0859B130-G=yes
0859B130-S=yes
0859B330-A=yes
0859B330-G=yes
0859B330-S=yes
0859B430-G=yes
0859B630-G=yes
0859B930-G=yes
0859BA30-G=yes
0859BB30-G=yes
0859BD20-A=yes
0859BD20-G=yes
0859BD20-S=yes
0859BE20-A=yes
0859BE20-G=yes
0859BE20-S=yes
0859BF20-A=yes
0859BF20-G=yes
0859BF20-S=yes
0859C0E0-G=yes
0859C1E0-G=yes
0859C2E0-G=yes
0859C3E0-A=yes
0859C3E0-G=yes
0859C3E0-S=yes
0859C720-A=yes
0859C720-G=yes
0859C720-S=yes
0859C820-A=yes
0859C820-G=yes
0859C820-S=yes
0859C920-A=yes
0859C920-G=yes
0859C920-S=yes
0859CA20-G=yes
0859CB20-G=yes
0859CC20-G=yes
0859CD20-G=yes
0859CE20-A=yes
0859CE20-G=yes
0859CE20-S=yes
0859CF20-A=yes
0859CF20-G=yes
0859CF20-S=yes
0859D2C0-G=yes
0859D2CA-G=yes
0859D2CS-G=yes
0859DE20-G=yes
0859DF20-G=yes
0859E070-A=yes
0859E070-G=yes
0859E070-S=yes
0859E170-A=yes
0859E170-G=yes
0859E170-S=yes
0859E270-A=yes
0859E270-G=yes
0859E270-S=yes
0859ED20-G=yes
0859F140-A=yes
0859F140-G=yes
0859F140-S=yes
0859F640-A=yes
0859F640-G=yes
0859F640-S=yes
0859F740-A=yes
0859F740-G=yes
0859F740-S=yes
0859FD20-A=yes
0859FD20-G=yes
0859FD20-S=yes
0859FE20-A=yes
0859FE20-G=yes
0859FE20-S=yes
0859FF20-A=yes
0859FF20-G=yes
0859FF20-S=yes
085A0320-A=yes
085A0320-G=yes
085A0320-S=yes
085A0420-A=yes
085A0420-G=yes
085A0420-S=yes
085A10A0-A=yes
085A10A0-G=yes
085A10A0-S=yes
085A11A0-A=yes
085A11A0-G=yes
085A11A0-S=yes
085A12A0-A=yes
085A12A0-G=yes
085A12A0-S=yes
085A13A0-A=yes
085A13A0-G=yes
085A13A0-S=yes
085A17F0-A=yes
085A17F0-G=yes
085A17F0-S=yes
085A18F0-A=yes
085A18F0-G=yes
085A18F0-S=yes
085A1D20-A=yes
085A1D20-G=yes
085A1D20-S=yes
085A1E20-A=yes
085A1E20-G=yes
085A1E20-S=yes
085A1F20-A=yes
085A1F20-G=yes
085A1F20-S=yes
085A20A0-G=yes
085A21A0-G=yes
085A22A0-G=yes
085A23A0-A=yes
085A23A0-G=yes
085A23A0-S=yes
085A24A0-A=yes
085A24A0-G=yes
085A24A0-S=yes
085A25A0-A=yes
085A25A0-G=yes
085A25A0-S=yes
085A26A0-A=yes
085A26A0-G=yes
085A26A0-S=yes
085A2A20-G=yes
085A2B20-G=yes
085A2C20-G=yes
085A3480-G=yes
085A3580-G=yes
085A3680-G=yes
085A4230-G=yes
085A4430-G=yes
085A4530-G=yes
085A4630-G=yes
085A4730-G=yes
085A4C20-G=yes
085A4C21-G=yes
085A4C22-G=yes
085A4C23-G=yes
085A4D20-G=yes
085A4D21-G=yes
085A4D22-G=yes
085A4D23-G=yes
085A5320-A=yes
085A5320-G=yes
085A5320-S=yes
085A5420-A=yes
085A5420-G=yes
085A5420-S=yes
085A5520-A=yes
085A5520-G=yes
085A5520-S=yes
085A5A20-G=yes
085A5B20-G=yes
085A5C20-G=yes
085A5D20-G=yes
08821CF0-G=yes
08821E00-G=yes
08821F10-G=yes
08823520-G=yes
08823630-G=yes
08823740-G=yes
08823F10-G=yes
08850F10-A=yes
08850F10-G=yes
08850F10-S=yes
08ADBBE0-G=yes
08ADBBE1-G=yes
08ADBBE2-G=yes
08ADBBE3-G=yes
08B80660-A=yes
08B80660-G=yes
08B80660-S=yes
08B80760-A=yes
08B80760-G=yes
08B80760-S=yes
08BBC3E0-A=yes
08BBC3E0-G=yes
08BBC3E0-S=yes
08BBC4E0-A=yes
08BBC4E0-G=yes
08BBC4E0-S=yes
08BBCA80-A=yes
08BBCA80-G=yes
08BBCA80-S=yes
08BBCB80-A=yes
08BBCB80-G=yes
08BBCB80-S=yes
08BBCE20-A=yes
08BBCE20-G=yes
08BBCE20-S=yes
08BBCF20-A=yes
08BBCF20-G=yes
08BBCF20-S=yes
08BBE8C0-A=yes
08BBE8C0-G=yes
08BBE8C0-S=yes
08BBE9C0-A=yes
08BBE9C0-G=yes
08BBE9C0-S=yes
08BCCE20-A=yes
08BCCE20-G=yes
08BCCE20-S=yes
08BCCE21-A=yes
08BCCE21-G=yes
08BCCE21-S=yes
08BCCE22-A=yes
08BCCE22-G=yes
08BCCE22-S=yes
08BCCE23-A=yes
08BCCE23-G=yes
08BCCE23-S=yes
090EFB90-G=yes
090EFC90-G=yes
090F8D20-A=yes
090F8D20-G=yes
090F8D20-S=yes
090F8E20-G=yes
090F8F20-G=yes
090F9350-G=yes
090FA500-A=yes
090FA500-G=yes
090FA500-S=yes
090FA600-G=yes
090FA700-G=yes
090FC820-A=yes
090FC820-G=yes
090FC820-S=yes
090FD760-G=yes
090FD860-G=yes
090FD960-A=yes
090FD960-G=yes
090FD960-S=yes
090FDA60-A=yes
090FDA60-G=yes
090FDA60-S=yes
090FDB60-A=yes
090FDB60-G=yes
090FDB60-S=yes
090FDE20-A=yes
090FDE20-G=yes
090FDE20-S=yes
090FDF20-A=yes
090FDF20-G=yes
090FDF20-S=yes
091001C0-G=yes
091002C0-G=yes
09100F20-G=yes
09101470-G=yes
09101920-G=yes
09101A20-G=yes
09101B20-G=yes
09101D20-G=yes
09101F20-G=yes
09102140-A=yes
09102140-G=yes
09102140-S=yes
09102240-A=yes
09102240-G=yes
09102240-S=yes
09102C20-A=yes
09102C20-G=yes
09102C20-S=yes
09103A20-A=yes
09103A20-G=yes
09103A20-S=yes
09103B20-A=yes
09103B20-G=yes
09103B20-S=yes
09103C20-A=yes
09103C20-G=yes
09103C20-S=yes
09103F20-A=yes
09103F20-G=yes
09103F20-S=yes
0914DE20-G=yes
091F4720-G=yes
0930A240-G=yes
0930BDC0-G=yes
096E8480-A=yes
096E8480-G=yes
096E8480-S=yes
096E8580-A=yes
096E8580-G=yes
096E8580-S=yes
096E8880-A=yes
096E8880-G=yes
096E8880-S=yes
09798200-G=yes
097985A0-G=yes
09799C80-G=yes
09799F20-G=yes
09A92A20-G=yes
09EF4430-G=yes
09EF4530-G=yes
09F2E320-G=yes
09F2E520-G=yes
09F2E920-G=yes
09F2EA20-G=yes
09F2EB20-G=yes
09F30310-G=yes
09F30410-G=yes
09F30510-G=yes
09HGRA01-G=yes
09HGRA02-G=yes
09MGRA01-G=yes
09MGRA02-G=yes
0A70E220-G=yes
0A70E330-G=yes
0A70E440-G=yes
0A70F040-G=yes
0A70F310-G=yes
0A70F420-G=yes
0A70F530-G=yes
0A70F800-G=yes
0A70F910-G=yes
0A70FA20-G=yes
0AA34260-G=yes
0AA34360-G=yes
0AA34800-G=yes
0AA34900-G=yes
0AA34BA0-G=yes
0AA34CA0-G=yes
0AA35070-G=yes
0AA35980-G=yes
0AA35E20-G=yes
0AA35F20-G=yes
0AA36C80-G=yes
0AA36D80-G=yes
0AA4F100-A=yes
0AA4F100-G=yes
0AA4F100-S=yes
0AA50F20-A=yes
0AA50F20-G=yes
0AA50F20-S=yes
0AF3EF10-A=yes
0AF3EF10-G=yes
0AF3EF10-S=yes
0MWAVEV1-G=yes
0MWAVEV2-G=yes
0MWAVEV3-G=yes
0MWAVEV4-G=yes
0MWAVEV5-G=yes
0MWAVEV6-G=yes
0MWAVEV7-G=yes
0MWAVEV8-G=yes
0MWAVH01-G=yes
0MWAVH02-G=yes
0MWAVH03-G=yes
0MWAVH04-G=yes
0MWAVH05-G=yes
0MWAVH06-G=yes
0MWAVH07-G=yes
0MWAVH08-G=yes
0MWX0H01-G=yes
0MWX0H02-G=yes
0TRMTEH0-G=yes
0TRMTEH1-G=yes
0TRMTEH2-G=yes
0TRMTEH3-G=yes
0TRMTFH1-G=yes
0TRMTFH2-G=yes
0TRMTFH3-G=yes
0TRMTFM1-G=yes
0TRMTFM2-G=yes
0TRMTFM3-G=yes
0TRMTHH0-G=yes
0TRMTHH1-G=yes
0TRMTHH2-G=yes
0TRMTHH3-G=yes
0TRMTMH0-G=yes
0TRMTMH1-G=yes
0TRMTMH2-G=yes
0TRMTMH3-G=yes
0TRMTRE1-G=yes
0TRMTRE2-G=yes
0TRMTRH1-G=yes
0TRMTRH2-G=yes
0TRMTRM1-G=yes
0TRMTRM2-G=yes
1MWAVEV1-G=yes
1MWAVEV2-G=yes
1MWAVEV3-G=yes
1MWAVEV4-G=yes
1MWAVEV5-G=yes
1MWAVEV6-G=yes
1MWAVEV7-G=yes
1MWAVEV8-G=yes
1MWAVM01-G=yes
1MWAVM02-G=yes
1MWAVM03-G=yes
1MWAVM04-G=yes
1MWAVM05-G=yes
1MWAVM06-G=yes
1MWAVM07-G=yes
1MWAVM08-G=yes
1MWAVM09-G=yes
2MWAVEV1-G=yes
2MWAVEV2-G=yes
2MWAVEV3-G=yes
2MWAVEV4-G=yes
2MWAVEV5-G=yes
2MWAVEV6-G=yes
2MWAVEV7-G=yes
2MWAVEV8-G=yes
AANVLABE-G=yes
AANVLABH-G=yes
AANVLABM-G=yes
AANVLASE-G=yes
AANVLASH-G=yes
AANVLASM-G=yes
AANVLB2E-G=yes
AANVLB2H-G=yes
AANVLB2M-G=yes
AANVLB3E-G=yes
AANVLB3H-G=yes
AANVLB3M-G=yes
AANVLB4H-G=yes
AANVLS2E-G=yes
AANVLS2H-G=yes
AANVLS2M-G=yes
AANVLS3E-G=yes
AANVLS3H-G=yes
AANVLS3M-G=yes
AANVLS4H-G=yes
AIINTR1G-A=yes
AIINTR1G-G=yes
AIINTR1G-S=yes
AIINTR1N-G=yes
GANVLABE-G=yes
GANVLABH-G=yes
GANVLABM-G=yes
GANVLASE-G=yes
GANVLASH-G=yes
GANVLASM-G=yes
GANVLB2E-G=yes
GANVLB2H-G=yes
GANVLB2M-G=yes
GANVLB3E-G=yes
GANVLB3H-G=yes
GANVLB3M-G=yes
GANVLB4H-G=yes
GANVLS2E-G=yes
GANVLS2H-G=yes
GANVLS2M-G=yes
GANVLS3E-G=yes
GANVLS3H-G=yes
GANVLS3M-G=yes
GANVLS4H-G=yes
GDINAVAG-G=yes
GDINAVAN-G=yes
GDINAVAS-G=yes
NANVLABE-G=yes
NANVLABH-G=yes
NANVLABM-G=yes
NANVLASE-G=yes
NANVLASH-G=yes
NANVLASM-G=yes
NANVLB2E-G=yes
NANVLB2H-G=yes
NANVLB2M-G=yes
NANVLB3E-G=yes
NANVLB3H-G=yes
NANVLB3M-G=yes
NANVLB4H-G=yes
NANVLS2E-G=yes
NANVLS2H-G=yes
NANVLS2M-G=yes
NANVLS3E-G=yes
NANVLS3H-G=yes
NANVLS3M-G=yes
NANVLS4H-G=yes
NODNAVAG-G=yes
NODNAVAN-G=yes
NODNAVAS-G=yes
SANVLABE-G=yes
SANVLABH-G=yes
SANVLABM-G=yes
SANVLASE-G=yes
SANVLASH-G=yes
SANVLASM-G=yes
SANVLB2E-G=yes
SANVLB2H-G=yes
SANVLB2M-G=yes
SANVLB3E-G=yes
SANVLB3H-G=yes
SANVLB3M-G=yes
SANVLB4H-G=yes
SANVLS2E-G=yes
SANVLS2H-G=yes
SANVLS2M-G=yes
SANVLS3E-G=yes
SANVLS3H-G=yes
SANVLS3M-G=yes
SANVLS4H-G=yes
012345678-A=yes
012345678-G=yes
012345678-N=yes
012345678-S=yes

[Actions]
01000006=1,11,0,140,0,0,0,0,A
01000008=1,17,0,0,0,0,0,0,A
01000010=2,17,0,1,0,0,0,0,A,11,0,141,0,0,0,0,A
01000012=1,17,0,2,0,0,0,0,A
01000014=5,17,0,3,0,0,0,0,A,11,0,142,0,0,0,0,A,80,1,01000004,0,0,0,0,K,54,2,01000016,0,0,0,0,A,53,2,01000018,0,0,0,0,A
01000016=1,2,0,3,0,0,0,0,A
01000018=4,7,1,01000005,0,0,0,0,L,11,0,143,0,0,0,0,A,55,0,0,0,0,0,0,L,53,2,01000016,0,0,0,0,A
01000020=1,1,0,3,0,0,0,0,A
01000025=1,7,1,01000024,0,0,0,0,N
01000027=1,20,0,55,0,0,0,0,A

[Allies]
IQ=5
Edge=North
Side=Allies
Color=Gold
Allies=Allies
Credits=0
ActsLike=2
NodeCount=0
TechLevel=10
PercentBuilt=100
PlayerControl=no

[Allies1]
IQ=5
Edge=North
Side=Allies1
Color=
Allies=Allies1
Credits=0
ActsLike=2
NodeCount=0
TechLevel=10
PercentBuilt=100
PlayerControl=no

[Allies2]
IQ=5
Edge=North
Side=Allies2
Color=
Allies=Allies2
Credits=0
ActsLike=2
NodeCount=0
TechLevel=10
PercentBuilt=100
PlayerControl=no

[Basic]
Name=CD #1: Investigation
Theme=RAMAP
Author=Rampastring
Player=Soviet
Percent=0
GameMode=Custom Map
HomeCell=98
InitTime=10000
Official=yes
EndOfGame=no
FreeRadar=yes
MaxPlayer=4
MinPlayer=2
SkipScore=no
TrainCrate=no
TruckCrate=no
AltHomeCell=99
OneTimeOnly=no
CarryOverCap=0
NewINIFormat=4
NextScenario=Maps\Missions\RSOVM2.MAP
RequiredAddOn=1
SkipMapSelect=yes
CarryOverMoney=0.000000
AltNextScenario=<none>
MultiplayerOnly=0
IceGrowthEnabled=no
VeinGrowthEnabled=no
TiberiumGrowthEnabled=yes
IgnoreGlobalAITriggers=no
TiberiumDeathToVisceroid=yes

[Briefing]
1=We have received word about unusual hostile activity in this area.
3=Reports claim that an unknown enemy has been recruiting civilians and infecting any opposers with tiberium poisoning by forcing them to run into tiberium fields.
5=@@Take control of an infantry squad and head to the nearby civilian villages to the west to see what's going on.

[CellTags]
44090=01000009
44091=01000009
45091=01000009
45092=01000009
46092=01000009
46093=01000009
47093=01000009
47094=01000009
48094=01000009
49094=01000009
50094=01000009
51094=01000009
52094=01000009
52095=01000009
53095=01000009
54095=01000009
55096=01000009
56096=01000009
57096=01000009
58096=01000009
59096=01000009
59097=01000009
60097=01000009
61097=01000009
62097=01000009
62098=01000009
63098=01000009
64098=01000009
65098=01000009
84071=01000011
85071=01000011
85072=01000011
86072=01000011
87071=01000011
87072=01000011
88071=01000011
89071=01000011
90071=01000011
91071=01000011
92071=01000011
100039=01000013
106061=01000015
107061=01000015
108061=01000015
108062=01000015
109062=01000015
110062=01000015
111062=01000015
112062=01000015

[Events]
01000006=1,13,0,10
01000008=1,1,0,3
01000010=1,1,0,3
01000012=1,1,0,3
01000014=1,1,0,3
01000016=1,11,0,3
01000018=1,13,0,60
01000020=1,15,0,7
01000025=1,8,0,0
01000027=1,8,0,0

[GDI]
IQ=5
Edge=North
Side=GDI
Color=Gold
Allies=GDI
Credits=0
ActsLike=0
NodeCount=0
TechLevel=10
PercentBuilt=100
PlayerControl=no

[GDI1]
IQ=5
Edge=North
Side=GDI1
Color=
Allies=GDI1
Credits=0
ActsLike=0
NodeCount=0
TechLevel=10
PercentBuilt=100
PlayerControl=no

[GDI2]
IQ=5
Edge=North
Side=GDI2
Color=
Allies=GDI2
Credits=0
ActsLike=0
NodeCount=0
TechLevel=10
PercentBuilt=100
PlayerControl=no

[Houses]
0=GDI
1=Nod
2=Allies
3=Soviet
4=Neutral
5=Special
6=GDI1
7=Nod1
8=GDI2
9=Nod2
10=Allies1
11=Allies2
12=Soviet1
13=Soviet2

[Infantry]
0=Nod,E5,256,70,110,1,Area Guard,64,None,0,-1,0,1,0
1=Nod,E3N,256,70,115,1,Area Guard,64,None,0,-1,0,1,0
2=Nod,E3N,256,74,110,0,Area Guard,64,None,0,-1,0,1,0
3=Nod,E5,256,80,108,0,Area Guard,64,None,0,-1,0,1,0

[IsoMapPack5]
0=xQ4AIAMHAFAAPgCAAAIHAEwAP4QBBAAIAEkADQGPAQgASogBCQMAAAkATgD1AAAAAWkBT4
1=kBBWkBUIkBCWkBUYkBDWgBpAiMBaUIBHUCS5EJB2gBA1YADwEAAJ0KV4gBAgYAAAoAvAqI
2=Ab0KCnQCvQoOaQFSiQwSaAEETAD+AAAABGkBTYkBCGgBtQ0FaAG0DZUCTiiJAVWJAQFgBK
3=wQhAisEAIHAAALALUND2kBS50KAWgBtQ0FaAG1DQlpAU6BBA1oAQFTAAEBmxELAFSJAQh1
4=AlKEHogBoQ8CdAKgDwIFAAAMAKkMAmgBqQwGaAGpDApoAakMDmkBUp0KAWgBtA2ECLUNCX
5=UCVYAEAw0AAA0ASPY5DQC9Cgd0Ar0KC2gBpQgGaAGlCApoAaUIDmkBSoElA2kBS4gBBQYA
6=AA4AUgA+hEMBAA4AWOkMDsUeC2MEVQAMr0cOAFaJAQN1AkmFCAFoAb0KBGgBvAoFBwAADw
7=BIAO6+Cg8ApQgBdAKlCARpAVeQCYwFsQkCdAKxCQVoAQFNACgFiwgPAE6IAQMCAAAQAFHw
8=FAIQAFkA4JwDAQAQAFqJAQNhBFuJAQZoAQNYAOoAAACYBrkRAXUCSYQTjAW5EQV0ArkRCG
9=gBoA+MBaAPAQMAABHVDQFoAbUNBGgBtQ0HaQFXlA2ABKAPmwZIABm4JwIRAEAAnqdKEQBB
10=iAGbBkUAE7scEQBGiQECcAkBUgAECpAbAhEAUQAF6wFTAAjrAUwAC6sBEgBe6zgSAE71Ix
11=LcFQECAAAS1SMFaAG9FQhrAUcACacTEgBIiAGNBUmJAQRjBD8Ae+AEqBeECKgXhAipFwFs
12=BakXA2gBAVEA+gmLFxIAUigpAFNgdHsCEgBQ4BoCEgBKAAf1GEvvGxIATe8bEwBE7RsTKH
13=gKAhMAWwDmaAkCAAATAFyJAQJoAaEaAWgBoRoDaAGhGgVoAaAagQRAjRsEdwJZACajMBMA
14=WogBkAknFQMTKBQDAhMAUAD9rBsCEwBLAP/oASdvAxMAVewbAhMATAAKrxsTAFbpARTIFw
15=UBAAAUAEcA8bcYFABIiQECdQJchYwAaQFdiQEDaAG9FQVrAT4AfbsyFAA/iAGABLQYnAq0
16=GJUCUOIwFAAnQQMUKEMDFABTKIEAVec0FABP908UAFQoKQBO7xsVAEv7MhUAQutOFQBWKC
17=gAoBoCAwAAFQChGgFoAaEaBGkBXo0bB2sBRgAOq8cVAEeJAQZ0AqwbjQVAmByPBT0AfrMf
18=FQA+iQECbwU8AID1Ak7jGhUATygoACcdBBUo8QMVKPMDFQBUKKwAJx8EFQBN8x8VAFgo8Q
19=NM81YVAFnwVgIVAFEADLg9AhYAXwDkvo4WAKQeAgUAABYApR4IaQFFmRwBaAGxHwRoAbEf
20=B2gBpB6NBTv5HBbFHgNhBD+UApwKsB+RCT2cIJAJJx0EFigeBBYAJx0EFig9CBYoSQQWKE
21=kEFihLBBYAVfcjFgBYKCkATfNhFgBZ70cWAFbvJhYAVygpAEr6JxYAJ6MPFwBegCUFAQAA
22=FwBEAO2zYRcAX4XDAHUCYIkBA2gBrSYCaAGtJgVoAbQjgQQ86iIXALwggQQ+iSIIbQVK6h
23=cXACd1BBcodQQXKHUEFyh1BBco8wMXAFYoBQFXKCgAJ0sEFwBZKFQAJ3QEAhcASwACq0MX
24=AFrrIhcAWygpAEn3IxcAXORKAhcAUgB2+QZTiAGRH1SIAQMEAAAYAF33cBgARZknA3cCYw
25=D6pykYAGSIAZUCZYkBBmAEvSsBaAG8K5EJYYktB3UCQ5D7mQZEiAGZBk3tGxgozQQYKM0E
26=GCh2BBgAJ3UEGCjBCBgodwQYAFooMQFbKCkASedKGABK50oYAFwoKQBM4yUYAE78bQMYAF
27=UAYAoj7CkCGABRAGetJhjYJ5gcuCeAGrgnAwUAABkAP/snGQBijfcCdAK5JwFoAbknBGgB
28=uScHaAGsJoQIrSYIdQJCgCWYBrgnmAa4J5kGSfocGQAnIwoZAEwoVAAnfQUZKBUOGSj5BB
29=kozgQZACfPBBkAXCgFAUjnShkASygpAF0oKQBH+ycZAF7/TBkAWecpGQBUhCmUGLAqlRhW
30=lAKVGFeJAQpnHk4AZKktGdQumQZSgTADYwRPAGvhBFCIAQMCAAAaAGGJLQFoAbUuA2sBQQ
31=D2JPIvGgCgMIwFoTAFYAShMAhoAagtgASoLYMENwCGtMgCGgA4AInoASfVBRoo1wUaAEvt
32=JhooAgYaACcBBhooRRQaKC0GGihFFBooKQsaKFkGGihZBhooWwYaAF0otQFeKCsASAD+JP
33=8gGgBHJishGgBf+DICGgBYAFy1WhrAXJgcrDGcIK0xC2girDGRKk+ZMgR0ArQunStRgDAD
34=BQAAGwBH+14bAEXj9hsAYSgoAKwxjQVCmTIJewZjAAev7BsAZIkBBHUCZYkBCGkBN5UuAW
35=gBoDCBBDmVAgd1AjqJAQpoAScFDBsoLQYbKC0RGyj9FRsoLQYbKC0GGygtBhsogRYbKAkS
36=GyhZBhsoWQYbKFkGGyhaBhsAJ98RGwBe+zIbAF//jhsAV4wxjBu4Mo0bWZQCjxtMAGOuXR
37=sAoDCbJ00AafUCTogBAwIAABwAPeotHACpLQZ0AqktCmkBQ5UuDmgBtS4BaAG1LgVoAbUu
38=CWsBOwCHrV0c2F6ABLUuCGAEtS4LaAEn1QUcKNUFHCjVBRwo1QUcKNUFHCjVBRwoqQUcKK
39=kFHCi1FxwoqQUcKKkFHCh/BRwAX+u8HABd/yscAGD4XgIcAEcACa8mHABU4ZMc0GGMG7Qu
40=jxtaAGGqZBwAoDCBJU2NMQRkHrUuA2kBT4AwAwUAAB0AOOdgHQBo7DECHQBEAOkk1iYdAK
41=0xC2wFoTACaAGhMAZoAaEwCmkBQ53mAGkBOo0xAWgBuTIEaQE8lQIHaQFH+n8dACdiEh0A
42=J1kGHShZBh0oiSIdKLkdHSixBh0osQYdKLEGHSixBh0oiQwdKN0GHSjdBh0o3QYdKJkZHS
43=jdBh0oiwwdAF//Yh0AYCY6Ix0AJ8cZHQBe+8wdAEb7zB0AWYQ0iCKwNYkiW5QCiCKwNZgy
44=AUwAdwojx0UeAEDnNB4AXygpAEOENAEBAAAe0TUDaAGkNIgBpTQHdAKlNAtoAa0xBWgBrT
45=EIaQE9lJGZBkj5Mh4oLQYeKAEGHigBBh4oAQYeKAEGHigBBh4oAQYeKAEGHijVBR4o1QUe
46=KNUFHihBGR4o5RIeKC0GHigvBh4AR+8xHgBVKCkARvfIHgBe52seAGHvMR4AaygpAGL/bR
47=4AbCgpAEn+bR4ApDSBJUuYMpQupDSFKU2UAgMJAAAfADvnNB8AZygpAEOFwwBhBESJAQRp
48=AUWJAQhpATyBMAFoAawxgQQ+lQIHdQI/iQEKaAEntQwfKIUGHyiFBh8ohQYfKFkGHyhZBh
49=8oWQYfKAEGHygBBh8oAQYfKAEGHyg9Ex8oLQYfKC4GHwAnRx8fAGH7SB8AYigpAEjjnh8A
50=VigpAGsoKQBs8zUfAFTnax8AX/tpHwBgKCkAY/M1HwBQ8DUCHwBkAEq7oB8AZYkBBmwmvT
51=YCaAG8NpQCvDYBCgAAICgaFCAAsTUBdAKxNQVoAbE1CWgBAUAAiAEjii0gALA1gASxNQhg
52=BLE1C2gBJ7EGICixBiAoaRMgKLEGICg5DSAo3QYgKN0GICixBiAosQYgKLEGICiFBiAohQ
53=YgKIUGICiHBiAAX/syIABgKCgAJ90GICjdBiAiGCokfyYgAGsorQBsKCkAbigoACePByAA
54=VvZwIAAnW0ggAGXrOCAAaigpAG0oKQBp73MgAGbvPCAAWu08IM08BH8rTgBzuj0gAKE7B3
55=QCoDsDCwAAIQA893AhAD4oKQBVKCgAuT0CbAW5PQZoAbk9CmkBP5k9AWgBpT8EaQFBlQIH
56=aAEnyRQhKCUbISi5ByEouQchKIktISjlByEo5QchKOUHISjlByEoxQ4hKOUHISjlByEomQ
57=4hKBEIISgRCCEoEQghKBEIISgRCCEoEQghKPEOISgRCCEoEwghAGX7PSEAaSgpAGooKAAn
58=lgghACeXCCEAbSiAACfDCCEAV/t/IQBm+n8hACd7NiEAaP9BIQBU/UEh0UAFYTBNkECENL
59=xBhDQBbwB7CyPxPyLIegIDAAAiAK08B2gBrTwLaAEEQgCEAQAABWgBrDyIAa08CHQCAToA
60=0gLRCTuJAQZ1AjyJAQxpAT2JARJpAT6JARhoASf5DyIoEQgiKBEIIijlByIo5QciKOUHIi
61=jlByIoCR0iKBEIIigRCCIoEQgiKBEIIigRCCIoEQgiKBEIIigRCCIoEQgiKBEIIigRCCIo
62=5wciAGb3OSIAaCgoACc+CCIAJz0IIigRCCIoEwgiAEflPyIoEwgiAEr7+CIAZ/OCIgBV5z
63=8iAEjngSIAaygrAGMANCSvLCIAZIkBBGMwTwBuvoMiALVEAnQCtESNPG4olAihRgFhBHCU
64=AgEDAAAjKPslIwBKJoAsASMARAAl110jAEWJAQJtBUGZSAFoAaVKBmgBrEeUAq1HB3QCrU
65=cNaAGtRxNoAa1HGWgBJ1kRIyjBCCMoYT4jKJUIIyiVCCMolQgjKKUrIyjpGCMo7QgjKO0I
66=IyjtCCMo7QgjKO0IIyjtCCMo7QgjKMEIIyjBCCMowQgjKMEIIyjDCCMAZ+FGIyjtCCMoLR
67=EjKO0IIyjHGSMAcCjZAHEoKAAnyUAjKCNiIwBJ7YkjKBlWIyI8VbZEIwCgRpgyoUYFdS5O
68=gEaUAq1HBHUCUJQCnTZRiQEKdAKsR4wFrEeARgFsAHwLI3sgIwBtiAEBBgAAJMFGAWkBRi
69=PpLgJpAUUmwjQkAKxHlAKtRwdhBEOFSgxrAT8AzauQJABAiQEDdAKwS5gGsUsIdAKxSw5o
70=AbFLFGgBsUsaaAEnfUckKOUoJCgZCSQoGQkkKBkJJCjpLiQoRQkkKBkJJCgZCSQoGQkkKB
71=kJJCgZCSQoGQkkKAkSJChFCSQoRQkkKEUJJChFCSQoRAkAASQAaAD6CQAAAAAAJABpAPoJ
72=AAARAADJDgAgBwAAACQAagD6CQBjACQAaygpAG8oKQBwKCkAcSgpAHIoKwBIAP3lCEwoKA
73=ABSQAACngKAwAkAFgADOkBZygoAAljADQKAAACAAAkAGSJAQZoAQRPAG4KAAAFaQFQiQEI
74=aQFRiQELaAEEUgB5CgAABGgBAWwAfAvJAW2JAQd1Am6IAQkKAAAlAEUA6QAAAAFpAUaJAQ
75=NoAQRCAIQBAAAIaQFDiQENaQFEiQESaAEBPwDNAtkGQIkBBHUCQYkBB2gBAzoA0gIAAJEJ
76=O4kBCXUCPIkBD2kBPYkBFWkBPokBG2kBTO8mJQBNKCkATigpAE8oKQBQKCkAVCgpAFUoKQ
77=BWKCkAVygpAFgoKQBZKCkAWigpAFsoKQBcKCkAXSgpAF4oKQBfKCkAYigpAGYoKQBnKCkA
78=aCgpAHAoKAAnwAgCJQBgAPu3RCUAYSgpAG4oKQBvKCsASAD/7wVJAAKvRyUAcigrAEsAB/
79=QCuEiMMbhIhTRlhUoLdS5RgEaQQK1HBXUCU5QCnDa4SJQCuEiIQwFpAIgLn1clAGqJAQJ7
80=BmsAj7QCAiYARQA/nAMDACYARgDm6QFHiAECAgAAJgC9TAloAb1MDmgBAUQAngGORyYAsU
81=sFdAKxSwhoAbFLBGgBsUsKaAGxSxBoAbFLFmgBsUscaAEnRgkmACcaCSYAJxoJJgAn7ggm
82=ACfuCCYAJ+4IJgAn7ggmACfCCCYAJ8IIJgAnwggmACfCCCYAJ8IIJgAnwggmACfCCCYAJ8
83=IIJgAnwggmACfDCCYAbeNGJgBuKCgAJxsJJgBZ6UMmKBkJJigaCSYAJ+4IJgAnCxImAHHr
84=kCYATvyOAiYAUQB3oogmAL1BBngnvEGJLVSIQ5A1sUABYASxQANoAbBAlQJsnEGXAmMA3u
85=lDZIgBlQJliAEFBgAAJwBBAD63RCcASigoAK1HAWAEAUcADQGHBCcASIkBA3cCQgCA9QJD
86=jEeMBblIBGEERZUCB2gBrUcFaAGtRwtoAa1HEWgBrUcXaAGtRx1oAScJEico7ggnACfdES
87=co7QgnKO0IJyjtCCco7QgnKMEIJyhDGScAbOE7Jyi6BycAJ5oZJwAnuQcnKLsHJwBa5D8C
88=JwBNAP6zgicAcSgpAEzohQInAHIACLOCJwBu+z0nAFCYPYwmpD+VI1KVAglwH6Q/gyVeAI
89=WrOCcAX4kBAmEEYIgBiS1miQEAdQJniAGBBGiIAYMEYQCH5QhiiAGDBFwAifUCXYgBlwJp
90=AI71AmqIAZQCuEicFbhInAq4SAMHAAAoAD7uRygAoUYBdAKhRgRpAUmMR48FQAB+r0coAE
91=GJAQJjBD8Af/QCsEuFCEOcTIQIsUsFbAWxSwhoASdbESgAU/U5KCiVCCgolQgoKJUIKChp
92=CCgoWREoKGkIKChpCCgoaQgoKBMIKABOJlchKABu5z8oAG8oKQBw5MMCKAByAAOzQCgAV/
93=FAKNBAkB+xQAZgGrFACmsBWwB7rjEoALBAiCKxQANgBLBAiCKwQIAEsECABLBAgASwQIAE
94=sECABLBAlAKwQJQCsECUArBAlAKwQJwVsECcCrBAAwgAACkAR/BAAykASgDkACMeJSkAsU
95=AFYASwQIwFpT8DdQJCkECABLFAAXUCQJ1BBGgBsECBBEScQYcIPQCko0YpAD6IAZAJAUYA
96=yAKYlQIpAEwAyegBJ5UIKSjxGSkolQgpKJUIKSiVCCkoLREpKMEIKSiZGSkomRkpKJsZKQ
97=Bg41EpAGEoKAAn8xkpAGUoVAAnHRopKB0aKSgfGikAaSisACdVLCkopwopAE7zjSkAbOzL
98=AikAYwA3q04pAGSJAQJkKQFTAHIKnfwpxc4HdAKpTgtoAahOgTBclE+RKlkj9CqJAVqIAQ
99=MGAAAqADv7PSoAcigpAHUmByIqAEmRQAFvBUoADLM1KgBLiQEDdAKtPAVpAUGZPQhoAaA7
100=mAahOwR1Aj+NPAdrAUIAxKA7AioAQwDF6wFFAMbpAUcoKQBwKCkAcygoACcHIioAUf0rKi
101=gRCCooEQgqKBEIKigRCCoo2SEqKD0IKigRCCooEQgqKBEIKigFIiooEQgqKDEiKigRCCoo
102=5gcqACfnByoAa+eMKgBsKCkAT/BAAioAbQAKpz8qAGjxjSrcQZAqvEGBMFKcQZQCqEOJLV
103=SUAostXgB6JF4iKgCwQIAEsECBBFucQQMKAAArAELzQCsATvJAKwClPwFgBKU/BGkBTJFA
104=B2sBQACHJO0pK914BXQCuT0IawFHALigOwIrAEUAuusBcAC86wFzAL3rAUMAvusBRgDB6w
105=FIAMPpAXEoKQByKCkASflIKyg9CCsoEQgrKBEIKygpISsojQcrKI0HKygJBysoHQ8rKDcH
106=KwBQ68crAGrzxCsAUvM1KwBiKCsAYwAPtzkrAGSJAQNpImWJAQZrAWYAM+MEXABW6QFVI2
107=w6jAWgO5AqoDuRKl2AO5gyrDyBBF+VAgl8Crg9lAK4PZsGWACTqdIsKMsfLABI5z8sAHAo
108=KQB2KCkAcvxBAiwAbgDnnLMBACwAb4gBAwIAACwATSMkPIsBawAEq4UsAGyIAZUCbYkBBG
109=wFuUgFaAG5SAhpAT+ZSAFoAaRKjQVBlQIHdQJD+0gsAHP4SAIsAEUAu6tDLABGKCkAR+dK
110=LABJ50osAETjRiwAdCgoACc3EiwAdflILCgbCSwAUuWMLCiJIiwowQgsKFEQLChqCCwApD
111=+AGqQ/gBqkP4AapD+BBGeQQIAEAWgASAojn0AsAGmJAQNxH2qIAYwmtESZBl2ARpkGVIBG
112=lAKsR5UCVpQClQ1XiQEKcAmhRgZoAaBGlQJgjUcOdwJYAJL1RFmIAZwKAVoApAwjZ0QsAF
113=uIAQMIAAAtAET3RC0AdCgpAHnhRi3BRgFtBUyURIgBoUYDdAKgRpQCoEaUAqFGBWEEbyPt
114=KQBpAXCIAYMEewAOv44tAHyJAQZjBEIAhfQCuEiECLhInRVJ70ctAHUoKQBH9EQCLQBzAL
115=+kSgItAEMAwOkBSuNGLQB2KCkAcufZLQBL70ctAHcoKAAndRotKBkJLSgZCS0oDSMtKBsJ
116=LQBj6U4tKAsSLQBQ88QtAGn9ji3YipgcsEuYHLFLAmgisEuABKBGiQFejEeMBaBGlAKgRp
117=QCoUYLZwhhAHEk2CECLQBYAHjoAaxHgAStRw9tBVmIQ5Q5oEacCqFGCWEEXIAEAQ0AAC4o
118=ByIuAFDuRy4AJ7ARAi4ATAAIr4kuAE2JAQR4Br1BAWgBvEGVAnGJQwd1AnqcQYAEtESABL
119=REgQRBlESABKBGgQRDlAKABCfPGi4ASe+JLgB1KCkAS+NGLgB39EQCLgBFAMKjRi4ARvZE
120=LgAn+xouAHTgRgIuAD8AzyS/Ty4AQIkBBmgXJ7ERLiiVCC4olQguKJEjLih9Gy4o4SIuKO
121=8ILgBk+UguKLUiLii1Ii4oqRsuKJ8JLgBdJn88LgBeKCkAUfTeAi4AaQAEo9UuAGomfzwu
122=AGCURJAqoEaRKmKUApEqV4xHgAS4SIEEWZQCgASgRpwgoUYKaCKgRgEOAAAvKKMaLwBv40
123=YvAHgoKQB0/I4CLwByAOUkCDMCLwB5AO2t1i/FSgFwCaVKBWgBuEiIAblICHQCuUgCaAG4
124=SIAEJExXiAGsR4gBrEeZBkXqQy8AJ1kRLygfGi8AS+NGLwB1KCkAbe9HLwBu44gvAD6IQ5
125=wVoUYEeBGhRgdpAUGBBApoASexES8osREvKO0ILyjtCC8o7QgvKBUkLyjBCC8owQgvKMEI
126=LyjBCC8owQgvKG0kLyjDCC8AaiY3My8AUCZrVS8AUyZvJC8AXygpAGOV0wN0GKxHkCqsR5
127=AqrEeMMaxHgASsR4EEWplIC2cIXQCEJAlfL8DVlAK4SAMPAAAwAGzjRjAAcZVEAXUCepVE
128=A2gBvY4CaAG1RAZpAXIj0SsAaQFziAGPBXgAD6fOMAB5iAGMBSRwVpwKoEaXAn4AjL+ZMA
129=BuJrciMABJJissMABtKCgAJ+8IMABF90QwAG/7ijAASvdEMABwKCgAoEaIF6FGBXwVoUYI
130=aAGhRgtoASexETAosREwKMEIMCjBCDAowQgwKDEtMChGNTAAJ2lgMChJRjAotS0wKI0SMC
131=jJCTAoHSUwKJ0JMCidCTAonQkwKJ0JMChHNTAAUfviMABr95EwAGKESoAwsUsEZR5klQIH
132=aQFliQEKaQFcgEaMBaxHjSZelAIBCQAAMShrNDEAb+eMMQB2KCkAfCgoAK1HA3gGrUcHaA
133=GtRwFoAa1HBGkBdJhIgQR3jEeABKRKgASkSoAEpUoCeAakSpUCRSOFaQx0ArBLhQh/nEyF
134=CEfnSjEASigpAHDvlDEASOxHAjEASwDHudcxKBEIMSgRCDEoEQgxKBEIMSjlBzEo5QcxKO
135=UHMSi5BzEouQcxKL0jMSi5BzEouQcxKLkHMSi7BzEAUybXPDEAUuc/MQBr8Y0xKGZwMQCl
136=PwV0I6U/CGgBpT8LawFmAHMkOiMxALBAnCuxQAZgBLFACmkBX5xBAQ4AADIov0QyAFPnPz
137=IATSOZZgBhBE6JAQJoAQF1AP4AI9ssMgB2iQEIdAKxQAVoAbBAlAKwQJgGsECABLg9gAS5
138=PQ15BkaFPxJoAbg9jwV+AJGnjDIAcCa3IjIASOOIMgBv+8wyAHooKQB75D8CMgBRANCwQA
139=IyAEEA1OkBQokBA3UNQ4kBBmsBSgDV4QRLiAGBBEyIAYAEJ31oMijtCDIo1RAyKO0IMijt
140=CDIo7QgyKMEIMijBCDIokSMyKM0aMigZCTIoGQkyKO8IMgBcJjsjMgBX+0gyAFT5SDIoGw
141=kyAGn30zIAZZVEAWQeoUYEaAG1RAdoAbVEC2gBtUQPaAECYACMCwAiM3ozAHH1RDPURAMB
142=AAAzAHScQYgBtUQFdAK1RAlpAXeBBA1pAU6JhQBpAU+JAQNoAahDjAWpQw53AnsAjbJAMw
143=C8QYkMf4lDBGMEfACT4QR9iQECdQJGI8xnnQpv6YUzKBsJMwB6Jms0MwB5JnRGDTMAeADE
144=AgAAAAAAMwByAMYRAADPDgAgAAICAAAAAAAzAEEA1AIAAAEAADMAQokBBGkBQ4kBB2sBSg
145=DV4QRLiAGBBEyIAYAEAlIA+wQAYAADMwBZAPoJZAEBADMAWigpAF4oKQBhKCkAYigpAGMo
146=KQBkKCkAaCgpAGkoKQBqKCkAaygrAFwA++EPXSgrAFgA/fcCVQD/6AEBVgACCtMUbAAE6Q
147=FtKCsAbgAI9wJbAAzoAQRnAG8KAAADaCIEZQBzCgAAAmkBZokBBWgBAV8AjAvFKWCIAQUD
148=AAA0AEQAPpANAQA0AHooKwBzAD/0AgF0AP4Akwk0AHWJAQZ5BnaJAQppAXeJAQ5oAQFOAA
149=wBiww0AE+JAQR1AlCJAQdrAXsAjeEEfIgBgAQEfwCRAQAABWAEAX0AkwGXGDQAfogBlwIe
150=AJf3AkUAnuUIRogBhQhHiAGLDHAAvKxHAjQAeQC+6wFyAL/rAXEAw+kBQZlIAmAPsEuUDb
151=FLCHQCsEuABLBLgASwS4EEWO08NChxCTQocwk0AFsogQBcKCgAJ54JNAAnngk0ACeeCTQA
152=J58JNABlKNgAJ54JNAAnngk0ACefCTQAbCitAG0oKQBu5EoCNABXAAejRjQAZoFGAXgcrE
153=eFKWiUAoQpAV0AiAuXQDQAXogBnyBfAI71AmCIAQMCAAA1AFbvRzUAcCgpAFf7SDUAdygr
154=AFEA5aRKAjUAcwDuhgwANdFLB3AJsUsLaAG5SAVoAblICGgBAnQADgEAYFwDNQBEAH0Biw
155=g1AEWJAQNgBLBLmwZ6AI/hBHuIAYEEHYVKAWwFsUsEaQEflAKNECCJAQp0ArxMkAm8TIwQ
156=AyMAowEAAJkGefBLAjUAeADCsEsCNQBMAMroASfdETUoaQg1KGoINQAnagg1ACdpCDUoaQ
157=g1KGkINSg/CDUAZu08NSg9CDUoEgg1ACeEEQI1AG0AAKc/NQBT80A1AFTviTUAZO6JNQC8
158=QYQevEGFHmmMiZgnqEOYJ6hDlAKoQ5QCqEOUAgFrALsMhzQ2AEHrQzYASigpAHUoKQCAKC
159=kAT+NGNgBQgEYBAQAANsBGiQF0jUcDdwJRAA2vPDYAUogBlAK9QQRhBEaJQwdrAUMAfu0F
160=RIkBAncCegCM9AK0RJkGfIBGmAa1RAVsBbVECGgBtUQLawEhAKGvlDYAIohDkBS0RJkGJJ
161=UCCW8FeAC9q0M2AHbjRjYAd+CTAzYARwAKBc8mSAAL6AEnsRE2KLERNihFCTYoRQk2KEcJ
162=NgBf90Q2AGAoKAAnnQk2KJ0JNiidCTYoCRI2KMkJNijLCTYAZygwASc1EjYoNRI2KCIKNg
163=AnNxI2AFTr3TYAbvPaNgBvKCsAVwAFp1U2AHD4UwI2AFUACvUCaIBRnCusUpA1A10AfQsA
164=AJkyXogBAwwAADcAd+dKNwB55EoCNwByAAm7PTcAc4kBAm0FdIkBBGgBpUoBaAGkSpUCU5
165=FLB3cCQwB65AixSwh0AqVKA2kBRZFLBWsBRwCD7QVIiAGABKhOiQx7lE+IDKhOkQkghEqA
166=BLBLgQQilAKMELFLBmgMsUsKaQElnUwOaQF2/EwCNwB4AMCoTgI3AHUAxOsBTAAUs0s3AE
167=2IAZwgJ50JNyidCTconQk3KJ0JNyhxCTcocQk3KBETNyhxCTcocQk3KHEJNyhxCTcocQk3
168=KHEJNyhFCTcoRQk3KEcJNwBu41E3AG8oKQBXJnclNwBw4uA3AKxHmBysR4Q0AWoAeQqTuT
169=cAXIxHlAKlSglkKaRKBQ0AADgAVADpudc42UgBdAK5SANoAblIBWgBrEeIAa1HCHQCrEeZ
170=BkSZSAR0ArRElAK0RJUCSYFGB2METwCLu0g4AFCIAZUNeI1HAGAEuEiXDXkAku0FeokBAm
171=MEJgCarpQ4ALBLlAKwS5gGsEuRFCOdTAt4BrBLiAGxSw90AgQZAEYCAAAGawF2ALqkSgI4
172=AHcAx+sBHADl6QEdKCsAGwDm9wIeAOfrAVUA/iSQLgI4AEYABq5SOAC4U4giuFOFHlfuPD
173=gAJ6UKOCilCjgopgo4ACdtLzgopQo4KKUKOCilCjgopQo4KKUKOCilCjgopQo4KKUKOCim
174=CjgAJ0kwOCilCjgopQo4KKcKOABv//E4AFbjnjgAaYBRhB6sUpkya5UCCWktW5hTnDakVY
175=AwpFUDCgAAOQBF4545AEcoKQBNKCkAU51XAWwFqVkDawFyABOjRjkAc4kBAnQCuVMFawFC
176=AHzhBEOIAZsGQQB/9AKwVowFsVYIewZKAImqTjkAvFeAD71XBGAEvFeVAnmIWZcCTgCO/A
177=q8V5UNe4hZiQwliFmYBrRamQYnlQIHfQpGmKCVAhiEVYwFsFaBBBqVAg1tBRuJARNpARyJ
178=ARlpAR2JAR9pAXYmJDECOQB0AMawVgI5AB4A4usBIgDk6QEj7105ACTgXAI5ACAA6OAEJz
179=UoOSilCjkopQo5KKUKOSilCjkopQo5KKUKOSilCjkopQo5KHkKOSh5CjkoeQo5KCEKOSjI
180=FAI5AFcA/iQXOjkAVvf0OQBw6/M5AHH88QE5AFgAJes5OQBtKCsAaQBjtvQ5AL1XBngnvF
181=eZU2yJWQ50AqhZgDuoWZgyqVkLYwRlAL0k5yg6ADL+VzoAJ0cfOgBS5fo6IkwroEYCOgBU
182=AAckZy46AFWIAQIIAAA6AKFcAWgBoVwDawFAAHn4BrVaBHUCRIFcB2gBoFyZBkKMXYEESZ
183=RalAKgXJUCS5QCmQZMiQEKZAitXQVoAaBciAGgXIUIT4xdhAioWYAEqFmLFygAnKxoAjoA
184=eACg7RtFgFyECKxdmQZHlQIJdA25XgJoAbhekAm5Xg50ArleFGgBuV4aaAG5XiBpAR6FYC
185=ZpAXTrvDoAdia7MzoAdSbIKgI6ACAA3aBcAjoAJADe6wEiAOHpASH/YjoAH+/AOgAX/GIC
186=OgAlAOntBVcm0Ss6KF0XOii1DDootQw6KLUMOii1DDootQw6KLUMOii1DDootQw6KF0XOi
187=jhDDoo4Qw6KOEMOihdFzooXRc6KDoNOgAnyzU6AG/7aToAcCgpAHEmMiI6ALRlijhqAGBn
188=kEC1ZQt3LlsAgSSzPToAXIgBgQRdiAEDCAAAOwBJ/WI7KAs+OwBxKFUAfCgpAFORYQF4Bq
189=lkBWgBqWQJaAGwYYEEQZxigAS4XokBQ4RggA+4XpQCuF6UArleC3AJtFqBBCecV5wKqVkE
190=YQR3iFmUArRajQV5lAKYEbVaBmwFtVoKaQFIgVwOawFEAKSzdzsARYkBA3cCTQCnq2Q7AE
191=6IAYQTsGGABLBhiAyxYQ94BrFhFWgBsWEbaAGxYSFoAbFhJ2kBH51iLWsBIABHs1Y7ACGI
192=AYkMIogBiRcjiAGXDSQATe0FJYgBjQV07MsCOwAXAODjBCYA6usBUAAXJEMkOwBRiQECYA
193=8nFRk7KF0MOyhdDDsoXQw7KF0MOyhdDDsoXQw7KF0MOyhdDDsoXQw7KF0MOyg5LjsoMQw7
194=KDIMOwAnBww7AG4mkiM7AKBcjzxnAGSwxAI7AGgAa+kBaYgBjBu4XohDuF6YBrheAwkAAD
195=wAK/daPABDKCgAoVwCYAShXAZoAaFcCmgBtFqVAkKAXJUCPyNxQABhBECJAQNoAbBWkAmx
196=VgV0ArBWlAKwVpAJsFaTCSkAordPPABJKCkANpFWBGQIqVkLaAGpWQ9oAalZAWgBqFmNBU
197=aVWgd1AkyIWYAEoFyYEaBciSJPgQQNbAWpWRZoAalZHGgBqVkiaAGpWShoAalZLmgBqFmI
198=DKhZjBCoWYwQqFmYHKhZjAWoWY0FJpRajwV0ALu/VzwAciaLQzwAc//FPAB1JqMwPAAX/M
199=UCPAAYAOP5Bhn/xTwAGiYeJTwAsGGAD7BhkDUnHTA8KL0YPChdDDwoxTo8KIkMPCiJDDwo
200=iQw8KIkMPCiJDDwoiQw8KIkMPCiJDDwoiQw8KIkMPCiJDDwoiQw8KL4YPAAnt0M8AG8mdi
201=U8AKhkmRxolGWcK6hkhR5qlGWQQKhkgFGoZAMKAAA9AEv/Yj0AUigpAHQoKAC1ZQNsBbVl
202=B2gBtWULaAGoZIsBTAB7p609AD4jbSQAYQQ/iAGECKFnBHUCQYxokwk7AID7BjQAgekBPS
203=grAHUAn/UCdokBAmUId4gBkAmwbJAJsGyZESiFawFsBb1tBWkBKpUCCWkBSIgBgAS0cIEE
204=SpQCgQR6iAGJDDWMc4wFuHSNBTeUAowFoHKUAqFyCGsMRwClJFImPQChcgZ0AqBygDChcg
205=50ArFsL2gBsGyYHLBsnAqwbJwKsGyYHLBsjAWwbIwFsGyNBXImU0c9ABrvaD0AGCZbMj0A
206=HPtpPQAb+mk9ACc2Pj0AJws+PQAn5c49KA0NPSgNDT0oDQ09KLUMPSiJDD0oiQw9KIkMPS
207=iJDD0oigw9ACcpYz0o6Vo9KLUMPSi3DD0AXibLbD0AXygpAG4mSyU9AFcmszI9AG8mdSU9
208=KIcyPQBhJocyPQBrKCgApGuTKmcAZ73QPSWgJYhOuGkFCwAAPgBTAOIjQFYBAD4AVIkBA3
209=UCVYkBBmkBOupkPgC1ZQF1Ak2VAgRpATKVZQBpATOIAYQIrGiBBECVAgdgBK1oCGkBMe5o
210=PgC4aZ0KPJQCmAaka5UCNYRrlAKwbJUCPihVAHEjAD2NEHKJAQJpDHMjpG2VAnSIAZUCUC
211=MEZJAUuHSQCbh0lAK5dAVkCLRwnCC1cAp1AiuRbA5oAbRwgAS0cIEESyiBAHmIAYgMrHOd
212=CnuVAglkCKxzhAisc4UIOJh0iQxGgHKECKxznSBIlAKRKniIAYgXuHSAO7l0D2sMKACqt5
213=E+AHAoKwAkAEOr0j4AJYgBjRAmiQEMeQYniQESaQEe93A+ABz3cD4AH/dwPgAhKCkAIONy
214=PgAiKCkAI+ndPihxSz4ovQ0+KHUaPijpDT4o6Q0+KOkNPijpDT4ovQ0+KL0NPiihGj4o6Q
215=0+KL0NPii9DT4oAWk+KMwaAj4AWQAyo2c+AFqJAQN8ILhpjTFohGuXAmYAbCSIegI+AFsA
216=QiRrPz4AXIgBDQQAAD4AXQBCDAAACAAAPwARAADGDgAgC0QAPgAAAAAAAD8ARgA+YAFpAU
217=4oKwBvAD/0AgRTAOIAAAABYQRUiQEEaQFViQEHaAEBOgB7AcEEO4gBgQRNiQEFYAQDMwB8
218=AQAAlQI0iAGZBkCJAQhgBAFLAH4Bmw0/AEyJAQJ3AjEAgP0KMogBhQg8iAGdCj2IAYQIAz
219=UAgQEAAJUCNogBlQI+iAGVAj+IAZQCBHIAkgEAAANpDHOIAYMEdACT9QJ1iAGXAk8Al+0Q
220=UIgBjRBRiAGVGFKJAQpzCTkAoeQIBCoAogEAAAt1AkooKQB6iQEGdQJ7iAGZBnyJAQ53Aj
221=cAo/kGOIkBD3cCLwCk9SMwiAGLF0cApeUeSIgBjRtJiAGBD3eIAZ02eIgBiRd5iAGLFygA
222=qu0bKYgBhR5wiAGZBnGIAZQCASQAQwLNPCWIAYUIJokBDXEUJ4kBE2gBASMA4ALXOR8A4u
223=kBISgoAAFgAPoJwQRhKCkAYigpAGMoKQBkKCkAaCgpAGkoKQBqKCkAaygrAGwA/ugMAW0A
224=AgrXDV4AFOkBX4gBnEwBWQAyCs0bWogBgyVWAEftBVeIAYkiWIgBmwZlAGz5BmaIAZkGZ4
225=gBlCMBWwBCDN0KXIgBhSldiAEDCQAAQAAs/21AAEooKQBC629AAG0oKACpbwV4BqlvCGsB
226=SwB5qkNAAKhvgASwbIAEuWkDbQVNhGuABLhpiQEz7mhAAKBclAKgXIQIoVwLZQg4gVwBaA
227=GtXQRpATqVAgdpAVOIWZQCoFyYBrxXmAa8V4EEMYhZmAa4U4APuFOBD3qEVYQIuVMGaQwq
228=jVIKaQFxiAGVAnKIAZQCpVUCYASkVZAJpVUOdAKlVRRrASMA37hTAkAAIgDm6wEoAOjoAQ
229=FOABgFj0dAAE+IAZ0KbokBAGUIb4gBlQJY909AAFooKAAnggtAACeCC0AAJ4ILQAAngwtA
230=AGUo2AAnrgtAACeDC0AAV/RaAkAAVgD/oFwCQABrAACkVQJAAGkADOgBrF2ULqBckxRfAD
231=nhBGCIAYhDvFeAMLxXjCa8V5gGvFeILbxXAwoAAEEAFvNWQQBAKCkARygpAFAoKQBwKCkA
232=dSgpAGziXEEAqVkBfQpMlVoFaQFKmVMAawEyAIW4qwJBACsAnOkBcygoALlTAmwFuFOECL
233=lTCHUCO4VVC2kBUoRVlA2wVo0FVJUCCWEEQp2vBGgBsFaABLBWkAmtUgdgBKxSnAqsUpQC
234=rFKUAq1SA2wFrFKIDK1SD3QCrVIVaQEj/6RBACgoKwBRAAagUQJBAE0AB+gBuFOUGLhTiA
235=y4U5QCuFOVAlnxS0EoewpBAFsoVQBeKCgAJ6UKQSilCkEopQpBKKcKQQBmKNkAZygoACf+
236=CkEAJ60WQSgoCwJBAFgA/b9XQQBr4rRBALhTiBe4U4EwYYRVkCqgUYgBoFEDCwAAQgAc50
237=pCACIoKQA2KCkAPSgoACfqI0IAJ78jQgBPKIEAbu9SQgBxKCgArVIGdQ1NmVMKaQFIjaoA
238=aQFJiQECawFHAH+2skIAvVcBdQJLiVkEaQExiFmUArRalQIzlQIHYwRSAIzlCCqAXIwFuF
239=6NBXIoVACkYJQCqFmQFKhZkRRVlVoOfQpBlFqQCaFcBXUCQ5UCCWgBuFOYBrlTEHQCuVMW
240=aQEonfwcaQEk/6RCACkoKwBXAAG4UwJCAGwACusBUAAb6QFRiAGAJSdNCkIoTQpCKE8KQg
241=Bf5UpCKCEKQigiCkIAJ8oJQgAnyQlCKMkJQiifCUIAav+kQgBl/qRCALxMnyBhADqzo0IA
242=YokBA3gcAVwAgQuPwEIAXYgBiS1eiQEIYAQBZgC8DIEEQygbCUMAf+VKQygYHwJDAA4ADK
243=aXQwC4SAULAABDAEYAers9QwBBI9ksAHQCpUoDaQFKkUsFaAGxSwFpAUidTARoAbBLgQRM
244=nUwIdwI0AIQkjihDALxMgAS8TIAEvEyRCVOITpMJdACa8BS1TwJwCbRPhAi0T5QCtE+VAi
245=ycTIQItE+MG71MBmQIvUwKaQFEiU4OaAG9TBFoAb1MF2gBvUwdaAEEOgDOAgAAB2kBO4gB
246=mwYvANG39EMAMIgBiwwkANz1Ain0pwJDACUA6fQCAW8A9QTTNU4A/+sBcQAIulNDAKRViC
247=KkVYAwJ3IfQwAn0QpDKNEKQyjRCkMo0gpDACelK0Mo0QpDKPUUQyj1FEMoKwtDAGj//EMA
248=aSgpAGr8pAJDAFcABaZVQwCwVpwVsFaBMGOcV4wmvFeABLxXkDW8VwIJAABEACfvKUQATP
249=BWdKQlBzhEAEv7oEQATSgpAGooKAAnGx9EAHAoVQByKCsAEQAGo1xEABKJAQNiDw0AcWEB
250=aAG9YgRpAQ+VAgdpAUacYoEER4gBgASoZJUCQpRllAKxYQV5BkmdYghpATOEYIwFsWEGdA
251=KsXY8FUgCO5RNzmF6MBaRgnQp1lAKZEUUj/CCJFyuMXYwFuF6RCS2UApAqrV0LdA2tXQ9r
252=AScAT6NRRAAoiAGRCSmIAYUTOYBcnAq4XpQYuF6ECLhegAS4XoUTMYVgDWkMJCZMKwJEAC
253=MA4/QNJ3srRAAm77VEACooKwBOAB2nYEQAT4kBAnEJbYkBAGkBbogBlwJQACrtBVGIAZQC
254=J10MRChfDEQAXOW4RChdDEQoXgxEACeBLEQoXQxEKF8MRABY52BEAFcm0ytEAGfzuUQAW/
255=C5BUQAZAASCgAAmBGwYZgysGGEKaRgiC2kYAMKAABFAEn7XkUATSgpAFcoKAAn9ypFAEP3
256=WkUASCgpAEwoKQBVKCkAaSgpAGsoKQBzKCsAFgDnkJEBAEUAF4kBAngRARAA6gCUGAJFAB
257=MABLtTRQAUiAGBBBWJAQRsBaVrAWgBpGuUArlpBXQCuWkIaAGsaJQCoGeLAUEAgugMtGWI
258=DLVlB3kGNY1oDGkBK5HEAGgBoGeBD1OMaIAPoGecCqBngQ92I7UiA3kGRIxomAa4aZkGRp
259=QClA25aQZsBbhphTQuhWsOdAKsaIQIrGiECKxohAisaJQYrWgJeAataBBoAaxogASsaJAU
260=rGiJDCP0yAJFACQA3a9oRQAqJlxDAkUAJgDh9wIlAOXpAVAmvCMCRQBqAAyrZEUAcSO8I4
261=0mcogBgA+8bZQYvG2UI7xtlAK8bZcCSgAn8QlLiAGECKhvgAQnvTlFKB0aRSjpDUUo6Q1F
262=KOkNRSjpDUUobzpFAFkmZy5FAGbrb0UAZ/PPRQBjkGyTFGQAS7/QRQBliAGYEbBsjDGwbA
263=MLAABGAD/7aUYASCgoACfhLUYoZw1GAEnqZEYAJ2UNRigeJUYAJ39SRgB0KKwAuWkBdQ0P
264=jGiIAblpA3QCuGmUArhplAK5aQVgBLlpAmgBuGmXAhcADatkRgAYiAGYBqBnkQlCjGiUAq
265=FnCGQIoWcNaQE2jWgSaAGsaJkGLJlpBHQCrGiVDVEj+VEAdQJSiAGZEXWMaJgGuGmbBlAA
266=oCRqVUYApGuMBaRrkAmka5kRR5BsjDGka4sBJAA/v1dGACWIAZUYJokBBm0QJ4kBCWgBvG
267=2cCrxtnAqxbApgBLFsEWkBPIXZGGgBvG2cCrxtkAm9bQ9gBCfFUEYokA0CRgAhAOrnE2sA
268=8ySpJkbYaZwguGmfCk0AJKtkRgBOiAGBBEqUZYgBoGeMBSe1DEYotQxGKLUMRii1DEYotQ
269=xGKLUMRii1DEYoWTJGKOIMRgC8YoAPvGKRNWaJZAdnHl0AgCRTMUYAXogBAwUAAEcAG/9i
270=RwAtKCkARSgoACdtRUco1SZHKNcmRwBuKK0AcygpADjrZEcARCgoAGhylc9HKIUnRygAJw
271=JHAGsA4JwDAQBHAGyJAQNxFG2JAQZpAWeRbAJpAWiJ0gBpAWmIAZUCaokBBHQCrWgBaAGs
272=aJUCGZlpB3QCoWcJaAGhZw5oAahklCOwYY0QU5xilAK8YpQNvGKXAjYAniQLM0cAK+tkRw
273=BPiAGMEKBnjQVRlAKBD3eYzIQTsGGIAbBhkBSxYQplEyidYg1oAaVgC2gBpWASaAGlYBlp
274=AT2RYSBoAbBhnAqwYZAJsWEQYQQj585HACr4zAJHACIA5LNhRwApKCkAJCZgMwJHAHQA+K
275=hkAkcASAAes2FHAEmIAZcjTQAh9QJOiAGUAifVJkco1SZHKF0MRyhdDEcoXQxHKF0MRygx
276=DEcoMwxHAGT/xUcAWCazMkcAYSapJkfcxYAwvWIIcB+8YoQ0vGIDBgAASAAS61lIAB8oKQ
277=AzKCkAQigoACLkMpdWSAAy711IAEcoKQBKKCgAJ35HSAAnUSZI2V4BYA+5XgRoAbleB2sB
278=GgDlJH8mSABmhGCMBbFhA2AEsGGUArBhlAKxYQVgBKRgiAGlYAh1AjWQVpgGvFeBDzeUAo
279=EPKoRVgAS0WoUILJUCCWQIoVwCaAGgXJgnoVwKdQJ2gFyECKxdhQh4lAKECKxdmBGtXQt7
280=BiMAVbdPSAAkiAGJDCWIAZEUOoFcDGwFpWATaAGlYBpoAaVgIWgBuF6cCrleEXUCKSbfMk
281=gAIiajJUgAKOxdAkgAcgAOvVdIwFyUGKBcnCugXJQCoFyVAm+NXQBpDHCIAYsXRQAi8QlG
282=iAGVAkuIAY0FTIgBlAIniQxIKIkMSCiJDEgoiQxIKIkMSCiJDEgo6RhIKLcMSABYJjczSA
283=BjJjYzSACkYIAPpGADBwAASQA64VxJKPEkSSixMkkoL1NJAFUorQAx7V1JKOEXSSgzDEkA
284=TyiAACcFDEnFYAJgD6VgBWgBpWAIaQEZhWABagEaACIRPwBpARuJAQNpATUjYD6XAnQAjS
285=TwJAJJAHUAlOkBdogBiQxSI2QjmAa4XpQNuF6XDT8An/kGQIgBmQZBiQEEdA28YpQCvWIG
286=dAK9YgpoAbBhhCmxYQt0AqRgjAWkYI0FeZFhDmAEuF6YHLhekBS4XpAUrV0UbAWtXRtpAS
287=jnuEkAIue4SQApKCkAJyZjPkkAJuNcSQAhJghqAkkASQAgu1NJAEqIAYwbqFmYEahZmBGo
288=WZQCqFmUAqhZlAIAAUwAIgUAAAMAAEkAaQAlBQAAAAARAACiDgAgAAEASQBqACUFAAABAA
289=BJAFoA+gkAYwBJAFsoKQBcKCkAXygpAGAoKQBhKCkAYigrAFkA/fAJAWMAAgp4CgcASQBd
290=AIALAAADdQ1eiAEFCAAASgAOAD6cAwEASgAXKCkAKCgpAC8oKQBFKCkASygpAE8oKQBwKC
291=sARAA//QpIKCkATCgpAHIoKAABHgADAZMFSgAfiQEDZRMgiQEGaQEhiQEJawFsAAftBW2J
292=AQR1Am6IAYAaARoADAGTKkoAG4gBgQQciQEHbwU1AHvhBDaIAYMENAB//woyAIDrAXQAje
293=0FdYgBjwU8AJHjBD0AkukBPokBAmgMAXYAlAGLLUoAd4kBBXcCLQCX9wJRAJz9ClKIAZ8K
294=QgCe4wQ/AJ/hBECIAYkiQYgBkAkDKwCgAQAAgRosiQELaAwDeACiAQAAiAEBKQDGAtMqJg
295=De6wEnAOHoAQEiAGgDwQQjiAGNECSIAYUpJYkBDHwKAVAA/ATMBQFmAAAFywFJACC/V0oA
296=SogBkRRNiQEAeQZOiAGLIkYAIfkGR4gBlwJqACP1AmuIAZUCWelZSihdDEooXgxKACdeDE
297=oAJ14MSgAnXgxKACdcDAJKAGIAAKRgAkoAWAAF6AGwYYQesGEDCQAASwAT/1dLAEooKQBM
298=KCkAeygoACdXC0sASetZSwBLKCsAJgDnnCQBAEsAJ4kBAmgMAx0A6gAAAIgBuV4BdAK5Xg
299=RoAbleB2gBuV4KaAG4XowFuV4FdAK4XogXrF2UAq1dCGEEMYFcAGgBrF2ABKxdkQk1mF6A
300=D7helQIzhGCXAnIAjKNcSwA5hGCQCbBhkAmwYZkGPZximAaxYQNhDz+cYo8FOgCT8Qk7iA
301=GdIHOIAZ0KdIgBlQIslGWcCqBnnQoulAKVIy+IAZQjuGmYBrhplQ1BmGmECKRrhQhDlAKF
302=CFOUZZcCKQC8vGICSwAqAMfrAVUAzekBVogBgBqgZ5wKoGeUDaBnjDGhZw1zH0QAE6NcSw
303=BFiAGQFKhkhAioZJwKqGSUAqhklAKoZJQCqGSXAk8AK/0KUIgBnAon4QxLKOEMSyjhDEso
304=4QxLKOEMSyjhDEso4wxLAFj3yEsAYvTIA0sAXQB+C4eASwBeiAEDCgAATAA3/2JMAEYoKQ
305=BIKCkATSgpAE4oKQBRKCkAZigpACnvaEwALCgpAEcoKAClawFhDxyYaYgBpWsDdAKlawJo
306=AaVrBWgBpWsIaAGlawtoAaRrjAWlawZ0AqRrjBsEJwANAQAABHUCKIkBB2gBpGuBDzKQbI
307=MEQAB8o1xMAEGIAZgRsGyNEDacbY0QP4kBAHAJvG2BBDSIb4AEqG+JDHOUcIgMtHCVAjqA
308=cpQCqG+ECKRrgQ88mGmUAqRrlQJ1KFQApGuABKRrgA+ka5QjoGeABKBngQRKnNCJF0uIAZ
309=knTIgBmRFShGuQFLBshQhUlQIJZx4wAKbwKrBsjAWwbIUIV5xtiy0OAOS0cAJMAAoA5usB
310=EQDo6wELAOnpAQ8oKAC4dIQTuHSAO7h0gDu5dA57EUkA+r7bTACkdpgRpHaMJrxtlAK8bZ
311=QCJ70NTCiRDUwoZQ1MKGQNAkwAWAD/JFMmTABh6NICTABaAAyr0kwAXJhpiAywbJwVsGwD
312=CwAATQBE62RNAC7zYU0ANSgpAEMoKQBYKCgAoVwDZAihXAdoAaBcnQooI20kAHUCKYgBjA
313=W5XgV3Aj4AerZaTQCsXZQCoVwEYQRCjF2cCrVaAXUCQIBcgAS8V5gGsFaJAUmcV4MPNgCP
314=6Qw3iAGNEFGEVYEEUokBAn0KOCNIJZUCOYgBlQJPiAGVAlCIAZQCpFWYEaRVnAqkVY0Qci
315=PwJJAUpVUGaAylVQppAVWRVg5pAS+QVpAJvFeFCDGVAgljBE0Ap7daTQBOiQEIdAK0WowF
316=tFqXAhEA2rBWAk0ADgDg6wESAOPpARD4XgJNABMA5fUCB+RgAk0ACADn9QIUKCkADP9iTQ
317=AXKCkAGigpACYoKwAhAOrkCLRllCO0ZZQ5tGWURLVlD2MaRwAVs89NAEiIAYstRQAW9QJG
318=iAGUAidhM00oiQxNKIkMTSiJDE0o8hlNACcIMwJNAGIACKlkTchknAqoZJAUqGQDDAAATg
319=Ad62ROADQoKQA7KCgAJ98yTgB1KFUAK/RlAk4AbAAJo1FOAG2JAQJ9Cm6JAQRoAbVlAWgB
320=tGWVAiqBZwd0ArRlgQQ/gGeABKlkCGAEvWIFaQFBiGSVAjaJvAB0ArxihQhKiGSECLxiiQ
321=E4iGSUDb1iA3kGU4hknAq8YpUCOpBhlAK8YpUCUShVAHGEYJQNsGGNBXOVAgl8CrFhC2gB
322=pGCIIqVgBnQCpWAKaQEykWEOaQFMhGCcCrxinAq8Yp0KT4EEDW8FIwBPo1FOACSIAZEUJY
323=gBiwwsAMLjBC0AxesBCADc6QEmKCsADADd9QIOKCkAECgpABEoKgAUACVrNE4AFygrABoA
324=3+UIEibDNE4ACe9zTgAe73NOAArvc04ACygpAA0oKQAPKCkAGCgpABkoKQAc43JOACIoKQ
325=AV59lOAB8oKQAnKCgAtHCcK7RwjCa0cJQCtHCXAkMAG69zTgBEiAGIOCf5Gk4ouShOKJsO
326=TgBeJiE2TijFDk4oxQ5OKMUOTiiNKE4onTVOxHaMEKR2AwgAAE8AQutvTwBpKCkAJ/dwTw
327=BAKCkAQSgpAFQoKQBkKCgApXYBfAqldgNoAaV2BWgBuHSIAbh0jRArJi4nTwC4dIMETACC
328=un9PAKBynQo3jXMEcQlHiQEAaAGsc5gGoHKdCkiUcIEESYkBAm8FLwCVJGo/TwC8bZQCvW
329=0GYAS9bQprAT0ApO0QPogBgxozAKXkCKlvB2wFqW8LaAGpbw9oAbxtnAq8bZwKvW0OYwQY
330=AEajXE8AGYgBjwUUAEf1AhWIAYEPFogBgQQXiQEJZwgQAEjtBRGIAY0FEogBjQUTiAGMBQ
331=QKAEkCAAAMeQYLiQESaQEMiQEYaQENiQEeaQEOiQEkaQEPiQEqaAG8g4wxvIOMMbyDnSAs
332=Jvw2Ak8ALQC/5xMoAMjoASerEE8AHPt/TwAa735PAB7vfk8AJv/xTwAJ+39PACIoKQAg+3
333=9PABv/eE8AHSgpACEoKQBLJuhEAk8AVQACtHACTwBFABLpAUaIAZxBuHSYHLh0kSpY9nBP
334=ACfFDk8oxQ5PKMUOTyjFDk8omQ5PKMApAk8AVwAEt+lPAFYmO0RPAF8mGSpPxHacK6R2Aw
335=kAAFAAUvt0UAAt629QADooKAAnxw5QAEIoVAAnRipQACdAUAJQAG0A5iRnRFAAbokBAmkM
336=KoFyBWgBrXMIaQEslQIDaQFMjXMBaQFNiAGUAqxzmAasc4EESJl0BG0FNSP9QQBpATaIAZ
337=QNrHOFCEqYdIUILph0hAikdoUIMJUCB2UIdCPQQZgGsHeUArF3C2EEUCO4KJgGvHiQCbx4
338=lQI/iHqZBjKIeoAEtHuBBDSUAoAEsHecCrF3D2sMIQA+t1pQACKIAZkRI4kBBmAEtHucCr
339=R7kQkagX0NYQQbiQETaQEciQEZaQEdiQEfaAGkgYQIpIGEE6SBkAmlgQpsBaSBjAWkgYwF
340=pIGMBaSBjQUJiHqUArCCmBGwgpgRsIKYEbCCmBGxgiV1DQ+FCCtoAaSBnDakgYBGJyMgUA
341=AI63pQACDoegJQAB4A4vknBv94UAAH53ZQACcoKQAoJl8tUABB/XhQ0HeEHrB3gTBX+nRQ
342=ACfFDlAoxQ5QKMUOUCiZDlAoYR1QKMcOUABWJvFFUCjzDlAAW/h0BVAAXAB9CwAAhR5diA
343=EBDAAAUShiHVEAJ7JeUQAnCR1RyW8BbAWwbIgBsWwEdQItnW0HaQFuiQEAaQFviQEDawFA
344=AIm+0FEAsWwFdQJGI0QqjQVHiAGMBbxtiQE3iG+MBaRriAGlawhlCHOEa5gRsGyZEXWUAp
345=kRdokBCm0FT5BsjAW8bZEJUZUCCWMEZwCjJCA2IoZJpAEjwkpRAKhvlA28bZgGvG2VAjWJ
346=bwtkCLBsiAywbJgRsGyYEbFsAmwFsGyECLFsDnQCsWwUaAGxbBpoAbFsIGkBHp1tJmgBvG
347=2QCbxthBO8bZwKvG2EE7xtjAW8bYwFvG2MBbxtjAW8bZQCvG2EE7xthBO8bYQTvG2EE7xt
348=hBO9bSxwFCdHYVEAJudrUQAG++JRACAoKQAI82xRACgoKQAl/21RAAXzbFEABCZLO1EAHy
349=grAEMAEafkUQBEiAGHHk0AHfUCTogBlwJKACb1AkuIAZQCJxUOUSgVDlEoFQ5RKBUOUSgV
350=DlEoFA4DUQBWAP4Jh9VRAFcoKAAn+0ZRAFXr6FEAW5RwjDGsc4BRrHMDDQAAUgBJ6uhSAC
351=dHYVIAVyhVAEX/5lIAcigpAC8j7WAAZQgwiQECagEuACUaYVIAsXcFdAKxdwhoAbF3AWgB
352=sXcEaQFwnXgHaQE/nHiABKh6gQRBlAKBBEKJAQptBU+U6Y0QRiNAOogBoH2ZBkiMfpgGsH
353=eYEbB3mBGxdwtzCXcAmqKIUgCxdwZ0ArB3lA0k8VAOdQJmnHiQFKh6nQpolQIJYASsc5QC
354=rHOUDa1zA2AErHOMBa1zD3QCrXMVaAGtcxtoAa1zIWgBrXMnaQEfmXQtaQEIkM+cCqRrnA
355=qka5wKpGucCqRrnAqka5wKpGucCqRrnwoFAEqr0lIABogBiQwHiAGXIyAAUeEEIYgBgAQn
356=0GICUgAqAMHhBCsm/2JSACUmpytSACbvc1IAESYeO1IAJ49JUgAV73NSACQoKQAS+3RSAB
357=YoKQAT++JSABcoKACkdpA1pHaQFKR2lAKkdpQCpHaUAqR2lwI7ACe/eFIAPIgBjF0n0ytS
358=AF3u7FIAJ206UijxDlIo02JSAGDkdgJSAFUAASTTK1IAYSYrY1IAWoR2iAywd4gtsHcDCg
359=AAUwA47XNTKDUdUyhlcFMoHg9TACdWY1MAJx47UwAmYEkAAQBTADQAPwAAAAAAAFMARAA/
360=AAARAADcDgAgAAYAAAAAUwBxAOUAAAACAABTAC8A5wAAAAFrAS0A6ukBLokBA3QCATAADA
361=F0BgEAUwAxiAGUAgRvAA0BAAAFYQRwiQEIawFmAHrvBUAAieEEQYgBgQRCiQELbAUBTwCM
362=AcEPUIkBBHcCRgCN9QJHiAGUAgNIAI8BAACHCHYAmuEEd4gBgQR4iQEHZAgDUQCiAQAAiA
363=wEZwCjAQAABnUCaIkBCmkBaYkBDmgBA0MApQEAAIAaBBsARgIAABZ1AhyJARxpAR2JASJp
364=AR6JAShpAR+JAS5oAQMIAEkCAACNEAmIAYkMCokBEGEEC4gBnQoMiAGdCg2IAZ0KDogBnA
365=oBBQBKAskiBogBnQoHiAGPGyAAUeEEIYgBgAQBKgDAAsc0FwDc6wEQAN3rASQA3+sBEQDh
366=6wETAOLpARUoKwAZAOP3Ag8A5OkBIigrABgA5fUCIygrABoA6fQCAXQAAgXYEQE7ACcFwR
367=o8iAGILQFYAPoJwQRZKCkAXSgpAF4oKAABVQAACs0FXygrAFQABfUCVygoAAFaAH0L1Tlb
368=iAGNJlyIAQULAABUAD8APowJAQBUAE4oKQBiKCsAKQA/4QRwiWQBeAakYIgBpWAEdQIykW
369=EHaQFxiQEAaQFyiQEDaAGwYZkGZ5ximwYrAIurZFQALIgBjAWlYAV4BrheiwFPAJHvBUUA
370=k+kBRokBAm8FagCXvFcCVAB5AJjoAbxihAi9YghsBaRgnCClYA91AkKEYJAUsGGRFESUAo
371=wbrV0vbAWsXZwKpFWMEKRVlAKkVZQNpFWABKRVgwQqAMq0RAJUACIA4OkBD+9SVAAX41FU
372=ABkoKQAkKCkACvtTVAAOKCkAHCgpAAnnVVQAHfhTAlQADQDm9Q0bKCsAHgDn9QIL/FcDVA
373=BtAPwElEACVABKABurWVQAS4gBgxpMACj1Ak2IAZUCVfNWVABXKCgAJ64LVAAnrwtUAFwo
374=gAAn2gtUACfYCwJUAFQA/6pkVAAn2AsCVABWAAS4XgNUAFoAgAvRFFuIAQMFAABVABXrWV
375=UAGigpAEgoKQBRKCsAMwDprcBV3LqECLVaCHAJtVoBaAG1WgRpAXOBXAdoAbRamwZlAH27
376=U1UAZokBA2AErF2ECKxdhQhOnboAYASgXIEEUIxdgASgXIUIR4xdiwwpAJTpDCqJAQJlCG
377=mEYIQIsGGFCGuUApEUbIkBCm0FeIhkjAW0ZY0FepQCjAUBKACgAZK5VQCwYYAPsGGJIkWd
378=YgtzCT0AyaxHAlUANgDT6QE3iAGLDCIA2vUCCeixAlUAHgDe9QIK97JVAA7jXFUAHCgpAC
379=HrWVUACOtZVQAH/1dVAB/zVlUAIygoALBWjBCwVoQpsFaUArBWlwJTACurWVUAVIgBkSpW
380=+VNVKCoLVQAnKQtVKCkLVSgqC1UAJykLVSgrC1UAXygzAVUA/bRaAlUAYAAIqVlVyFmEE6
381=hZAwYAAFYAD+dVVgAlKCkAMCgoACdXC1YASihVAEwoKQBNKCkAaSgpAG8oKQB0ibwCdQ0y
382=kWEBaAG9YgNrAT8A9SRDJFYAQIkBBXUCQYkBCWkBQokBDWgBqGSABKlkCHcCZQB5sVZW3W
383=IEdQJniWQHaAG8YpgGvGKNEE+IZIwFvGKABLhehRMrhGCUArheiAG4XoAPuV4LaAysXYAE
384=rF2DBG0AnL/FVgAnmF6AD6RgjQUplAKZHCH/V1YAIu+1VgAK51VWACDsUgJWAEkA9LanVg
385=CwS5wKsEuIFydxFFYoRQlWKEUJVihFCVYoRQlWKEYJVgAnGAkCVgBfAP6kSgJWAGAAAqRK
386=AlYAVgAM6AG8pIw8sEsDBwAAVwANIuwre6dXAA4oKQAaKCkAH/dEVwAyKCkAc4FGAWcIPg
387=DvfAdoAalDBmgBqUMKaAGpQw5pAUOVRBJrATMA+/kGNIkBA3cCOgADt0RXADuIAZUCPIgB
388=nQo9iQEJbwU4AAbtBTmIAY0FdCMNLgBhBHWIAZcCPwAOJP4rVwCgUYkXZo1SBWwFoVEIaQ
389=FMIwwuhAi0T4EEE5SylQJNiLGJAU6JAQJ5BhSAUZUCFYgBlQJskEuUDb1MBGwFvEyABLxM
390=jBu8TI8mFgCp7RsXiAGNBRiIAYcIRQDzsEsCVwAwABinl1cAMYgBjQVqiAGZEWuIAZcCSQ
391=Ai7QVKiAGUAifCHlcAJ8ETVyjBE1coeQpXKHkKVyh5ClcoewpXAF4mcCoCVwBUAAe1T1fI
392=m4wxtE8BCAAAWCj1CVgo9glYACf3CVgAG+NRWAAeKCkAHygpACAoKQAv+1NYAEsoKAAirC
393=uCTVgApVUBYQ8/kVYDaAG5Uw9oAaxSgAStUgR0AqxSlAKsUpQCrVIHYAStUgprATUABL82
394=WAA2iQECdQI3iAGYBrBWkAmwVpUCQ4VVAG0FRIgBhBOoWYwFqFmNBXaABIMPUQAVppdYAK
395=lZBmUIZ5RamxEZAIQk6jlYALRakQlNgFyRCQ8jODmBDxCIAYAPrF2NBRSYXo0FEYxdjQUS
396=iAGMG6RgmQZPlQIFbBCkYJUCFpBhlQJuI2w6lAK8YoQIvGKDBCUAn/knJogBgQQniAGMEL
397=RlkB+1ZQt1DSojoDuDBGQApOUIZYgBlA2saIgBrGiUDaBnmBygZ4AEoGeUAqBnlAKgZ5QC
398=oGeUAie1DFgotQxYKLUMWCi1DFgotQxYKLUMWCgxF1goMxdYAF8meStYKHkgWMxomBysaA
399=EJAABZKLcMWQAc82FZAB0oKAAn4gxZACfiDFkAJ+MMWQAhKK0ALeFnWSi3F1kASShVAGgo
400=KQBqKCgAoWcCeBGhZwVoAaBnlAKgZ5QCoWcIYAShZwtoAaFnAWgBoWcDaAGgZ5sGRwAFoz
401=tZAEiIAYAEuGmIDLhpjAW4aZAJuWkEcQlF4mdZALhpjAW4aZkRUJhpmAaka5kGUpUCB2QI
402=pGudFRiEa4wFsWwGYASka5wKuGmFCBGEa4UIDZlpAGwFpGuNBSIoVACka40bE/tpWQAjiA
403=GZBiSIAYUeDoRrlQIPiAGXAkwAlbOCWQBtnG2QFKhvmRFvlAKYEbxtgAS8bYAPvG2FEymE
404=a4AEsGyVAiuUApRPvG2ABLxtiQxmiG+JDCgjoDCfCkEAJLPPWQBCiAGYBicNDVkoDQ1ZKA
405=0NWSgNDVkotQxZKDMtWQBVJok4WSjrI1kAXSboIwJZAFoAgSSLOFkAW4gBkRRciAEBCAAA
406=WijhDFoo4wxaACb/YloAG+5dWgAnmxlaAEkjxVAAZQhKiQECaQFGI8RQiAGxVgF0ArFWBG
407=sBMgAHq1laADOIAZUCNIgBmBGxVgVsBbBWlwJPAA+jO1oAUIkBBmAEpFWMBaRVjAW4U4wQ
408=uVMHbQUakVYMaQFniAGYBrhTmQYehFWBGh+JAQNsBbBWlRgOhFWcFbBWlQIjKFUAC5hThQ
409=gMiAGMELBWkQkllAKAD7BWlQIQnFeVAiCIAYUIIYgBhQhLlFqUDaBcjRBNlAKMG6BchAig
410=XIMacACb7Ca8V4wmvVcKbRssiVkOaAG8V4QIvFeFCCecV4APqFmBDymUAoMPVADMJBw7Al
411=oAYwAMoFwCWgAuABrrAWgAH+kBaYgBgBon8S9aKK0LWiitC1ookRhaKNsLWgBWJuE4Wig5
412=RFrAXJAUoFyUGKBcAQkAAFsoKwtbACf3WlsAMfdaWwA2KCkAQigpAG0oKQA9JkFQW9leAX
413=0KRYxdiAG5XgN3AkoA9yPIJQEAWwBLiQEEdAKxYQJoAbFhBWgBsGGECLBhlAKwYYkXToxd
414=gASkYJAJpWAHZAihXAhoAaFcDWkBG4FcEmkBZogBhAi5XgZ1AhwjFSQAaAGsXZ0KIJhenA
415=qsXZgRoFyIAbRamRwN61lbAB2IAZEJHogBmBy8V40FIohZhAi8V4gBvFeJF2+EVZAUsFaZ
416=EXGUApgRsVYLfBWgUYQIoFGFCCqMUoMEQQDQrFICWwAWAPckoTBbzFKIDKxSiAGsUpMUPg
417=Amp1VbAD+IAZQYJ4EWWyiBFlso0wpbAFomXUNbKNEKWyjQCgJbAFkA+yRtOlso0wpbAFEm
418=v1pbAFUmoDACWwBSAAokzDACWwA7AAvoAbRanDa0WgEKAABcKFcLXAAS5lVcACcPI1wAOi
419=hUACeTRFwAVShUACcMIwJcAE0A7bJWXAC9VwFoDL1XBWkBTIlZCWgBsVYCaAGxVgZoAbBW
420=hBOwVoAEsFaECKRVhAilVQ54BrhTjAW5Uwd1AmiRVgxoAaRVmREdkVYEdAKlVQhoAalOA2
421=kBH5RPlA24SIgBuEiNBRuURI0FMJWRAHkGMYgBjBCwQJQNsECMBSe5ElwojQdcKI0HXCg9
422=HlwouwdcAFrlP1wo5xJcAFEmizhcAGAmpytcAED/QVwARCgpAFDrQ1wAQSanTFwARSgpAG
423=EoKwA4AAmjRlwAWPX/XMj+kCqsRwELAABdKClNXShHH10AP/ecXQBTKCkATolDA3gGvUEG
424=aAG9QQppAU2JQw5oAahDjAWpQwd0AqhDgA+tPAh0Aq08DWkBaZk9EmgBrTwFaQEakTUBaA
425=G9NgRpARyUAp0KaiMtXgB1AmuJAQJoAaA7mAagO5sRKAAht3tdACmIAY0FRfF3XSjtP10o
426=oQ9dKKEPXSihD10oEQhdKBEIXSgRCF0oEwhdAEDv1l0ARCgpAGAmw0pdADj/QV0AQSgpAG
427=EmGEsCXQBRAAOjO10ARuNGXQBVKCkAPONGXQA34UZdKP9BXQA990RdAEcoKQBK4EYCXQBb
428=AI0kjyhdAFyIAQMCAABeAGPrhV4AFfxBAl4AKwDhq4VeACyJAQNvBTEA4/UCMogBlQIziQ
429=EGYAS1RA9pAS0jGUsAaQEuiAGNBS+IAY0FMIkBCWAEoEaIAaFGDncCaQCFJGYjXgCpQwV0
430=AqlDCGkBHZVEC2gBtUQBaAG0RJQNvEGUArxBlwI2ACq3RF4AN4gBnSBPiAGdFVCIAZUCPe
431=9HXgBAKCkARCgoACdzCV4ARihVAEcoKQBKKCgAJ5kZXij1CV4o9QleKMkJXijJCV4o1zxe
432=ADgmHzBeADwoKQBf+EgMXgA+AAQKAAAAAABeAD8AEQAAew4AIAgECgAAAAAAXgBCACcpAE
433=MoKQBIKCkASSgpAEsoKAACTAAICgBgAAJeADkACusBUwAL6wFBAAzoAQRZAHwLAAADdQ1a
434=iQEGaAEEWwCNCwAAAWkBXIgBBQMAAF8ANgA+dAppATgoKAABKwDhAI8FXwAsiQEEYwQxAO
435=P1AjKIAZUCM4kBB2AEAS0AAwHZBi6IAYEEL4gBgQQwiQEKbwVoAIXtBWmIAY0FaogBjAUB
436=NwAqBZcYXwBQKCgAAT4A+gmDFl8APygpAEAoKQBBKCkAQigpAEMoKQBEKCkARSgpAEcoKQ
437=BIKCkASSgpAEooKQBLKCkAVSgpAFYoKQBXKCkAWCgpAFwoKQBdKCsAPQD94xpeAACoOAJf
438=AEwAAusBVAAF6QFG7jxfAKw8jCasPI0mW5g9AwoAAGAAGvQ5AmAAKAA/iCYBAGAANCgpAG
439=UoKAC5PQJ4Brk9BWgBuD2UArg9lAKsPJQCrDyUAq08CHgGrTwLaAGgO4AEoDuABAFrAIcB
440=gDsDYABOAMECiBMCYABNAMPrAUwAxOsBTwDH6AEBIQAiBc0FIogBjRA95ilgACdpCGAoag
441=hgACdqCGAAJ2oIYAAnaghgACdqCGAAJ2oIYAAnawhgAEYoiAEnlghgACeWCGAAJ5YIYAAn
442=lwhgAFQo2AAnlwhgAFsoVAAnPghgACc/CGAAXiiBAEv/QWAAO+eBYAA8KCkAUigpAFMoKQ
443=A240ZgADooKQBRKCkAN++JYABfKCgApEqQNaRKkDUBVgCIC9UuV4gBly5YAI+3AmEAH/9M
444=YQAlKCkATygpADn8TANhACsAGQGTCWEAapBAAwEAAGEAa4kBBGkBbIkBB2sBTgDApD8CYQ
445=BQAMboAbBAmAaxQANtBTvvJmEAPCgoACdpCGEoaQhhKGkIYSjdBmEo3gZhACd3D2EAUygw
446=ASc2B2EAJzcHYQBaKIAAJ2EHYSg3B2EAOvR7AmEAXgD+oH0CYQA2AP/pAVEoKQA3+z1hAF
447=/6f2EAJ+MXYQBS+39hAFwoKAAEQACZCgAABX8gQwCcq4VhAESJAQJ1AkWIAZ8rQQC04QRC
448=iAGDBEYAtfUCR4gBlAIESADXCgAACWQIsECULrBAlC6wQJUCWZxBAwMAAGIAL+c/YgA1KC
449=sAKgDxgD8BAGIAK4kBAm0FFpnBAGkBF4gBhQgYiQEGdQIZiQEJaAG1RAVoAbVECGsBUAC7
450=qEMCYgBPAMLpAVH0hgNiADEAAwWEDwJiAGIACukBOv42YgAn7QhiKO0IYijBCGIolQhiKJ
451=UIYiiXCGIATCgwASfBCGIolghiACcPGGIAWSisACftCGIoUhBiACdTEGIAN+9HYgBSKCkA
452=XfdEYgA4735iADkoKQBNKCkAM+9+YgA0431iAE4oKQA9+0hiAFQoKQA/hUoBfCuwS40xQZ
453=UCC3QCvEyABLxMnDa8TIQ0sEuUArBLjQVHhEqIAbFLCnAJAVYAfgufV2IAV4gBBQoAAGMA
454=HQDnmDYBAGMAHokBAnQCrUcDaAGtRwFoAa1HBGgBrUcHaAGsR5MJGgAEv45jABuIAZEJHI
455=gBmwYpAA+r0mMAKokBBmcIQwBv+QZEiAGBD0WIAYMERgB04QRP+JUCYwAtACC/TGMALogB
456=lQ0z5z9jADQoKQA3KCkAOCgpADkoKAAnpQpjKKUKYyimCmMAJ5UTYyh5CmMoegpjACd7Cm
457=MAUihcASelCmMooRpjKKUKYyilCmMolRNjKKUKYyiXE2MAXOubYwBO+1NjADXjUWMANigp
458=ADLsUgJjAFEAB7+OYwBe71JjAE3gUQVjAD4AmAoAAIQ0rFKEKaxSjDytUgxxNUKZUxFoAb
459=xMjAW9TAt1AkmVTxRpAVWcTIxHtE+UObRPAwsAAGQAI+3WZMFRAXQCqU4CaAGpTgVoAalO
460=CGgBqE6ECKhOmAapTgNgBKhOmwYeAA2vR2QAH4gBgQQolE+YBq1SBHgGrVIHaAGsUoAErF
461=KABKxSgwRHAHb/CkYAd+kBUCZKJWQAJ3EUZMRVkAmkVY0QMvZEZAAn0QpkKNMKZAA1KIEA
462=NigoACcqC2QAJyoLZAAn/QpkKP0KZCj9CmQopQpkKKcKZABNKF0BTigoACfRCmQo0QpkKN
463=EKZCjRCmQo0QpkKPcUZABd++1kAFvnVWQAXvjtAWQAMAAlezZkADEoKQAv81ZkAE/nVWQA
464=OedVZAA9hFWEKbBWjTw/lQIJfDawVpREsVYNdQJCkVYSaAGlVQxoAaVVFWkBSpFWHmgBsF
465=aUT7BWmD2wVgUMAABlACcA7aqmZQCxSwF0ArFLBGkBIJ1MB2gBvUwCaAG9TAVoAbBLlAKw
466=S5QCsUsIYQRGjZ8AaQFHiQEDaQFIiQEGaQFC605lADD/NmUAMSgoACdxCWUocQllKHEJZS
467=hyCWUAJ3IJZQAncQllKEUJZShFCWUoRQllKEUJZShFCWUoRgllACdHCWUATyhkAidxFGUo
468=3SdlKJ4JZQAnVTdlKMkJZSjJCWUoyQllKJ8UZQAv6E4BZQBQANNLZQBRKCkAXOVKZdhIgD
469=C4SJAquUgKfStAhUoOaAG4SIgBATgAmwojRzVlADmIAZgGuUgWbAW5SB9oAbhInDa4SAMI
470=AABmAF8mqyZmABvsnwZmACEA5QAAAAJhBCiRSwNoAaVKBWgBpEqHCCYADqvoZgAniQEGYw
471=RDAGyrkGYARIgBkQlAgUYAYQRBiAGdCkKIAZgGvUwBYAS9TARoAb1MB2sBRQB1/AoBJAD2
472=BJ1eZiidCWYocQlmKBEIZigRCGYoEQhmKBMIZgBQ/0FmAFEoKAAnaQhmKGkIZihpCGYoaQ
473=hmKGkIZihpCGYoaQhmKGsIZgAwJlsnZgBc6JACZgAsAAm74mYAMuSMAmYANACXJJkvZtji
474=nCCpQwtpIjeEP4wmvEGMJrxBjwU6AJ39CjuIAY0xPIgBjQU1I0gwmTI2iAGDBD0Aw/gGpU
475=oXdA2lSiBpAUuNlCloAbBLkAmwSwIJAABnACLQNYc0ZwAghUoBdwIhAPeQAgEAZwAiiQEE
476=dQIljEeABKRKlAKlSgdgBKRKgASlSgN0AqRKlAKkSpgGpEqYBqVKAmwFpUoFaAGlSghpAU
477=UmLydnAD/wSwJnAB8A+bFLZyg9E2conglnACc9E2conQlnKJ0JZyidCWconQlnKJ0JZyid
478=CWcofSZnKJ0JZyidCWconQlnKJ0JZyhxCWcoUxtnACznSmcAL/ONZwAu59lnACsm+yVnAF
479=n/TGcAM5xMhCmpTgZ1IzWVAgtoAbxMhCm8TIQpvEyEKbxMhAi8TIQ0vEyMBbBLlAKwS40F
480=PpxMlAK9TBh0Db1MIWgBvUwqaAEDVQB9CwAAlQ1WiAEDDAAAaAAp5JcCaAAkAOyyS2gAvU
481=wBYAS9TAVpASOJTgloAalOAmgBqE6DBEUAVqeMaAA3gZMAYQQ4iQEDaQE5iQEGaQE6iAGB
482=BDuIAYEEPIgBgQQ9iAGBBD6IAYEEP4gBgAS8V4wQvFeMEL1XCGgMsFaECLBWhQhJKAUBRP
483=xXAWgAQwAlCihoACcLKGgAL/2ZaCgpC2goKQtoKNEKaCjRCmgo0QpoKNEKaCilCmgopQpo
484=KHkKaCh5CmgoGRRoKKcKaAAu7Z9oKNMKaABR4VFowFGIIqFRB3wgoFGZPTaNUhF0AgEyAM
485=4Knj1oAKFGInQCoUYraQFMjZQ0aQFUgEacK7hIkEC4SAMNAABpACWNRwNoAaFGBmgBoUYK
486=aQEkjUcOagFDANdEaQBEKCgAJ+0Iac1HAWwFrUcEaAGtRwdoAaxHgASsR4AErEeABKxHgA
487=SsR4AErEeABKhDgASoQ4AEqEOBBEHrQ2kAQuubaQBA90RpAEYoKQBKKCkALuFGaSjtCGko
488=7QhpKO0IaShpCGkoPRNpKJYIaQAndVxpKJUIaSiVCGkolQhpKJUIaSizHGkALPOYaQAtKC
489=kAXCgpACvrm2kAXSZJJWnd5ghoLaxHjDytRxJ0AqxHmSczmEiPJkwA1qdKaQBNiAGRKk6I
490=AZEJT4kBDGQIvUwsaQFTkUsCaAG8TIxHvEwCCgAAagCtRw9pAUHjRmoAQigoACdFCWooRg
491=lqACdHCWoARiisAKGTAnAJsUsFaAGxSwhoAbBLgASwS4AEsEuABLBLgASwS4AEsEuABLBL
492=gASwS4AEsEuBBEvzS2oASvNLagA2+0hqAEAmSDACagApAPS36WoALPNLagAtKCgAJ8kJai
493=jJCWooyQlqKMkJaiidCWoonQlqKJ0JaiidCWoonQlqKJ0JaiidCWoonglqACcHTmoAK+6U
494=agAn201qACgmfyZqADWJkA5oLbhIgCW4SJUjNIRKgASlSgFsBaRKhCmlSgl0AqVKDWkBUJ
495=FLEWgBpUoDaAGlSgdoAaRKAwsAAGsAO/9BawA8KCkAPSgpAD4oKQA/KCkAQCgoACchCmso
496=IgprACchCmsoIQprKCEKaygjCmsARygxAUgoKwBJAGur6GsASokBAn8VOQBu9QI6iAGVAk
497=uF2QBhBEyJAQNpAU2JAQZpATj/TGsAN/9MawA1/0xrADb8TAJrACEA/71MayidCWsonglr
498=ACedCWsonQlrKHEJayhFCWsoRQlrKBkJaygZCWsoGQlrKBkJaygZCWsoGQlrKBgJAmsAKA
499=ADp4xrADD03gJrAFcAsPQCpEqcIKVKCXwgpUoPaAGtRwpoAa1HDmgBrUcSaQFRmUgWawFT
500=AOT9ClSIAZ0KVYgBAwYAAGwAIyYFOGwoRQlsKEYJbAAnRglsACdGCWwAJ0YJbAAnRglsAC
501=dFCWwoRQlsKEUJbChFCWwoRQlsKEUJbChGCWwAJ0YJbAClSgF8FaVKA2gBpEqUAqRKlQI2
502=jUcAYAS8pJQCvKSEHqhOmAapTgRsBalOB2kBT+tObABO/0xsACv5lWwocQlsKHEJbPBACw
503=AAbABcAPoJAAAAAABsEQAAhw0AIAMAXQD6CQBgAANsACoABApkAQEAbABeKCsAKQAF9wJf
504=AAjrAVoADOgBCVcAsAoAAAEAAGwAWIkBBGkBWYkBB2sBUQDE7QVSiQECdAIEMwDOCgAACm
505=kBNIkBEGkBNYkBFmgBAy4AzwoAAIcILwDT5QgwiQEDYQQxiQEGaQEyiQEJaAEEUADWCgAA
506=E2sBUwDk5RNUiAGFE1WIAZ8KVgDpvAoCbQAmAD+MHwQAbQA5AFYBjwFtADooKQA7KCkAPC
507=gpAD0oKQA+KCkAPygpAEAoKQBBKCkAQigpAEMoKQBEKCkARSgpAEYoKQBHKCkASCgpAEko
508=KQBKKCgAATYAbwGbMm0AN4gBAwQAAG0AOIkBB2kBS4kBAmkBTIkBBWkBTYkBCGkBTokBAG
509=kBT4kBA2kBUIkBBmgBASoA+gnBJSsoKQBaKCkAWygpAFwoKQBdKCkAXigrACkA/fIJXwB8
510=QoEPLP5MbQC8TJwVvEycFb1MCHgRvUwBaAG8TJwVsUsRdAKxSxdpAS2QS4wFvEyFCC+VAg
511=9gBLxMjCa8TIwmvUwKYQQziU4NaAG8TIQTvEyEE7xMnAq8TAEBAABuKHEJbihyCW4AJ3IJ
512=bgAncgluACdyCW4AJ3IJbgAncgluACdyCW4AJ3IJbgAncgluACdyCW4AJ3IJbgAncgluAC
513=dyCW4AJ3IJbgAncgluACdyCW4AJ3MJbgBL/EwCbgBMAGq3ZW4ATYkBAngctE+IAbVPBXQC
514=tU8IaAGwS4gisUsEdAKxSwdpAVGdTABpAVKJAQNpAVOJAQZpAVSIAYEEVYgBgQRWiAGDBD
515=UAdOUTKf5MbgAn0gpuACfTCm4ALCiAACf+Cm4AJ/4KbgAn/QpuKMoUbgAn/gpuACfTCm4A
516=J/enbgAoKCkAJuCpAm4AVwCjv45uAFiIAYkXWYgBiBe4U5gnuVMJZB65UxBpATCFVRdoAb
517=hTkCq5Uwt0ArlTDmkBNIRVAREAAG8o9QlvKPUJbyj1CW8o9QlvKPUJbyj1CW8o9QlvKPUJ
518=byj1CW8o9QlvKPUJbyj1CW8o9QlvKPUJbyj1CW8o9QlvKPUJbyj1CW8o9Qlv1U8BbBu1Tw
519=NrATcAbac/bwA4iQECdQIxiUMAaQEyiAGNBTOJAQZ1AjSIAYEENYgBgASoWYAEsFaQCbFW
520=BXgGsVYIaAGwVpgRsVYEdAKxVgdoAbBWgASwVoAEsFaBBCfjUW8AKCgoACf9Cm8o/QpvKP
521=0Kbyj/Cm8ALSjYACcpC28oKQtvKCkLbygpC28oKwtvAF8oBQEm97JvAGDrWW8AYSgpACL3
522=Wm8AIyZ7IG8AYigoAKxdhB6sXYQerF2EHqFcCnQjoFyEVaBcARgAAHAo0QpwKNEKcCjRCn
523=Ao0QpwKNEKcCjRCnAo0QpwKNEKcCjRCnAo0QpwKNEKcCjRCnAo0QpwKNEKcCjRCnAo0Qpw
524=KNEKcCjRCnAo0wpwAEz3p3AATSgpAE4oKQBPKCkAUCgoALVaAWgitVoDaAG0WpQCtVoEdA
525=K1WgdoAbRagAS0WoAEtFqABLFWAmwFsVYFaAGxVghoAbBWgASwVoAEsFaBBCPjRnAAJigo
526=ACcqC3AAJ/0KcCj9CnAo/QpwKP0KcCj+CnAAJ/0KcCj9CnAo/QpwKP0KcCj9CnAo/wpwAG
527=AoOQJhKCsAIgD/JKwhAXAAYgAlryFwACT3WnAAJSgpACgmBSJw2LacIKhZnCCoWZwgqVkL
528=bCapWRJoAahZAxkAAHEAOPU5cShVC3EoVQtxKFULcShVC3EoVQtxKFULcShVC3EoVQtxKF
529=ULcShVC3EoVQtxKFULcShVC3EoVQtxKFULcShVC3EoVQtxKFULcShVC3EoVQtxKFYLcQAn
530=VgtxACdWC3EAJ1cLcQBRKEkEUigpAFMoKQBUKCgArV0CZCmtXQVoAa1dCGgBrF2ABKxdgA
531=SsXYAEvVcAbAW9VwNpAVeVvQZrATcAdavHcQAk4UZxKFYLcQAnVQtxKIEWcSilCnEopQpx
532=KHkKcSh5CnEoeQpxKHoKcQAnewpxACPxrnEoewpxACXgUQJxAFgAxST/IHEAWYkBAWgXtU
533=8MaAG1TxNoAbVPGmsBKQDS+QYqiAGRHyuIAZEfLIkBCW0FLYgBkAkJXADUCgAAEgAAcgA1
534=7zFyADYoKQA3KCgAJ4ELciiBC3IogQtyKIELciiBC3IogQtyKIELciiBC3IogQtyKIELci
535=iBC3IogQtyKIELciiBC3IogQtyKIELciiBC3IogQtyKIELciiBC3IogQtyKIELciiBC3Io
536=gQtyKIELciiCC3IAJ4ILcgAnggtyACeDC3IAWCgkBa1dAHQurV0DaAGtXQZoAalZAWgBqV
537=kEaAGpWQdrATQAdqpZcgAngRZyKFcLcgAl4VxyKIELciiBC3Io0QpyKNEKcijRCnIo0wpy
538=AGIoMQFj96dyAGQmIiByAK1SFGQTrVIbaAEDKADRCgAAlAK4U4AauFOAGrhTgBq5Uwp4Br
539=lTDWkBLoVVEGkBWYRVhQhaiAGZBluIAYwFqVkTbQVdlAIDGQAAcwA09S5zKIELcyiCC3MA
540=J4ELcygFF3MogQtzKIELcyiBC3MogQtzKIELcyiBC3MogQtzKIELcyiBC3MogQtzKIELcy
541=iBC3MogQtzKIELcyiBC3MogQtzKIELcyiBC3MogQtzKIELcyiBC3MogQtzKIELcyiBC3Mo
542=gQtzKIELcyiBC3MogQtzKIILcwChXAFgMKFcBGgBoVwHaAGhXAJoAaFcBWgBoVwIaQEw7b
543=VzKHkKcyh5CnMoeQpzKHsKcwBj51VzAGQoKQBl81ZzAGbzVnMAJJhTkRQliQEGYQ8miQEL
544=aQEniQEQaAGpWRVpASmVAhpoAahZiBeoWYgXqFmECKlZDmwFqVkRaQEvlVoUaAG0WpwgtF
545=qECLRamAa0WowFtFqBD16AXAEgAAB0KIELdCiBC3QogQt0KIELdCiBC3QogQt0KIELdCiB
546=C3QogQt0KIELdCiBC3QogQt0KIELdCiBC3QogQt0KIELdCiBC3QogQt0KIELdCiBC3QogQ
547=t0KIELdCiBC3QogQt0KIELdCiBC3QogQt0KIELdCiBC3QogQt0KIELdCiBC3Qogwt0AFXv
548=iXQAKyNVIQBhMCyJAQNpAS2JAQZpAS6IAYEEL4gBgQQwiAGABKlkAmwFqWQFaAGpZAhoAb
549=xihAi8YoUIWCgFAVmIAYEEWogBgQRbiAGIDCfZIXQoiQx0KIkMdCiLDHQAZfdldABmJtos
550=dAC9Ygd4Eb1iDGgBvWIRaAG9YhZoAb1iG2kBKohkmFO9VxV0ArxXgAS9VyF1Al+JWSdpAW
551=CIAQEtAAB1KFULdShVC3UoVQt1KFULdShVC3UoVQt1KFULdShVC3UoVQt1KFULdShVC3Uo
552=VQt1KFULdShVC3UoVQt1KFULdShVC3UoVQt1KFULdShVC3UoVQt1KFULdShVC3UoVQt1KF
553=ULdShVC3UoVQt1KFULdShVC3UoVQt1KFULdShVC3UoVQt1KFcLdQBc4FwCdQAxAG4kgyF1
554=ADKJAQJ4MrleAWgBuV4EaAG5XgdoAbhegAS4XoAEuF6ABLRagAS0WoAEtFqABLRagAS0Wo
555=AEtFqDBDMAd+QTJ4ELdSiBC3UogQt1KIELdSiDC3UAZu9ddQBn+sF1AKFcDXQYoVwSaAGh
556=XBdoAaFcHGgBoVwhaAG0WpQCtVoidAK1WihoAbRaAy4AAHYAJ/8rdgAoKCgAJ4kidiitC3
557=YorQt2KK0LdiitC3YorQt2KK0LdiitC3YorQt2KK0LdiitC3YorQt2KK0LdiitC3YorQt2
558=KK0LdiitC3YorQt2KK0LdiitC3YorQt2KK0LdiitC3YorQt2KK0LdiitC3YorQt2KK0Ldi
559=itC3YorQt2KK0LdiitC3YorQt2KK0LdiivC3YAXSgtBl4oKAClYAF8NqVgA2gBpWACaAGl
560=YAVoAaVgCGgBpGCABKRggASkYIAEpGCABKRggASkYIAEpGCABKRggASkYIEEMybxW3Yo2Q
561=t2KNkLdijZC3Yo2Qt2KNsLdgBn52B2AGgmbyR2AGnyYXYArV0dYBqtXSJoAbVaKWsBYADV
562=JL85dgBhiAEBBQAAdyhXC3cAKecpdwAqKCkAMygoACfZC3co2Qt3KNkLdyjZC3co2Qt3KN
563=kLdyjZC3co2Qt3KNkLdyjZC3co2Qt3KNkLdyjZC3co2Qt3KNkLdyjZC3co2Qt3KNkLdyjZ
564=C3co2Qt3KNkLdyjZC3co2Qt3KNkLdyjZC3co2Qt3KNkLdyjZC3co2Qt3KNkLdyjZC3co2Q
565=t3KNkLdyjbC3cAVigBBlcoKAAnbzp3AFkoVQBaKCkAWygoACeRGHco4gx3ACfjDHcAXyit
566=AC3nVXcAMCgpAC4mby93ACsmHzt3ADIoKQAs67x3AC8oKQAxKCgAJ20vdyiBC3cogQt3KI
567=MLdwBo7113AGkoKQBq7l13AKlZAXxXqVkGaQFilVoLaQFjiAEBEAAAeChVC3goVwt4ACvn
568=HngAMCgpADEoKQAyKCgAJwUMeCiRI3goBQx4KAUMeCgFDHgoBQx4KAUMeCgEDAACeAA7AF
569=YBAAAAAAB4ADwAVgEAAAARAACDDAAgBgAAeAA9AFYBAGMAeAA+KCkAPygpAEAoKQBBKCkA
570=QigpAEMoKQBEKCkARSgpAEYoKQBHKCkASCgpAEkoKQBKKCkASygpAEwoKQBNKCkATigpAE
571=8oKQBQKCkAUSgpAFIoKQBTKCkAVCgpAFUoKQBWKCkAVygpAFgoKQBZKCkAWigpAFsoKQBc
572=KCkAXSgpAF4oKQBfKCkAYCgrAC4AdO8xLwB16wEsAHbpAS0oKAABZQD6CXg2AQB4AGYoKQ
573=BnKCkAaCgpAGkoKQBqKCgAAWsABArFCGwoKwBtAAj0AgRhANUKAAAHdURiiQEMaQFjiQER
574=aQFkiAEDFgAAeQAq9xh5ACsoKQAsKCkALSgpAC8oKQAwKCkAMSgpADIoKQAzKCkANCgpAD
575=UoKQA2KCkANygpADgoKQA5KCkAOigpADsoKQA8KCkAPSgoACcyDHkAJzIMeQAnMgx5ACcy
576=DHkAJzIMeQAnMgx5ACcyDHkAJzIMeQAnMgx5ACcyDHkAJzIMeQAnMgx5ACcyDHkAJzIMeQ
577=AnMgx5ACcyDHkAJzIMeQAnMgx5ACcyDHkAJzIMeQAnMgx5ACcyDHkAJzIMeQAnMgx5ACcy
578=DHkAJzIMeQAnMgx5ACcyDHkAJzIMeQAnMgx5ACcyDHkAJzIMeQAnMgx5ACcyDHkAJzMMeQ
579=BhKC0GLvleeSiuC3kAJ64LeQAnrgt5ACeuC3kAJ68LeQBr+155AGwoKwBtAACuXXkAoVwN
580=aFmhXBJoAaFcF2kBZYxdARwAAHooggt6ACeCC3oAJ4MLegAu6hd6ACeuC3oAJ64LegAnrg
581=t6ACeuC3oAJ64LegAnrgt6ACeuC3oAJ64LegAnrgt6ACeuC3oAJ68LegA6KAwCJ64LegAn
582=rgt6ACetC3oo4Rd6KK0LeiitC3oorQt6KK0LeiitC3oorQt6KK0LeiitC3oorQt6KK0Lei
583=itC3oorQt6KK0LeiitC3oorQt6KK0LeiitC3oorQt6KK0LeiitC3oorQt6KK0LeiitC3oo
584=rQt6KK0LeiitC3oorQt6KK0LeiitC3oorQt6KK0LeiitC3oorQt6KK0LeiivC3oAYijdBm
585=MoKAAnVQt6KFULeihVC3ooVwt6AG3jXHoAbv+6egBv/rp6ALVaGGtZZQDWp2B6AGaJAQR1
586=AmeJAQhpAWiIAQEMAAB7KK0LeyitC3sorQt7KK0LeyitC3sorQt7KK0LeyitC3sorQt7KK
587=0LeyitC3sorQt7KK0LeyitC3sorgt7ACetC3sorQt7KK0LeyitC3sorQt7KK0LeyitC3so
588=rQt7KK0LeyitC3sorQt7KK0LeyitC3sorQt7KK0LeyitC3sorQt7KK0LeyitC3sorQt7KK
589=0LeyitC3sorQt7KK0LeyitC3sorQt7KK0LeyitC3sorQt7KK0LeyitC3sorQt7KK0Leyit
590=C3sorQt7KK0LeyitC3sorQt7KK0LeyiuC3sAJ68LewBk+l57ACcFF3sorQt7KK0LeyivC3
591=sAbvteewBvKCkAcOdgewBx5mB7ALleAXRauV4FaAG5XgloAbleDWkBaYRgAREAAHwo2Qt8
592=KNkLfCjZC3wo2Qt8KNkLfCjZC3wo2Qt8KNkLfCjZC3wo2Qt8KNkLfCjZC3wo2Qt8KNkLfC
593=jZC3wo2Qt8KNkLfCjZC3wo2Qt8KNkLfCjZC3wo2Qt8KNkLfCjZC3wo2Qt8KNkLfCjZC3wo
594=2Qt8KNkLfCjZC3wo2Qt8KNkLfCjZC3wo2Qt8KNkLfCjZC3wo2Qt8KNkLfCjZC3wo2Qt8KN
595=oLfAAnOSN8KNkLfCjZC3wo2Qt8KNkLfCjZC3wo2Qt8KNkLfCjZC3wo2Qt8KNkLfCjZC3wo
596=2Qt8KNkLfCjbC3wAZedgfABmKCgAJw0jfCgFDHwoBQx8KAUMfCgHDHwAcPBhAnwAcQACtr
597=18AK1dCnRarV0OaAGtXRJpAWqYXgEWAAB9KK0LfSitC30orQt9KK0LfSitC30orQt9KK0L
598=fSitC30orQt9KK0LfSitC30orQt9KK0LfSitC30orQt9KK0LfSitC30orQt9KK0LfSitC3
599=0orQt9KK0LfSitC30orQt9KK0LfSitC30orQt9KK0LfSitC30orQt9KK0LfSitC30orQt9
600=KK0LfSitC30orQt9KK0LfSitC30orQt9KK0LfSitC30orQt9KK0LfSitC30orQt9KK0LfS
601=itC30orQt9KK0LfSitC30orQt9KK0LfSitC30orQt9KK0LfSitC30orwt9AGf7Xn0AaCgo
602=ACdlI30orQt9KK8LfQBwJkAvAn0AagCer119AGuJAQRpWWyJAQhoAaxdARMAAH4oVQt+KF
603=ULfihVC34oVQt+KFULfihVC34oVQt+KFULfihVC34oVQt+KFULfihVC34oVQt+KFULfihV
604=C34oVQt+KFULfihVC34oVQt+KFULfihVC34oVQt+KFULfihWC34AJ0E6fihVC34oVQt+KF
605=ULfihVC34oVQt+KFULfihVC34oVQt+KFULfihVC34oVQt+KFULfihVC34oVQt+KFULfihW
606=C34AJ0E6fihVC34oVQt+KFULfihVC34oVQt+KFULfihVC34oVQt+KFULfihVC34oVQt+KF
607=ULfihVC34oVQt+KFULfihXC34AaeFcfihVC34oVQt+KAUXftVaAXBWtVoFaAG1WglpAW2A
608=XAENAAB/KCkLfygpC38oKQt/KCkLfygpC38oKQt/KCkLfygpC38oKQt/KCkLfygpC38oKQ
609=t/KCkLfygpC38oKQt/KCkLfygpC38oKQt/KCkLfygpC38oKQt/KCkLfygpC38oKQt/KCkL
610=fygpC38oKQt/KCkLfygpC38oKQt/KCkLfygpC38oKQt/KCkLfygpC38oKQt/KCkLfygpC3
611=8oKQt/KCkLfygpC38oKQt/KCkLfygpC38oKQt/KCkLfygpC38oKQt/KCkLfygpC38oKQt/
612=KCkLfygpC38oKQt/KCkLfygpC38oKQt/KCsLfwBq9Vp/KFULfyhVC3/VsgZkVb1XCmgBvF
613=cBDgAAgCjRCoAo0QqAKNEKgCjRCoAo0QqAKNEKgCjRCoAo0QqAKNEKgCjRCoAo0QqAKNIK
614=gAAnkUSAKNEKgCjRCoAo0QqAKNEKgCjRCoAo0QqAKNEKgCjRCoAo0QqAKNEKgCjRCoAo0Q
615=qAKNEKgCjRCoAo0QqAKNEKgCjRCoAo0QqAKNEKgCjRCoAo0QqAKNEKgCjRCoAo0QqAKNEK
616=gCjRCoAo0QqAKNEKgCjRCoAo0QqAKNEKgCjRCoAo0QqAKNEKgCjRCoAo0QqAKNEKgCjRCo
617=Ao0QqAKNEKgCjRCoAo0QqAKNEKgCjRCoAo0wqAAGv+V4AAuVMLb1JtAOokVyGAAG6IAQEC
618=AACBKHkKgSh5CoEoeQqBKHkKgSh5CoEoeQqBKHkKgSh5CoEoeQqBKHkKgSh5CoEoeQqBKH
619=kKgSh5CoEoeQqBKHkKgSh5CoEoeQqBKHkKgSh5CoEoeQqBKHkKgSh5CoEoeQqBKHkKgSh5
620=CoEoeQqBKHkKgSh5CoEoeQqBKHkKgSh5CoEoeQqBKHkKgSh5CoEoeQqBKHkKgSh5CoEoeQ
621=qBKHkKgSh5CoEoeQqBKHkKgSh5CoEoeQqBKHkKgSh5CoEoeQqBKHkKgSh5CoEoeQqBKHkK
622=gSh5CoEoeQqBKHkKgSh5CoEoeQqBKHsKgQBs5lWBALlTAWxSuVMAaQFv5VWCKHkKgih5Co
623=IoeQqCKHkKgih5CoIoeQqCKHkKgih5CoIoeQqCKHkKgih5CoIoeQqCKHkKgih5CoIoeQqC
624=KHkKgih5CoIoeQqCKHkKgih5CoIoeQqCKHkKgih5CoIoeQqCKHkKgih5CoIoeQqCKHkKgi
625=h5CoIoeQqCKHkKgih5CoIoeQqCKHkKgih5CoIoeQqCKHkKgih5CoIoeQqCKHkKgih5CoIo
626=eQqCKHkKgih5CoIoeQqCKHkKgih5CoIoeQqCKHkKgih5CoIoeQqCKHkKgih5CoIoeQqCKH
627=kKgih5CoIoeQqCKHsKggBt5VWC1KcBAQAAgyghCoMoIQqDKCEKgyghCoMoIQqDKCEKgygh
628=CoMoIQqDKCEKgyghCoMoIQqDKCEKgyghCoMoIQqDKCEKgyghCoMoIQqDKCEKgyghCoMoIQ
629=qDKCEKgyghCoMoIQqDKCEKgyghCoMoIQqDKCEKgyghCoMoIQqDKCEKgyghCoMoIQqD4FEA
630=AQAAgwBVAFYBAAAAAACDAFYAVgERAADvCwAgCAAAAAAAgwBXAFYByQFYKCkAWSgpAFooKQ
631=BbKCkAXCgpAF0oKQBeKCkAXygpAGAoKQBhKCkAYigpAGMoKQBkKCkAZSgpAGYoKQBnKCkA
632=aCgpAGkoKQBqKCkAaygpAGwoKQBt6wGEADUoKQA2KCkANygpADgoKQA5KCkAOigpADsoKQ
633=A8KCkAPSgpAD4oKQA/KCkAQCgpAEEoKQBCKCkAQygpAEQoKQBFKCkARigpAEcoKQBIKCkA
634=SSgpAEooKQBLKCkATCgpAE0oKQBOKCkATygpAFAoKQBRKCkAUigpAFMoKQBUKCkAVSgpAF
635=YoKAAnygmEACfKCYQAJ8oJhAAnygmEACfKCYQAJ8oJhAAnygmEACfKCYQAJ8oJhAAnygmE
636=ACfKCYQAJ8oJhAAnygmEACfKCYQAJ8oJhAAnygmEACfKCYQAJ8oJhAAnygmEACfKCYQAJ8
637=oJhAAnygmFACdyCYUAJ3IJhQAncgmFACdyCYUAJ3IJhQAncgmFACdyCYUAJ3IJhQAncgmF
638=ACdyCYUAJ3IJhQAncgmFACdyCYUAJ3IJhQAncgmFACdyCYUAJ3IJhQAncgmFACdyCYUAJ3
639=IJhQAncgmFACdyCYUAJ3IJhQAncgmFACdyCYUAJ3IJhQAncgmFACdyCYUAJ3IJhQAncgmF
640=ACdyCYUAJ3IJhQAncQmFKD0ThShxCYUocQmFKHEJhShxCYUocQmFKHEJhShxCYUocQmFKH
641=EJhShxCYUocQmFKHEJhShxCYUocQmFKHEJhShxCYUocQmFKHEJhShxCYUocQmGKBkJhigZ
642=CYYoGQmGKBkJhigZCYYoGQmGKBkJhigZCYYoGQmGKBkJhigZCYYoGQmGKBkJhigZCYYoGQ
643=mGKBkJhigZCYYoGQmGKBkJhigZCYYoGQmGKBkJhigZCYYoGQmGKBkJhigZCYYoGQmGKBkJ
644=higZCYYoGQmGKBkJhigZCYYoGQmGKBkJhigZCYYoGQmGKBkJhigZCYYoGQmGKBkJhigZCY
645=YoGQmGKBkJhigZCYYoGQmGKBkJhigZCYYoGQmGKBkJhigZCYYoGQmGKBkJhyjBCIcowQiH
646=KMEIhyjBCIcowQiHKMEIhyjBCIcowQiHKMEIhyjBCIcowQiHKMEIhyjBCIcowQiHKMEIhy
647=jBCIcowQiHKMEIhyjBCIcowQiHKMEIhyjBCIcowQiHKMEIhyjBCIcowQiHKMEIhyjBCIco
648=wQiHKMEIhyjBCIcowQiHKMEIhyjBCIcowQiHKMEIhyjBCIcowQiHKMEIhyjBCIcowQiHKM
649=EIhyjBCIcowQiHKMEIhyjBCIcowQiHKMEIhyjBCIcowQiIKGkIiChpCIgoaQiIKGkIiChp
650=CIgoaQiIKGkIiChpCIgoaQiIKGkIiChpCIgoaQiIKGkIiChpCIgoaQiIKGkIiChpCIgoaQ
651=iIKGkIiChpCIgoaQiIKGkIiChpCIgoaQiIKGkIiChpCIgoaQiIKGkIiChpCIgoaQiIKGkI
652=iChpCIgoaQiIKGkIiChpCIgoaQiIKGkIiChpCIgoaQiIKGkIiChpCIgoaQiIKGkIiChpCI
653=goaQiIKGkIiChpCIgoaQiJKBEIiSgRCIkoEQiJKBEIiSgRCIkoEQiJKBEIiSgRCIkoEQiJ
654=KBEIiSgRCIkoEQiJKBEIiSgRCIkoEQiJKBEIiSgRCIkoEQiJKBEIiSgRCIkoEQiJKBEIiS
655=gRCIkoEQiJKBEIiSgRCIkoEQiJKBEIiSgRCIkoEQiJKBEIiSgRCIkoEQiJKBEIiSgRCIko
656=EQiJKBEIiSgRCIkoEQiJKBEIiSgRCIkoEQiJKBEIiSgRCIkoEQiJKBEIiii5B4oouQeKKL
657=kHiii5B4oouQeKKLkHiii5B4oouQeKKLkHiii5B4oouQeKKLkHiii5B4oouQeKKLkHiii5
658=B4oouQeKKLkHiii5B4oouQeKKLkHiii5B4oouQeKKLkHiii5B4oouQeKKLkHiii5B4oouQ
659=eKKLkHiii5B4oouQeKKLkHiii5B4oouQeKKLkHiii5B4oouQeKKLkHiii5B4oouQeKKLkH
660=iii5B4oouQeLKGEHiyhhB4soYQeLKGEHiyhhB4soYQeLKGEHiyhhB4soYQeLKGEHiyhhB4
661=soYQeLKGEHiyhhB4soYQeLKGEHiyhhB4soYQeLKGEHiyhhB4soYQeLKGEHiyhhB4soYQeL
662=KGEHiyhhB4soYQeLKGEHiyhhB4soYQeLKGEHiyhhB4soYQeLKGEHiyhhB4soYQeLKGEHiy
663=hhB4soYQeLKGEHiyhhB4soYQeMKAkHjCgJB4woCQeMKAkHjCgJB4woCQeMKAkHjCgJB4wo
664=CQeMKAkHjCgJB4woCQeMKAkHjCgJB4woCQeMKAkHjCgJB4woCQeMKAkHjCgJB4woCQeMKA
665=kHjCgJB4woCQeMKAkHjCgJB4woCQeMKAkHjCgJB4woCQeMKAkHjCgJB4woCQeMKAkHjCgJ
666=B4woCQeMKAkHjCgJB4woCQeMKAkHjSixBo0osQaNKLEGjSixBo0osQaNKLEGjSixBo0osQ
667=aNKLEGjSixBo0osQaNKLEGjSixBo0osQaNKLEGjSixBo0osQaNKLEGjSixBo0osQaNKLEG
668=jSixBo0osQaNKLEGjSixBo0osQaNKLEGjSixBo0osQaNKLEGjSixBo0osQaNKLEGjSixBo
669=0osQaNKLEGjSixBo0osQaOKFkGjihZBo4oWQaOKFkGjihZBo4oWQaOKFkGjihZBo4oWQaO
670=KFkGjihZBo4oWQaOKFkGjihZBo4oWQaOKFkGjihZBo4oWQaOKFkGjihZBo4oWQaOKFkGji
671=hZBo4oWQaOKFkGjihZBo4oWQaOKFkGjihZBo4oWQaOKFkGjihZBo4oWQaOKFkGjihZBo4o
672=WQaPKAEGjygBBo8oAQaPKAEGjygBBo8oAQaPKAEGjygBBo8oAQaPKAEGjygBBo8oAQaPKA
673=EGjygBBo8oAQaPKAEGjygBBo8oAQaPKAEGjygBBo8oAQaPKAEGjygBBo8oAQaPKAEGjygB
674=Bo8oAQaPKAEGjygBBo8oAQaPKAEGjygBBo8oAQaPKAEGkCipBZAoqQWQKKkFkCipBZAoqQ
675=WQKKkFkCipBZAoqQWQKKkFkCipBZAoqQWQKKkFkCipBZAoqQWQKKkFkCipBZAoqQWQKKkF
676=kCipBZAoqQWQKKkFkCipBZAoqQWQKKkFkCipBZAoqQWQKKkFkCipBZAoqQWQKKkFkCipBZ
677=AoqQWRKFEFkShRBZEoUQWRKFEFkShRBZEoUQWRKFEFkShRBZEoUQWRKFEFkShRBZEoUQWR
678=KFEFkShRBZEoUQWRKFEFkShRBZEoUQWRKFEFkShRBZEoUQWRKFEFkShRBZEoUQWRKFEFkS
679=hRBZEoUQWRKFEFkShRBZEoUQWSKPkEkij5BJIo+QSSKPkEkij5BJIo+QSSKPkEkij5BJIo
680=+QSSKPkEkij5BJIo+QSSKPkEkij5BJIo+QSSKPkEkij5BJIo+QSSKPkEkij5BJIo+QSSKP
681=kEkij5BJIo+QSSKPkEkij5BJIo+QSSKPkEkyihBJMooQSTKKEEkyihBJMooQSTKKEEkyih
682=BJMooQSTKKEEkyihBJMooQSTKKEEkyihBJMooQSTKKEEkyihBJMooQSTKKEEkyihBJMooQ
683=STKKEEkyihBJMooQSTKKEEkyihBJMooQSUKEkElChJBJQoSQSUKEkElChJBJQoSQSUKEkE
684=lChJBJQoSQSUKEkElChJBJQoSQSUKEkElChJBJQoSQSUKEkElChJBJQoSQSUKEkElChJBJ
685=QoSQSUKEkElChJBJQoSQSVKPEDlSjxA5Uo8QOVKPEDlSjxA5Uo8QOVKPEDlSjxA5Uo8QOV
686=KPEDlSjxA5Uo8QOVKPEDlSjxA5Uo8QOVKPEDlSjxA5Uo8QOVKPEDlSjxA5Uo8QOVKPEDli
687=iZA5YomQOWKJkDliiZA5YomQOWKJkDliiZA5YomQOWKJkDliiZA5YomQOWKJkDliiZA5Yo
688=mQOWKJkDliiZA5YomQOW+BwNAACWAFkAVgEAAAAAAJYAWhEAAJIB6gMIAFYBAAAAAACXAE
689=goKQBJKCkASigpAEsoKQBMKCkATSgpAE4oKQBPKCkAUCgpAFEoKQBSKCkAUygpAFQoKQBV
690=KCkAVigpAFcoKQBYKCkAWeoBmAAn6gKYACfqApgAJ+oCmAAn6gKYACfqApgAJ+oCmAAn6g
691=KYACfqApgAJ+oCmAAn6gKYACfqApgAJ+oCmAAn6gKYACfqApgAJ+oCmAAn6QKZKJECmSiR
692=ApkokQKZKJECmSiRApkokQKZKJECmSiRApkokQKZKJECmSiRApkokQKZKJECmSiRApooOQ
693=KaKDkCmig5ApooOQKaKDkCmig5ApooOQKaKDkCmig5ApooOQKaKDkCmig5Apso4QGbKOEB
694=myjhAZso4QGbKOEBmyjhAZso4QGbKOEBmyjhAZso4QGcKIkBnCiJAZwoiQGcKIkBnCiJAZ
695=woiQGcKIkBnCiJAZ0oMQGdKDEBnSgxAZ0oMQGdKDEBnSgxAZ4o2QCeKNkAnijZAJ4o2QCf
696=4AQOAACfAFEAVgEAAAAAAAAAAAARAAA=

[Lighting]
Red=0.700000
Blue=1.500000
Green=1.200000
Level=0.032000
Ground=0.000000
IonRed=1.000000
Ambient=0.430000
IonBlue=1.000000
IonGreen=1.000000
IonLevel=0.032000
IonGround=0.000000
IonAmbient=1.000000

[Map]
Size=0,0,80,80
Theater=DESERT
LocalSize=2,4,76,55

[Neutral]
IQ=5
Edge=North
Side=Neutral
Color=Grey
Allies=Neutral,Nod1
Credits=0
ActsLike=4
NodeCount=0
TechLevel=10
PercentBuilt=100
PlayerControl=no

[Nod]
IQ=5
Edge=North
Side=Nod
Color=Magenta
Allies=Nod,Nod1,Special
Credits=100
ActsLike=1
NodeCount=0
TechLevel=10
PercentBuilt=100
PlayerControl=no

[Nod1]
IQ=5
Edge=North
Side=Nod1
Color=Magenta
Allies=Nod1,Nod,Neutral,Special
Credits=0
ActsLike=1
NodeCount=0
TechLevel=10
PercentBuilt=100
PlayerControl=no

[Nod2]
IQ=5
Edge=North
Side=Nod2
Color=
Allies=Nod2
Credits=0
ActsLike=1
NodeCount=0
TechLevel=10
PercentBuilt=100
PlayerControl=no

[OverlayDataPack]
0=BQAAIP4AIACABQAAIP4AIACABQAAIP4AIACABQAAIP4AIACApwAAIP4qBACBAf4AAgCDAw
1=AB/v0BAIMEAAT+/AEAhwQABgAEBAH+9wEAhwEDAAQEAAb+/gEAhQYABAMD/vkBAIgDBgAG
2=AAAAAf74AQCGAwAEAAQD/vwBAIQDAAAG/jAAAIEB/ssBAIUBAAEAAf4wAACEBAAAAf77AQ
3=CEBgQABP77AQCIAwAGAAQGAAP++QEAhwYEAAQABgb++AEAiQMAAAYAAAQAAf6XAQCANgAA
4=IP5hAACFBgYABAT++gEAiAMGAAYAAAQD/voBAIcDAAQGAAAB/vsBAIMEAAH+/AEAgQH+nB
5=cAgAUAACD+ACAAgAUAACD+ACAAgAUAACD+ACAAgAUAACD+ACAAgAUAACD+ACAAgAUAACD+
6=ACAAgAUAACD+ACAAgAUAACD+ACAAgAUAACD+ACAAgAUAACD+ACAAgAUAACD+ACAAgAUAAC
7=D+ACAAgAUAACD+ACAAgAUAACD+ACAAgAUAACD+ACAAgAUAACD+ACAAgAUAACD+ACAAgAUA
8=ACD+ACAAgAUAACD+ACAAgAUAACD+ACAAgAUAACD+ACAAgAUAACD+ACAAgAUAACD+ACAAgA
9=UAACD+ACAAgAUAACD+ACAAgAUAACD+ACAAgA==

[OverlayPack]
0=BQAAIP4AIP+ABQAAIP4AIP+ABQAAIP4AIP+ABQAAIP4AIP+ApwAAIP4qBP+Bb/4AAv+Df/
1=9//v0B/4Nr/2r+/AH/h4P/g/+IcG3+9wH/h25r/2xq/2n+/gH/hXD/bIdo/vkB/4hwa/9t
2=////bv74Af+GgP+C/4lp/vwB/4Rr//9r/jAA/4Fm/ssB/4Vu/2f/h/4wAP+Eb///cP77Af
3=+Ean//Zv77Af+Ibv9s/4Jq/27++QH/h2mA/2b/b4T++AH/iYX//2n//2r/cP6XAf+ANgAA
4=IP5hAP+Fbmj/f2j++gH/iGiI/2f//4Rn/voB/4dw/4Jv//9v/vsB/4Nt/23+/AH/gW3+nB
5=f/gAUAACD+ACD/gAUAACD+ACD/gAUAACD+ACD/gAUAACD+ACD/gAUAACD+ACD/gAUAACD+
6=ACD/gAUAACD+ACD/gAUAACD+ACD/gAUAACD+ACD/gAUAACD+ACD/gAUAACD+ACD/gAUAAC
7=D+ACD/gAUAACD+ACD/gAUAACD+ACD/gAUAACD+ACD/gAUAACD+ACD/gAUAACD+ACD/gAUA
8=ACD+ACD/gAUAACD+ACD/gAUAACD+ACD/gAUAACD+ACD/gAUAACD+ACD/gAUAACD+ACD/gA
9=UAACD+ACD/gAUAACD+ACD/gAUAACD+ACD/gA==

[ScriptTypes]
0=01000000
1=01000001
2=01000023

[Smudge]
0=BURNT05,78,46,0
1=BURNT04,76,43,0
2=BURNT02,83,40,0
3=BURNT01,83,44,0
4=CRATER05,80,41,0
5=CRATER03,77,43,0
6=CRATER01,81,46,0
7=CRATER05,46,107,0
8=CRATER03,43,117,0
9=CRATER02,59,115,0
10=CRATER01,49,123,0
11=BURNT04,48,118,0
12=BURNT05,56,113,0
13=BURNT03,50,109,0
14=BURNT02,42,110,0
15=BURNT01,48,105,0
16=BURNT01,52,120,0
17=CRATER04,49,112,0

[Soviet]
IQ=0
Edge=North
Side=Soviet
Color=DarkRed
Allies=Soviet,Special
Credits=0
ActsLike=3
NodeCount=0
TechLevel=10
PercentBuilt=100
PlayerControl=yes

[Soviet1]
IQ=5
Edge=North
Side=Soviet1
Color=
Allies=Soviet1
Credits=0
ActsLike=3
NodeCount=0
TechLevel=10
PercentBuilt=100
PlayerControl=no

[Soviet2]
IQ=5
Edge=North
Side=Soviet2
Color=
Allies=Soviet2
Credits=0
ActsLike=3
NodeCount=0
TechLevel=10
PercentBuilt=100
PlayerControl=no

[Special]
IQ=5
Edge=North
Side=Special
Color=Grey
Allies=Special
Credits=0
ActsLike=5
NodeCount=0
TechLevel=10
PercentBuilt=100
PlayerControl=no

[SpecialFlags]
Inert=no
FogOfWar=no
IonStorms=no
MCVDeploy=no
Meteorites=no
Visceroids=yes
FixedAlliance=no
TiberiumGrows=yes
InitialVeteran=no
HarvesterImmune=no
TiberiumSpreads=yes
TiberiumExplosive=no
DestroyableBridges=yes

[Structures]
0=Special,V20,103,78,44,64,None,1,0,1,0,0,None,None,None,0,0
1=Special,V21,154,74,41,64,None,1,0,1,0,0,None,None,None,0,0
2=Special,V22,154,82,42,64,None,1,0,1,0,0,None,None,None,0,0
3=Special,V23,154,82,41,64,None,1,0,1,0,0,None,None,None,0,0
4=Special,V28,52,79,40,64,None,1,0,1,0,0,None,None,None,0,0
5=Special,TIBSPRDRL,256,99,79,64,None,1,0,1,0,0,None,None,None,0,0
6=Special,TIBSPRDR,256,45,71,64,None,1,0,1,0,0,None,None,None,0,0
7=Special,V20,154,47,109,64,None,1,0,1,0,0,None,None,None,0,0
8=Special,V21,103,42,112,64,None,1,0,1,0,0,None,None,None,0,0
9=Special,V22,103,46,116,64,None,1,0,1,0,0,None,None,None,0,0
10=Special,V23,51,46,117,64,None,1,0,1,0,0,None,None,None,0,0
11=Special,V24,154,52,113,64,None,1,0,1,0,0,None,None,None,0,0
12=Special,V26,103,45,119,64,None,1,0,1,0,0,None,None,None,0,0
13=Special,V27,154,50,122,64,None,1,0,1,0,0,None,None,None,0,0
14=Special,V28,154,55,118,64,None,1,0,1,0,0,None,None,None,0,0
15=Special,V29,154,53,120,64,None,1,0,1,0,0,None,None,None,0,0
16=Special,V30,102,58,117,64,None,1,0,1,0,0,None,None,None,0,0
17=Special,V29,103,60,114,64,None,1,0,1,0,0,None,None,None,0,0
18=Nod,HAND,256,76,104,64,None,1,0,1,0,0,None,None,None,1,0
19=Nod,GUN,256,70,104,64,None,1,0,1,0,0,None,None,None,0,0
20=Nod,SILO,256,81,105,64,None,1,0,1,0,0,None,None,None,1,0
21=Nod,SILO,256,81,107,64,None,1,0,1,0,0,None,None,None,1,0
22=Nod,NUKE,256,78,111,64,None,1,0,1,0,0,None,None,None,1,0
23=Nod,NUKE,256,76,111,64,None,1,0,1,0,0,None,None,None,1,0
24=Nod,SAM,256,79,103,64,None,1,0,1,0,0,None,None,None,1,0
25=Special,INGRNLMP,256,100,79,64,None,1,0,1,0,0,None,None,None,0,0
26=Special,INGRNLMP,256,45,70,64,None,1,0,1,0,0,None,None,None,0,0
27=Special,TIBSPRDA,256,29,82,64,None,1,0,1,0,0,None,None,None,0,0
28=Special,TIBSPRDA,256,82,57,64,None,1,0,1,0,0,None,None,None,0,0
29=Special,INBLULMP,256,122,49,64,None,1,0,1,0,0,None,None,None,0,0
30=Special,INBLULMP,256,115,58,64,None,1,0,1,0,0,None,None,None,0,0
31=Special,INBLULMP,256,106,69,64,None,1,0,1,0,0,None,None,None,0,0
32=Special,INBLULMP,256,115,81,64,None,1,0,1,0,0,None,None,None,0,0

[Tags]
01000007=0,Start 1,01000006
01000009=0,Reveal around 0 1,01000008
01000011=0,Reveal bridge 1,01000010
01000013=0,Reveal around 2 1,01000012
01000015=0,Reveal base 1,01000014
01000017=0,Lose 1,01000016
01000019=0,Player reinforcements 1,01000018
01000021=0,Win 1,01000020
01000026=0,Reinforcements 1,01000025
01000028=0,Play music 1,01000027

[TaskForces]
0=01000002
1=01000003
2=01000022

[TeamTypes]
0=01000004
1=01000005
2=01000024

[Terrain]
8081=ST12
9079=ST15
11078=ST13
11084=ST10
13087=BR6
14077=ST15
14084=ST13
16083=ST03
17076=ST14
17078=ST12
17086=ST14
18082=ST17
20078=ST17
21082=ST15
22085=ST11
23078=ST15
23083=ST12
23094=BR5
25083=ST14
26061=ST03
26077=ST17
26087=BR8
28061=ST12
28079=ST14
28089=BR9
29056=ST14
29084=ST13
29087=ST12
30088=BR6
31058=ST17
31062=ST11
31078=ST13
32081=ST10
32088=BR7
33058=ST11
33086=ST15
34064=ST12
34068=ST11
34078=ST12
35057=ST13
35062=ST13
35071=ST14
35085=ST12
35087=BR1
36066=ST14
36083=ST14
36095=BR1
38059=ST10
38069=ST15
38081=ST11
38084=BR2
38090=BR8
38108=BR4
39061=ST03
39074=ST13
39078=ST15
39097=BR4
40064=ST13
40073=ST15
40081=ST17
41066=ST12
41071=ST14
42069=ST17
44065=BR5
45073=BR4
45087=BR4
46102=BR5
51077=BR5
53092=BR5
55067=BR4
56076=BR4
57082=OREMINE3
58031=BR5
58085=BR4
61078=BR2
62027=BR4
63095=BR5
64072=BR4
65038=BR4
66033=BR5
67080=BR5
68018=BR4
71045=TIBTREE3
71051=BR5
72064=BR5
72087=BR5
73098=BR4
74020=BR4
74027=BR5
75060=BR1
75074=BR4
76068=BR5
78037=BR4
79099=TIBTREE
80014=BR5
81057=BR4
82029=OREMINE3
82048=BR5
82086=BR5
83009=BR4
83073=BR4
83091=BR1
84020=BR4
85032=BR5
86071=BR2
87042=BR4
87093=BR4
87104=BR4
87106=BR1
88081=BR5
89038=BR8
89066=BR5
89091=BR8
90053=BR4
91073=BR4
92027=BR4
92050=BR7
92051=SROCK01
92086=BR4
92095=BR5
93046=BR6
94041=BR2
94061=BR9
95059=BR4
95080=BR1
96021=BR5
96037=BR9
97043=BR5
97055=BR2
97075=BR5
97094=BR4
99053=BR4
99079=BR5
100060=BR5
103042=BR1
104036=BR2
105088=BR1
106035=BR4
107078=BR4
108090=BR2
109051=BR5
109061=BR4
110037=BR6
113040=BR4
113071=BR5
117049=BR5
117057=BR4
117079=BR4
119065=BR4
120068=BR2
122072=BR5
125050=BR4
125057=BR4
126055=BR1
128056=BR5

[Triggers]
01000006=Soviet,<none>,Start,0,1,1,1,0
01000008=Soviet,<none>,Reveal around 0,0,1,1,1,0
01000010=Soviet,<none>,Reveal bridge,0,1,1,1,0
01000012=Soviet,<none>,Reveal around 2,0,1,1,1,0
01000014=Soviet,<none>,Reveal base,0,1,1,1,0
01000016=Soviet,<none>,Lose,0,1,1,1,0
01000018=Soviet,<none>,Player reinforcements,1,1,1,1,0
01000020=Nod,<none>,Win,0,1,1,1,0
01000025=Soviet,<none>,Reinforcements,0,1,1,1,0
01000027=Neutral,<none>,Play music,0,1,1,1,0

[Units]
0=Nod1,VISC_LRG,256,97,78,64,Guard,None,0,-1,0,-1,1,0
1=Nod1,VISC_SML,256,102,81,64,Guard,None,0,-1,0,-1,1,0
2=Nod1,VISC_LRG,256,88,53,64,Guard,None,0,-1,0,-1,1,0
3=Nod1,VISC_LRG,256,47,73,64,Guard,None,0,-1,0,-1,1,0
4=Nod1,VISC_LRG,256,45,68,64,Guard,None,0,-1,0,-1,1,0
5=Nod1,VISC_LRG,256,43,73,64,Guard,None,0,-1,0,-1,1,0
6=Nod1,VISC_LRG,256,44,81,64,Guard,None,0,-1,0,-1,1,0
7=Nod1,VISC_LRG,256,52,74,64,Guard,None,0,-1,0,-1,1,0
8=Nod1,VISC_LRG,256,49,79,64,Guard,None,0,-1,0,-1,1,0
9=Nod1,VISC_LRG,256,53,86,64,Guard,None,0,-1,0,-1,1,0
10=Nod1,VISC_LRG,256,39,73,64,Guard,None,0,-1,0,-1,1,0
11=Nod1,VISC_SML,256,48,71,64,Guard,None,0,-1,0,-1,1,0
12=Nod1,VISC_LRG,256,80,83,64,Guard,None,0,-1,0,-1,1,0
13=Special,CAR2D,103,77,42,64,Guard,None,0,-1,0,-1,1,0
14=Special,CAR2A,52,18,89,96,Guard,None,0,-1,0,-1,1,0
15=Nod,BGGY,256,80,112,64,Area Guard,None,0,-1,0,-1,1,0
16=Nod,BGGY,256,80,111,64,Area Guard,None,0,-1,0,-1,1,0
17=Nod1,VISC_LRG,256,44,115,64,Guard,None,0,-1,0,-1,1,0
18=Nod1,VISC_LRG,256,51,111,64,Guard,None,0,-1,0,-1,1,0
19=Nod1,VISC_LRG,256,51,115,64,Guard,None,0,-1,0,-1,1,0
20=Nod1,VISC_LRG,256,48,103,64,Guard,None,0,-1,0,-1,1,0
21=Nod1,VISC_SML,256,51,121,64,Guard,None,0,-1,0,-1,1,0
22=Nod1,VISC_SML,256,24,91,64,Guard,None,0,-1,0,-1,1,0
23=Nod1,VISC_SML,256,72,92,64,Guard,None,0,-1,0,-1,1,0
24=Nod1,VISC_SML,256,100,54,64,Guard,None,0,-1,0,-1,1,0
25=Nod1,VISC_LRG,256,41,78,64,Guard,None,0,-1,0,-1,1,0
26=Nod1,VISC_LRG,256,49,87,64,Guard,None,0,-1,0,-1,1,0
27=Nod1,VISC_LRG,256,54,82,64,Guard,None,0,-1,0,-1,1,0
28=Nod1,VISC_LRG,256,56,74,64,Guard,None,0,-1,0,-1,1,0
29=Nod1,VISC_LRG,256,42,70,64,Guard,None,0,-1,0,-1,1,0
30=Nod1,VISC_LRG,256,37,76,64,Guard,None,0,-1,0,-1,1,0
31=Nod1,VISC_LRG,256,33,69,64,Guard,None,0,-1,0,-1,1,0
32=Nod1,VISC_LRG,256,31,73,64,Guard,None,0,-1,0,-1,1,0
33=Nod1,VISC_LRG,256,34,89,64,Guard,None,0,-1,0,-1,1,0
34=Nod1,VISC_LRG,256,27,96,64,Guard,None,0,-1,0,-1,1,0
35=Nod1,VISC_LRG,256,46,78,64,Guard,None,0,-1,0,-1,1,0
36=Nod1,VISC_LRG,256,53,78,64,Guard,None,0,-1,0,-1,1,0
37=Nod1,VISC_LRG,256,35,73,64,Guard,None,0,-1,0,-1,1,0
38=Nod1,VISC_LRG,256,37,69,64,Guard,None,0,-1,0,-1,1,0
39=Nod1,VISC_LRG,256,49,76,64,Guard,None,0,-1,0,-1,1,0
40=Nod1,VISC_LRG,256,54,89,64,Guard,None,0,-1,0,-1,1,0
41=Nod1,VISC_LRG,256,97,82,64,Guard,None,0,-1,0,-1,1,0
42=Nod,AILTNK,256,76,106,128,Guard,None,0,-1,0,-1,1,0

[Waypoints]
0=45082
1=94065
2=117051
3=108078
10=100025
11=76011
12=84018
13=23098
98=30099
99=29099

[Digest]
1=ym3MddH/hE2Nq+gczYMbhqgiagk=

