[Basic]
Win=SAMDIE
Lose=OBEL
Name=The Toxic Diversion 2: The Breakthrough
Brief=NODFLEES
Theme=STOPTHEM
Player=TTEGDI
Percent=0
GameMode=Custom Map
HomeCell=98
InitTime=10000
Official=yes
EndOfGame=no
FreeRadar=yes
MaxPlayer=8
MinPlayer=2
SkipScore=no
TrainCrate=no
TruckCrate=no
AltHomeCell=99
OneTimeOnly=no
CarryOverCap=0
NewINIFormat=4
NextScenario=Maps\Missions\TTE3A.MAP
SkipMapSelect=yes
CarryOverMoney=0.000000
AltNextScenario=<none>
MultiplayerOnly=0
IceGrowthEnabled=no
VeinGrowthEnabled=no
TiberiumGrowthEnabled=yes
IgnoreGlobalAITriggers=no
TiberiumDeathToVisceroid=yes

[AITDHARV]
Owner=GDI,GDI1,GDI2,Nod,Nod1,Nod2,SiegeNod,BonusGDI,TTEGDI
CollateralDamageCoefficient=0.033

[CMDR]
Pip=green
Cost=300
Name=Commander
Armor=none
Image=E5
Owner=GDI
Sight=10
Speed=4
FSName=Commander
Points=6
Primary=XORail
Category=Soldier
Strength=1250
Locomotor={4A582744-9839-11d1-B709-00A024DDAFD1}
TechLevel=-1
Trainable=no
CrushSound=SQUISH2
TypeImmune=yes
SelfHealing=yes
ThreatPosed=25
MovementZone=Infantry
PhysicalSize=1
Prerequisite=HAND,TMPL
ImmuneToVeins=yes
TiberiumProof=yes
VoiceFeedback=
EliteAbilities=STRONGER,FASTER
VeteranAbilities=STRONGER,FASTER
AllowedToStartInMultiplayer=no

[Difficult]
ROF=0.91
Cost=1.0
Armor=1.0
Airspeed=1.0
BuildTime=1.0
BuildDelay=.03
Groundspeed=0.9
RepairDelay=.02
DestroyWalls=yes
BuildSlowdown=yes

[E1]
Trainable=yes

[E2]
Trainable=yes
CollateralDamageCoefficient=0.033

[E3]
Trainable=yes

[E4]
Trainable=yes
CollateralDamageCoefficient=0.033

[E5]
Trainable=yes

[Easy]
ROF=0.75
Cost=0.80
Armor=1.2
Airspeed=1.0
BuildTime=1.0
BuildDelay=.001
ContentScan=yes
Groundspeed=0.9
RepairDelay=.001
DestroyWalls=yes

[GSYRD]
Factory=none

[General]
VeinDamage=2

[HTNK]
Strength=8000
Trainable=yes

[IQ]
RepairSell=5

[InfantryTypes]
2000=CMDR

[JEEP]
Trainable=yes

[MSAM]
Trainable=yes

[MTNK]
Trainable=yes

[NUKE]
IsBaseDefense=yes

[PYLE]
IsBaseDefense=yes

[SILO]
IsBaseDefense=yes
CollateralDamageCoefficient=0.033

[TDPROC_AI]
Owner=GDI,GDI1,GDI2,Nod,Nod1,Nod2,SiegeNod,BonusGDI,TTEGDI

[VEINTREE]
Strength=1000

[Preview]

[PreviewPack]

[01000002]
0=2,AILTNK
Name=SiegeNod reinfs
Group=-1

[01000003]
0=1,AIHVC
Name=Possible additional SiegeNod reinfs
Group=-1

[01000004]
0=0,5
Name=Attack vehicles

[01000005]
Max=5
Full=no
Name=SiegeNod LT reinfs
Group=-1
House=SiegeNod
Script=01000004
Whiner=no
Droppod=no
Suicide=no
Loadable=no
Prebuild=no
Priority=5
Waypoint=U
Annoyance=no
IonImmune=no
Recruiter=no
Reinforce=no
TaskForce=01000002
TechLevel=0
Aggressive=no
Autocreate=no
GuardSlower=no
OnTransOnly=no
AvoidThreats=no
LooseRecruit=no
VeteranLevel=1
IsBaseDefense=no
OnlyTargetHouseEnemy=no
TransportsReturnOnUnload=yes
AreTeamMembersRecruitable=yes

[01000006]
Max=5
Full=no
Name=SiegeNod HVC Reinfs
Group=-1
House=SiegeNod
Script=01000004
Whiner=no
Droppod=no
Suicide=no
Loadable=no
Prebuild=no
Priority=5
Waypoint=U
Annoyance=no
IonImmune=no
Recruiter=no
Reinforce=no
TaskForce=01000003
TechLevel=0
Aggressive=no
Autocreate=no
GuardSlower=no
OnTransOnly=no
AvoidThreats=no
LooseRecruit=no
VeteranLevel=1
IsBaseDefense=no
OnlyTargetHouseEnemy=no
TransportsReturnOnUnload=yes
AreTeamMembersRecruitable=yes

[01000021]
0=6,E5
1=4,AIMLRS
2=4,VISC_LRG
Name=Anti-Civilian force
Group=-1

[01000022]
0=3,1
1=11,5
Name=Kill Civilians

[01000023]
Max=5
Full=no
Name=Civilian Killer team
Group=-1
House=Nod2
Script=01000022
Whiner=no
Droppod=no
Suicide=no
Loadable=no
Prebuild=no
Priority=5
Waypoint=V
Annoyance=no
IonImmune=no
Recruiter=no
Reinforce=no
TaskForce=01000021
TechLevel=0
Aggressive=no
Autocreate=no
GuardSlower=no
OnTransOnly=no
AvoidThreats=no
LooseRecruit=no
VeteranLevel=1
IsBaseDefense=no
OnlyTargetHouseEnemy=no
TransportsReturnOnUnload=yes
AreTeamMembersRecruitable=yes

[01000024]
0=4,E3
1=2,E1
2=2,AILTNK
3=1,AIMLRS
Name=Nod2 Reinfs
Group=-1

[01000025]
Max=5
Full=no
Name=Primary Nod2 reinfs
Group=-1
House=Nod2
Script=01000004
Whiner=no
Droppod=no
Suicide=no
Loadable=no
Prebuild=no
Priority=5
Waypoint=W
Annoyance=no
IonImmune=no
Recruiter=no
Reinforce=no
TaskForce=01000024
TechLevel=0
Aggressive=no
Autocreate=no
GuardSlower=no
OnTransOnly=no
AvoidThreats=no
LooseRecruit=no
VeteranLevel=1
IsBaseDefense=no
OnlyTargetHouseEnemy=no
TransportsReturnOnUnload=yes
AreTeamMembersRecruitable=yes

[01000026]
Max=5
Full=no
Name=2nd Possible Nod2 reinfs
Group=-1
House=Nod2
Script=01000004
Whiner=no
Droppod=no
Suicide=no
Loadable=no
Prebuild=no
Priority=5
Waypoint=W
Annoyance=no
IonImmune=no
Recruiter=no
Reinforce=no
TaskForce=01000003
TechLevel=0
Aggressive=no
Autocreate=no
GuardSlower=no
OnTransOnly=no
AvoidThreats=no
LooseRecruit=no
VeteranLevel=1
IsBaseDefense=no
OnlyTargetHouseEnemy=no
TransportsReturnOnUnload=yes
AreTeamMembersRecruitable=yes

[01000027]
0=10,AILTNK
1=6,AIFTNK
2=6,AIMLRS
Name=Anti-GDI Squad
Group=-1

[01000038]
Max=5
Full=no
Name=Anti-GDI Squad
Group=-1
House=Nod
Script=01000004
Whiner=no
Droppod=no
Suicide=no
Loadable=no
Prebuild=no
Priority=5
Waypoint=V
Annoyance=no
IonImmune=no
Recruiter=no
Reinforce=no
TaskForce=01000027
TechLevel=0
Aggressive=no
Autocreate=no
GuardSlower=no
OnTransOnly=no
AvoidThreats=no
LooseRecruit=no
VeteranLevel=1
IsBaseDefense=no
OnlyTargetHouseEnemy=no
TransportsReturnOnUnload=yes
AreTeamMembersRecruitable=yes

[01000055]
0=5,AIFTNK
1=10,AILTNK
2=2,AIMLRS
Name=Anti-GDIBase force
Group=-1

[01000056]
0=3,6
1=11,5
Name=Enjoyably Crush GDI Base

[01000057]
Max=5
Full=no
Name=Anti-GDIBase Squad
Group=-1
House=Nod
Script=01000056
Whiner=no
Droppod=no
Suicide=no
Loadable=no
Prebuild=no
Priority=5
Waypoint=X
Annoyance=no
IonImmune=no
Recruiter=no
Reinforce=no
TaskForce=01000055
TechLevel=0
Aggressive=no
Autocreate=no
GuardSlower=no
OnTransOnly=no
AvoidThreats=no
LooseRecruit=no
VeteranLevel=1
IsBaseDefense=no
OnlyTargetHouseEnemy=no
TransportsReturnOnUnload=yes
AreTeamMembersRecruitable=yes

[01000058]
Max=5
Full=no
Name=2nd Anti-GDI Squad
Group=-1
House=Nod1
Script=01000004
Whiner=no
Droppod=no
Suicide=no
Loadable=no
Prebuild=no
Priority=5
Waypoint=Y
Annoyance=no
IonImmune=no
Recruiter=no
Reinforce=no
TaskForce=01000027
TechLevel=0
Aggressive=no
Autocreate=no
GuardSlower=no
OnTransOnly=no
AvoidThreats=no
LooseRecruit=no
VeteranLevel=1
IsBaseDefense=no
OnlyTargetHouseEnemy=no
TransportsReturnOnUnload=yes
AreTeamMembersRecruitable=yes

[01000067]
0=2,AIFTNK
1=2,BGGY
2=3,BIKE
Name=Nod Outpost Assistance
Group=-1

[01000068]
Max=5
Full=no
Name=Nod Outpost Assistance
Group=-1
House=Nod
Script=01000004
Whiner=no
Droppod=no
Suicide=no
Loadable=no
Prebuild=no
Priority=5
Waypoint=Z
Annoyance=no
IonImmune=no
Recruiter=no
Reinforce=no
TaskForce=01000067
TechLevel=0
Aggressive=no
Autocreate=no
GuardSlower=no
OnTransOnly=no
AvoidThreats=no
LooseRecruit=no
VeteranLevel=1
IsBaseDefense=no
OnlyTargetHouseEnemy=no
TransportsReturnOnUnload=yes
AreTeamMembersRecruitable=yes

[01000071]
0=2,AIHVC
Name=Hovercrafts
Group=-1

[01000072]
Max=5
Full=no
Name=Additional Nod Outpost Assistance
Group=-1
House=Nod
Script=01000004
Whiner=no
Droppod=no
Suicide=no
Loadable=no
Prebuild=no
Priority=5
Waypoint=Z
Annoyance=no
IonImmune=no
Recruiter=no
Reinforce=no
TaskForce=01000071
TechLevel=0
Aggressive=no
Autocreate=no
GuardSlower=no
OnTransOnly=no
AvoidThreats=no
LooseRecruit=no
VeteranLevel=1
IsBaseDefense=no
OnlyTargetHouseEnemy=no
TransportsReturnOnUnload=yes
AreTeamMembersRecruitable=yes

[Actions]
01000000=10,17,0,0,0,0,0,0,A,17,0,1,0,0,0,0,A,17,0,2,0,0,0,0,A,11,0,11,0,0,0,0,A,37,0,8,0,0,0,0,A,17,0,5,0,0,0,0,A,17,0,6,0,0,0,0,A,37,0,16,0,0,0,0,A,53,2,01000007,0,0,0,0,A,46,0,0,0,0,0,0,A
01000007=3,48,0,2,0,0,0,0,G,11,0,12,0,0,0,0,A,53,2,01000009,0,0,0,0,A
01000009=4,48,0,2,0,0,0,0,C,11,0,13,0,0,0,0,A,53,2,01000011,0,0,0,0,A,37,0,16,0,0,0,0,A
01000011=7,48,0,1,0,0,0,0,AY,47,0,0,0,0,0,0,A,11,0,19,0,0,0,0,A,17,0,3,0,0,0,0,A,17,0,4,0,0,0,0,A,17,0,7,0,0,0,0,A,17,0,8,0,0,0,0,A
01000013=5,80,1,01000005,0,0,0,0,U,53,2,01000015,0,0,0,0,A,53,2,01000017,0,0,0,0,A,56,0,0,0,0,0,0,A,80,1,01000023,0,0,0,0,B
01000015=2,80,1,01000006,0,0,0,0,U,53,2,01000019,0,0,0,0,A
01000017=1,80,1,01000005,0,0,0,0,U
01000019=1,80,1,01000006,0,0,0,0,U
01000028=4,80,1,01000025,0,0,0,0,W,53,2,01000030,0,0,0,0,A,53,2,01000032,0,0,0,0,A,80,1,01000057,0,0,0,0,X
01000030=1,80,1,01000025,0,0,0,0,W
01000032=1,80,1,01000026,0,0,0,0,W
01000034=1,80,1,01000006,0,0,0,0,W
01000036=2,80,1,01000038,0,0,0,0,V,11,0,21,0,0,0,0,A
01000039=3,28,0,4,0,0,0,0,A,11,0,14,0,0,0,0,A,53,2,01000041,0,0,0,0,A
01000041=2,48,0,2,0,0,0,0,G,53,2,01000043,0,0,0,0,A
01000043=2,11,0,17,0,0,0,0,A,47,0,0,0,0,0,0,A
01000045=5,11,0,15,0,0,0,0,A,53,2,01000047,0,0,0,0,A,46,0,0,0,0,0,0,A,53,2,01000051,0,0,0,0,A,56,0,1,0,0,0,0,A
01000047=3,11,0,16,0,0,0,0,A,48,0,2,0,0,0,0,B,53,2,01000049,0,0,0,0,A
01000049=1,47,0,0,0,0,0,0,A
01000051=1,36,0,16,0,0,0,0,A
01000053=1,16,0,0,0,0,0,0,A
01000059=2,80,1,01000058,0,0,0,0,Y,11,0,21,0,0,0,0,A
01000061=1,1,0,16,0,0,0,0,A
01000063=2,2,0,16,0,0,0,0,A,11,0,8,0,0,0,0,A
01000065=2,17,0,9,0,0,0,0,A,11,0,18,0,0,0,0,A
01000069=2,80,1,01000068,0,0,0,0,Z,53,2,01000073,0,0,0,0,A
01000073=1,80,1,01000072,0,0,0,0,Z
01000075=2,11,0,20,0,0,0,0,A,36,0,16,0,0,0,0,A
01000077=4,41,0,5,0,0,0,0,BI,11,0,22,0,0,0,0,A,17,0,60,0,0,0,0,A,55,0,2,0,0,0,0,BI

[Allies]
IQ=0
Edge=North
Side=Allies
Color=Gold
Allies=Neutral
Credits=0
ActsLike=2
NodeCount=0
TechLevel=10
PercentBuilt=100
PlayerControl=no

[Allies1]
IQ=0
Edge=North
Side=Allies
Color=Gold
Allies=Neutral
Credits=0
ActsLike=2
NodeCount=0
TechLevel=10
PercentBuilt=100
PlayerControl=no

[Allies2]
IQ=0
Edge=North
Side=Allies
Color=Gold
Allies=Neutral
Credits=0
ActsLike=2
NodeCount=0
TechLevel=10
PercentBuilt=100
PlayerControl=no

[BonusGDI]
IQ=0
Edge=West
Side=GDI
Color=Orange
Allies=BonusGDI,Nod,Nod2,SiegeNod
Credits=0
ActsLike=0
NodeCount=0
TechLevel=10
PercentBuilt=100
PlayerControl=no

[Briefing]
1=Your base got devastated by some new Tiberium-based multimissile
2=after Nod failed to destroy it by other means. The missile started
3=spreading dangerous tiberium veins and gas all around the base,
4=and with the damage it dealt you couldn't have held the base for
5=much longer. So, the only possible way to survive was running away.@@
6=With the base gone, the area is now strictly controlled by Nod.
7=However, there should be some GDI outposts nearby which could possibly
8=give you some more forces in your disposal. Nod is also using civilians
9=in the area for some weapon testing, if you'd help them they'd
10=surely be grateful.@@
11=Your main objective is gathering a force large enough to break
12=through Nod's defences to the North. Go there as far as you can until
13=you get to GDI's territory.

[CellTags]
42055=01000066
42056=01000066
42057=01000066
43057=01000066
44057=01000066
45036=01000078
45057=01000066
46036=01000078
46039=01000078
46040=01000078
46057=01000066
47036=01000078
47039=01000078
47057=01000066
48036=01000078
48039=01000078
48057=01000066
49035=01000078
49036=01000078
49039=01000078
49040=01000078
49056=01000066
49057=01000066
50022=01000062
50023=01000062
50035=01000078
50056=01000066
51021=01000062
51022=01000062
51035=01000078
51036=01000078
51039=01000078
51040=01000078
51056=01000066
51057=01000066
52020=01000062
52021=01000062
52036=01000078
52057=01000066
53019=01000062
53020=01000062
53036=01000078
53039=01000078
53057=01000066
54017=01000062
54018=01000062
54019=01000062
54037=01000078
54038=01000078
54057=01000066
55056=01000066
55057=01000066
56056=01000066
57056=01000066
57057=01000066
58034=01000078
58035=01000078
58057=01000066
59034=01000078
59057=01000066
59058=01000066
60058=01000066
61058=01000066
62058=01000066
63058=01000066
64057=01000066
64058=01000066
65057=01000066
66057=01000066
67032=01000066
67033=01000066
67034=01000066
67056=01000066
67057=01000066
68056=01000066
72042=01000066
72043=01000066
72044=01000066
72045=01000066
72046=01000066
72047=01000066
72048=01000066
101085=01000001
102083=01000001
102084=01000001
102085=01000001
103082=01000001
103083=01000001
104082=01000001

[Events]
01000000=1,1,0,16
01000007=1,13,0,20
01000009=1,13,0,40
01000011=1,13,0,40
01000013=2,16,0,1,28,0,4
01000015=1,28,0,3
01000017=1,13,0,5
01000019=2,13,0,5,28,0,3
01000028=2,16,0,1,37,0,0
01000030=1,13,0,5
01000032=1,28,0,3
01000034=1,13,0,5
01000036=2,36,0,0,16,0,5
01000039=2,9,0,9,37,0,0
01000041=1,13,0,20
01000043=1,13,0,20
01000045=2,9,0,14,36,0,0
01000047=1,13,0,20
01000049=1,13,0,20
01000051=1,13,0,1
01000053=1,8,0,1
01000059=1,38,0,0
01000061=1,1,0,8
01000063=1,48,0,0
01000065=1,1,0,16
01000069=1,6,0,0
01000073=1,13,0,10
01000075=1,5,0,15
01000077=1,1,0,16

[GDI]
IQ=0
Edge=North
Side=GDI
Color=Gold
Allies=GDI,GDI1,BonusGDI,GDI2,Neutral,TTEGDI
Credits=0
ActsLike=0
NodeCount=0
TechLevel=0
PercentBuilt=0
PlayerControl=yes

[GDI1]
IQ=0
Edge=North
Side=GDI1
Color=Gold
Allies=GDI1,SiegeNod
Credits=0
ActsLike=0
NodeCount=0
TechLevel=10
PercentBuilt=100
PlayerControl=no

[GDI2]
IQ=0
Edge=North
Side=GDI2
Color=Gold
Allies=GDI2,GDI,GDI1,BonusGDI,Neutral,TTEGDI
Credits=0
ActsLike=0
NodeCount=0
TechLevel=10
PercentBuilt=0
PlayerControl=yes

[Houses]
0=GDI
1=Nod
2=Allies
3=Soviet
4=Neutral
5=Special
6=GDI1
7=Nod1
8=GDI2
9=Nod2
10=Allies1
11=Allies2
12=Soviet1
13=Soviet2
14=SiegeNod
15=BonusGDI
16=TTEGDI

[Infantry]
0=GDI2,CMDR,256,77,124,0,Guard,64,01000064,0,-1,0,1,0
1=Neutral,C2,256,48,101,1,Guard,64,None,0,-1,0,1,0
2=Neutral,C3,256,47,94,1,Guard,64,None,0,-1,0,1,0
3=Neutral,C4,256,53,101,1,Guard,64,None,0,-1,0,1,0
4=Neutral,C6,256,49,92,1,Guard,64,None,0,-1,0,1,0
5=Neutral,C5,256,54,97,1,Guard,64,None,0,-1,0,1,0
6=Neutral,C7,256,54,94,1,Guard,64,None,0,-1,0,1,0
7=Neutral,C8,256,52,88,1,Guard,64,None,0,-1,0,1,0
8=Neutral,C9,256,51,98,0,Guard,64,None,0,-1,0,1,0
9=Nod2,E5,256,58,81,1,Guard,64,None,0,-1,0,1,0
10=Nod2,E5,256,54,80,1,Guard,64,None,0,-1,0,1,0
11=Nod2,E5,256,56,80,1,Guard,64,None,0,-1,0,1,0
12=SiegeNod,E4,256,96,81,0,Guard,0,None,0,-1,0,1,0
13=SiegeNod,E4,256,106,83,0,Guard,64,None,0,-1,0,1,0
14=SiegeNod,E3,256,98,84,0,Guard,64,None,0,-1,0,1,0
15=SiegeNod,E3,256,94,82,0,Guard,64,None,0,-1,0,1,0
16=SiegeNod,E3,256,93,79,0,Guard,64,None,0,-1,0,1,0
17=SiegeNod,E3,256,103,84,0,Guard,64,None,0,-1,0,1,0
18=SiegeNod,E3,256,108,87,0,Guard,64,None,0,-1,0,1,0
19=Nod,SPE3,256,50,47,1,Guard,64,None,0,-1,0,1,0
20=Nod,SPE3,256,47,51,1,Guard,64,None,0,-1,0,1,0
21=Nod,SPE3,256,40,52,1,Guard,64,None,0,-1,0,1,0
22=Nod,SPE3,256,39,49,1,Guard,64,None,0,-1,0,1,0
23=Nod,SPE3,256,46,47,1,Guard,64,None,0,-1,0,1,0
24=Nod,SPE1,256,49,50,1,Guard,64,None,0,-1,0,1,0
25=Nod,SPE1,256,48,44,1,Guard,64,None,0,-1,0,1,0
26=Nod,SPE1,256,42,49,1,Guard,64,None,0,-1,0,1,0
27=Nod,SPE1,256,37,53,1,Guard,64,None,0,-1,0,1,0
28=Nod,SPE4,256,43,51,1,Guard,64,None,0,-1,0,1,0
29=BonusGDI,E1,256,83,32,0,Guard,64,None,0,-1,0,1,0
30=BonusGDI,E2,256,84,33,0,Guard,64,None,0,-1,0,1,0

[IsoMapPack5]
0=Lw8AIAYCADsAagUAAANoAAM6AGkFAACVATuJAQp1AjyIAQMPAAAEADmJAQFoAa0FBmgBrQ
1=ULaAGtBRBwCKEEB2gBoQQMaAGgBAIRAAAGAKEECGgBoAQBDQAAB9UCCWgBtAIHDgAACAA/
2=ACcEAGAAAwgAOQBoBWQBAQAIADqJAQVhBDuIAQEKAAAJwQQBaAGhBAZoAaAEAQsAAArBBA
3=JoAaEEB2gBoAQBDAAAC8EEA2gBoAQBCAAADCgNAgzBBAR0AqAEBQkAAA0AOQBnjBEBAA0A
4=OogBAwwAAA4AOIkBBWgBoQQJaAGgBAUNAAAPAC4AZ68bDwAviQEDdQIwiQEGaQE3hQgCaA
5=GwCZQCsQkKdAKwCQEOAAAQ0QkBaAGxCQRoAbEJB2gBsQkDaAGwCZQCsAkDCwAAEQBC6C0G
6=EQAxAD8EAAACdAKwFIgBvQoFdAK9CghoAQEsAKsEaDkDABEANwBspzQRADiJAQRhBDmIAQ
7=MIAAASAEjrDBIAMIkMAXcCMQBmvyASADKJAQN1AjOJAQZpASuJDAJoAbUNB2kBLZUCDGgB
8=oA+QCaEPBXQCoQ8JaQE6jBACDQAAEwC1DQFoAbUNBGgBtQ0HaAGpDAhoAagMmQYulQ0SdA
9=KpDAZoAakMCmgBqAwGDgAAFAA0AE4Ebl4AFNUNAnQCtQ0FaAG1DQhoAbUNCWgBtA2ECAEu
10=AK8EanAAFMUpB2AEtQ0LaAG0DQMPAAAVAEDzKhUAM4EPAXQCrRAGaQEtkAmUAr0KBHUCL5
11=UCB2kBOI1oAGgBsWwFaAGgXAEKAAAW3QoCaAG9CgdpATWVDQxoAb0KBWgBvQoIawEwAMW2
12=GBYAqQwBdAKpDAZoAagMBgsAABcALAA5AZd7FwAtKCkAK+wbAhcAMwBItUQX3SsIeAatEA
13=1pAS+VDQFoAaEPBGkBMZUCB2gBrRACaAGsEJQCrBABDAAAGCgNAhgoDwIYAEztEBjNEAFt
14=BTSZEQNoAa0QDmsBLwCishQYAK0QBXQCrRAIaAGsEJgGrBABCAAAGSgLBxkAR/QNAhkAMg
15=BhswkZADOJAQRtBTSIAZgGtQ0BdQIwgA+ABKgMiAGoDAEJAAAaKG0DGt0KAXQCvQoFaAG8
16=CowFsAmXAi4ApK8QGgAviQEDbwVUAGqjfRoAVYkBAncCOABr9QI5iAEDBQAAGwAr9TkbKA
17=0CG80QAmAErRAGaAGtEAprAS4AoaEPG8EPBHUCMI0QB2gBrRABaAGtEANoAawQlAKsEAEG
18=AAAcKOEBHChhBxzNEANgBK0QB2gBrRALaAGtEAFpAS+ZEQRoAa0QCGkBU+NnHABUiQEFdQ
19=JViQEKaAG5EQJoAbgRiwxGAHGM7QEAHQAq+z0dAD0oKQBPKCsAMgBLvyAdADOIAQUCAAAd
20=AFcAZPUCWIgBlAKxFAVjBC0ApeEELogBgAS9FQFgBL0VBmgBvRULaAG9FQNoAb0VCGkBRZ
21=wVmAapFwR3AkMAc7s9HQBEiAGLDEcAdPUCSIgBBQIAAB4AIAA+ocoe1RgDdAK1GAFoAbQY
22=lQIfgb8IdwIwAGi3GB4AMYgBgQQyiQEGYwQsAKPhBC2IAYAEpB6JAS+RHwVvBUEAZrcuHg
23=BCiAGECKgikBSpIgdsBakiDGgBqSIEaAGpIglrAUkAbfAJtCOECLQjlA20I4wbtCOYEbQj
24=lAK0IwMDAAAfACX7PR8AH4ElAXcCVwBjrxsfAFiJAQJ1AlmJAQRpASAjpSAAaQEhiAGRCS
25=KJAQZ0ArgnkAm4J5gGuScHYQQslIaECLgngQQuhCmBBECAJYQIuCeABLgngQRDgQQKcAmk
26=KYwQpSkIdQJIgCWECKwmhQhKlAKECAE4AH8FIgQpAQAfADmIAQMIAAAgAC+ZqwBoAb0gAW
27=gBvSADaAG9IAVoAbwggAS9IAR0Ar0gB2gBvSACaAG8IJgGvCCUDbwghQgtiCKECLwggASw
28=H5gGsB+UAqQejAWlHgloDKQelA2kHpgGpB6bBj0Ab6tkIAA+iAGBGj+JAQZnCDsAcOEEPI
29=gBkQlSlHCPBUAAeeMESwB6olEgAKQplA2kKZkROpAqAw0AACEARuuxIQBHKCkAM/RPASEA
30=IwAl3SchwTABeQYwjTEDaQFXkc8AaQFYiQEEaQFZiQEIaAGtMQJoAa0xBWgBrDGABLwrlQ
31=IrkLmRCSyIAYsMKgCnul4hAKAljBCgJZQNoSUHfQpMjCaFCE2IAYUITokBBmAEpCmECKQp
32=gQRPkCqZBlCIAZ0VUZwrjAWoLZcNUwB4qy0hAFSIAYwFoDCNBUGMMZ0KSowxlAK4MoUIN4
33=AwmAakNIQTpTQKcBSkNAEOAAAiKFsGIgAijTEBdAK0LogBtS4FdAK1LglpAS6RggBpAS+J
34=AQJpATCJAQRpASOMqoEEJIkBA3UCJYkBBmgBoDCNBS2NMQd0AqwxgQ8rmDKDBF0AtaQ0Ai
35=IARADG6QFFiAGBD0aIAY8FKADL4QQpiAGAD6A7jAWgO4AatDmUDbQ5hAi0OZgRvDaABLw2
36=kAm8NpAJvDaQCbw2jAW8NowFuDKABLgylAK4MogMuDIDCwAAIwA+/mIjAKEwAnQCoTAGaA
37=GhMApoAaEwAWgBoTADaAGhMAVoAaAwgAShMAR0AqEwB2gBtS4IaAGoLZkGLJQulwJHAKwk
38=My0jAF6AMIQIoDCcCqAwgA+gMIcIQgDHozAjAEOIAZgGuDKYBrgylQIqhDSZETYjwT8AeR
39=E3iAGRCTiIAYQeJEVAD2AEvDaUI7w2AQUAACTNJgNoAa0mB2gBrSYLawEuAGKnEyQAL4kB
40=BHQCoSUCaAGgJZAJoSUIdwImAG6/ICQARokiAXQCtCOFCEiUApcNKwCtJNkhJMwmkwlcAL
41=fhD12IAZAUoCWQCaAljQVEjSYJaAygJZQCoCWYEaAlmAahJQZsBaAlmBygJQEQAAAlKO0p
42=JSgrFiUAHv9MJQAxKCkAWigrAEUANLwVAiUATQA36wFSADvpAVOJAQNrDFYAPfUCV4gBlQ
43=JYiQEGYwRUAF/hBFWIAYAErTEBYAStMQVpASWILZQCtS4EdQInlQIHaAG0LowFtS4IdQIq
44=lC6YBqAwiQxJlQICYQRcnVcAaAGgMJ0KXowxnQosI9A2mAa4MpgGuDKUGLkyCmQItC6YBr
45=UuDHQCtC4BEQAAJiipBSYoexUmAEzj4CYAPOktJijPDyYAQShXAFAAObpIJgC1LgF8CrUu
46=BGgBtC6UArQulAK1LgdgBLQugAS0LoAEtS4CYAS1LgZoAb0rCGsBKACmsDUCJgAqAKjpAU
47=iEKZAJsSoDbAW0spwKpCmHCEUAwOkXK5AqmAa8K40FLZQCkRRKiAGQCagtlAKpLQtoDKgt
48=nAqoLQENAAAnKCcFJwBPgSUBdAKtJgNoAa0mAmgBrSYFaAGsJpQCrCaUAq0mCGAErCaABK
49=wmgASsJpwKrSYHbwUnAKC2IycArCaNECmZJwRhBEiBqQBoAaQpgQQrkCqDBFwAtOQIpCmV
50=DUSYJ4wFpCmAD7gngAS4J50VSZgnjAWkKZ0KS5QCkxRGAMimlycApSkJeBGkKQMOAAAoAB
51=nrTigANSgpAFkoKQBQnXgAbQVRiQEDaQFSiQEGawEuAFa3GCgAL4gBgQQwiAGDBDoAXeEE
52=O4gBgQQ8iAGBBD2JAQlxCTGcg5UNMogBjQU+iAGVAj+IAZUCTogBlQJPiAGXAkAAYPUNQY
53=gBlQJhI7gojQViiQEEdQ1jiQEIaAG1OQFpASiBOwVoAbQ5iQEqgDuMBaA7jQVJjDyRCSaA
54=O4gMrDyZBiyUApkGXZg9jAWwNYAEsDWBBEWQNZwKvDaNBUeVAgd4EQE2AI4GI8NKKAA3iA
55=GBBDiIAYUIOYgBAwwAACkAIek4KSjDPykARChUAKE7AWwFoTsEaAGhOwdrAUIAQacpKQBD
56=iQECdwIsAEz1Ai2IAZUCSokBAGEES4gBlAKoQ4gMqEOIDKhDiAyoQ4AEqEOABKhDgASpQw
57=p/CjMAXuEPNIgBiQw1iAGZBkyIAY0QTYgBgASkSogMpEqMBaRKlAKkSpQCpEqUAqRKlAKk
58=SpQCpEqUAqRKlAKlSgVwFKVKCWgBuUgGaQEphEqVGCQjpCuRFCWJAQNgBLhIhAi4SJ0KJ4
59=xHlA2sR4MEWwC2/SBciAGECKxHhB6sR4wFrUcIaQxImUgLaAEBGwDKBCP6OykApEqUDaRK
60=mAakSpQYpEoBDQAAKihRGyooUxsqAFTmSioApUoCbAWlSgVoAaVKCGgBpUoBaAGtRwNoAa
61=BGiAGgRoQIoEaECKBGhAigRoAEoEaABKBGgAShRgt8CqBGlA2gRogMoEaYBqBGgASgRoAE
62=oEaIDKBGjAWgRpQCoEaUAqBGlAKgRpQCoEaUAqBGlAKgRpQCoUYGcBShRgppAUMjaTQAaQ
63=FEiAGZEUWIAY0FKiMQSoEEK4gBgQQsiAGDBEgAaatDKgBJiAGBBEqIAYAEoFGVIyQjdFGQ
64=CaFRBGEPJo1SB2gBtE+JFyiAUZwrqE6NBV2UT48FWgC44Q9biAGBDxqcTJwrqE6RCRyVAg
65=loDLRPiCK0T5AUtE+IIrRPAQ4AACso9QkrKPQJAysANQD9A4eiKwAn4lErACcuUysAtS4D
66=ZAi1LgdoAbUuC2gBtS4BaAG1LgRoAbQujAW0LoAEtC6ABLQugAS0LoAEtC6ABLQugASoLY
67=EEJZQugQQaI9VHAHQNtS4IaQFaJp4qKwC8K5QCsCqZBlycK5wKsSoGeAaxKgppAR2cK4wm
68=sCqMBbAqAwsAACwAXiYbKiwAXygrADUA9qQpAiwAMwD46wEyAPnrATQA+ukBLvcuLAAwKC
69=kAWOMwLABgKCsAKQBHqEMCLABGAFu/jiwAR4kBCHkRYSMhNgBpAWKJAQRoAbkyAmgBuTIF
70=aAG4MpgGuDKABLgygAS4MoAEuDKABLgygAS4MoAErDGUAq0xAWkMG5gyjRAjkGGEE7m2A2
71=EEICMgIJUCIpT/iQFbnDaYBqQ0iwwRAL/lHhKJAQdlCB6IsZAJvDaYMr02D2AEJNx0hAgk
72=3HQDDAAALQAZ8zUtAEEoKQBKKCgAJ2EHLShgBwItAC4A77w2Ai0AMgDx6wEwAPTpATPnPy
73=0ALfs9LQAv+z0tABb3OS0ATSgpAGUoKwBgACmvPC0AKpk9A3wVDkUAWwQAAAEAAC0ARgBb
74=BAAAEQAA0A4AIA4FAAAtAEcAWwQAAAkAAC0ASIkBDWgBBGEAYgQAAAFpAWKIAYwFAicAaQ
75=QAYwAtACiJAQNhBCmJAQZrARoAoeAEAxsAogQAAJgGBCQApAQAAARhBCWJAQdrASAApukM
76=IYgBgwQiAKf1AiOIAZcCWwC18wlXALfpDFiIAY8QWQC59QJaiQECaAwDEwC+BAAAgwQRAL
77=/lCBKJAQhjBB0AyPUNHogBlQ0fiAGQFAE2AGcF1Rg3iAGBJTiIAQYNAAAuABgAOQFkIgEA
78=LgAZKCkASSgpAEooKQBVKCkAVigoAAEtAO8DxwgwAPHrAS4A9OkBMigrADEA+PUCZSgrAC
79=wA+fcCXgD76QFkKCsAXwD89wJmAP7rAT4AJ68mLgBTKCkAXSgpAEWdQQJ5HEaJAQZoAaFG
80=CmgBoUYOaAGgRowFoEaMBaFGAWAEoUYEaAGhRgdoAaBGgQQbjEeABLVECGAEqUMFaQEilE
81=SUAqhDlQIklESVAleVRABsBahDkQlZlESUDalDA2EEW5REhQgSlESMEKBGmQYUlAKZBhWI
82=AYQeoEaYHKBGhAigRo0QII1HC2kMNZREjAW4SIgiuEiQCbhIAw4AAC8AHP9BLwAdKCkASy
83=goACfuCC8AJ+8ILwAu7EcCLwAsAPKjOy8ALSgpADAoKQAxKCsAXwDz7wUyAPbrAWUA9+kB
84=KuRKAi8AKwD69QIvKCkAYCgpAGHnSi8AHu9HLwAjKCgABGgALgQAAAh5HGmJAQxrAWMANL
85=RPAi8AJgBJ6AG9TAdgBL1MC2sBIQBg4QQiiQEDdAK8TI8FSABn4QRJiAGBBEqJAQZsBaFR
86=AmgBoVEFaAGgUYQTtE+VAmqFlwBjBBkApf0KGogBhwgYAKj1AliJTgRsBbxMkAm4SJAJuE
87=iUArhIgRoWlESQFLREiAG0RIAatEQBCwAAMChpCDAoawgwADzrQzAAPSgrAC4A9bM1MAAq
88=9zkwADPvMTAAQigpAFsoKQBnmTIFdA2xNQloAbE1DWsBXQA3pB4CMABgAD3pAWGJAQNhBG
89=KJAQZoAbU5AWkBJ4A7gwQfAEz5BiCJAQJjBCMAXvUCJIgBlQIliQEEYASkP5AJpD+UArg9
90=lAK4PZQCuT0HeAaoOIEEa5Q5gASoOJkRG5Q5hB60OY0FGYA7jwVHALKu1jAArDyPBVQAtv
91=0VVYgBkwlWALr1AleIAZUYFYw8nAq4PZ0KF5QCkBQBNQB3BYO/MAA2iAEDAgAAMQAp9zkx
92=ACooKAAnuQcxKLsHMQBNKIEALvd7MQAv5sMxACe+GDEAJ5MYMQAt83cxADAoKwBkAP2vRz
93=EAMut6MQAS90QxAFAoKQBmgEacFa1HBmgXrUcKaAG1RAFoAbVEBGgBtUQHaAEDSwBDBAAA
94=hAi9QQN1Al6JQwBpAV+IAYAEtESQCbREjAW1RAVsBbREjAW0RJQCqEOIAalDCG0FHSO0Io
95=kMHogBkQkfiAGVGGqc0IAErEeECKhDiQEalESRCUaURIQToEaBBEiVAgl0DbREkR9WgEaR
96=H1OI0okMVIgBjBCsR4kBWJhIkAm4SIwbuEiUArhIjRAYhUoLdA0BMwBmBSO/IzEANIgBgB
97=q8TJAUvEwBAwAAMiidCTIonwkyAEzlSjIocwkyAFIoVQBkJjMiMgAv840yACzzjTIAMSgp
98=ABP3yDIAWygpAGMmXyIyABT/TDIAXCgpACf+TDIAvEycFb1MB2gXsUsCaAGxSwVoAbFLCG
99=kBSpFLAWgBvEyECKRKiwFdAGgkYygyAF6JAQZsBahDmAapQwR0AqhDgA+oQ4EEa5REgASk
100=P4QIpT8KewZGALSzgjIAUygoALBAkBSkP4UIVZBAiQwynDaIDLQ5gAS0OYEENYIECgB0uv
101=kyMyg3BzMARChUACd/EDMATihUACc3BzMAZCYjIDMAE+M7MwAv6zgzAFsoKQAS6zgzAGUm
102=PykzAAv3hjMAGSgpAFcoKQBgKCkAMOM7MwBYKCsAQQA1oyUzAEojqTEAbRtLiQEEaQFchT
103=QBaAG8NpQCvTYHdAK9NgJoAb02BWgBvTYIawEcAHGyjTMAvDaDBGkAo+EPaokBA20FaCM8
104=KYwQtTkLdQJHiDiBD1QoKAC8NosMMgBlsrkzALw2iAy8NoMELQBxr3M0ACbvMTQAJygpAC
105=goKAAnDxg0AEMoVAAnYQc0KG0ONChjBzQAUSisACePBzQAEiZTMTQAZSgpAGD9xTQo5wc0
106=AFfzQDQAC/d7NAAZKCkAFfNANABW/3g0AF8oKQAW60M0AGEoKAAn1zE0AEjnPzQATCgoAL
107=BABQEAADQAWwBIuTI03EGUAr1BBWAEvUECaAG8QZQCvUEIdQIbmD2YBqU/A3UCHZQCjQVn
108=I00gAHQCpT8EaQFrkUAHaAGwQIUIaZxBgwRGALPkE7xBkAm8QYsBUwC8uoo0ALxBhQgziE
109=OPEC4Ab7dENAAviAGVAjCJAQZhDyyURJgGoEaDDyoAc/kGK4gBkx8xAHm1AjUoGgk1ACcZ
110=CTUoMRc1KMEINSjDCDUAEib7MDUAFSgpAAv3RDUAE/dENQAWKCkAV/eGNQAZJvgwATUAYQ
111=Al+jA1ACcnMTUAFyYzIjUAGCgpAFgoKQAR50o1AAwmMyI1ABQoKQAI80s1AAnnSjUADSgp
112=AFkoKQA950o1AFYoKQBfKCkAZigpAEn8jgI1AGIANqM7NQBjiAEBAgAANcFRAWkBXI1SA2
113=gBrJSABK1SBnQCpEqNBWiRSwR0AqVKCGgBuUgFaQFqhEqUAqRKmQZHkEuRCVKYSJQCpEqR
114=CVSVAgdlCCmFSgBoAaRKjAWkSowFpEqNBSSESogXsEuIF7BLmBGwS4QIsEuMBbBLlQIynE
115=wBAwAANihFCTYoRwk2AGr/jjYADe9HNgAR40Y2AAnjRjYAFygpAFgoKQAL+0g2ABIoKQAY
116=KCkAWSgpABX/TDYAEO9HNgAK40Y2AA7/QTYAbfg9AjYAYAAtJEMvNgBhiQEIYBqxQAFoAb
117=BAiAGwQIceUgA4qEMCNgBaAFK3ezYAW4kBBngGvEGMBb1BB3cCZwCg+Aa9QQV0Aqw8gQRI
118=mT0MdAKsPIAErDyEE6w8mREqmD2JDCWJhQB5BiaIAZUCJ4gBmBG9QQJgBLxBnQojkECQCb
119=1BBGEEIYyJkQkiiAGZBiiYPQMAAAA3AGnhOzcojwc3AA3jOzcADigpABDnNDcAD/d7NwAM
120=5zQ3AFwmIyA3ABr7MjcAOSgpAFEoKQBUKCkAX5E1AXgRqTgFaAGpOAlpAWKBBA1oAbA1jw
121=VKADyjMDcAS4kBA2EETIkBBmkBWYg4jAWhOwR0AqE7B2sBVQBd5QhWiAGFCFeIAYUIWIgB
122=jRBTI1RCjCakP50KaJBAnBWlPwh8CqQ/nxVFAMfpDEaIAY0QHyOEJ5UNIIgBlA2kP5wKpD
123=+MBaQ/nBWtPAJoDKw8gA+sPJgGrDycCqw8lQIpmD0BAwAAOCiPBzgAa+c/OABc+3Q4AAzv
124=PDgAD/dwOAAK7zw4AAv3cDgAXSgpAF7jcjgABvNAOAAJ7jw4AK08AmwQrTwGaAGtPApoAa
125=08DmkBbCYqQjgArTwBdAKtPARoAa08B2sBTQBBvys4AE6IAYkMUyNlOQBhBFSIAZQCvEGI
126=Ab1BBWAEvUEIaAG8QZQNvEGUDbxBlA28QZwVpD+VGGmQQJYCZgAlwyk4AGeIAZQuvEGMG7
127=xBiAy8QY0QR4lDCW0QHpxBgAS0RIwQtESNECGABJQNoEaAGqBGAwUAADkABud2OQBeJlsn
128=OQAK4zs5AAn3OTkABefvOQAHJns2OQBE/zY5AGMoKAC9NgdoDL02C2gBpTQCaAGkNIwQpT
129=QIdAKlNAFoAa0xA2sBTwBRpq05ALQuhAi0LoQItC6ECLQulw1aAGG7PTkAW4kBBHEJXIgB
130=jQVOI0BQlQJSI1AxlQ1TiQEGbAWwNZAJpDSNBWiQNY0bZSP9YgBtBWaIAYQIvDaQFLw2kA
131=m9NgpsBbA1iBewNZsRHgB9JAMnOgBe82w6AAnuMToAJ+sjOgBf4zA6AEr2LjoAJ58UOgBM
132=/2I6ADLs1gI6AFEAR6siOgBOkCoCAQAAOgC9KwRpAVCVAgdoAbgngAS5JwV0ArknCWgBrS
133=YCaAGsJpkGZSMlPAB0AqElCGgBtCOJDGeAJY0FSCMlXQNgBKAllAKhJQt1Ah4jzFyFCB+I
134=AQMMAAA7AFP3kTsAYSgpACr/IDsALSgpADQoKQBAKCgAJ785OwBdKFUAbigoAK0mAXUNUo
135=0mA2gBoSUFaAGhJQhpAVGNJgtoAa0mAmgBrSYGaAGtJgpoAbQjnQpmgSUEdAKoIpEJR4gi
136=gAS0I4EESZUCB20FSogBkwlNAMokDyM7AB2UI4QTrSYJbAWsJgMNAAA8AEfhJTwo+UY8KC
137=cFPABzKIEAdCgoACeTTzwAavQjAjwAXwAqu0g8AHAjgSwAaQxxiQECaAG9IANoAb0gB2gB
138=vSALawFVAJ/lCFaIAZkGV4kBBGAEtSMFaQFlIwQtiQxUI8xniAG0I4AEtSMIbAW0I4oMSw
139=AiMG+NEEyBJQFgBKwmmQZOlQIJdQIcmCeMEKUpBnQCpSkKaAGkKQMOAAA9AEb1Iz0oUQU9
140=KPoEPQAn+wQ9ADvsJgI9AGEAK6cePQA/gSUAcQlAiQECaAGlKQFoAaUpA2sBLwA5JKxCAj
141=0AWgBj5QhbiAGZBlyJAQRsBaQpmAalKQV1AlP6Jz0ApCmJDGaUApgGsCqVAlWcK5UCSpgn
142=lAKkKZUCTJUCB3wKpSkGaAGlKQppAU+QKoAlsCqYEbAqmAawKgELAAA+KPsEPgBI8yo+AF
143=0oKQBeKCgAJ3cPPgB08yo+AGsm0TY+0SoBfAqxKgNpAS6YJ5QCpCmUAqQplAKkKZQCpSkF
144=eAasJoEEVOIlPgCsJoEEZCPBYABtBWWJAQJoAbgngQRWhSkIdQJSI4BYjAWwKowFsCqMBb
145=AqjQVNnCuVI1CIAYQTvCuUAr0rD38KHABqv8U+AB2IAQECAAA/KD0/PygmBT8AJyUFP+RV
146=DwAAPwAlACcEAAAAAAA/AGsANREAAMIOACAKBAAAAQAAPwBbAFUEAGMAPwBciAEFAwAAPw
147=B3AGn1AniIAZUCeYkBBmAEBFQAogQAAAVpAWSJAQBoAQNlAKUEAACNBWaIAYMEUgCo9Q1T
148=iQEEbwVPAMj1AlCIAZUCUYkBB2AEBBwAagUAAAFpAR2IAQYDAABAADoAOQF4FQEAQAA7KC
149=kATSgpAE4oKQByKCkAcygrADcAJ68bQABWKCkAYigpAG4oKwBLADDtBUyJAQJsEANoADkE
150=AACLAV0AQeEEXogBlAKxKgFsBbEqBGgBsCqUArAqlAKxKgdgBKQpgQRlkCqABK0mBWEEVJ
151=knCGgBuCeUDbgngAS4J4EEUoUpC2wFARcAbwXNJhiIAYUpGYkBBmMEGgBw4QQbiAGfChUA
152=c/UCFogBlwIcAHj1Ah2IAQECAABBKFkGQShbBkEAMOcpQQBBKCkARigpAGooKACpLQFwCa
153=ktA2kBZ4gtlAK0LpQCtC6XAnYASaEwQchZmBG1LgVnCHQAX+EEdYgBhwheAGf1Al+IAZUC
154=YIkBBngGsDWQCbA1kAmxNQhgBKQ0lwJkAKnwCQETAGYFh2BBABSIAZAJoDCcFaEwBGQIoT
155=AHaAGgMIAEoDCYEaAwlAKgMJQCoDCUAqAwAwMAAEIAXeNcQgBQ8ypCAGYoKAChJQFtBXeM
156=JpsGbwBMqxdCAHCJAQJjBHEAXvUCcogBlQJziQEEYASwKpAJsCqXAloAYvkGW4gBlAKoLY
157=wFqC2UAqktB3AJuCeBBGWEKYUTEpgnlAKwKpgGsCqZBhWBBApkCLwrkBS9KwV3AhEAca8x
158=QwBc9SNDKKMEQwB2KFUAIuIlQwAnTAoCQwBhAD+hfUPUIwIDAABDALUjAWgBtCOUArUjBX
159=QCtSMCaAG0I5QCtCOYBrQjlAK0I4wFtCOUArUjCGcIbQBosypDAG6IAZUNb4kBBmAEtCOY
160=BrQjmQYIlXsAYQQJiAGZBgqIAZkGDYgBgQQOiAGBBA+IAYEEC4SBgQQMiAGRFBCQKpQYvS
161=sEawwSAHmzgkQAZvMqRABnKCkAdSgoACfUBQJEAF4AIawbAkQAXQAi6wFfACPpASj7MkQA
162=TigpAGQoKQBzKCkAYJA1AgEAAEQAqS0CaAGpLQZrAWEAZv0KYokBA3UCY4gBgASoLYQIqS
163=0EYASpLQdrAXsAtuUIfIgBhwh9ALn1An6IAYAPtC6ECLQuhAi0LogMtC6ABLQugAS0LoAE
164=tC6IDLQunAq1LgV4EbQujQUTgDABAwAARSgBBkUoAAYCRQBfAByzFEUALO8mRQA7KCkAWS
165=gpAGydgwBzCWgAXfkGaYgBiQxqiQEGYQRriQEJaAG0LoAEtS4HdAK1LgFoAbUuBGgBtC6A
166=BLUuAnQCtS4FaAG1LghoAagtmQZ9lC6bBnoAt+UTe4gBgA+gMIkBf4wxkAm0LogMtC4FBQ
167=AARgBfABunCEYAXvdPRgBS/CACRgB0ADTjBHIAOOsBZABEsoJGAKElAXEJbY0mA2gBrCaU
168=Aq0mBHQCrSYHaAGtJgppAWWNqgBpAWaJAQJpAWeIAZsGWgBh4Q9biAGVAlyJAQhsBbwrmA
169=a8K4wbvCuDBHYAs+QIuCeUAqwmkQl8mCeFE3mMJpkReogBnwp3ALrlCHiIAQMCAABHAIDp
170=ekcocAkCRwBhACCvBUcAXPMqRwBd6HoCRwBiACXhBBfrLUcAKigpADUoKQBAKCkAfSgoAK
171=0xAW0QY4wxiAG5MgN0AqAwkBShMAV0AqEwCGgBoTALaAGgMIQIoDCECKAwmAagMIAEoDCU
172=ArAqlQJ3nSsGcAmkKYgMuCeRCXuEKZgGuCeVAnmEKQMFAABIAH/lKUgoUAUCSABdABihJU
173=gopwpIAGH/eEgAZOktSCgjFUgAZf8rSAAR7yZIAEgoKAAneytIAHUoVAC5HAJ4EbkcBmgB
174=vUwKaAG5HAdpAXiEHgEMAABJKL8CSQCB9BgCSQBhAAirF0kAX/cYSQBk/21JAF30GAJJAG
175=IAH+0FYPvBSQBjKCgAJw8jSQBy/xVJAHooKwBMADfkCLUYA2QTtRgHaAG1GAtoAbUYCGgB
176=tRgNawF2ALSnCEoARvcYSgBHKCkAeigpAGHjGkoAYuEaSihBA0ooMwxKAGT4HAJKADsAJO
177=kMM+sXSgA5KCkAVygpAH8oKwBuADX7BloAS+kBW4gBAgIAAEoAtRgOaQF3lBgDBAAASwA+
178=/RVLKEEDSyhDA0sAeCiBAHkoKAAnbAMCSwBdABm3DUsAYigpAGQoKwA7ABrgBCcjFUsAPP
179=c5SwBlKCkAXOVVSyilCksojwdLAHrrhUsAe+uFSwB/7yZLAD33WksAZigpACXiJUsAJ6gQ
180=AksAggAr5BO5JwFpIm8jJTECaAG5JwNpAVgjSTsAaQFZiAGVAlqJAQZ0ArEqBWkBdZDPjQ
181=V2iAEDAwAATAA9+SdMKNUFTCh+BUwAJ30FTCgzDEwAe/tITAB/8ypMAGHnSkwAPO9HTABl
182=KCsAXAAerhtMACe3DEwAfvsnTAB8+ydMAIAoKQAW4yVMAEUoKQBMKCkAaygpAG6BJQFsG6
183=wmmBygJZQCoSUEYAShJQdpAXOVTwBoAbQjgQR3gCWBBHSYoIEEdYgBAQIAAE0oogRNACcb
184=FE0APOOITQB7KCkAZe0mTSgbFE0AgPQjAk0AXwAdtyNNAHwoKQA+41FNADrjUU0AXigpAH
185=koKQA7/45NAD0oKQB6KCkAQe9STQBEKCkAP+1STSh7Ck0AU/IqTQAnyCoGTQBXAFAEAAAE
186=cB+wKpwgsSoFdAKxKghpAXSQKowFpCmUArknA2EEdoQpmwYYAAokuzNNABmJAQZjBBoAHy
187=RlLk4ouzNOAHfxVk4oAwZOAH4oVAAnLwZOAEH2Lk4AJ38QTgBE81ZOADrxVk4o0wpOAD75
188=Mk4ohwZOAGX7Mk4AXutZTgB5KCkAeygpAEP/Nk4AQuMwTgA5711OAGQoKQBF4TBOKIMhTg
189=A24zBOAHAoKQCCKCgArDEDBQAATgBYmTIJaAG0LpcCcgC4p0pOAHOJAQNhBBedKwFoAbUu
190=BGgBtS4HaAEBEwALBSOHSE4AFIgBgQQViQECYQQWiAGUAqQ0kQkbkDWVAhyIAQIHAABPAC
191=ftNE8oCwdPAIDjME8AOuuxTwA+KCkAPPsyTwBD7zFPAEHjME8AYestTwA/6y1PAEAoKQB/
192=/mJPACdfDE8Age8xTwCC9y5PAHvwKgJPAH0AKq0mT81dBnQYvSsKaQFZiS0OawFmAKrtBW
193=eJAQN3AnIAtfQCtS4EdQJ0gDCIIqEwAnQCoTAFaAGhMAhoAbQulAK0LpwKtC6UArQuhAi0
194=LpQCtC4DCAAAUABp82FQAGooKAAn8TpQKAwNAlAAFQBOJFNSUAAWKCkAFygpABgoKQAZKC
195=kAGigpAEP3nFAAPP9tUAA/KCkAQPc5UAB/9zlQAHnvMVAAQvNhUAB4KCkAPe/AUAB6KCkA
196=feeXUABE6DgCUABaAEMkYTNQ0WELfSBZI308AGgBsTUBaAGxNQRpAWidNgdpAXOcNpQCsD
197=WHKRsANKuQUAAciAEBAQAAUShRBVEozgRRACfOBFEAJ84EUQAnzgRRACfPBFEAG/knUSi/
198=GFEAP+cpUQB9KCkAeucpUQA942dRAEAoKAAniwxRAH/rZFEAe/NhUQA+6y1RAHwoKQB+KC
199=kAO/cuUQBB6y1RAEf/YlEAXCgpAFYmZzlRAFmULogioTADdCO9KwVoAb0rCGsBaQCuJH5d
200=UQCoLYMEcQDHt2VRAHKJAQRvBRwADbcuUQAdiAGVAh6IAQMIAABSACH3WlIAbSgoACexEV
201=IoLQZSKC0GUigtBlIoLQZSKC4GUgAnKwtSAEH3kVIAeigpAHvpWVIovxhSAD/3WlIAfeGT
202=UijjF1IAROstUgBFKCkARv1XUiiMHQJSAFkAY6siUgBaiQECZR5biQEEaQFohSkBaQFpiA
203=GVAmqJAQd0ArAqgASxKgV1AnOdKwloAbwrgAS8K4AEvCuBBB+ILQMNAABTACP9K1MoOS5T
204=KFNSUwBsKIAAJy8GUwBwKFQAJzEMUygBBlMoAQZTKAMGUwAc/WJTKC8RUwA/7V1TKDsYUw
205=B79i5TACebJFMAd/teUwB17cBTKEMkUwB24zBTAHgoKQBA+15TAHkoKQAk+l5TACdrP1MA
206=UShVAHwoKQCAKCsAXgAtJJskUwBfiQEIZCmhOwFoAaE7A2gBoTsFaAG0OYgBtDmbBmsAsK
207=BnAlMAYwC9qkNTAK08AngGrTwGaAGtPApoAaA7lAKgO5QCoDsDDgAAVAAi5TRUKI8HVABF
208=KFQAJzs5VABbKFQAJztaVABvKFQAJ7kHVCiNB1QojQdUKI0HVCiPB1QAHfs9VABA95xUAE
209=P7PVQAeepvVAAn6Q1UKH8mVAB380BUADzvn1QAdfdwVABC/0FUADv/QVQAQeY/VAAngyxU
210=AETnP1QAYfc5VAB2KCsAfgApozBUAF2BOwFkKbk9BWgBuT0JaQFggQQNawFZAGT5BlqJAQ
211=J1AmqAO4QIrTwEdQJslQIHaQFtiQEKaAGkP40FZJBAjAWkP4wFpT8LbwV0AMm2T1QApD+X
212=Ah8ADyRLclQAIIgBAQYAAFUoSQ9VKIU9VSjzDlUAce08VSg1B1UoNQdVKDUHVSg3B1UAHu
213=M7VQB76ThVKN8GVQBA/zZVAEQoKAAnNwdVADv3OVUAQvc5VQA64dVVKLY4VQAnMThV2TIC
214=bBu4MpgcuTIKdAK5Mg5oAbkyAWgBuTIDaAGtMQVoAa0xCGgBrTELaAGsMYgMrDGPBWUAvr
215=t0VQBzgDCcCqwxgQR1lQIJZwhuAMymNFUAuDKQCbkyB2EEIYQ0AQwAAFYoqQVWKKkFViip
216=BVYoqwVWAB/3LlYAQCb/IFYAfOVrViiLLVYAd/syVgBE6S1WKDMtVgB942dWAEPhZ1YoyR
217=RWKJ8UVgB+4GcBVgBBACWPVFYAaeJnVgCtMQdgGq0xC2kBWSOlbQBoASQBXgRpAXAjdFGV
218=AnGIAQ0CAABWAHIAuwQAAAAAAFYAEQAAAg8AIA9zALsEAAACAABWAGQAvgQAAAFpAWWJAQ
219=RpAWaJAQdpAWeJAQpoAQR0AMkEAAAGaQF1iAGVAnaJAQ53Am0AzPEJbokBBXUCb4kBCWgB
220=BCAADwUAAAhpASGJAQ1pASKIAQcSAABXAHYAOQEAYwBXAHcoKwAcAE71Ah0oKQAeKCkAHy
221=gpACAoKAABfQAIBGwJAwBXAD8AGOkBeSgrAHwAGfcCQwAc6wFAAB3pAX4oKwB6ACH1Anso
222=KwBWACf3AmsAMukBbIkBAmMaWQBiqyJXAFqJAQV0AgRxALoEAAADaQFyiAGUArgylAIDdA
223=C7BAAAlAK4MogBuTIIeAa5MgtrAWgAwvMJOwDG7RA8iAGNED2JAQRsBbw2mQZumTIGdAKl
224=NAppAXCVAg5oAQEnAAsF2ScoiAGRCSmIAZMJJAAM4QQliAGBBCaIAYAErDyTCSoAJO0FK4
225=gBjwUiADP1AiOIAQECAABYKBEIWCgSCFgAJ+YHWAAn5gdYACfmB1gAJ+cHWAAh80BYAEPv
226=PFgAP+88WAB5KCkAfSgrAEIAILsnWAB0KCkARPg9AlgAdQAj4wRFACXpAV3yQFgAsUABdB
227=ixQANoAbBAjBuxQAZ3Aj4Aq6w8AlgANwC48Qk4iAGZBjmRQABtBTqIAYUIZ5g9iAylPwRh
228=BGmVAgdoAbBAgASwQJAJsUAFYQRvjTwLaAGsPIwFrDyMBaw8jAWsPIAErDyABKw8gwQrAA
229=2rOFgALIgBmREtiQEIaAykP4QIuD2IAbg9AwMAAFkAW+N9WQByKCgAJ40HWSiNB1kojQdZ
230=KI8HWQAi+z1ZACMoKQAkKCkAJSgpACYoKQAnKCkAKCgpACkoKQAqKCkAdPtIWQB1KCsAPw
231=AavDYCWQB5ABvoASdHCVkAQuCIAlkAQQAf4QRz80tZAEDzS1kAdigpAHcoKQB4KCkAS/5M
232=WQCkSpgnpUoHZSk9hUoBaAGxSwZrATYAt+EPN4gBmAa9TARhBDmIToQIvEyBBDuJTgVgBL
233=xMiAG9TAh3AmoAw75XWQCwQIAPsECMBbFACW0FLpxBAw0AAFoAZ+88WgBoKCkAcSgoACcR
234=CFoo5QdaKOUHWijlB1oo5QdaKOYHWgAn5gdaACfmB1oAJ+YHWgAn5gdaACfmB1oAJ+YHWg
235=An5wdaACvzQFoAfevHWgBB94ZaAHMoKAAnWxFaAH7/NloAf+uFWgBi6zhaAGUoKQBvKCkA
236=eigrAFoAQL82WgBbiQECeCesPIgBrTwHdQI/hT8MawE0ALT4Brk9BHUCOIQ/jAW5PQh1Aj
237=WRzwBpATaIAZ0KaYE7AXQCrTwGaQFrlQILaAGsPJQCrTwKdAKsPAEOAABbKI0HWyiPB1sA
238=ae08Wyg1B1soNQdbKDUHWyg1B1soNQdbKDUHWyg1B1soNQdbKDYHWwAnNQdbKDUHWyg3B1
239=sALOM7WwBz63pbAHnoegJbAEEAHqcpWwB9KCkAcuA7AlsAcQAi4QR07zxbAHooKQBT9zlb
240=AHUoKwBtACz4Bq08AW8mWwBm9QJciQEDdQJdiQEGaAG5PQhoAbk9DWkBQIU/EmkBNYU/BG
241=gBuD2MBaA7kQk3jTwFYAShOwdoAaE7DGgBtTkLawEuACW/ulsAL4gBAwIAAFwAYOs4XABh
242=KCgAJx0PXCiNB1woYQdcKGEHXChhB1woYQdcKGEHXChhB1woYQdcKGEHXChhB1woYQdcKG
243=EHXChjB1wALe48XAC9KwF0GL0rBGgBvSsHaAG9KwloAb0rDmsBQACwJHYlXAC9KwV3AjMA
244=ubM1XAA0iAGXIzIAvOwFvSsIbAW9Kw1oAbAqjBCwKgEDAABdKFEFXShRBV0ozQRdKM0EXS
245=jNBF0ozQRdKM0EXSjNBF0ozQRdKM0EXSjNBF0ozQRdKM8EXQBQ5FUGXQBeAFkEAAAEcRRf
246=iQEIaAGlKQJoAaUpBWgBpCmBBD+NJgF0ArgnhQhBlQIHdQJCiQEKaAG4J50gNYQpkQkxhC
247=mECLAqhQgzlAKHCGwAv6otXQCpLQlwCaktDmsBLQASv1ddAC6IAYkML4gBAQYAAF4o2yFe
248=AFzpWV4oAwZeAGIoVAAnVSFeKAEGXigBBl4oAQZeKAEGXigBBl4oAQZeKAEGXigBBl4oAw
249=ZeAF2JLQFwFKEwBWgBoTAJaQFggQQNawFDAK++IF4AqC2MBaktCGAEqS0LaAGkKYAEpCmB
250=BGuEKZQNsSoEbQVtlQIHaAGkKYAEpCmABKQpAQcAAF8oJQVfKCUFXyihBF8ooQRfKKEEXy
251=ihBF8ooQRfKKEEXyihBF8ooQRfKKMEXwBI51VfAFcoKQBpKCkAcCgoALEqAnwVsSoGaAGx
252=KgpoAbEqDmkBQpEqAWgBvSsEaQFElAKEHqElBXQCoSUIaQFuIw0uA2gBrCaUDawmjAWsJg
253=EIAABgKEkEYChJBGAoSQRgKEkEYChJBGAoSQRgKEkEYChJBGAoVSFg0XcHdA25HAtrAWAA
254=Z6eXYABhiQEDdQJiiQEGawFbAGjhBFyIAYEEXYgBgASpIgVsBagigxpFALGjUWAAbZ0gAW
255=AEqSIEaQFvlAKbES0AEa9zYAAuiAGJDC+IAQMGAABhAF/pb2EodQRhKHUEYSh1BGEodQRh
256=KHUEYSh1BGEodgRhALEfAWgMsR8EaAGxHwdoAbAfgASwH4AEsB+BBESYHIAEpB6BBEaUAo
257=AEpR4FcAmlHghpAXAj8CSUArAfhAiwH4QIsB8DBwAAYgBe8R9iKB0EYijxA2Io8QNiKPED
258=YijxA2Io8QNiKPADA2IAPwD9AyM8PwJiAEQA/+gBAWwALgQjS0ZiAG2JAQxsEAJjAEMEAC
259=KESAJiAFoASbxBAmIAUwBd6QFUiQEDbQVViQEGaQFWiQEJawFRAGDtBVKIAYwFoTACYASh
260=MAVoAaEwCGgBoDCABKAwgASgMIAEqC2JAW+RKgF4BrwrjRBxlQILdAKoLZAJqC2QCagtAQ
261=gAAGMofgVjACdlI2MofQVjKH0FYyh9BWMofQVjKH0FYyisIQJjAD8A9bwrAmMAQQD56wFC
262=APzpAUXvMWMAa5UuBXgRrTEJaAGtMQ1pAWKNMQFoAbkyA2gBuDKVAluENJQCpDSUAqU0BG
263=wFpTQHaAGlNAprAVcAXqc0YwBYiQECdQJZiAGYBqg4kAmoOJcCTwBs+QZQiAGABKAwiAyh
264=MAxzCS4AEKN9YwAviAEBAwAAZChRBWQoUQVkKFEFZChRBWQoUAUCZABBAO+4JwJkAD8A8e
265=sBQgDy6QFFKCsAQAD49QJDKCsARAD69QJG7zFkAGbzxGQAao0xAnAUuTIGaAG5MgpoAbwr
266=gAS9KwV0Ar0rCGgBvSsLaAG9KwFoAbwrkB+8K5gGvCuQCbwrlwJiAGG/K2QAY4kBBGUIZI
267=gBiAyoLYgBqS0NYASoLZQNqC2ZBjCULgEHAABlKKkFZSipBWUoqQVlKKsFZQA/6y1lAEAo
268=KQBG9C4CZQBBAPakKQJlAEMA9+kBR+gtAmUAPgD79QJI6y1lAEzpLWXJLQNkE6gtkBSxHw
269=F0ArEfBWgBsR8JaAGwH4gBsR8OdQJyjH6MBb0gAnQCvCCUArwgAQgAAGYo8QNmKPEDZihH
270=CWYAR/hIAmYARgDztBgCZgBAAPTpAUgoKAAngjdmAKkXAmgMqRcGaAGpFwpoAb0VAWgBvB
271=WBBHOJFwt3Ai0AE7dlZgAuiQEDdQIviAEBBgAAZyi/AmcAQPMUZwA/8xRnAEj/jmcAQfYu
272=ZwAnf1JnAGvhMGfdFQN8Cr0VB2gBvRULaAGwFJQCsRQMdAKxFAFoAbEUBGgBsBQDBwAAaA
273=BB+xFoAEjoQwJoAEIA/rsnaABiIx1cAG0FY4kBBGsBSgCfu15oAEuJAQJ1AkyIAYAEuREI
274=dAK5EQ1oAbgRjAW5EQV0ArgRAwgAAGkAWOUeacEPAXQCoQ8FaAG1DQNoAbQNlwJKAKK6EW
275=kAoQ8JYASgDwMOAABqAEz39GoATSgpAFQoKQBVKCgApR4CeAahDwZoAakMAWkBS5UNBGsB
276=SQCnoQ9rKIkBayiKAWsAJ4oBawAniQFrKNE2ayg9E2vEHgIDAABrAKEPB2gBtQ0FawFHAK
277=T1DUiIAYwFrRABYQRKmBEDBAAAbABf5CkCbABiAGS7BmwAY4kBAmMERgCj9QJHiQEDdAK8
278=CoUISYkMB3QCvQoFaQFLiAwDCAAAbQBZ6QxtyQwBdAKpDANpAUaBJQBoAakMBGkBSJUNB2
279=gBqAwDCAAAbgBjI9FMAGkBZIkBAmgBpQgBaQFHkQkEaAGkCAEIAABv2QYBaQFkI1UsAGkB
280=ZYkBA2kBZokBBmgBpQgFawFFAKWzH28ARogBAwIAAHAASPFAcCixBnAoJgVwAKkMAWwFqQ
281=wEaAGpDAdrAUUAoL0KcN0KA3UCR4kMBWsBPwDKJI8+cQBH9Q1xKOEBcSjBCHEoDgJxACcz
282=WXEAUvUucdgRAgIAAHEAuREFaAG5EQhoAbkRAWkBRoQTgwQ9AKazFHEAPpgRgASkE4EEQJ
283=QCAQkAAHIoZwJyAEn9FXIo5wdyAF77EXIAPIkMAHgGtQ0GaQFHlQIKaQFFiDiABK0QAXUC
284=PpkRBGgBrBCYBqwQmQZBmBEDDgAAcwBNJg9PcwBOJnRnAnMAUwAkoRpzzRABbQU9gQ8FaA
285=GtEAtoAawQgASxSwR0AqwQjQU/mREIdwJEAKj8CgFCAMgEIw5wcwCkE5AJpBMDDwAAdAA/
286=9yN0AEAoKQBOJrdZdABTKCkATP8VdABQKCgAvRUGcQk+iRcKaQE87iZ0AL0VBXQCpRMBaQ
287=FFkRQEaQFBkBSUArwVlQJDlAIBBwAAdSiRAnUokwJ1AFAmo1x1AFMma1V1AEz+FXUAJxcD
288=dQBRJl9kdQBSKCkAVCYSVXUAqRcLdA2pFwFpAT2VGARoAb0VBWkBRokXCGgBqRcCaAGoF4
289=AEqBeBBESUGAMLAAB2AD79K3YoQwN2AFEm/3h2AE7jGnYAUOMadgBMJs9ndgBSKCkAT/cY
290=dgBLJq9YdgBK/kx2AKkXBWEPO4WiAGkBPIgBAQMAAHcoOQJ3KDsCdwBM7xB3AFEoKQBO+x
291=F3AFIoKwBPABu8TAADdwBNACEEAAAAAAB3AFMAJQQAAAAAEQAAWQJyBA0AdwBFAC8EAAAE
292=AAB3AEYAaQEIawE8AKT1Aj2IAQcHAAB4AEwAHAQAYwB4AE8oKQBRKCsAVAAk4wRDACfpAV
293=koKQBFiQwFcAm1DQlpAUeVAg1oAbQNBQgAAHkATwAIpwh5AFEoKwBMABj3AlQAGesBTgAf
294=6QFSKCsATQAh9QJQKCkAUygrAFUAI+EESfIUeQCxFAZsELEUCmgBsBQDDgAAegBR7BACeg
295=BOABqnCHoAVSgrAE8AG/UCUigoACf7BHoAVuwQAnoAVwAl7AW0DQELAAB7KIgBAXsAUgDb
296=HHsATPEJeygABgJ7AEoAIKcIewBL/wp7AFMoKQBU+xx8AE/zCXwATP8VfABR/wp8AFT0OQ
297=J8AEoAHr4KfAAnfgV8ACdTBXwAUOsMfQBU8wl9AE7mCH0AJ2sIfQBV+xx+AFHvBX4ATuoM
298=fgAn3wZ+AFP/FX4AS/syfgBQ6wF/AFLnCH8AU+gXAn8ATADGvxV/AE2IAQMCAAB/AE6IAQ
299=MEAACAAFP7BoAAVOkXgChkAgaAAE8AsAQAAANvBUgAuLMJgABJiAGXAkoAuvUCS4kBAmwF
300=oQ8BaAGgD4wFoA8DBQAAgQBOnQoBaAGpDARpAVCVAgdpAVGJAQpoAbQNgQRKgA+ABLUNA2
301=EETIAPnAoERgC7BAAAAnUCR4kBAGkBSIgBBQIAAIIAUgCvoRqCzRsFdAKhDwhoAaEPC2gB
302=tA2UArAJjAWxCQNhBEmcCgMFAACDAFGdCgFoAakMBGkBU5QCAQcAAITADw8FAACEAFMArw
303=QAAAgAAAAAAAARAAA=

[Lighting]
Red=1.100000
Blue=0.800000
Green=1.350000
Level=0.032000
Ground=0.000000
IonRed=1.000000
Ambient=1.100000
IonBlue=1.000000
IonGreen=1.000000
IonLevel=0.032000
IonGround=0.000000
IonAmbient=1.000000

[Map]
Size=0,0,60,80
Theater=TEMPERATE
LocalSize=2,4,56,71

[Neutral]
IQ=5
Edge=North
Side=Neutral
Color=Grey
Allies=Neutral
Credits=0
ActsLike=4
NodeCount=0
TechLevel=10
PercentBuilt=100
PlayerControl=no

[Nod]
IQ=4
Edge=North
Side=Nod
Color=DarkRed
Allies=Nod,Nod1,Nod2,SiegeNod,BonusGDI
Credits=0
ActsLike=1
NodeCount=0
TechLevel=10
PercentBuilt=100
PlayerControl=no

[Nod1]
IQ=5
Edge=North
Side=Nod1
Color=Black
Allies=Nod1,Nod,Nod2,SiegeNod,BonusGDI
Credits=0
ActsLike=1
NodeCount=0
TechLevel=10
PercentBuilt=100
PlayerControl=no

[Nod2]
IQ=5
Edge=North
Side=Nod2
Color=Green
Allies=Nod2,Nod1,Nod,SiegeNod,BonusGDI
Credits=0
ActsLike=1
NodeCount=0
TechLevel=10
PercentBuilt=100
PlayerControl=no

[OverlayDataPack]
0=CwAAIP5GHgCBA/65AQCAZQEAIP47AACBAf4JAACCBAT+8gEAiAMAAAYAAQAD/gQAAIEG/v
1=EBAJABBAQABgYHAAAEBAAAAAYG/vMBAIcGAAgABAAE/gQAAIIHBv7yAQCHAwAGBgYABv4E
2=AACCBgb+8wEAjAMABwAABwQAAAAEBv71AQCFBwYGBwf+BAAAgQb+9QEAhgMEAAAHB/4EAA
3=CJBAcEAAAAAQAB/vEBAI4GAAMAAAAEAAQGAwAABP7vAQCRBAAGBgAEAAAABgAAAAYAAAP+
4=7gEAkwYGBwAHBwMAAAYHBgAGAAQAAAT+7AEAhgMABwAGBP4EAACMBgcABAQGAAcHAAYD/u
5=oBAIQEAAYG/gYAAIEG/gUAAIUHCggIBv7rAQCDBAYE/gcAAIsGBAABAAAHCwoABv7nAQCE
6=AQAEBP4HAACPBAYHBgAAAAMABwoHBwAG/ucBAIIIB/4GAACFBgcABwb+BQAAigcHAAYABg
7=YGBAP+rwEAgFsBACD+NAAAjAQHBgAAAAMEBgYGBP4HAACKBwYABAAABgAAA/7kAQCBBv4F
8=AACBB/4JAACJAwYEAAAEBAAB/ucBAIcEAAADBAQD/gkAAIED/gUAAIED/ugBAIUEBAAABv
9=77AQCGBgAAAAQE/hMAAIEw/uUBAIcBAAMAAAAG/g4AAIEw/gQAAIIwMP7mAQCGAQAAAAYE
10=/g0AAIUwMAAAAP4HADD+5AEAggYH/g4AAP4EADCBAP4EADD+5wEAggYG/hAAAP4JADD+5Q
11=EAgQb+EgAA/gcAMIQAADAw/uEBAIIHBv4SAAD+CwAw/uABAIMEBwT+EAAAiDAAMDAwAAAA
12=/gQAMP7hAQCBBv4RAACJMDAwADAwAAAA/gUAMP7gAQCCBAT+EAAAgjAA/gQAMIMAAAD+Bw
13=Aw/t8BAIEE/hIAAP4NADCCADD+3gEAgQb+EAAA/gwAMIIAAP4EADD+pgEAgHkCACD+NgAA
14=gwQGA/4PAACDMAAA/goAMIIAAP4JADD+1gEAgQT+EQAAhTAwADAA/gQAMIEA/gUAMIEA/g
15=UAMIQAADAw/tYBAIEE/hMAAIgwAAAwMAAAAP4EADCDAAAw/gYAAIEw/tQBAIMGBwT+FAAA
16=iDAAADAwAAAA/gQAMIIAMP4GAACFMAAAAAH+ugEAggMD/hMAAIMHCAf+FwAAgzAAMP4EAA
17=CDMDAw/gkAAIQEAwAD/rcBAIcBAAAHAAAD/hAAAIMGBwb+GAAAgTD+BgAAgzAwMP4IAACF
18=AwYAAAT+qQEAlQQEAQAAAAQABAAEAAQABgAHCAcGA/4PAACCBgf+IgAAgjAw/goAAIUEBw
19=YAAf6kAQCEBgcHBv4EAACOAwQGBAYEBgQGBAYGBwb+DwAAhQYHBgAB/iEAAIEw/gkAAIYB
20=AAQABgb+oQEAhwQEAwQGBwb+IQAAgwYIB/4vAACEAwAABP4JAACBAf6WAQCDAQQE/h4AAI
21=IGBP4EAACGBgYGBAAG/jMAAIEB/gcAAIEE/qIBAIIGBv4GAACbBgYGBAQABgQAAAQGBAQG
22=BAAAAAMGBgAAAAMD/jkAAIQDAAQB/psBAJkGBgQEBggHBwQGBAQGBwcABAAEBwYAAAYH/k
23=UAAIUDAwAAA/6YAQCTBAYEBAYHCAAABAAGAAYABAAABv4GAACFBAAAAAb+RgAAgQb+mQEA
24=igEEBAAHAAAEAAH+BAAAgQb+BQAAgQH+BgAAhgQAAAAEBP5EAACCBwf+nQEAggMD/ggAAI
25=IDA/4KAACCBgb+BAAAgQT+QwAAhAQIBwT+rwEAiQEAAAcGAAADBv5EAACDAwAH/pUBAIAX
26=AQAg/hwAAIkEBgYAAAAEAAH+RQAAhwYEAAADAAT+rAEAgQf+BAAAgQT+RgAAiQQABgADAA
27=YGBP6qAQCHBgQAAAAGBP5CAACMAQADAAQGAAQAAAAH/qoBAIcEBgAAAAYG/kQAAI0EAAMA
28=AAYAAAADAAMB/qkBAIUGAAAGB/5EAACBAf4EAACGAwMAAAAB/qoBAIcDBgQAAAYG/kcAAI
29=EB/rIBAIUHAAAABv5HAACBAf6zAQCGBAQAAAME/vsBAIEG/gQAAIIEA/75AQCCAwT+BAAA
30=gQT++wEAhQYAAAAD/voBAIgEBwYAAAAEA/74AQCIAwAGBAAAAAP++wEAgQb+/gEAhwYGAA
31=AEBgP++QEAhgYGAAAHCP7bAQCAUQAAIP4gAACFBgAABgb+9wEAiQQABgcEAAAABv72AQD+
32=BQAGhQAAAAQE/vUBAIIDBP4HAACBBv7/AQCCBgT++gEAhQQEAwQE/vkBAIMBBAT+4BMAgA
33=UAACD+ACAAgJcAACD+XwIAgQP+/wEAhAYGAAH++gEAhwMACAcAAAT++QEAhwQHCAcABwb+
34=+gEAhgcABggKB/75AQCHBAQAAAgIBP7fAQCCAwP+FgAAhwMGAAAHBwb+4QEAgQf+GAAAhQ
35=YGBgcI/uEBAIQHBwYB/hYAAIYDAAAEAAH+3wEAgwQIB/79AQCDAwAE/hoAAIIBAf7jAQCB
36=Af68BwCARQAAIP5RAgCEAQMEA/7/AQCBBP77AQCHAQABAAAGA/74AQCHAQAAAAYHB/77AQ
37=CFBgcABwT++gEAhAMGBwb+/wEAgQP+rBEAgAUAACD+ACAAgAUAACD+ACAAgAUAACD+ACAA
38=gAUAACD+ACAAgAUAACD+ACAAgAUAACD+ACAAgAUAACD+ACAAgAUAACD+ACAAgAUAACD+AC
39=AAgAUAACD+ACAAgAUAACD+ACAAgAUAACD+ACAAgAUAACD+ACAAgAUAACD+ACAAgAUAACD+
40=ACAAgAUAACD+ACAAgAUAACD+ACAAgAUAACD+ACAAgAUAACD+ACAAgAUAACD+ACAAgAUAAC
41=D+ACAAgAUAACD+ACAAgAUAACD+ACAAgA==

[OverlayPack]
0=CwAAIP5GHv+Bgv65Af+AZQEAIP47AP+BZv4JAP+Cb27+8gH/iGr//2b/af+E/gQA/4GG/v
1=EB/5Bvbmn/Zm9s//9uhv///2tm/vMB/4dq/2z/bv+I/gQA/4Jwgf7yAf+HaP9oZmv/f/4E
2=AP+CcGn+8wH/jGj/av//aYb///9obP71Af+FbGxpbWn+BAD/gYX+9QH/hmxn//9pav4EAP
3=+JcIV/////bf9r/vEB/45p/2j///9r/4FwbP//Z/7vAf+Rb/9pcP9s////if///2r//2f+
4=7gH/k2yFif9sf4n//2qAcP9r/2j//2n+7AH/hn//b/+HZ/4EAP+McGb/aG9v/2dv/2pp/u
5=oB/4Rm/2pu/gYA/4F//gUA/4VubWxnZv7rAf+Dh2+J/gcA/4twif9t//9maGn/cP7nAf+E
6=cP9sa/4HAP+PaX+BZv///2v/bWxoav9t/ucB/4Jrgv4GAP+FcIX/bWb+BQD/imdv/23/Z2
7=ZmcGf+rwH/gFsBACD+NAD/jGZmbP///2+GbnCEbf4HAP+KbGb/bf//b///bf7kAf+BgP4F
8=AP+Bif4JAP+JbG9p//9oav9s/ucB/4d///+AaYBn/gkA/4Fn/gUA/4Fp/ugB/4Vqav//gf
9=77Af+GZ////2aJ/hMA/4F+/uUB/4eE/2f///9u/g4A/4F+/gQA/4J+fv7mAf+GhP///4WH
10=/g0A/4V+fv////4HAH7+5AH/gmaF/g4A//4EAH6B//4EAH7+5wH/gmps/hAA//4JAH7+5Q
11=H/gX/+EgD//gcAfoT//35+/uEB/4KBg/4SAP/+CwB+/uAB/4NtbWz+EAD/iH7/fn5+srL/
12=/gQAfv7hAf+BaP4RAP+Jfn5+/35+sqey/gUAfv7gAf+Ch4b+EAD/gn7//gQAfoOysrL+Bw
13=B+/t8B/4GH/hIA//4NAH6C/37+3gH/gWr+EAD//gwAfoL///4EAH7+pgH/gJECACD+NgD/
14=g2Zqa/4PAP+Dfv///goAfoL///4JAH7+1gH/gYX+EQD/hX5+/37//gQAfoH//gUAfoH//g
15=UAfoT//35+/tYB/4GG/hMA/4h+//9+fv////4EAH6D//9+/gYA/4F+/tQB/4OIZ2j+FAD/
16=iH7//35+/////gQAfoL/fv4GAP+Ffv///2f+ugH/gm5r/hMA/4Nuh23+FwD/g37/fv4EAP
17=+Dfn5+/gkA/4Rvb/9p/rcB/4lt//9q//9q/2b+DgD/g2yFaP4YAP+Bfv4GAP+Dfn5+/ggA
18=/4Vvbf//av6pAf+VhW9o////a/9q/4L/bP9q/22BiHCJ/g8A/4Jvaf4iAP+Cfn7+CgD/hW
19=lua/9r/gUA/4Ft/p4B/4Rwb26I/gQA/45maIJqhG+BbnCDhGpwaf4PAP+FZoSB/2j+IQD/
20=gX7+CQD/hmf/bP9qbf6hAf+Ha4RtaYduav4hAP+Df4OH/i8A/4Rn//9p/gkA/4Fq/pYB/4
21=NocGf+HgD/gnCI/gQA/4ZwZ3+E/4L+MwD/gXD+BwD/gWn+ogH/gmpr/gYA/5twa4dtZ/+E
22=af//h25ugH9r////gnCJ////bmj+MAD/gWz+CAD/hIj/b2z+mwH/mWaCaWyBbWaBbYlpaG
23=uEbf9m/39vf///a4D+RQD/iYOH//9u////a/6UAf+Tb39sbIdua///hf9q/2v/av//g/4G
24=AP+Fa////4H+RgD/gYb+BAD/gYf+lAH/imxmaP9t//9p/2/+BAD/gWr+BQD/gWn+BgD/ho
25=b///9obv5EAP+CiGr+nQH/goNs/ggA/4JrhP4KAP+CZ4P+BAD/gYb+QwD/hIOFb4H+rwH/
26=iW///4Vm//9/gf5EAP+Dhv+E/pUB/4AmAQAg/hwA/4lsg23///9r/2r+RQD/h4Vn//+B/3
27=D+rAH/gW3+BAD/gYL+RgD/iYj/hf+J/4aBcP6qAf+Hb3D///9vav5CAP+Mbv9m/2mJ/4D/
28=//+J/qoB/4dvhv///26D/kQA/41//4n//4b///+A/4Rt/qkB/4Vv//9ob/5EAP+Bav4EAP
29=+GiYP///+J/qoB/4dnbWn//4Jn/kcA/4GD/gQA/4GA/q0B/4Vn////af5HAP+Ebv//gP6w
30=Af+Gb4P//2pr/vsB/4Fo/gQA/4JtaP75Af+Ca2j+BAD/gYL++wH/hYL///9v/gwA/4G0/u
31=0B/4hvbmj///9rZv74Af+Ibf9mav///4P++wH/gYP+/gH/h2Zn//9ob23++QH/hm2C//9t
32=aP7bAf+AUgAAIP4gAP+Fbf//aIX+9wH/iWn/f2hq////if72Af+KaGhqgW3///9vb/71Af
33=+Ca2v+BwD/gXD+/wH/gm9m/voB/4VraGlta/75Af+Damlo/uAT/4AFAAAg/gAg/4CmAAAg
34=/l0A/4Fq/gEC/4Fw/v8B/4RraP9r/voB/4dm/2xt//9o/vYB/4pr//9naW1t/29o/voB/4
35=Zm/2dpaGr++QH/h2lo//9uamz+3wH/gm5q/hYA/4dvcP//b21w/uEB/4Fn/hgA/4VsaG1n
36=bv7hAf+EbWlnaP4WAP+GcP//bv9r/t8B/4Nqbmr+/QH/g2f/bf4aAP+CaWf+4wH/gWf+Eg
37=b/gW/+qQH/gEcAACD+UQL/hGZubW/+/wH/gW/++wH/h2n/Z///b2n++AH/h23///9qamz+
38=+wH/hWds/2xv/voB/4RqbHBp/v8B/4Nm/2j+qhH/gAUAACD+ACD/gAUAACD+ACD/gAUAAC
39=D+ACD/gAUAACD+ACD/gAUAACD+ACD/gAUAACD+ACD/gAUAACD+ACD/gAUAACD+ACD/gAUA
40=ACD+ACD/gAUAACD+ACD/gAUAACD+ACD/gAUAACD+ACD/gAUAACD+ACD/gAUAACD+ACD/gA
41=UAACD+ACD/gAUAACD+ACD/gAUAACD+ACD/gAUAACD+ACD/gAUAACD+ACD/gAUAACD+ACD/
42=gAUAACD+ACD/gAUAACD+ACD/gAUAACD+ACD/gA==

[ScriptTypes]
0=01000004
1=01000022
2=01000056

[SiegeNod]
IQ=5
Edge=West
Side=Nod
Color=DarkRed
Allies=SiegeNod,Nod,Nod1,Nod2,GDI1
Credits=0
ActsLike=1
NodeCount=0
TechLevel=10
PercentBuilt=0
PlayerControl=no

[Smudge]
0=CRATER04,99,70,0
1=BURNT04,99,75,0
2=BURNT03,101,74,0
3=CRATER05,99,77,0
4=CRATER03,102,69,0
5=BURNT02,99,56,0
6=BURNT01,99,52,0
7=CRATER03,98,53,0
8=CRATER01,97,55,0
9=CRATER02,101,56,0
10=CRATER04,101,54,0
11=CRATER05,98,56,0

[Soviet]
IQ=0
Edge=North
Side=Soviet
Color=Gold
Allies=Neutral
Credits=0
ActsLike=3
NodeCount=0
TechLevel=10
PercentBuilt=100
PlayerControl=no

[Soviet1]
IQ=0
Edge=North
Side=Soviet
Color=Gold
Allies=Neutral
Credits=0
ActsLike=3
NodeCount=0
TechLevel=10
PercentBuilt=100
PlayerControl=no

[Soviet2]
IQ=0
Edge=North
Side=Soviet
Color=Gold
Allies=Neutral
Credits=0
ActsLike=3
NodeCount=0
TechLevel=10
PercentBuilt=100
PlayerControl=no

[Special]
IQ=5
Edge=North
Side=Special
Color=Grey
Allies=Special
Credits=0
ActsLike=5
NodeCount=0
TechLevel=10
PercentBuilt=100
PlayerControl=no

[SpecialFlags]
Inert=no
FogOfWar=no
IonStorms=no
MCVDeploy=no
Meteorites=no
Visceroids=yes
FixedAlliance=no
TiberiumGrows=yes
InitialVeteran=no
HarvesterImmune=no
TiberiumSpreads=yes
TiberiumExplosive=no
DestroyableBridges=yes

[Structures]
0=GDI1,NUKE,60,98,64,64,None,1,0,1,0,0,None,None,None,0,0
1=GDI1,TWR,54,104,72,64,None,1,0,1,0,0,None,None,None,0,0
2=GDI1,SBAG,256,105,73,64,None,1,0,1,0,0,None,None,None,0,0
3=GDI1,SBAG,256,104,73,64,None,1,0,1,0,0,None,None,None,0,0
4=GDI1,SBAG,256,103,73,64,None,1,0,1,0,0,None,None,None,0,0
5=GDI1,SBAG,256,103,72,64,None,1,0,1,0,0,None,None,None,0,0
6=GDI1,SBAG,256,99,71,64,None,1,0,1,0,0,None,None,None,0,0
7=GDI1,SBAG,256,100,71,64,None,1,0,1,0,0,None,None,None,0,0
8=GDI1,NUKE,166,98,61,64,None,1,0,1,0,0,None,None,None,0,0
9=GDI1,MISS,256,102,60,64,None,1,0,1,0,0,None,None,None,0,0
R=GDI,BUILDCONST,256,0,0,64,None,1,0,1,0,0,None,None,None,0,0
S=Nod,BUILDCONST,256,1,0,64,None,1,0,1,0,0,None,None,None,0,0
T=GDI1,BUILDCONST,256,2,0,64,None,1,0,1,0,0,None,None,None,0,0
U=Nod1,BUILDCONST,256,3,0,64,None,1,0,1,0,0,None,None,None,0,0
V=GDI2,BUILDCONST,256,4,0,64,None,1,0,1,0,0,None,None,None,0,0
W=Nod2,BUILDCONST,256,5,0,64,None,1,0,1,0,0,None,None,None,0,0
X=SiegeNod,BUILDCONST,256,6,0,64,None,1,0,1,0,0,None,None,None,0,0
Y=BonusGDI,BUILDCONST,256,7,0,64,None,1,0,1,0,0,None,None,None,0,0
Z=TTEGDI,BUILDCONST,256,8,0,64,None,1,0,1,0,0,None,None,None,0,0
10=GDI1,GSYRD,256,95,42,64,None,1,0,1,0,0,None,None,None,0,0
11=GDI1,FIX,103,108,61,64,None,1,0,1,0,0,None,None,None,0,0
12=GDI1,SILO,154,109,66,64,None,1,0,1,0,0,None,None,None,0,0
13=Neutral,V07,256,46,95,64,None,1,0,1,0,0,None,None,None,0,0
14=Neutral,V09,256,52,96,64,None,1,0,1,0,0,None,None,None,0,0
15=Neutral,V11,256,46,100,64,None,1,0,1,0,0,None,None,None,0,0
16=Neutral,V06,256,50,91,64,None,1,0,1,0,0,None,None,None,0,0
17=Neutral,V05,256,53,89,64,None,1,0,1,0,0,None,None,None,0,0
18=Neutral,V02,256,56,93,64,None,1,0,1,0,0,None,None,None,0,0
19=Neutral,V03,256,50,100,64,None,1,0,1,0,0,None,None,None,0,0
20=Nod,GUN,256,39,54,64,01000070,0,0,1,0,0,None,None,None,0,0
21=Nod,GUN,256,43,54,64,01000070,0,0,1,0,0,None,None,None,0,0
22=Nod,SAM,256,37,41,64,01000070,1,0,1,0,0,None,None,None,0,0
23=Nod,SAM,256,47,49,64,01000070,1,0,1,0,0,None,None,None,0,0
24=Nod,HAND,256,47,45,64,01000070,1,0,1,0,0,None,None,None,0,0
25=Nod,SILO,256,44,48,64,01000070,1,0,1,0,0,None,None,None,0,0
26=Nod,SILO,256,44,46,64,01000070,1,0,1,0,0,None,None,None,0,0
27=Nod,BRIK,256,48,52,64,None,1,0,1,0,0,None,None,None,0,0
28=Nod,BRIK,256,47,52,64,None,1,0,1,0,0,None,None,None,0,0
29=Nod,BRIK,256,46,52,64,None,1,0,1,0,0,None,None,None,0,0
30=Nod,BRIK,256,45,52,64,None,1,0,1,0,0,None,None,None,0,0
31=Nod,BRIK,256,44,52,64,None,1,0,1,0,0,None,None,None,0,0
32=Nod,BRIK,256,43,52,64,None,1,0,1,0,0,None,None,None,0,0
33=Nod,BRIK,256,43,49,64,None,1,0,1,0,0,None,None,None,0,0
34=Nod,BRIK,256,43,48,64,None,1,0,1,0,0,None,None,None,0,0
35=Nod,BRIK,256,43,47,64,None,1,0,1,0,0,None,None,None,0,0
36=Nod,BRIK,256,43,46,64,None,1,0,1,0,0,None,None,None,0,0
37=Nod,BRIK,256,43,45,64,None,1,0,1,0,0,None,None,None,0,0
38=Nod,BRIK,256,44,45,64,None,1,0,1,0,0,None,None,None,0,0
39=Nod,BRIK,256,45,45,64,None,1,0,1,0,0,None,None,None,0,0
40=Nod,BRIK,256,45,44,64,None,1,0,1,0,0,None,None,None,0,0
41=Nod,BRIK,256,45,43,64,None,1,0,1,0,0,None,None,None,0,0
42=Nod,BRIK,256,46,43,64,None,1,0,1,0,0,None,None,None,0,0
43=Nod,BRIK,256,47,43,64,None,1,0,1,0,0,None,None,None,0,0
44=Nod,BRIK,256,48,43,64,None,1,0,1,0,0,None,None,None,0,0
45=Nod,BRIK,256,49,43,64,None,1,0,1,0,0,None,None,None,0,0
46=Nod,BRIK,256,50,43,64,None,1,0,1,0,0,None,None,None,0,0
47=Nod,BRIK,256,51,43,64,None,1,0,1,0,0,None,None,None,0,0
48=Nod,NUK2,256,38,36,64,None,1,0,1,0,0,None,None,None,0,0
49=Nod,NUK2,256,38,33,64,None,1,0,1,0,0,None,None,None,0,0
50=Nod,OBLI,256,44,51,64,01000070,1,0,1,0,0,None,None,None,0,0
51=Nod,NUK2,256,135,81,64,None,1,0,1,0,0,None,None,None,0,0
52=Nod,NUK2,256,133,83,64,None,1,0,1,0,0,None,None,None,0,0
53=Nod,NUK2,256,131,85,64,None,1,0,1,0,0,None,None,None,0,0
54=Nod,NUK2,256,129,87,64,None,1,0,1,0,0,None,None,None,0,0
55=Nod,NUK2,256,127,89,64,None,1,0,1,0,0,None,None,None,0,0
56=Nod1,NUK2,256,110,106,64,None,1,0,1,0,0,None,None,None,0,0
57=Nod1,NUK2,256,108,108,64,None,1,0,1,0,0,None,None,None,0,0
58=Nod1,NUK2,256,106,110,64,None,1,0,1,0,0,None,None,None,0,0
59=Nod1,NUK2,256,112,104,64,None,1,0,1,0,0,None,None,None,0,0
60=Nod1,BRIK,256,46,15,64,None,1,0,1,0,0,None,None,None,0,0
61=Nod1,BRIK,256,47,15,64,None,1,0,1,0,0,None,None,None,0,0
62=Nod1,BRIK,256,48,15,64,None,1,0,1,0,0,None,None,None,0,0
63=Nod1,BRIK,256,49,15,64,None,1,0,1,0,0,None,None,None,0,0
64=Nod1,BRIK,256,50,15,64,None,1,0,1,0,0,None,None,None,0,0
65=Nod1,BRIK,256,51,15,64,None,1,0,1,0,0,None,None,None,0,0
66=Nod1,BRIK,256,52,15,64,None,1,0,1,0,0,None,None,None,0,0
67=Nod1,BRIK,256,53,15,64,None,1,0,1,0,0,None,None,None,0,0
68=Nod1,BRIK,256,58,15,64,None,1,0,1,0,0,None,None,None,0,0
69=Nod1,BRIK,256,57,15,64,None,1,0,1,0,0,None,None,None,0,0
70=Nod1,BRIK,256,59,15,64,None,1,0,1,0,0,None,None,None,0,0
71=Nod1,BRIK,256,60,15,64,None,1,0,1,0,0,None,None,None,0,0
72=Nod1,BRIK,256,61,15,64,None,1,0,1,0,0,None,None,None,0,0
73=Nod1,BRIK,256,62,15,64,None,1,0,1,0,0,None,None,None,0,0
74=Nod1,BRIK,256,63,15,64,None,1,0,1,0,0,None,None,None,0,0
75=Nod1,BRIK,256,64,15,64,None,1,0,1,0,0,None,None,None,0,0
76=Nod1,BRIK,256,65,15,64,None,1,0,1,0,0,None,None,None,0,0
77=Nod1,BRIK,256,66,15,64,None,1,0,1,0,0,None,None,None,0,0
78=Nod1,BRIK,256,66,14,64,None,1,0,1,0,0,None,None,None,0,0
79=Nod1,BRIK,256,66,13,64,None,1,0,1,0,0,None,None,None,0,0
80=Nod1,BRIK,256,66,12,64,None,1,0,1,0,0,None,None,None,0,0
81=Nod1,BRIK,256,66,11,64,None,1,0,1,0,0,None,None,None,0,0
82=Nod1,BRIK,256,66,10,64,None,1,0,1,0,0,None,None,None,0,0
83=Nod1,BRIK,256,66,9,64,None,1,0,1,0,0,None,None,None,0,0
84=Nod1,BRIK,256,66,8,64,None,1,0,1,0,0,None,None,None,0,0
85=Nod1,BRIK,256,66,7,64,None,1,0,1,0,0,None,None,None,0,0
86=Nod1,OBLI,256,53,14,64,01000060,1,0,1,0,0,None,None,None,0,0
87=Nod1,OBLI,256,57,14,64,01000060,1,0,1,0,0,None,None,None,0,0
88=Nod1,OBLI,256,65,14,64,01000060,1,0,1,0,0,None,None,None,0,0
89=Nod1,SAM,256,61,14,64,01000060,1,0,1,0,0,None,None,None,0,0
90=Nod1,NUK2,256,62,11,64,None,1,0,1,0,0,None,None,None,0,0
91=Nod1,NUK2,256,62,8,64,None,1,0,1,0,0,None,None,None,0,0
92=Nod1,NUK2,256,59,8,64,None,1,0,1,0,0,None,None,None,0,0
93=Nod1,NUK2,256,59,11,64,None,1,0,1,0,0,None,None,None,0,0
94=Neutral,INGRNLMP,256,61,21,64,None,1,0,1,0,0,None,None,None,0,0
147=Neutral,INGRNLMP,256,74,29,64,None,1,0,1,0,0,None,None,None,0,0

[TTEGDI]
IQ=0
Edge=South
Side=GDI
Color=Gold
Allies=TTEGDI,GDI,GDI2,BonusGDI,Neutral
Credits=0
ActsLike=0
NodeCount=0
TechLevel=10
PercentBuilt=0
PlayerControl=yes

[Tags]
01000001=0,Entered sight hill 1,01000000
01000008=0,Display SiegeNod forces 1,01000007
01000010=0,Display civilians 1,01000009
01000012=0,Unlock camera 1,01000011
01000014=0,SiegeNod attacked 1,01000013
01000016=0,Additional SiegeNod reinfs 1,01000015
01000018=0,.H_Additional SiegeNod reinfs 1,01000017
01000020=0,.MH_Additional SiegeNod HVC Reinfs 1,01000019
01000029=0,Nod2 Attacked 1,01000028
01000031=0,.H_Additional Nod2 Reinfs 1,01000030
01000033=0,Additional Nod2 reinfs 1,01000032
01000035=0,.MH_Additional Nod2 HVC reinfs 1,01000034
01000037=0,Civ Killing Prevented Too Late 1,01000036
01000040=0,Civilians Saved 1,01000039
01000042=0,Show Broken GDI Outpost 1,01000041
01000044=0,Unlock Camera (After Civ Saving) 1,01000043
01000046=0,Siege Lifted 1,01000045
01000048=0,Show Slaughtered Civilians 1,01000047
01000050=0,Unlock Camera (After Outpost Saving) 1,01000049
01000052=0,Siege Lifted -- transfer unit control 1,01000051
01000054=0,Reveal 1,01000053
01000060=0,Nod1 (base) Attacked - Kill the player 1,01000059
01000062=0,Commander escaped - Win 1,01000061
01000064=0,Commander killed - Failure 1,01000063
01000066=0,Reveal Nod Outpost 1,01000065
01000070=0,Nod Outpost Attacked 1,01000069
01000074=0,Nod Outpost HVC Reinfs 1,01000073
01000076=0,BonusGDI discovered 1,01000075
01000078=0,Player comes near waypt 60 1,01000077

[TaskForces]
0=01000002
1=01000003
2=01000021
3=01000024
4=01000027
5=01000055
6=01000067
7=01000071

[TeamTypes]
0=01000005
1=01000006
2=01000023
3=01000025
4=01000026
5=01000038
6=01000057
7=01000058
8=01000068
9=01000072

[Terrain]
20072=T01
21060=TIBTREE2
21076=T02
22074=T08
24042=T17
25046=TC04
28045=T02
28046=T12
28047=TC03
28073=TIBTREE2
29039=T15
32068=T02
33043=T01
33082=TC01
34036=T13
34051=T11
35041=T14
35063=T01
35074=T12
35080=T02
35084=TC04
35086=T01
36032=T12
36066=T03
36070=T13
38045=T15
38060=T05
38085=T01
39027=T01
39033=T02
39044=T16
39052=TC05
39065=T08
40031=T11
40044=T01
40062=T15
41042=T14
41043=T06
41049=TC02
41052=TC04
41071=T02
42024=T10
42042=T02
42051=T05
42066=T16
43031=T05
43041=T03
43058=T06
44023=TC02
44027=TC05
44036=T12
45037=TC01
45040=T02
45064=T07
46060=T14
46068=T17
46071=T14
47019=T02
48048=T13
49029=T06
50016=T07
50036=T11
50039=T17
50040=T10
50057=T01
50062=T02
51067=T16
52039=T15
52072=T01
53013=T01
53018=T08
53026=T03
53035=T01
53038=T02
53045=T16
53066=T13
54076=T12
54094=T02
55083=T02
56057=T01
56061=T06
57095=T03
58064=TC02
58069=T05
59053=T06
59076=T13
59091=T01
60037=T01
60048=TC02
60095=T02
61028=T02
61039=T15
61045=T02
61057=T17
61082=T03
61091=T13
62022=T10
62051=T12
62061=T07
62071=T11
62076=TC04
62118=TC03
63011=T03
63016=T05
63056=T01
63064=T03
63068=T02
63116=TC01
64038=T06
64050=T05
64095=T10
64117=TC04
65022=T16
65043=T01
65045=TC01
65048=T15
65083=T17
65088=T14
66015=T11
66038=T10
66055=T16
66074=T06
66079=T11
66096=T08
66119=T12
67013=T15
67025=T07
67040=T02
67060=T02
67064=T08
67122=T02
68052=TC04
68069=T06
69022=T01
69036=T03
69049=T06
70033=TC02
70037=TC03
70042=TC02
70054=T03
70074=TC03
70077=T13
70084=TC05
70092=T17
71020=T16
71039=T11
71061=TC05
71069=T10
72053=T08
72066=T07
72080=T01
72113=TC05
73050=T16
73052=T14
73055=T07
73056=T13
73058=T06
73088=T17
73096=T02
73116=T17
73120=T01
73126=T07
74019=T13
74025=T05
74046=TC05
74076=T06
74084=T16
74092=T16
75059=T02
75071=T02
75112=T02
76039=TC04
76046=T12
76053=TC02
76067=T03
76081=T10
76092=T14
76106=TC02
77022=T02
77044=T01
77050=TC05
77052=TC03
77078=T14
77120=T03
78064=TC04
78072=T12
78091=T11
78103=T01
78111=T14
79028=T01
79047=T02
79050=T16
79060=T12
79076=T01
79080=T08
79095=T02
79108=T08
79125=T17
80025=T01
80086=T02
80114=T07
80119=T10
81043=T11
81045=T08
81061=T01
81067=T14
81072=T02
81091=T12
82047=T13
82050=TC01
82052=TC04
82097=T10
83060=TC04
83065=T02
83069=T01
83082=T07
83110=T06
83124=T13
84072=T13
84081=T12
84106=TC03
84118=T11
85041=T06
85044=T07
85046=TC02
85065=T10
85079=T02
85088=T15
85104=T01
85113=TC04
86036=T02
86063=T01
86075=T16
86093=T07
86102=T01
87042=T03
87053=T01
87059=T16
87067=T06
87083=T02
87085=T14
87098=T16
87118=T05
88072=T01
88124=T01
89038=T03
89041=T10
89050=LPOST
89058=T15
89062=T02
89064=T17
89070=T13
89078=T13
89090=T17
90044=T07
90048=T17
90052=T16
90092=T02
90096=T01
90112=T01
91037=T01
91040=T05
91089=TC01
91094=TC03
91103=T17
91108=T12
91118=T16
92047=T05
92066=T03
92069=T13
92079=T08
92084=TC04
93055=T07
93062=TC02
93067=TC04
93101=T02
94044=TC03
94059=LPOST
94060=T08
94087=T07
94091=T08
95043=T06
95079=T14
95098=TC05
95105=T01
95115=T02
96048=T03
96075=T03
96092=TC01
96109=T14
97046=LPOST
97059=TC01
97082=T01
97086=T16
97089=T15
97093=TC05
97102=T08
97104=T06
97113=T17
98052=T02
99052=LPOST
99089=T01
99093=T06
100049=T07
100055=T08
100059=T16
100061=T15
100069=T12
101054=T13
101089=T03
101092=T11
101110=T16
102048=T11
102064=T03
102068=TC02
102076=T17
102095=T06
102098=T01
102105=T14
103090=TC02
104093=T05
104096=T13
104102=T13
105061=T02
105063=T12
105074=T14
105080=TC02
105092=TC04
105101=T02
106055=TC05
106078=T15
106096=T02
106099=T07
106105=T07
107066=T07
107068=T15
107073=T07
107089=T12
107097=T10
108060=T16
109063=T17
109075=T08
109078=T01
109083=TC04
109087=T13
109097=T02
109102=T12
110056=T01
110070=T17
110094=T14
110099=T16
111073=T13
111080=T14
112062=T06
112065=T11
112084=TC05
112092=T02
113059=T14
113069=T11
113072=T02
113077=T17
113080=T16
113089=T11
114075=T06
114090=TC04
115060=TC03
115064=TC04
115088=T02
116071=T06
116073=T07
116075=T12
116083=T08
117063=T08
117082=TC01
117093=T01
118068=TC04
118074=T08
118079=TC05
118087=TC03
118090=T05
119069=T01
119082=T05
120069=T02
120075=TC02
120078=TC04
120090=T14
121072=T02
121079=T10
121085=T10
122074=TC01
122078=T08
122083=T01
123088=T07
124072=T06
124074=T16
126072=T17
126075=T11
126085=T01
127078=TC04
127083=T17
128072=TC05
129076=T02
130081=T06
131077=T16

[Triggers]
01000000=GDI1,<none>,Entered sight hill,0,1,1,1,0
01000007=Neutral,<none>,Display SiegeNod forces,1,1,1,1,0
01000009=Neutral,<none>,Display civilians,1,1,1,1,0
01000011=Neutral,<none>,Unlock camera,1,1,1,1,0
01000013=SiegeNod,<none>,SiegeNod attacked,0,1,1,1,0
01000015=SiegeNod,<none>,Additional SiegeNod reinfs,1,1,1,1,0
01000017=SiegeNod,<none>,.H_Additional SiegeNod reinfs,1,0,0,1,0
01000019=SiegeNod,<none>,.MH_Additional SiegeNod HVC Reinfs,1,0,1,1,0
01000028=Nod2,<none>,Nod2 Attacked,0,1,1,1,0
01000030=Nod2,<none>,.H_Additional Nod2 Reinfs,1,0,0,1,0
01000032=Nod2,<none>,Additional Nod2 reinfs,1,1,1,1,0
01000034=Nod2,<none>,.MH_Additional Nod2 HVC reinfs,1,0,1,1,0
01000036=Nod2,<none>,Civ Killing Prevented Too Late,0,1,1,1,0
01000039=Nod2,<none>,Civilians Saved,0,1,1,1,0
01000041=Neutral,<none>,Show Broken GDI Outpost,1,1,1,1,0
01000043=Neutral,<none>,Unlock Camera (After Civ Saving),1,1,1,1,0
01000045=SiegeNod,<none>,Siege Lifted,0,1,1,1,0
01000047=Neutral,<none>,Show Slaughtered Civilians,1,1,1,1,0
01000049=Neutral,<none>,Unlock Camera (After Outpost Saving),1,1,1,1,0
01000051=GDI1,<none>,Siege Lifted -- transfer unit control,1,1,1,1,0
01000053=GDI,<none>,Reveal,1,1,1,1,0
01000059=Nod1,<none>,Nod1 (base) Attacked - Kill the player,0,1,1,1,0
01000061=GDI2,<none>,Commander escaped - Win,0,1,1,1,0
01000063=GDI2,<none>,Commander killed - Failure,0,1,1,1,0
01000065=Neutral,<none>,Reveal Nod Outpost,0,1,1,1,0
01000069=Nod,<none>,Nod Outpost Attacked,0,1,1,1,0
01000073=Nod,<none>,Nod Outpost HVC Reinfs,1,1,1,1,0
01000075=BonusGDI,<none>,BonusGDI discovered,0,1,1,1,0
01000077=Neutral,<none>,Player comes near waypt 60,0,1,1,1,0

[Tutorial]
8=You have died: mission failed.
11=This looks like a good place for some sighting..
12=There's one of our outposts! Freeing it should help us..
13=In the other side Nod is attacking a helpless civilian village. They shouldn't be left without help either.
14=Thanks for saving us! Nod would've killed us without you. We are grateful and will keep your aid in mind in the future.
15=GDI Outpost saved.
16=Nod has mutated the civilians in the village, we can't help them anymore. We should avoid the Nod forces near the village, they can bring in more reinforcements if we attack them.
17=Although we saved the civilians, Nod crushed our outpost at the same time.
18=We'll have to break through those defences to get out of here.
19=We can't help both the civilians and the outpost, however. We have to make a choice between them.
20=We'll join you. We got seperated from the outpost by the Nod forces while we were patrolling.
21=..and this one wrong move was the beginning of the GDI commander's end..
22=There's our way for escaping!

[Units]
0=GDI1,MSAM,256,101,67,0,Guard,None,0,-1,0,-1,1,0
1=GDI1,HTNK,256,101,65,64,Guard,None,0,-1,0,-1,1,0
2=GDI1,MSAM,256,105,67,128,Guard,None,0,-1,0,-1,1,0
3=TTEGDI,HTNK,256,81,122,0,Guard,None,0,-1,0,-1,1,0
4=TTEGDI,HTNK,256,76,122,0,Guard,None,0,-1,0,-1,1,0
5=TTEGDI,JEEP,256,78,123,0,Guard,None,0,-1,0,-1,1,0
6=TTEGDI,MSAM,256,75,124,0,Guard,None,0,-1,0,-1,1,0
7=TTEGDI,MSAM,256,81,124,0,Guard,None,0,-1,0,-1,1,0
8=TTEGDI,MTNK,256,80,126,0,Guard,None,0,-1,0,-1,1,0
9=Nod2,BIKE,256,53,80,96,Guard,None,0,-1,0,-1,1,0
10=Nod2,BIKE,256,59,81,160,Guard,None,0,-1,0,-1,1,0
11=Nod2,LTNK,256,54,78,128,Guard,None,0,-1,0,-1,1,0
12=Nod2,LTNK,256,57,78,128,Guard,None,0,-1,0,-1,1,0
13=TTEGDI,JEEP,256,79,123,0,Guard,None,0,-1,0,-1,1,0
14=SiegeNod,ARTY,256,92,81,32,Guard,None,0,-1,0,-1,1,0
15=SiegeNod,ARTY,256,101,85,0,Guard,None,0,-1,0,-1,1,0
16=SiegeNod,ARTY,256,110,84,224,Guard,None,0,-1,0,-1,1,0
17=SiegeNod,AIFTNK,256,109,82,224,Guard,None,0,-1,0,-1,1,0
18=BonusGDI,MTNK,256,85,36,64,Guard,None,0,-1,0,-1,1,0
19=SiegeNod,AILTNK,256,94,78,32,Guard,None,0,-1,0,-1,1,0
20=SiegeNod,AILTNK,256,103,81,0,Guard,None,0,-1,0,-1,1,0
21=GDI1,MTNK,256,101,62,64,Guard,None,0,-1,0,-1,1,0
22=Nod,AIMLRS,256,39,53,128,Guard,01000070,0,-1,0,-1,1,0
23=Nod,AIMLRS,256,43,53,128,Guard,01000070,0,-1,0,-1,1,0
24=Nod,AILTNK,256,38,51,64,Guard,01000070,0,-1,0,-1,1,0
25=Nod,AILTNK,256,38,49,64,Guard,01000070,0,-1,0,-1,1,0
26=BonusGDI,MTNK,256,81,32,64,Guard,None,0,-1,0,-1,1,0
27=BonusGDI,MTNK,256,83,34,64,Guard,None,0,-1,0,-1,1,0
29=GDI1,HTNK,256,101,64,64,Guard,None,0,-1,0,-1,1,0

[VariableNames]
0=Civilians destroyed,0
1=GDI Outpost Saved,0

[Waypoints]
0=97064
1=96050
2=84059
3=85109
4=82095
5=76110
6=64104
7=92074
8=89086
9=58045
20=109100
21=96042
22=88034
23=51105
24=12055
25=15055
50=101082
60=51019
98=124078
99=124079



[Digest]
1=vAb3gOmqlHriXGmUbFvyIovGqH0=

