[AIARTY]
Cost=250
Trainable=yes

[AIFTNK]
Cost=300
Trainable=yes

[AILTNK]
Cost=250
Trainable=yes

[AIMLRS]
Cost=300
Trainable=yes
EliteAbilities=SELF_HEAL
VeteranAbilities=STRONGER,SIGHT,FASTER

[AISTNK]
Cost=250
Owner=Nod
Trainable=yes

[AITDHARV]
Owner=GDI,GDI1,GDI2,Nod,Nod1,Nod2,NavalNod,TTEGDI
Trainable=yes

[APACHE]
Cost=600
Trainable=yes

[APC]
Trainable=yes

[ATWR]
Power=-80

[ChemHonestJohn]
ROF=400
Burst=2
Range=10
Speed=18
Damage=100
Report=ROCKET1
Warhead=HJChem
Projectile=HJProj
BurstDelay0=200

[ChemHonestJohnE]
ROF=300
Burst=2
Range=12
Speed=18
Damage=50
Report=ROCKET1
Warhead=HJChemE
Projectile=HJProj
BurstDelay0=50

[Difficult]
ROF=0.91
Cost=1.0
Armor=1.0
Airspeed=1.0
BuildTime=1.0
BuildDelay=.03
Groundspeed=0.9
RepairDelay=.02
DestroyWalls=yes
BuildSlowdown=yes

[E1]
Trainable=yes

[E2]
Trainable=yes
CollateralDamageCoefficient=0.033

[E3]
Trainable=yes

[E4]
Trainable=yes
CollateralDamageCoefficient=0.033

[E5]
Trainable=yes

[Easy]
ROF=0.91
Cost=0.80
Armor=1.0
Airspeed=1.0
BuildTime=1.0
BuildDelay=.001
ContentScan=yes
Groundspeed=0.9
RepairDelay=.001
DestroyWalls=yes

[FTNK]
Trainable=yes

[General]
TeamDelays=1300,2200,2200

[HJChem]
Particle=GasCloudSys

[HTNK]
Cost=1700
Owner=GDI
Strength=8000
Trainable=yes
CrateGoodie=no

[HVC]
Elite=ChemHonestJohnE
Primary=ChemHonestJohn
Trainable=yes
MovementZone=Amphibious

[HVCSAM]
TechLevel=1
Trainable=yes
Prerequisite=WEAP,HQ

[HVCT]
MovementZone=Amphibious

[Ice]
Foot=100%
Creep=0%
Float=0%
Hover=59%
Track=59%
Wheel=59%
Buildable=no
Amphibious=59%

[JEEP]
Trainable=yes

[LTNK]
Trainable=yes

[MSAM]
TechLevel=1
Trainable=yes
Prerequisite=WEAP,HQ

[MTNK]
Trainable=yes

[NSYRD]
Strength=6500

[ORCA]
Trainable=yes

[RMBO]
Trainable=yes
BuildLimit=1

[TDPROC_AI]
Owner=GDI,GDI1,GDI2,Nod,Nod1,Nod2,NavalNod,TTEGDI

[TTEFTNK]
ROT=5
Cost=800
Name=Flame Tank
Armor=heavy
Elite=TnkChemSpray
Image=FTNK
Owner=Nod
Sight=6
Speed=6
Crewed=yes
FSName=Flame Tank
Points=8
Turret=no
Weight=3.5
Crusher=yes
Nominal=yes
Primary=TnkFlamethrower
Category=AFV
IsTilter=no
Strength=750
AutoCrush=no
Explosion=NAPALM2
Locomotor={4A582741-9839-11d1-B709-00A024DDAFD1}
MaxDebris=0
SpeedType=Track
TechLevel=4
Trainable=no
VoiceMove=V2MOVOUT,V2ACKNO,V2AFFIRM,V2RAWAY,V2YESSIR
Accelerates=true
ThreatPosed=35
VoiceAttack=V2ACKNO,V2AFFIRM,V2NOPROB,V2RAWAY,V2YESSIR
VoiceSelect=V2AWAIT,V2READY,V2REPORT,V2UNITRP
MovementZone=Destroyer
Prerequisite=AFLD,HQ
ZFudgeColumn=10
ZFudgeTunnel=14
VoiceFeedback=
EliteAbilities=SELF_HEAL,FASTER
SlowdownDistance=1
VeteranAbilities=STRONGER,SIGHT
AccelerationFactor=1
DeaccelerationFactor=0
DamageParticleSystems=SparkSys,SmallGreySSys
AllowedToStartInMultiplayer=no

[V02]
LegalTarget=yes

[V03]
LegalTarget=yes

[V04]
LegalTarget=yes

[V06]
LegalTarget=yes

[V07]
LegalTarget=yes

[V08]
LegalTarget=yes

[V09]
LegalTarget=yes

[V10]
LegalTarget=yes

[V11]
LegalTarget=yes

[V2HE]
Verses=0%,75%,60%,25%,25%

[VehicleTypes]
9001=TTEFTNK

[Preview]

[PreviewPack]

[01000012]
0=6,VISC_LRG
1=1,CYP
Name=Nod mutated civilians
Group=-1

[01000013]
0=8,VISC_LRG
Name=Nod mutated visceroids
Group=-1

[01000014]
0=0,6
Name=Attack factories

[01000015]
Max=0
Full=no
Name=Nod Cyborg team
Group=-1
House=Nod
Script=01000014
Whiner=no
Droppod=no
Suicide=no
Loadable=no
Prebuild=no
Priority=5
Waypoint=A
Annoyance=no
IonImmune=no
Recruiter=no
Reinforce=no
TaskForce=01000012
TechLevel=0
Aggressive=no
Autocreate=no
GuardSlower=no
OnTransOnly=no
AvoidThreats=no
LooseRecruit=no
VeteranLevel=1
IsBaseDefense=no
OnlyTargetHouseEnemy=no
TransportsReturnOnUnload=yes
AreTeamMembersRecruitable=yes

[01000018]
Max=0
Full=no
Name=Nod visc team
Group=-1
House=Nod
Script=01000014
Whiner=no
Droppod=no
Suicide=no
Loadable=no
Prebuild=no
Priority=5
Waypoint=B
Annoyance=no
IonImmune=no
Recruiter=no
Reinforce=no
TaskForce=01000013
TechLevel=0
Aggressive=no
Autocreate=no
GuardSlower=no
OnTransOnly=no
AvoidThreats=no
LooseRecruit=no
VeteranLevel=1
IsBaseDefense=no
OnlyTargetHouseEnemy=no
TransportsReturnOnUnload=yes
AreTeamMembersRecruitable=yes

[01000023]
0=1,NMCV
Name=MCV
Group=-1

[01000024]
0=3,3
1=11,5
Name=Guard MCV

[01000025]
0=3,2
1=9,0
2=39,0
Name=Deploy MCV

[01000026]
Max=0
Full=no
Name=Alt Nod Visc Team
Group=-1
House=Nod
Script=01000014
Whiner=no
Droppod=no
Suicide=no
Loadable=no
Prebuild=no
Priority=5
Waypoint=A
Annoyance=no
IonImmune=no
Recruiter=no
Reinforce=no
TaskForce=01000013
TechLevel=0
Aggressive=no
Autocreate=no
GuardSlower=no
OnTransOnly=no
AvoidThreats=no
LooseRecruit=no
VeteranLevel=1
IsBaseDefense=no
OnlyTargetHouseEnemy=no
TransportsReturnOnUnload=yes
AreTeamMembersRecruitable=yes

[01000027]
0=8,AILTNK
1=4,AIMLRS
Name=MCV Defense Team
Group=-1

[01000028]
Max=0
Full=no
Name=Nod MCV
Group=-1
House=Nod1
Script=01000025
Whiner=no
Droppod=no
Suicide=yes
Loadable=no
Prebuild=no
Priority=5
Waypoint=A
Annoyance=no
IonImmune=no
Recruiter=no
Reinforce=no
TaskForce=01000023
TechLevel=0
Aggressive=no
Autocreate=no
GuardSlower=no
OnTransOnly=no
AvoidThreats=no
LooseRecruit=no
VeteranLevel=1
IsBaseDefense=no
OnlyTargetHouseEnemy=no
TransportsReturnOnUnload=yes
AreTeamMembersRecruitable=yes

[01000029]
Max=5
Full=no
Name=MCV Defense Team
Group=-1
House=Nod1
Script=01000024
Whiner=no
Droppod=no
Suicide=no
Loadable=no
Prebuild=no
Priority=5
Waypoint=A
Annoyance=no
IonImmune=no
Recruiter=no
Reinforce=no
TaskForce=01000027
TechLevel=0
Aggressive=no
Autocreate=no
GuardSlower=no
OnTransOnly=no
AvoidThreats=no
LooseRecruit=no
VeteranLevel=1
IsBaseDefense=no
OnlyTargetHouseEnemy=no
TransportsReturnOnUnload=yes
AreTeamMembersRecruitable=yes

[01000040]
0=8,HVCT
Name=Large HVC Taskforce
Group=-1

[01000041]
0=2,HVCT
Name=Small HVC Taskforce
Group=-1

[01000042]
0=2,HVC
Name=Small ChemHVC Taskforce
Group=-1

[01000043]
0=0,2
Name=Nod Hover Script

[01000044]
Max=0
Full=no
Name=Nod HVC Team
Group=-1
House=NavalNod
Script=01000043
Whiner=no
Droppod=no
Suicide=no
Loadable=no
Prebuild=no
Priority=5
Waypoint=E
Annoyance=no
IonImmune=no
Recruiter=no
Reinforce=no
TaskForce=01000041
TechLevel=0
Aggressive=no
Autocreate=no
GuardSlower=no
OnTransOnly=no
AvoidThreats=no
LooseRecruit=no
VeteranLevel=1
IsBaseDefense=no
OnlyTargetHouseEnemy=no
TransportsReturnOnUnload=yes
AreTeamMembersRecruitable=yes

[01000045]
Max=0
Full=no
Name=Large Nod HVC Team
Group=-1
House=NavalNod
Script=01000043
Whiner=no
Droppod=no
Suicide=no
Loadable=no
Prebuild=no
Priority=5
Waypoint=E
Annoyance=no
IonImmune=no
Recruiter=no
Reinforce=no
TaskForce=01000040
TechLevel=0
Aggressive=no
Autocreate=no
GuardSlower=no
OnTransOnly=no
AvoidThreats=no
LooseRecruit=no
VeteranLevel=1
IsBaseDefense=no
OnlyTargetHouseEnemy=no
TransportsReturnOnUnload=yes
AreTeamMembersRecruitable=yes

[01000046]
Max=0
Full=no
Name=Nod ChemHVC Team
Group=-1
House=Nod2
Script=01000043
Whiner=no
Droppod=no
Suicide=no
Loadable=no
Prebuild=no
Priority=5
Waypoint=E
Annoyance=no
IonImmune=no
Recruiter=no
Reinforce=no
TaskForce=01000042
TechLevel=0
Aggressive=no
Autocreate=no
GuardSlower=no
OnTransOnly=no
AvoidThreats=no
LooseRecruit=no
VeteranLevel=1
IsBaseDefense=no
OnlyTargetHouseEnemy=no
TransportsReturnOnUnload=yes
AreTeamMembersRecruitable=yes

[01000067]
0=2,MTNK
1=1,HVCSAM
Name=GDI Reinforcements
Group=-1

[01000068]
0=3,1
1=11,5
Name=GDI Reinfs - do nothing

[01000069]
Max=0
Full=no
Name=GDI Reinforcements
Group=-1
House=TTEGDI
Script=01000068
Whiner=no
Droppod=no
Suicide=no
Loadable=no
Prebuild=no
Priority=5
Waypoint=B
Annoyance=no
IonImmune=no
Recruiter=no
Reinforce=no
TaskForce=01000067
TechLevel=0
Aggressive=no
Autocreate=no
GuardSlower=no
OnTransOnly=no
AvoidThreats=no
LooseRecruit=no
VeteranLevel=1
IsBaseDefense=no
OnlyTargetHouseEnemy=no
TransportsReturnOnUnload=yes
AreTeamMembersRecruitable=yes

[01000080]
0=1,APC
Name=1 APC
Group=-1

[01000081]
0=2,TTEFTNK
Name=2 TTEFTNK
Group=-1

[01000082]
0=3,7
Name=Move to GDI CY

[01000083]
Max=0
Full=no
Name=Nod FTNKs
Group=-1
House=Nod
Script=01000082
Whiner=no
Droppod=no
Suicide=yes
Loadable=no
Prebuild=no
Priority=5
Waypoint=G
Annoyance=no
IonImmune=no
Recruiter=no
Reinforce=no
TaskForce=01000081
TechLevel=0
Aggressive=no
Autocreate=no
GuardSlower=no
OnTransOnly=no
AvoidThreats=no
LooseRecruit=no
VeteranLevel=1
IsBaseDefense=no
OnlyTargetHouseEnemy=no
TransportsReturnOnUnload=yes
AreTeamMembersRecruitable=yes

[01000084]
Max=0
Full=no
Name=GDI APC
Group=-1
House=TTEGDI
Script=01000082
Whiner=no
Droppod=no
Suicide=yes
Loadable=no
Prebuild=no
Priority=5
Waypoint=G
Annoyance=no
IonImmune=no
Recruiter=no
Reinforce=no
TaskForce=01000080
TechLevel=0
Aggressive=no
Autocreate=no
GuardSlower=no
OnTransOnly=no
AvoidThreats=no
LooseRecruit=no
VeteranLevel=1
IsBaseDefense=no
OnlyTargetHouseEnemy=no
TransportsReturnOnUnload=yes
AreTeamMembersRecruitable=yes

[AITriggerTypesEnable]
01CYPHVH-G=yes
01CYPVE1-G=yes
01CYPVE2-G=yes
01CYPVH1-G=yes
01CYPVH2-G=yes
01CYPVM1-G=yes
01CYPVM2-G=yes
01MWVFTH-G=yes
01MWVFTM-G=yes
01X0FCTE-G=yes
01X0FCTH-G=yes
01X0FCTM-G=yes
01X0HRVH-G=yes
01X0HRVM-G=yes
01X1FCTE-G=yes
041CFAE0-G=yes
074AC080-G=yes
074ADF20-G=yes
074B3330-G=yes
075A52F0-G=yes
075A53F0-G=yes
075A5EC0-G=yes
07CC6030-G=yes
07CC6140-G=yes
07CC6250-G=yes
07CC6360-G=yes
07CC6470-G=yes
07CC6580-G=yes
07CC66F0-G=yes
07CC6800-G=yes
07CC6AD0-G=yes
07CC6BE0-G=yes
07CC6CF0-G=yes
07CC6E00-G=yes
07CC6F10-G=yes
07CC7690-G=yes
07CC77A0-G=yes
07CC78B0-G=yes
07CC79C0-G=yes
07CC7AD0-G=yes
07CC7BE0-G=yes
07CC7CF0-G=yes
07CC7E00-G=yes
07CC7F10-G=yes
07CDB770-G=yes
07D5E8A0-G=yes
07D70470-G=yes
07D70D20-G=yes
07E30560-G=yes
07E30660-G=yes
07E57AE0-G=yes
07E8B210-G=yes
07E8B310-G=yes
07E8B410-G=yes
07E8BB50-G=yes
07E8BC50-G=yes
07E8BD50-G=yes
07E8BE50-G=yes
07E8C9B0-G=yes
07E8CAB0-G=yes
07E8CBB0-G=yes
07E8CCB0-G=yes
07EA53C0-G=yes
07EA54C0-G=yes
07ECC040-G=yes
07ECC2E0-G=yes
07ECC580-G=yes
07ECC820-G=yes
07EF8A30-G=yes
07EF8B30-G=yes
07F232E0-G=yes
07F26720-G=yes
07F3D830-G=yes
07F3EC20-G=yes
07F3EE20-G=yes
07F3EF20-G=yes
07FC4E50-G=yes
07FC5110-G=yes
07FC53B0-G=yes
07FC5650-G=yes
080AB180-G=yes
080C70E0-G=yes
080C71E0-G=yes
080CF120-G=yes
080CF220-G=yes
080D0120-G=yes
080D0220-G=yes
080D0320-G=yes
080D0420-G=yes
080D0520-G=yes
080D0620-G=yes
080D0720-G=yes
080D0820-G=yes
080D0920-G=yes
080D0A20-G=yes
080D0B20-G=yes
080D0C20-G=yes
080D1120-G=yes
080D1220-G=yes
080D1320-G=yes
080D1420-G=yes
080D1520-G=yes
080D1620-G=yes
080D1720-G=yes
080D1820-G=yes
080D1920-G=yes
080D1A20-G=yes
080D1C20-G=yes
080D1D20-G=yes
080D1E20-G=yes
080D1F20-G=yes
080D2120-G=yes
080D2220-G=yes
080D2320-G=yes
080D2420-G=yes
080D2520-G=yes
080D2620-G=yes
080D2720-G=yes
080D2820-G=yes
080D2920-G=yes
080D2C20-G=yes
080D2D20-G=yes
080D2E20-G=yes
080D2F20-G=yes
080D3520-G=yes
080D3620-G=yes
080D3720-G=yes
080D3920-G=yes
080D3A20-G=yes
080D3B20-G=yes
080D3C20-G=yes
080D3D20-G=yes
080D3E20-G=yes
080D3F20-G=yes
080D4120-G=yes
080D4220-G=yes
080D4320-G=yes
080D4420-G=yes
080D4520-G=yes
080D4620-G=yes
080D4720-G=yes
080D4820-G=yes
080D4D20-G=yes
080D4E20-G=yes
080D4F20-G=yes
080D5120-G=yes
080D5220-G=yes
080D5320-G=yes
080D5420-G=yes
080D5520-G=yes
080D5620-G=yes
080D5720-G=yes
080D5820-G=yes
080D5920-G=yes
080D5A20-G=yes
080D5B20-G=yes
080D5C20-G=yes
080D5D20-G=yes
080D5E20-G=yes
080D5F20-G=yes
080D6120-G=yes
080D6220-G=yes
080D6320-G=yes
080D6420-G=yes
080D6520-G=yes
080D6620-G=yes
080D6720-G=yes
080D6820-G=yes
080D6920-G=yes
080D6A20-G=yes
080D6B20-G=yes
080D6C20-G=yes
080D6D20-G=yes
080D6E20-G=yes
080D6F20-G=yes
080D7620-G=yes
080D7720-G=yes
080D7820-G=yes
080D7D20-G=yes
080D7E20-G=yes
080D7F20-G=yes
080D8620-G=yes
080D8920-G=yes
080D9320-G=yes
080D9420-G=yes
080D9520-G=yes
080DA220-G=yes
080DA320-G=yes
080DA820-G=yes
080DA920-G=yes
080DAE20-G=yes
080DAF20-G=yes
080DBB20-G=yes
080DBC20-G=yes
080DDBE0-G=yes
080DF140-G=yes
080E2360-G=yes
080E8920-G=yes
080E8A20-G=yes
080E8B20-G=yes
080E8C20-G=yes
080E8D20-G=yes
080E8E20-G=yes
080E8F20-G=yes
080F9470-G=yes
080FB470-G=yes
08440550-G=yes
08440650-G=yes
08440750-G=yes
08440850-G=yes
08440950-G=yes
08440AE0-G=yes
084712B0-G=yes
08471C20-G=yes
08472A20-G=yes
08472B20-G=yes
08472C20-G=yes
08472D20-G=yes
08472E20-G=yes
08472F20-G=yes
084756C0-G=yes
084EF620-G=yes
084EF720-G=yes
084EF820-G=yes
084EF920-G=yes
084EFA20-G=yes
084EFB20-G=yes
084EFC20-G=yes
084EFF20-G=yes
084F0A20-G=yes
084F0B20-G=yes
084F4130-G=yes
084F4230-G=yes
084F7D20-G=yes
08500120-G=yes
08507720-G=yes
085696F0-G=yes
0856AD20-G=yes
0856AF20-G=yes
085940B0-G=yes
085944D0-G=yes
085945B0-G=yes
085945D0-G=yes
085946B0-G=yes
085947B0-G=yes
085948B0-G=yes
085949B0-G=yes
08594AB0-G=yes
08595620-G=yes
08595720-G=yes
08595E20-G=yes
08595F20-G=yes
08596050-G=yes
08596350-G=yes
08596450-G=yes
08596550-G=yes
08596650-G=yes
08596750-G=yes
08596850-G=yes
08596B20-G=yes
08596C20-G=yes
08596D20-G=yes
08597420-G=yes
08597520-G=yes
08597720-G=yes
08597820-G=yes
08597920-G=yes
08597A20-G=yes
08597B20-G=yes
08597C20-G=yes
08597D20-G=yes
08597E20-G=yes
085980D0-G=yes
085981D0-G=yes
085982D0-G=yes
085983D0-G=yes
085984D0-G=yes
085985D0-G=yes
085986D0-G=yes
085987D0-G=yes
085988D0-G=yes
08598A20-G=yes
08598B20-G=yes
08598C20-G=yes
08598D20-G=yes
08598E20-G=yes
08598F20-G=yes
08599F20-G=yes
0859A060-G=yes
0859A160-G=yes
0859A820-G=yes
0859AB20-G=yes
0859B030-G=yes
0859B130-G=yes
0859B330-G=yes
0859B430-G=yes
0859B630-G=yes
0859B930-G=yes
0859BA30-G=yes
0859BB30-G=yes
0859BD20-G=yes
0859BE20-G=yes
0859BF20-G=yes
0859C0E0-G=yes
0859C1E0-G=yes
0859C2E0-G=yes
0859C3E0-G=yes
0859C720-G=yes
0859C820-G=yes
0859C920-G=yes
0859CA20-G=yes
0859CB20-G=yes
0859CC20-G=yes
0859CD20-G=yes
0859CE20-G=yes
0859CF20-G=yes
0859D2C0-G=yes
0859DE20-G=yes
0859DF20-G=yes
0859E070-G=yes
0859E170-G=yes
0859E270-G=yes
0859ED20-G=yes
0859F140-G=yes
0859F240-G=yes
0859F340-G=yes
0859F440-G=yes
0859F540-G=yes
0859F640-G=yes
0859F740-G=yes
0859F840-G=yes
0859F940-G=yes
0859FD20-G=yes
0859FE20-G=yes
0859FF20-G=yes
085A0320-G=yes
085A0420-G=yes
085A0D20-G=yes
085A0E20-G=yes
085A0F20-G=yes
085A10A0-G=yes
085A11A0-G=yes
085A12A0-G=yes
085A13A0-G=yes
085A17F0-G=yes
085A18F0-G=yes
085A1BF0-G=yes
085A1D20-G=yes
085A1E20-G=yes
085A1F20-G=yes
085A20A0-G=yes
085A21A0-G=yes
085A22A0-G=yes
085A23A0-G=yes
085A24A0-G=yes
085A25A0-G=yes
085A26A0-G=yes
085A2A20-G=yes
085A2B20-G=yes
085A2C20-G=yes
085A30B0-G=yes
085A31B0-G=yes
085A32B0-G=yes
085A3480-G=yes
085A3580-G=yes
085A3680-G=yes
085A3780-G=yes
085A3880-G=yes
085A3B80-G=yes
085A3D20-G=yes
085A3E20-G=yes
085A3F20-G=yes
085A4230-G=yes
085A4430-G=yes
085A4530-G=yes
085A4630-G=yes
085A4730-G=yes
085A4C20-G=yes
085A4D20-G=yes
085A4E20-G=yes
085A4F20-G=yes
085A5320-G=yes
085A5420-G=yes
085A5520-G=yes
085A5A20-G=yes
085A5B20-G=yes
085A5C20-G=yes
085A5D20-G=yes
08821CF0-G=yes
08821E00-G=yes
08821F10-G=yes
08823520-G=yes
08823630-G=yes
08823740-G=yes
08823F10-G=yes
08850F10-G=yes
08860AF0-G=yes
08860C00-G=yes
08860D10-G=yes
08ADBBE0-G=yes
08B80660-G=yes
08B80760-G=yes
08BBC3E0-G=yes
08BBC4E0-G=yes
08BBCA80-G=yes
08BBCB80-G=yes
08BBCE20-G=yes
08BBCF20-G=yes
08BBE8C0-G=yes
08BBE9C0-G=yes
08BCCE20-G=yes
090EFB90-G=yes
090EFC90-G=yes
090F8D20-G=yes
090F8E20-G=yes
090F8F20-G=yes
090F9350-G=yes
090FA500-G=yes
090FA600-G=yes
090FA700-G=yes
090FC820-G=yes
090FD760-G=yes
090FD860-G=yes
090FD960-G=yes
090FDA60-G=yes
090FDB60-G=yes
090FDE20-G=yes
090FDF20-G=yes
091001C0-G=yes
091002C0-G=yes
09100F20-G=yes
09101470-G=yes
09101920-G=yes
09101A20-G=yes
09101B20-G=yes
09101D20-G=yes
09101F20-G=yes
09102140-G=yes
09102240-G=yes
09102C20-G=yes
09103A20-G=yes
09103B20-G=yes
09103C20-G=yes
09103F20-G=yes
0914DE20-G=yes
091F4720-G=yes
0930A240-G=yes
0930BDC0-G=yes
096E8480-G=yes
096E8580-G=yes
096E8880-G=yes
09798200-G=yes
097985A0-G=yes
09799C80-G=yes
09799F20-G=yes
09A10CND-G=yes
09A92A20-G=yes
09EEBCD0-G=yes
09EF4430-G=yes
09EF4530-G=yes
09F2E320-G=yes
09F2E520-G=yes
09F2E920-G=yes
09F2EA20-G=yes
09F2EB20-G=yes
09F30210-G=yes
09F30310-G=yes
09F30410-G=yes
09F30510-G=yes
09HGHI00-G=yes
09HGRA01-G=yes
09MGRA01-G=yes
0A70E220-G=yes
0A70E330-G=yes
0A70E440-G=yes
0A70F040-G=yes
0A70F310-G=yes
0A70F420-G=yes
0A70F530-G=yes
0A70F800-G=yes
0A70F910-G=yes
0A70FA20-G=yes
0A70FCF0-G=yes
0A70FE00-G=yes
0A70FF10-G=yes
0AA34260-G=yes
0AA34360-G=yes
0AA34800-G=yes
0AA34900-G=yes
0AA34BA0-G=yes
0AA34CA0-G=yes
0AA35070-G=yes
0AA35980-G=yes
0AA35E20-G=yes
0AA35F20-G=yes
0AA36C80-G=yes
0AA36D80-G=yes
0AA4F100-G=yes
0AA50F20-G=yes
0AAC5B20-G=yes
0AF3EF10-G=yes
0MWAVEV1-G=yes
0MWAVEV2-G=yes
0MWAVH01-G=yes
0MWX0H01-G=yes
0TRMTEHH-G=yes
0TRMTFH1-G=yes
0TRMTFM1-G=yes
0TRMTHHH-G=yes
0TRMTMHH-G=yes
0TRMTRH1-G=yes
0TRMTRM1-G=yes
1MWAVEV1-G=yes
1MWAVEV2-G=yes
1MWAVM01-G=yes
AIINTR1G-G=yes
AIINTR1N-G=yes
AIMG111G-G=yes
AIMG111N-G=yes
AIMG112G-G=yes
AIMG112N-G=yes
GDINAVAG-G=yes
GDINAVHG-G=yes
NODAVHOV-G=yes
NODNAVAG-G=yes
NODNAVHG-G=yes

[Actions]
01000000=1,37,0,1,0,0,0,0,A
01000002=3,3,0,1,0,0,0,0,A,13,0,1,0,0,0,0,A,74,0,1,0,0,0,0,A
01000004=1,37,0,4,0,0,0,0,A
01000006=1,16,0,0,0,0,0,0,A
01000010=3,3,0,9,0,0,0,0,A,13,0,9,0,0,0,0,A,74,0,9,0,0,0,0,A
01000016=7,80,1,01000018,0,0,0,0,B,80,1,01000015,0,0,0,0,A,11,0,23,0,0,0,0,A,55,0,0,0,0,0,0,A,55,0,0,0,0,0,0,B,17,0,0,0,0,0,0,A,17,0,1,0,0,0,0,A
01000019=1,80,1,01000026,0,0,0,0,A
01000021=1,80,1,01000018,0,0,0,0,B
01000030=10,11,0,24,0,0,0,0,A,17,0,80,0,0,0,0,A,17,0,81,0,0,0,0,A,55,0,0,0,0,0,0,CC,37,0,15,0,0,0,0,A,38,0,1,0,0,0,0,A,38,0,7,0,0,0,0,A,38,0,9,0,0,0,0,A,38,0,14,0,0,0,0,A,53,2,01000032,0,0,0,0,A
01000032=1,37,0,4,0,0,0,0,A
01000034=3,11,0,27,0,0,0,0,A,53,2,01000036,0,0,0,0,A,55,0,0,0,0,0,0,CC
01000036=1,11,0,28,0,0,0,0,A
01000038=3,80,1,01000029,0,0,0,0,A,80,1,01000028,0,0,0,0,A,53,2,01000093,0,0,0,0,A
01000047=10,17,0,82,0,0,0,0,A,11,0,25,0,0,0,0,A,80,1,01000045,0,0,0,0,E,17,0,4,0,0,0,0,A,55,0,0,0,0,0,0,E,53,2,01000049,0,0,0,0,A,53,2,01000051,0,0,0,0,A,53,2,01000053,0,0,0,0,A,53,2,01000055,0,0,0,0,A,53,2,01000057,0,0,0,0,A
01000049=2,80,1,01000044,0,0,0,0,E,80,1,01000044,0,0,0,0,E
01000051=1,80,1,01000044,0,0,0,0,E
01000053=1,80,1,01000044,0,0,0,0,E
01000055=3,11,0,26,0,0,0,0,A,80,1,01000046,0,0,0,0,E,55,0,0,0,0,0,0,E
01000057=1,80,1,01000046,0,0,0,0,E
01000059=2,56,0,1,0,0,0,0,A,11,0,29,0,0,0,0,A
01000061=1,1,0,15,0,0,0,0,A
01000063=1,33,0,0,0,0,0,0,A
01000065=1,2,0,15,0,0,0,0,A
01000070=3,80,1,01000069,0,0,0,0,B,80,1,01000069,0,0,0,0,B,11,0,30,0,0,0,0,A
01000072=1,80,1,01000069,0,0,0,0,B
01000074=1,80,1,01000069,0,0,0,0,B
01000076=3,28,0,5,0,0,0,0,A,11,0,31,0,0,0,0,A,28,0,1,0,0,0,0,A
01000078=2,11,0,32,0,0,0,0,A,33,0,3,0,0,0,0,A
01000085=1,46,0,0,0,0,0,0,A
01000087=1,80,1,01000084,0,0,0,0,G
01000089=1,80,1,01000083,0,0,0,0,G
01000091=2,11,0,33,0,0,0,0,A,47,0,0,0,0,0,0,A
01000093=3,3,0,7,0,0,0,0,A,13,0,7,0,0,0,0,A,74,0,7,0,0,0,0,A

[Allies]
IQ=0
Edge=North
Side=Allies
Color=Gold
Allies=Neutral
Credits=0
ActsLike=2
NodeCount=0
TechLevel=10
PercentBuilt=100
PlayerControl=no

[Allies1]
IQ=0
Edge=North
Side=Allies
Color=Gold
Allies=Neutral
Credits=0
ActsLike=2
NodeCount=0
TechLevel=10
PercentBuilt=100
PlayerControl=no

[Allies2]
IQ=0
Edge=North
Side=Allies
Color=Gold
Allies=Neutral
Credits=0
ActsLike=2
NodeCount=0
TechLevel=10
PercentBuilt=100
PlayerControl=no

[Basic]
Win=AKIRA
Lose=BOMBFLEE
Name=The Toxic Diversion 3: The Frontal Duel
Brief=CONSYARD
Theme=AOI
Author=Rampastring
Player=TTEGDI
Percent=0
GameMode=Custom Map
HomeCell=98
InitTime=10000
Official=yes
EndOfGame=no
FreeRadar=no
MaxPlayer=8
MinPlayer=2
SkipScore=no
TrainCrate=no
TruckCrate=no
AltHomeCell=99
OneTimeOnly=no
CarryOverCap=0
NewINIFormat=4
NextScenario=Maps\Missions\TTE4A.MAP
SkipMapSelect=yes
CarryOverMoney=0.000000
AltNextScenario=Maps\Missions\TTE4B.MAP
MultiplayerOnly=0
IceGrowthEnabled=no
VeinGrowthEnabled=no
TiberiumGrowthEnabled=yes
IgnoreGlobalAITriggers=no
TiberiumDeathToVisceroid=yes

[Briefing]
1=After breaking through Nod's roadblock, a small GDI group came to save
2=you. Now you're safe in the GDI base, but Nod has been expanding very
3=aggressively in the area and you must destroy the Nod base in the area
4=to halt their expanding.@@
5=We've heard reports that Nod might be bringing new weapons into the area.
6=The civilian village in the sector might be friendly or unfriendly towards
7=you, we don't know their exact stance. Try to keep them safe if possible,
8=and don't annoy them.@@@
9=Your only objective is: Destroy the Nod base.

[CellTags]

[Events]
01000000=1,28,0,4
01000002=1,13,0,10
01000004=1,28,0,4
01000006=1,8,0,0
01000010=1,13,0,10
01000016=3,28,0,4,13,0,1200,51,0,600
01000019=1,13,0,10
01000021=1,13,0,10
01000030=2,27,0,4,13,0,100
01000032=1,13,0,5
01000034=2,28,0,4,4,0,2
01000036=1,13,0,10
01000038=1,13,0,2200
01000047=2,13,0,2000,37,0,1
01000049=2,51,0,1000,37,0,1
01000051=2,51,0,1000,37,0,1
01000053=2,51,0,1250,37,0,1
01000055=2,28,0,3,13,0,100
01000057=3,28,0,3,13,0,1000,37,0,1
01000059=1,48,0,0
01000061=1,17,0,0
01000063=1,1,0,15
01000065=1,11,0,15
01000070=1,13,0,2500
01000072=1,13,0,5
01000074=1,13,0,5
01000076=2,28,0,4,48,0,0
01000078=1,13,0,3500
01000085=1,8,0,1
01000087=1,13,0,5
01000089=1,13,0,15
01000091=1,13,0,40
01000093=1,13,0,10

[GDI]
IQ=0
Edge=South
Side=GDI
Color=Gold
Allies=GDI,TTEGDI
Credits=60
ActsLike=0
NodeCount=0
TechLevel=6
PercentBuilt=0
PlayerControl=yes

[GDI1]
IQ=5
Edge=North
Side=GDI1
Color=
Allies=GDI1
Credits=0
ActsLike=0
NodeCount=0
TechLevel=10
PercentBuilt=100
PlayerControl=no

[GDI2]
IQ=5
Edge=North
Side=GDI2
Color=
Allies=GDI2
Credits=0
ActsLike=0
NodeCount=0
TechLevel=10
PercentBuilt=100
PlayerControl=no

[Houses]
0=GDI
1=Nod
2=Allies
3=Soviet
4=Neutral
5=Special
6=GDI1
7=Nod1
8=GDI2
9=Nod2
10=Allies1
11=Allies2
12=Soviet1
13=Soviet2
14=NavalNod
15=TTEGDI

[Infantry]
0=Neutral,E3,256,53,113,0,Guard,64,01000077,0,-1,0,1,0
1=Neutral,E1,256,52,111,1,Guard,64,01000035,0,-1,0,1,0
2=Neutral,E1,256,47,112,1,Guard,64,01000035,0,-1,0,1,0
3=Neutral,E2,256,57,113,1,Guard,64,01000035,0,-1,0,1,0
4=Neutral,E1,256,60,116,1,Guard,64,01000035,0,-1,0,1,0
5=Neutral,E1,256,57,121,0,Guard,64,None,0,-1,0,1,0
6=Neutral,E1,256,53,119,0,Guard,64,01000077,0,-1,0,1,0
7=Neutral,E1,256,56,117,1,Guard,64,01000077,0,-1,0,1,0
8=Neutral,C2,256,57,127,1,Guard,64,01000035,0,-1,0,1,0
9=Neutral,C3,256,51,121,1,Guard,64,01000077,0,-1,0,1,0
10=Neutral,C4,256,51,117,1,Guard,64,01000077,0,-1,0,1,0
11=Neutral,C5,256,58,112,1,Guard,64,01000035,0,-1,0,1,0
12=Neutral,C6,256,54,109,1,Guard,64,01000035,0,-1,0,1,0
13=Neutral,C7,256,48,112,1,Guard,64,01000035,0,-1,0,1,0
14=Neutral,C8,256,45,115,1,Guard,64,None,0,-1,0,1,0
15=Nod,E1,256,33,89,1,Guard,64,None,0,-1,0,1,0
16=Nod,E1,256,25,93,1,Guard,64,None,0,-1,0,1,0
17=Nod,E1,256,46,83,1,Guard,64,None,0,-1,0,1,0
18=Nod,E1,256,44,74,1,Guard,64,None,0,-1,0,1,0
19=Nod,E1,256,42,69,1,Guard,64,None,0,-1,0,1,0
20=Nod,E1,256,39,62,0,Guard,64,None,0,-1,0,1,0
21=Nod,E1,256,34,67,1,Guard,64,None,0,-1,0,1,0
22=Nod,E1,256,32,70,1,Guard,64,None,0,-1,0,1,0
23=Nod,E1,256,29,75,1,Guard,64,None,0,-1,0,1,0
24=Nod,E1,256,28,81,1,Guard,64,None,0,-1,0,1,0
25=Nod,E1,256,21,83,1,Guard,64,None,0,-1,0,1,0
26=Nod,E1,256,20,76,1,Guard,64,None,0,-1,0,1,0
27=Nod,E1,256,17,85,1,Guard,64,None,0,-1,0,1,0
28=Nod,E1,256,39,85,0,Guard,64,None,0,-1,0,1,0
29=Nod,E1,256,46,91,1,Guard,64,None,0,-1,0,1,0
30=Nod,E1,256,50,80,1,Guard,64,None,0,-1,0,1,0
31=Nod,E1,256,47,69,1,Guard,64,None,0,-1,0,1,0
32=Nod,E3,256,49,76,1,Guard,64,None,0,-1,0,1,0
33=Nod,E3,256,42,80,1,Guard,64,None,0,-1,0,1,0
34=Nod,E3,256,36,73,1,Guard,64,None,0,-1,0,1,0
35=Nod,E3,256,32,82,1,Guard,64,None,0,-1,0,1,0
36=Nod,E3,256,42,92,1,Guard,64,None,0,-1,0,1,0
37=Nod,E3,256,30,92,1,Guard,64,None,0,-1,0,1,0
38=Nod,E3,256,27,83,1,Guard,64,None,0,-1,0,1,0
39=Nod,E3,256,21,79,1,Guard,64,None,0,-1,0,1,0
40=Nod,E3,256,28,73,1,Guard,64,None,0,-1,0,1,0
41=Nod,E3,256,36,66,1,Guard,64,None,0,-1,0,1,0
42=Nod,E3,256,30,71,1,Guard,64,None,0,-1,0,1,0
43=Nod,E3,256,38,80,1,Guard,64,None,0,-1,0,1,0
44=Nod,E3,256,47,63,1,Guard,64,None,0,-1,0,1,0
45=Nod,E3,256,45,63,1,Guard,64,None,0,-1,0,1,0
46=Nod,E3,256,47,64,1,Guard,64,None,0,-1,0,1,0
47=Nod,E3,256,42,60,1,Guard,64,None,0,-1,0,1,0
48=Nod,E3,256,38,68,0,Guard,64,None,0,-1,0,1,0
49=Nod,E4,256,41,71,1,Guard,64,None,0,-1,0,1,0
50=Nod,E4,256,38,88,1,Guard,64,None,0,-1,0,1,0
51=Nod,E4,256,48,87,1,Guard,64,None,0,-1,0,1,0
52=Nod,E4,256,27,93,1,Guard,64,None,0,-1,0,1,0
53=Nod,E4,256,30,83,1,Guard,64,None,0,-1,0,1,0
54=Nod,E4,256,33,74,1,Guard,64,None,0,-1,0,1,0

[IsoMapPack5]
0=BA8AIAQIAFAAJwQAYAADCQBRAP0DZAEDAAoAUQDx6wFTAPjrAVIA+usBVAD+qAECCwBRAP
1=XpAVPpAQwoVgAMAClXAEsAJ7QNCwwARQBjBAAAAgAADABGiQEEawFZALOgBAINAFEA77wK
2=Ag0AUwD26QFQ7hANACc4AgINAE8A++EERJAJAQEAAA3JDANoAakMBWgBqAyBBFqUDQYGAA
3=AOAEkAOQGTHw4ASigoACdvAw4ATfcjDgBWKCkAWOAaAg4ARABkqxcOAEWJAQJ8CqkMB2kB
4=W5QNAQwAAA8otQEPKLcBDwBN5B4CDwBRAPSjGg8AVigpAE/sMQIPAEwA+eEETuoiDwAndw
5=QPAFXrIg8AU/8VDwBH/RUP3RUBeBG9FQNrAVwAorYYDwCpFwh0AqkXDWsBWADH4QRZiAEF
6=BAAAEABMAPK4EQIQAFEA8+kBU+sXEABP60MQAFYoKQBN4zsQAEvhGhAoYgcQALU5AGgMJ8
7=EIECjCCBAAvRUBYQRdiBeYEb0VDnQCvBWABL0VBXUCWogXAwkAABEAVvcuEQBL5RMRKNAK
8=AhEATwD3oxoRAFXwFAIRAFcA/PQCsRQBcAmxFANoASfICQIRAFwAoa4mEQCxFAVgBKUTAm
9=gBpRMGaAGkEwEKAAASKGcCEgBV43ISAEvyKhIAJ38FEgBX5ykSAEn3RBIASutDEgBI/0ES
10=AFIoKwBQACqkEwISAEQAYukBRYkBBGwQqRcBaQFdlBiUAr0VB3QCvRULaAEJWwDIBAAAAw
11=AAEwBV8yoTAEvrFxMAU+tDEwBJ6y0TAFbrFxMAVOsXEwBM6xcTAE3xjRPRFAFoDLEUBWgB
12=pBOJAVqMEIAEuREEYQRclAIDBwAAFABe93sUAF8oKQBU5xMUAFX9KxQokQIUKGsIFABN7m
13=gUACf4DwIUAFYAN7knFNEUAnQNsRQGaAGkE5QCpRMFdAKlEwhpAV2QFAELAAAVKJECFSiR
14=AhUoEwgVAEn9FRUoPQgVKLsHFQBW+VMV2REDfAq4EQEHAAAWKFsGFgBV83cWAFYoKQBU9U
15=QWKK8LFgBM7zEWAD/8IAIWAEQAYbMfFgBFiQEEaQxGiQEIaQFljHMDAAAAFwBB9y4XAEIo
16=KQBRKCkAUigpAFMoKQBX40YXAEvjRhcASuNyFwBb95wXAGLnExcAXuFcF9EUAWwQsRQFaA
17=GxFAloAbAUgQRmnBUBBAAAGCi9AhgovgIYACe+AhgAJ74CGAAnvwIYAEr6SBgAJ+sCGABb
18=6xcYAFrrFxgASektGCibGRgAVOEaGMkXAngRqRcGaAGpFwpoAb0VBWsBZACjrzEYAGWIAQ
19=EDAAAZKL0CGSi8AgEZAEoA3/wZAFcoKQBN6xcZAFT3LhkAWigpAEv5dBkomw4ZAFjrQxkA
20=QOMwGQBDKCkAXCgoAKBGhBOhGgdwFKEaC2sBZACgtRgZ1RgEdQJmgBoBBwAAGijrAhoATe
21=sXGgBa/VcaKOkCGigBBhoo7wgaAFnjMBoATusXGgBbKCkAUvwVAhoARQBAuxEaAEaJAQJs
22=ELEUAWkBZZ0VBWgBsRQIawFjAKi7BhsAPOtZGwA/KCkATfEqGyi9AhsovwIbAFkogQBK7U
23=cbKIkXGyhcFwIbAFsAK/QNvBUFAQAAGwBGAGf1AkeJAQN0Ar0VBmkBZokXCmsBYQCk7QVi
24=iAGMBbQYkQlkgBoDBAAAHAA79RgcKG8DHABU478cAFcoKQBZ+zIcAE3nlxwASePrHABC50
25=ocAE8oKQBB5jQcACeTIxwAVefDHABWKCkAWCgpAFP7aRwAWvugHABD4zscAFAoKAAEPgAu
26=BAAACGEaP4kBDGgBrSYBaAGsJoUeSJknB3QCrSYLaAGgJYEEY4wmgwRgAKWnKRwAYYkBAm
27=wFuScFaQFlhCkDCAAAHQA65ykdAFrrWR0AQe8mHQBC4XIdKB0lHSjBCB0owwgdAEDvJh0A
28=ReOIHQBSKCgAJ4MLHQA9hR4FbBC9IAloAb0gDWsBUAA0tBgGHQBJAFkEAAAEdQJKiAGIF6
29=ElAnQCoCWQCaAlgwRpAGnlCGqJAQNtBWuJAQZpAWAjVSEAaAG4J5gGrCaNBWKYJwMFAAAe
30=ADnhJR4ozwQeAE//TB4AUigpAEDjZx4AQigpAEUoKAAnVxYeAFTnax4AWigqAFEAJeUzHi
31=ipEB4oiy0eAFPrTh4ATutOHgA294YeADydKwJoF6ktBmgBqS0KaQFIhSkBaAG8K5gcvSsJ
32=dQJLgQQNaAGkKYwFpSkEdAKlKQdoAaQpgQRhkCqDBF8Ap6MwHgBdiE4BAAAAHyj5BB8oHw
33=8fAEz/Kx8AQuUpHygfDx8AQO1SHyibLx8AUvtTHwBF+ycfAFkoKAAnBy0fAETzKh8AP+dV
34=HwBB5ykfAEMoKAAndg8fACd1Dx8oYzMfAGXpLR/JLQNsG6ktB2sBaABHsh8fAKktAnQCqS
35=0GaAGpLQpoAaktDmsBMgBf+QYziAGdCk2IAZknTogBlwI3AGDtBTiIAZQCsDWUDbE1BXwK
36=sTUIaAGkNJQCJAgznAqxNQFhBGCdNgRoAbw2lQJeiDgDBAAAIABS6YUgKIELICgnECAAP+
37=MwIABE560gAD7nVSAAU/CjAiAAOQBBtxggADqJAQJpDE+JAQBpAVCIAZcCTABEJOc+IABp
38=nSsDYASxKgdoAbEqC2sBNABe/Qo1iAGFCDaIAZQYqS0BbAWoLZQCqC2UAqgtlAKoLZQCqC
39=2VAkuUsosBZgBo9Q1niAGFE2iJAQZpDEecjoUISIgBmAagMJQCJHg2lAKhMAV5BmGNMQho
40=AaAwlQJfjDEDCAAAIQBC7zEhAFL92yEoeTYhKHs2IQBW+14hAED1siEodxohAD33WiEAYC
41=goAKU0AXQNuDKJAUuMMYgBuTIDYAS0LpQCtC6UArUuBWAEtS4CaAG0LpQCtC6UArQulAK0
42=LpQCtC6VAjqVLgBlCDuIAYkMPIkBBnUCUIgBgQRRiAGABKQ0hBOlNARsBaU0B2kBRZgymQ
43=ZGiAGYBrw2nAq8NowQsDWLAVwAqac/IgBA4TAiKL05IigJHSIo/UEiKNwRASIATQAlC0ki
44=AE7/YiIASuY0IgAnyEsCIgBlAEj0DbwgAgEAACIAvSAEaAG9IAdoAbwggAS8IIEEUogigA
45=SpIgJsBakiBWgBqSIIaAGoIoQIqCKECKgihAiwH4EEXZwgAQMAACMogywjAE75UyMogTcj
46=KNUQIyhfQyMAS/+vIwBM/yAjAE8oKAAn4EMCIwA9AD+kgQIjAFMAQ+kBRJGCAGwQoSUBaQ
47=FmjCaEE60mAnQCrSYFaAGtJghoAawmgASsJoAErCaABKgigASoIoAEqCIDCAAAJABM5x4k
48=AE7t1iQoTzYkAE/t1iQowT8kKPcUJABC9qckACcbKiQASfN3JABN4iUkACerPCQAOuNGJA
49=A18HcCJABGADajRiQAR4kBAnEUPJknAWkBUpgniAGlKQN1AkWEKYsBYwBS5QhkiAGVAmWJ
50=AQZvBT0AZuEEPogBgQQ/iAGBBEOYoJUCRIgBlAIBcQBnBSP/KyQAcogBAwwAACUASff/JQ
51=A6+yclAEooKQBX82wlAEzlKSUocyolAFUmoyUlAEHyzyUAJ+M4JQBYJiMgJQA56W8lKDcz
52=JQA7604lAFkmvy4lAE7zKiUAaigoAL0rAWgXvSsDaQFgjdYAaQFhiQECawFbAEyjJSUAXI
53=gBlAK8K4QIvSsEbAW9KwdpAV2M1pEJXogBmQZfiAGNBVIj0EyBBFOIAZQCuDKcCrgylAK4
54=Mp0KQowxgASkNIAEpDSBBHCZMgVsELE1CWgBsTUNaAECLwBxBQAi2U0mKFNHJgBP5TQmKB
55=tLJgBM91omAFUoKQA75zQmAFgoKAAnVwsmAFDtMSYoeismALwrAwEAACYAYp3QAmgBsSoD
56=aAGwKpQCsSoFdAKxKghrAUAAWCRTMSYAQYgBlAKoLZwKqC2QCagthAioLYAEqC2UAqgtlA
57=2oLZQCqC2dCmGRYQBgD7QujAW0LowFtC6NBVrzzyYAW4kBBnkGb4wxmAa4MpQCuTIKYAS5
58=Mg5oAQMrAG8FAACABAEsAHAFI3NhJgAtiAGFCC6cNpQYqTgEewYwAHTtBTGIAQECAAAnKL
59=0uJyhvDicAUPWcJyhfQycASudrJwBI+ZUnKH0bJyh/GycAUedrJwBX+2knAGQoKwBVADW3
60=ZScAZSPhQwB5EWaIAYUTYYU/AXQCsUADaQFZhJeNBT+AO4AEuT0FYAS5PQlpAUKBBA1oAa
61=A7nAqhOwZ0Aq0xBGgBrTEHawFeAKrlE1+IAYAPpDSIAaQ0jAWlNAt4BgEyAG4FIx87JwAq
62=hDScCrA1jAWwNZwVsDWQCbA1hBOwNZQYsDWMBbA1AQMAACgomTooKN8GKABI8zUoAEnjqS
63=gATvt0KABQ4qkoACerRygAT/vMKABE+zIoAEYoKAAnGhQoALE1AWwQsDWJAVqMMYQTrTEC
64=YAStMQZoAa0xCmgBrTEOaAGsMZgGrTEHdQJmI+EiAGkBZ4gBgQRoiAGRCVecmYEEWIgBgQ
65=RZiAGABLw2hBO9NgRxCWCIOIsMbgBop2AoAG+JAQVhBHCIAZEUMYg4hAi0OYEEM5UCCW0F
66=KYA7mBysPAEFAAApKC0GKSjNOykoYVQpKGNUKQBzJic8KQBI59kpAFAoKAAnb0UpAC/sMQ
67=IpAE8AKa9SKQBTiWQAYQ9UiQECaAG1LgdoAbUuC2gBsSoBaAGxKgRoAbAqjQU9mCeRCT6J
68=AQNhBD+JAQZoAbQuhAi0LoQItC6ECKgtnCCpLQh4BgNhAKsEAACUArQuhAi0LpwKtC6QFL
69=QulBi0LoAEtS4KcQk0gDABDgAAKihSBSoAJ3dcKgB28yoqAHcoKQBFJq8hKgBI5WAqKDMM
70=KgBG/5kqAET/mSoAR/1iKij3dyoAcyb5JSooEBMCKgBpAD4kcSoq2TIBcxRVAFuzzyoAVo
71=kBCHUCVJHEBGgBuTICaAG5MgVoAbgyjAW4MpAJuDKYBrkyB2wFuDKECLgyhAi4MoUIYIAw
72=hAitMQZ4BqwxmAasMZAJrTEMYASgMJQCoTALdAKhMA9rATUAeiRNICso1AUAASsAdwA5AQ
73=AAAAAAKwBEAPEDAAARAAC/DgAgBwAAACsASADxAwBgAAIrAEUA8usBUADz6QFzKCsARgD2
74=9wJJAPzpAVEoKQB0KCsASwD94QROKCgAAVkAOARwDQ4AKwBoAD4EAAABAAArADwAR/cCVA
75=Bb9QJViQEFYQRWiQEJaQFXiQENawErAF35BiyJAQN1Ai2JAQZpAS6IAZsGKQBg7QUqiAGP
76=BWkAZvUCaogBlQJriAGECAQ9AGgEAAACcQk+iAGZET+JAQh3AmAAq+EEYYkBB3UCYokBDG
77=gBA24AaAUAAJ0Kb4gBmAYBNgBvBd0gN4gBgQQ4iAGDDzkAdOEEOogBjBABNAB6Bc0mNYgB
78=BgQAACwAeAA5AZMJLAB5KCsASQDvozAsAE7vPCwASOw8AiwASwD04wRRAPXrAUQA9+kBdC
79=grAFMA+fcCSgD66wFHAPvpAU/kPwIsAFQA/vcCcQAnvissAKU/AX8VLwA69QIwiQEDdQIx
80=iQEGaQE9nEGUArBAlAKxQApgBLFADmgBsECcCrBAiCKxQAdgBLBAmwYmAF7hDyeJAQJhBC
81=iIAZgGtESQCbRElAK0RJQCtESVAmuURIgMpT8IcAmlPw1pAWORQBJoAbBAmAaxQAl0ArBA
82=nAqwQIAEsECcCrBAgASwQIgipT8FZAgBOwAuBpNLLAA8iAEBBgAALSg9CC0oPwgtAE7/QS
83=0ASfs9LQBLKCgAJxMILQBTKFUAT+9+LQBC80AtAE0oKQBD5D8CLQB1ADa/Ky0AdokBAngR
84=uT0BaAG5PQRoAbk9B2sBbAA/rmgtALg9lAK5PQtgBKw8kAmtPAV0Aq08CGgBrDyMBaw8lA
85=2tPANgBKw8mAasPJAJrDyVAleVOQBtBViIAZkGWYgBkCqwQJgGsECYBrBAjBCxQAlkCLFA
86=DmgBAWMArASGNC0AuD2ECLg9hwhuAHejfS0Ab4gBgQQ6lDmUGKw8jCasPAMHAAAuAEL/eC
87=4ATSgpAFEoKQBTKCkAS+e4LgBD9zkuAE4oKQBJ4H0CLgBMAPizdy4AUO88LgBS734uAFQo
88=KQBB+38uAEYoKQBH/0EuAFUoKQAp5YEu1UQBdBi1RANoAbVEAmgBtUQFaAG1RAhpAWuURJ
89=kGOZ2DAHQCvDaUAr02BHQCvDaBJWKAMIAErDGBBGSUAoMELQAfoDAFLgA9AG4FAACABLgy
90=mAa4MpAUAWwALAaHrS4AbYgBlAKwNYgXsDWIF7A1AwgAAC8AJfeyLwAmKCkAVfsyLwBH/2
91=0vAFAoKQBM+zIvAHH/Ky8AVvMqLwByKCkANP8rLwBUKCkAdygrADEAQK9zLwAyiQECZxNa
92=AEOrby8AOpEqA3QCsCqABLEqBXQCsCqBGjeB4AB1AjiIAZkGOYkBBnUCZYyfmAa0LogBtC
93=6ECAMqAAkFAACUAqEwAXkGLo0xBGkBL4kBB2sBKwAjpzQvACyIAYUTPJA1mAa8NpEJPpUC
94=CXgGsDWABLA1nQpunDYBBwAAMChZBjAoWwYwAELnNDAAR+c0MABQ7zEwAFYoKQByKCkASO
95=8xMABo9C4CMAB1ACq0LgIwAF0ALOkBb4lZAmwQuTIBaQFZjDGIAbkyA3UCMomQAGkBM4gB
96=lQI0iQEGdAKsMZgGrTEEdAKsMZkcZIwxgAS4MpkGKYAwlAKsMZUCK5UCC2QIuDKQFLkyBX
97=QCuTIIaAGsMZsRawBlpjQwALgymAa4MpwKuTIKeQY/hTQOaAGkNIwFpDSIDKQ0AwgAADEA
98=Qe0xMShbBjEAeyhXAC0ATiTrIzEASONnMQBK4DACMQBOADK3LjEAT4kBAn0KboEwAWsBNg
99=BJ4wRZAGLpAVqJAQRgBKAwjAWgMJQCoTAHYwRvAGf5BnCJAQN1AnGJAQZoAaQ0gA+lNAV0
100=AqQ0mBykNIAEpDSdCmadNgxvBSgABrZlMQC8NowFvDaMBbw2jQUsiTgRewYuABC7MjEAL4
101=gBhBOwNYEabJw2lwJpAGYknyoxAGqIAYsXQABt9AK0OZQNtTkLaAy0OQMPAAAyAEz7MjIA
102=WygpAFwoKQB6KCgAJwoHMgAnCwcyAEjr0jIAR/nMMihvGTIAbSYnMTIAJe88MgBzKCgAuT
103=0BeBG5PQNrAVQAN6Q0AzIANQBEBCNCLzIApD+NBTeQQIwFsECUArFABWQIsUACaAGwQJQC
104=sUAIdAKwQJgGsUAEdAKxQAdoAaA7jQVmgTsNdQJniQESaQEnjDyECLk9BnUCKZUCC2gBuD
105=2ECLg9hAi4PYUILow8hAi4PY0QMJQCjRBogDuABLg9gQRqlAKBBGuJAQp1DT+EP4wFsECN
106=BUGUAgMHAAAzACP3OTMAJCgpAEsoKAAnPQgzKD4IMwAnPwgzACzxdzMoEwgzAG0mszIzAG
107=7zQDMAbyZTMTMAPfs9MwBeKCgAJ6sbMwB9KFUAeia8OQMzAFcAOQSHPzMANJFAAXQYvUED
108=aAEBcgBOBIrSMwCxQAJ0ArFABmgBoTsFaAGhOwhoAaE7CWkBZpU5DmgBtDmECLQ5jCa1OQ
109=xhBCqBOxFrASYACLZ7MwCgO4UILpw2hAi0OYAPtDmAD6g4lQJqnDaUArw2mAa8NoAEvDaB
110=BEYjkTkAYQ9HiAGRH0iIAZscRABzt4YzAEWIAZEJSSMUOpkGSogBlQJCIxQ6hwhnAMkk8y
111=QzAGiIAQEIAAA0KJUINCiVCDQoqxA0AE3jRjQAK/1BNChrCDQAbe/sNAA44zs0ADooKQBS
112=KCkAbCgpAF8jATIAbRBgiQECaAG9QQFpAVacQYgBqUMDdQJxkECUAr1BBnQCvEGABL1BB3
113=QCoDuYHKE7DXQCoTsSaQElgDuQCaw8kQknlQILYwQtABKrLTQALogBiQwviAGNBUuR5QRt
114=BUaENJEJR4gBlAK9NgdgBLw2gAS8NpAJvDaUArw2lwJDAHnhD0GIOIAEtDmdCmaIOJQCoT
115=sFaAyhOwlpAWmABAMNAAA1ACr9NjUoCQc1KAsHNQB0JvcqNQB1JpskNQB28zU1AHkoKAC9
116=NgF8Cr02A2kBbuS4AjUAgQA9s7k1AIKIAYEEg4kBBmwFqTgCaAGpOAdpAXOBOwxpAX0jWU
117=gAaQF+iAGFCH+IAYUIgIkBCWMEPQDG9Q0+iAGdCj+JAQRgBKU/DmgBuD2ABLg9gA+4PYEP
118=KIU/EWwFpD+YHKQ/kAmkP5sGJAAipzQ1AEqQQIwFvUEFZQhMlAKRFEacQYAPqEOABKw8mQ
119=ZEmD2YHKw8gASsPJgGrDyQH608CmgMrDyPG1kAkCTnMzUAWogBhQhbiAEDCgAANgAp8UA2
120=KD0INig9CDYoPwg2AHXrvDYAdv26NsE7AXAJoTsEaAGhOwdrAXgATK8xNgB5iQECdAKtPA
121=hoAa08DWgBAXEAUAQjKjc2ALg9nAq4PZwKuD2cCrg9lRh6Iy1IAGUIe4gBiQx8iAGZBkCJ
122=vAVgBAFqAK4EI2o/NgC0RIgMtUQDYAS0RI8FOwDH6Rc8iAGQCbREiBe0RIgXtUQSZAi0RI
123=wQtESQCbREmAa0RIEPJYBGnQplI1gnlBisR4QIrUcGfAqsR4UeTZlIDncCVQBxJLMnNgBe
124=KCgAtESAGrREjCa1RAt4BrVED2gBtESYEbRElA20RAMLAAA3ACb3RDcAKCgoACftCDco7Q
125=g3KO0INyjtCDcopyA3AHXnwzcAHuOINwAiKCkARSgoALWGAmwQsUsFaAGxSwhoAaVKA2gB
126=uUgOaAG4SI0FcoVKCXQCpEqQCaRKgASkSpAJpEqEHqVKAXgGpEqIDKRKmQZ2I9U8AGEEd4
127=gBgQR4iQEGdQI/iE6ECLRPlQJplE+UAqFRBG0Fa5UCB2gBqE6ABKhOlQ09lE+UGKhOmBy4
128=SIAauEiPBS4ANKuQNwAviAGQCbBLiQFmnEycFbBLgA+wS5AfsUsPeRFWjJSZHFeIAZkGWI
129=gBgRphiAGBBGKIAYEEY4gBgwRfAHD5EWCIAZ0VVIRVmBG8V50gXShUAKhZlQJSIzgjiQxT
130=iAGFCGSQo5UCTozhgA+oWYAEqFmMG6lZDGEaXI6fEQAiVCLpWTgoVQs4KEUUOChVCzgoVQ
131=s4KFULOChXCzgALigxAT79VzgizTsEI/YqOACtUgZgD61SCmkBc5lTDmgBpUoBaAGlSgRo
132=AaVKB2gBpUoCaAGkSpUCQZ1MDHQCpUoFaAGlSghrAWwAr6KeOACwS4QIsEuYEbBLmxEkAA
133=WzNTgAJYkBA2UIJogBjAUBLwAPBSMrYzgAMIgBlAK0RIgXtESIF7REkBS0RIAEtESABLRE
134=gQRPiUMAdQ1QiAGQFKxHmAasR5gRrEeABKxHhB6sR5QCrEeUAqxHhAisR4UIUe5HOAC4SI
135=EEZZQCgQRNhEqUArBLnBWwS4AEsEucK7FLDWgXsEsDEgAAOQAhJoMsOQBEKCkARSgpACfh
136=Rjko9Qk5KPUJOSj1CTko9Qk5KPUJOSj1CTko9AkCOQBnAC2r6DkAaIkBCHkReibZLDnNUg
137=N0AqFRC2kBdCOBbgRpAXWIAZkGcyM4RJQCuVMCYAS5UwVoAbhTjAWsUogBrVINYQRCmFOJ
138=ImuBUQF0AqxSnQptlQIHdwI+AMMkKzc5AEcjqSYAdQJIiAGBD0mIAZgGvFeYBrxXlBi8V4
139=gMvFeMBbxXjQUY8lY5AKhZnAqoWYEEMYEEDGAPtFqABLRahB6oWZQCqFmUArxXgA+8V5wr
140=vEyVAlLySzkApEqYBqRKkBSlSglgD6RKAw4AADoAHONGOgAgKCgAJ3EJOihyCToAJ3IJOg
141=AncQk6KHEJOihxCToocQk6KHEJOihxCToocQk6KHMJOgAv81Y6AHgmU0c6ADvjnjoATSgp
142=AIIoKQBmgVEBYBq5UwVoAblTCWkBaYEEDWkBc5RPjAWsUowFrFKNBXaABI8FWQBhJH8mOg
143=BaiQEEZQhbiQEIaAGsUpgGrFKRKm4jGWEDYASgUYgMoFGbBkIAsKumOgBKKCsARgCz9Q09
144=hFWQFLFWBnEJP5UCC2gBvFeABLxXlA28V5QNpVUCbAWkVZQCpFWNEBeAUQABAgAAOgAYAA
145=8FAAAHAAA6ABkADxEAACoOACAAAgUAAAwAADoAMAAPBQAACAAAOgAxiQENaQEyiAEHEgAA
146=OwAbADkBAGMAOwAcKCsAFgBO9QIXKCkAJigpACcoKQAoKCkAKSgpACooKQArKCkALCgpAC
147=0oKQAuKCkALygpADAoKAABeADzA2wUAwA7AHkA/ugBAV0AJwTVAnEoKAAEZgAtBAAAAm0b
148=Z4kBBmkBaIkBCmkBaYkBDmgBBFQAMwQAAARpAVWJAQhrAYUANP8KQAA46wFzAFv9CnSIAZ
149=0KdYgBnQp2iAGcCgRZAGEEAAABcQlaiQEFaQFbiQEJawFtAKzhBG6IAY0Qb4kBB2MEQQCw
150=4QRCiAGBBEOIAYEERIgBgQ9JiAGVDUqIAY0FS4gBjQVMiAGPBUYAs/0KR4gBlBgDPgDDBA
151=AAjQU/iQEMbBADIwAGBQAAiRcYgEaVIxmJAQ1hBBqIAZhIsEuQHwEyACUF2TIziAGPMSQA
152=OfUCJYgBAQIAADwoywk8AB33TzwAPCgpAD0oKQAV/kE8ACd6CjwAJ3sKPAAYKIAAJ6YKPA
153=Anpgo8ACemCjwAJ6YKPAAnpgo8ACemCjwAJ6YKPAAnpgo8ACemCjwAJ6YKPAAnpwo8ADEo
154=DQJs7lI8AKFRB2QeoVELaQFTiU4BaAGhUQVoAaFRCWkBVoEEDWsBeQA1olE8AKxSmAagUZ
155=wKoFGcCrRPnCu1TwZkCLVPCmsBdgBm8Ql3iQEDdQJ4iAGMBQFwAKsEhj88ALhThBO5Uwhs
156=BaxSlAKsUpQCrFKMEKBRgASgUYAEoFGABLRPiRdIgVEMfAqgUYwFoFGTH08Axv0VUIgBjR
157=tRiQEEewZFAMy/eDwATSgpACKcV4AlqFmNGySUAowQARoADgWbdDwAG4gBgAShXA58CqhZ
158=hAioWYAlvFcBAwAAPSimCj0AJ6cKPQBj81Y9ABT+QT0AJ/0KPSj9Cj0o/Qo9KP8KPQAZKN
159=gAJykLPSgpCz0oKQs9KCkLPSgpCz0oKQs9KCkLPSgpCz0oKQs9KCsLPQAf81Y9ADkoKQBK
160=KCkAfCgrAEIAKbgyAj0AfwAr6AGpWQZ0I6lZCmgBqVkOaAGpWQFoAaRVhCmlVQd0AqVVC2
161=gBpFWMBaVVBHQCpFWNBW+EVYAEsFaDD1IAra61PQC9TAh4Br1MDWgBA0AAvgQAAIAPqU4J
162=dAKoTpAUqE6cCqhOjAWpTgVtBV2VTwBpAV6JAQJpAV+IAZEURIBRhAi4U5kGRpQClQ1MiA
163=GABLBWgQROlAKABLxXnAq8V4QevVcMdQ0liVkRawEhAAmutT0AtFqYBrRamQYcgFyYBgEw
164=ABQFl949ADGIAZcjMgAmo7Q9ADOIAQMCAAA+AGTrWT4AZSgpAGYoKQAT5VU+KK0LPiitCz
165=4orQs+KK0LPiitCz4orws+ABooMAEn2Qs+KNkLPijZCz4o2Qs+KNkLPijZCz4o2Qs+KNkL
166=PijbCz4Adf5XPgClVQtnHlkAS6tZPgBaiAGfIHkAWaeMPgB6iQEIbAW4U4AEuVMFdAK4U4
167=AEuFOABLlTB2EEcZFWDGkBUYVVAWgBsVYDaQFggPaIAbFWDnUCXJ2kAGkBP5xXmAapWQR1
168=AkGUAokMQokBCncCUwDFrl0+ALBWmAawVogMsFaLF0sAyvgcsVYGZAiwVpEJR5hTmBGwVo
169=AEsFaBBE8ogACwVpwgsVYNcAmxVhJpASCQVpgRvFeRCSKUAowxvFeECLxXhQgdiFmFCC+c
170=V4QItFqUGLVaCWkMMoAEmAa0WgEDAAA/KIEWPyiBCz8oggs/ACeDCz8AEu5SPwAnrQs/KK
171=0LPyitCz8orQs/KK0LPyitCz8orQs/KK8LPwAbKIkBJSgoACcFDD8oBQw/KAUMPygFDD8o
172=BQw/KAUMPygFDD8oBQw/KAcMPwBP87k/AFYoKQBoKCkAhigoAAGOAC4EIycxPwA2I10iBG
173=UpN4kBCGkBbSatLD/AZ4kteJVlAWEEeYkBBWkBeokBCWkBe4kBDWsBVwBoq28/AFiIAYUI
174=WYkBBmMESQCm4AS4aYAPuGmFCHKFaxJtBV+MaIAPuGmdFWGVAgdhBGKJAQpoAaRrjQVdkG
175=yVDUCMaJ0VQYgBlQ1CiQELewZDAMGnaz8AUpBshAi8bZUNVJQClQ1KhGuABLBsnQpMlAKc
176=ILBsnAq4aYgBoWcOdA21ZQJoAbRlnAq1ZQx1AiOBZxFoAbRlmAa8YoAavGKEHrxigwQvAB
177=e4wQI/AB0ALa/APwAeiAGRFB+IAQEKAABAKLUMQCi3DEAAEfFWQCi1DEAotQxAKLUMQCi1
178=DEAotQxAKLUMQCi1DEAotQxAKLUMQCi3DEAAHCjhASQoKAAnDg1AACcNDUAoDQ1AKA0NQC
179=gNDUAoDQ1AKA0NQCgNDUAoDw1AAEf/YkAAWygpAHUoKQCB78tAAI2BZwV4J61oCWkBj5UC
180=DWsBiQAyt1pAAIqJAQJ1AjWFawFoAbxthAi8bYUIOIAEhQhOJsQ6AkAAhAA28QmFiAGTCU
181=UAN/QCuHSdCniIb4EEeYkBBnUNeogBmD2tcw51AleUcJgGrXMEdAKtcwdrAVIAoesMSACi
182=6AGkdpkGSpB3mAawd5QYsHeIDLh0mBy5dAh8Crl0C2sBcgCxvm1AALh0gQ9ehXYMYQRCgH
183=KUDaxzlQ1ElAKMBaxziAysc4kMZiPVJgBlCGeIAYkiaIgBhAikdpQjpHaVI02Qd4kXY5Te
184=jAWsc5wKrHOENK1zEmgMtHCAGrVwD3UCLpRwiBegcpEUMJQCgCWsc4AErHOYEaxzkQkgmH
185=QDEAAAQQAQ8WFBKG0OQShtDkEobQ5BKG0OQShtDkEobQ5BKG0OQShtDkEobQ5BKG0OQSht
186=DkEobw5BAB0oOQIeKCkAIygoACfyDkEAJ/EOQSjxDkEo8Q5BKPEOQSjxDkEo8Q5BKPEOQS
187=jzDkEAjJ1tAnQjoXIGaAGhcgpoAbVwAWgBtXADaAGob4wFqG+MBalvDmEEdOlvQchvhAio
188=b4UIQOhvAkEAVgBQJHYlQQC9bQdkCL1tC2sBewBno2dBAHyIAYUIfYgBjBC0cJUYWIFyBX
189=gGtXAIawF2AGnlCHeIAYUIeIgBhQhTmXQEbAW4dJ0VSYR2lQJSiQEAYASkdokMS5B3iQxx
190=lHCYBqBymQZzlAKAGqxzjAWtcw1zCWUAuecTRQC/vHgCQQBOAMAkpjZBAKR2lA2kdoUIaY
191=jolBi4dIAPuHSUArh0mwZbAMfpDFyIAYQTpHacK6V2D3kRYoR2kAmwd4UIZJUCCWAEsHeP
192=PC0AFabkQQC4dIAwuHSQKrh0iEOhcgxkCKFyEWkBIYxzAxYAAEIASibvNEIASygpAFkoKQ
193=BaKCkAdCgpAA/1ZUIodQ9CKHUPQih1D0IodQ9CKHUPQih1D0IodQ9CKHUPQih1D0IodQ9C
194=KHUPQih1D0IodQ9CKHYPQgAndw9CACIovAInog9CACehD0IooQ9CKKEPQiihD0IooQ9CKK
195=EPQiihD0Ioow9CADHn70IAYSgpAH8oKwBQACqoQwJCAEwALOgBsYIDeDKxggdrAUIAL7t0
196=QgBDiQEIdQI3me0LaQFfJjFOQsl6BXYCVwB1ewloAb14AWgBvXgEaAG8eIgMuHSABLh0gA
197=S4dIMESACg8BSsc4gMrHOZBlOYdJsGUQCn7AW0cJwVqW8OYQ9miG+ZHGeIAZEJRJRwkAmg
198=cpEJRpQCjRBNjHOABLh0hQhogHKUAqxzmQZqlAKYBrRwgQRclHCVDV2IAZcjTwDIun9CAK
199=lvBnAUqW8KaQFllHCJFyyIb5AJtHCRCS6UApAJtHCAD6lvDWQIqW8SaAGobwEXAABDKOkN
200=QyjrDUMATfJsQwAnFg5DACcXDkMAcyiAACdDDkMADuJcQwAnbQ5DKG0OQyhtDkMobQ5DKG
201=0OQyhtDkMobQ5DKG0OQyhtDkMobQ5DKG0OQyhtDkMobQ5DKG0OQyhtDkMobw5DAB8o6QIh
202=KCgAJ8YOQwAnxQ5DKMUOQyjFDkMoxQ5DKMUOQyjHDkMAcOtvQwB5KCkATCaaUEMAsWwFeD
203=KxbAlpAUSdbQ1oAbFsAWsBfgBDsMQCQwB1AEetXUPJbwZgBKlvCmkBWJVwDmgBtXACaAG0
204=cJQNtXAIdAK0cIAEtHCABLRwgAS0cI0QSYBygASob4sBZwCj+RFoiQEDfAqgcpkGUo1zBH
205=UCZokBAGsBZQCo+Aaob5AJqG+AD6RrlAKka5QCpGucFaRrkB+ka5EfR+drQwBOiAGMELxt
206=jRBQlQIHbBC9bQtoAbBsnAqwbJwKsGyfCisAJyReOEMApWsTewYpADb1AiqIAQMDAABEAI
207=j3ZUQADfFLRCi1DEQotQxEKLUMRCi1DEQotQxEKLUMRCi1DEQotQxEKLUMRCi1DEQotQxE
208=KLUMRCi1DEQotQxEKLUMRCi1DEQotQxEKLcMRAAgKEADJ+EMRCipG0Qo4QxEKOEMRCjhDE
209=Qo4QxEKOMMRAA162READooKQBBKCkAgigpAI0oKACtaAZ0Lq1oCmgBrWgOaQF9gWcBaAGs
210=aIU0doxoiAGhZwthBFgj+WcAaQFZiAGBBFqIAYkMcyPAKYEEdIgBgQR1iAGABKhkiQFKlG
211=WYEb1iBH0KaYlkB2sBYwClp2BEAGSJAQJ0ArVlBWkBU5VlCGkBYIgBgA+saIEaZ5QCnQpi
212=+mlEAKRrgwQxALK6+EQAtGWAD7RlhR5GkGGMBaBnkQlIlAKMBaxohBOsaIQTrGiFE1GMBZ
213=EJXogBiSIolNOQCbhpkAmsaJUNLJhpgASsaJQCrGgDBAAARQAz72hFAIYoKQCHKCgAJ5MN
214=RQAM7FIKRQANAE4BAAAAAABFABEAAOsNACAMDgBOAQAAAAAARQAPAE4BZAEBAEUAECgpAB
215=EoKQASKCkAEygpABQoKQAVKCkAFigpABcoKQAYKCkAGSgpABooKQAbKCkAHCgpAB0oKQAe
216=KCkAHygpACAoKQAhKCkAIigpACMoKQAkKCkAJSgpACYoKAAEVQAtBAAABGkiVokBCGgBBE
217=MALwQAAAtoAQF9AGIEwSV+iAGMBQRYAGYEAAABYQRZiAGVAlqJAQd3AnMAaOEEdIgBgQR1
218=iAGDBEoAoOgMA2kAowQAAIAPBGQApQQAAANlCGWJAQVrAWAAp/EJYYgBkQlniAGBBGiIAY
219=cIYgCo7QVjiAGNBWaIAY8FMACy4QQxiAGVAjKJAQl0DQRGAMgEAAACaQFHiAGBBEiIAYkM
220=SYgBlSNdiAGdIF6IAZUNX4gBmBwBJwAVBcElKIgBkQkpiAGUDQErACcF1Q0siAGABAsqAD
221=YFAAAFAABGAIYAOadVRgCHKCkAiCgpAAv3OUYADCgpAA0oKAAn2QtGKNkLRijaC0YAJ9oL
222=RgAn2gtGACfaC0YAJ9oLRgAn2gtGACfaC0YAJ9oLRgAn2gtGACfaC0YAJ9oLRgAn2gtGAC
223=faC0YAJ9oLRgAn2gtGACfaC0YAJ9oLRgAn2gtGACfaC0YAJ9oLRgAn2gtGACfYCwJGAE0A
224=J6hZAkYAjAAq6QFUmV4BaC2wYZQusWEJdQJXgQQNawEzADj7BlsAQ7REAkYAcgBJ9wJuAF
225=3pAW+JAQN5BnCJAQZpAXGIAZ8KbABg7QVtiAGMBbxtmBG8bZgRvW0CZAi8bZQCvW0IdAK8
226=bYAEvG2ABLxtgASgZ5UCYvZlRgCoZJUCZIhkjAW8YpwVvWIKawwwALX9FV2AXJQNuF6ECL
227=hehQhggQQLeAakYIwFpGCcCqRgnAoBJgA1BYWMRyiCC0cAJ4ELRyhWC0cAJ1YLRwAnVQtH
228=KFULRyhVC0coVQtHKFULRyhVC0coVQtHKFULRyhVC0coVQtHKFULRyhVC0coVQtHKFULRy
229=hVC0coVQtHKFULRyhVC0coVQtHKFULRyhVC0coVQtHKFULRyhUCwJHACkAJLsyRwAt41xH
230=AF0oKwCBACzgBKxdAgIAAEcArV0GaAGtXQpoAa1dDmsBQwAut7JHAESJAQx3AoQAMfAJsW
231=EBdQJakGGIAb1iA3QCvGKVAnOIZJcCagBM5QhriAGYEaBnjAWhZwRkCKFnB2gBoGeQFKBn
232=jAWgZ4wFoGeQCaBnjBu9VwtlCDGcV4wFoFGcCrRPkQkngFGTFAoAO+1SC4gBAwcAAEgALP
233=GuSCh7CkgAiShUACd5CkgoeQpIKHkKSCh5CkgoeQpIKHkKSCh5CkgoeQpIKHkKSCh5Ckgo
234=eQpIKHkKSCh5CkgoeQpIKHkKSCh5CkgoeQpIKHkKSCh5CkgoeQpIKHkKSCh5CkgoeQpIKH
235=gKAkgAKQAbrDwCSAAoACLpASvnVUgAZftTSACGKCgArFKILa1SC3UuQpVPBWgBrVIJaAGt
236=Ug1pAV+BBAhpAWCJAQxoAbFLA2gBsUsCaAGwS5AJsEuYBrBLlA2wS4wFsEuMBbBLkAmwS5
237=MUaABp7RtpiAGBBGqJAQZ3DVsAc+AEtE+TCS8AuPUCMIgBmwYlABKrTkgAJogBlQIniAGQ
238=Ca1SAXwKrFKJFwyYUwEPAABJKHsKSQAt7VJJKCEKSSghCkkoIQpJKCEKSSghCkkoIQpJKC
239=EKSSghCkkoIQpJKCEKSSghCkkoIQpJKCEKSSghCkkoIQpJKCEKSSghCkkoIQpJKCEKSSgh
240=CkkoIQpJKCEKSSggCgJJACkAGqgtAkkAKwAd6wEqAB/pAYD3T0kAUiZPIEkAQZlIAnAqtU
241=8GaAG1TwppAV6BBAVoAbVPCWgBtU8NaQGDgQQIaQGEiQEMawE0ADkk0CACSQB9AGHtEH6J
242=AQRhBH+IAZsGWgBj4QRbiAGZEVyIAYwFtU8BeAa0T5QCtU8HdwIvALTkCLxMgQQxiE6ABK
243=hOhAioToAEqE6ABKhOgA+oTpgcqU4QaQwNlE8DFwAASgBj605KAIEoKQCWKCkAlygoACft
244=HkooTQpKKE0KSihNCkooTQpKKE0KSihNCkooTQpKKE0KSihNCkooTQpKKE0KSihNCkooTQ
245=pKKE0KSihNCkooTQpKKE0KSihNCkooTQpKKE0KSihNCkooTAoCSgAqABy4MgJKACwAIOsB
246=LQAh6wEuACXpASn7U0oARCgpAJIoKwBvACvsBbFWA2wxsVYHaQFdlU8CaAGxVgZoAbFWCm
247=kBgoEEBWgBsVYJaAGxVg1pAYgm0ytKADOdVwF0AqhZlw1nAEfsELRagAS0WpwKtFqcCrRa
248=gAS0WoQItFqMBbRanBW0WpQCtVoIYQ8wlVoEaAGoWZQCqFmYBqhZmAaoWYAEvFeEHr1XEW
249=QIvFcDGAAASwBi+VNLKCoLSwAn/gpLACf9CksoTRVLKP0KSyj9Ckso/QpLKP0KSyj9Ckso
250=/QpLKP0KSyj9Ckso/QpLKP0KSyj9Ckso/QpLKP0KSyj9Ckso/QpLKP0KSyj9Ckso/QpLKP
251=0KSyj9Ckso/QpLKPwKAksAKgAZuz1LACzvqksAKetZSwAr61lLADfnVUsAcigpAIUoKAC5
252=UwNgMLlTB2kBgY1SAmgBuVMGaAG5UwpoAa1SAWsBWgA8+RFbiAGRCVyIAZkGaJhTlAK4U5
253=wKuFOABLhTnQplI4FCAH0KZogBmQZniAGMBbVPBWMELgDH4Q8viQEEdwIlABO7+EsAJogB
254=hQgniAGECLVPEmwFtE8BGQAATCjLCUwAZOFRTChFCUwoRQlMKEUJTChFCUwoRQlMKEUJTC
255=hFCUwoRQlMKEUJTChFCUwoRQlMKEUJTChFCUwoRQlMKEUJTChFCUwoRQlMKEUJTChFCUwo
256=RQlMKEcJTAAp5aJMKAkzTCi7PkwAbuJGTACpQwNsJqlDB2kBB+6UTAC9QQF0Ar1BBGgBvE
257=GPBWEAQb82TABiiQECYwReAF71Al+IAZUCYIgBhAisR4APrEeQCa1HC2QIrEeAD6xHmAas
258=R48FXQBy6wx0AMbpAXWIAZUNdogBmAawS5AJsUsFaQwwnUwJaAG8TIAEvEyYBrxMlA0BDw
259=ArBSNmT0wAqU4TeAapThppAQ6M9wMhAABNAAbrTk0AjSgpAI4oKAAnhUhNKPUJTSj1CU0o
260=9QlNKPUJTSj1CU0o9QlNKPUJTSj1CU0o9QlNKPUJTSj1CU0o9QlNKPUJTSj1CU0o9QlNKP
261=UJTSj1CU0o9QlNKPUJTSixMk0osjJNACezMk0ACfdPTQAyKCkAPigpAFMoKQCIKCgArVIB
262=fCutUgJoAa1SBWgBrVIIaQF9mZUAaQF+iQEDaQF/iQEGaAGwVpMJYwBYJMtWTQBkiAGECL
263=xXgAS8V4QIvFeXDYAAX6tOTQCBiAGBBIIj5EmBD4OIAZUCYiMgV5QCtFqIF7RakAm0WoMP
264=dwCvJMhWAk0AcAC26QxxiAGTCXIAuvUCc4gBkAmkYJwVpGCMBaRgiAykYIwFpGCcIKVgCm
265=gipGCABKRgmAakYIUTDoRgiAywYYEEEJUCCWQIsGEDGwAATgAF7V1OKDMMTgAuKFUAYCgp
266=AGEoKAAntgxOACe1DE4oiQxOKIkMTiiJDE4oiQxOKIkMTiiJDE4oiQxOKIkMTiiJDE4oiQ
267=xOKIkMTiiJDE4oiQxOKIkMTiiJDE4oiQxOKIkMTiiJDE4oiQxOKLhJAk4AKQAYtTlOKEc1
268=TgAq6/5OAJHnYE4AmCgqAGwAJeYzTgCtXQF0Lq1dBGgBrV0HaQGElbIAaQGFiQECaQFijF
269=2YBqVgBXQCpWAJaQFlgQQNaAGsXYwFrF2IDKxdlAKsXZUCdpxXlAKoWZUCeJQCmxFuALPk
270=HrRagQRygFyABLVaA2EPdIBchxNvALv5BnCIAZYYWQDDv04AWogBlQJbiAGdCpSIAZEflY
271=gBgQSWiAGABLBhgA+xYQtjDzEAybCCAk4AJgAQJAciTgAniAGEE7BhkAmxYQZ4BrFhCmkB
272=EZ1iDmsBDQA9pQhPKDMMTwAH+V5PKHlBTyiKDE8AJ4oMTwAniQxPKAUMTygFDE8oBQxPKA
273=UMTygFDE8oBQxPKAUMTygFDE8oBQxPKAUMTygFDE8oBQxPKAUMTygFDE8oBQxPKAUMTygF
274=DE8oBQxPKAUMTyi3Ik8ALCZHS08ABO9dTwArKCkANCgpAF4oKQCMJtA2Ak8AVAA2t0RPAF
275=WIAQMCAABPAGuVZQFoAaFnA2gBoGeABKFnBXQCoWcIaAGgZ5gGtGWMBbVlBmAEtWUKaAG1
276=ZQ5oAbRljAW0ZZwKtGWUArRllQKF58NPAIaIAYUTh4gBiwxcAK0kikNPALhpmAa4aZAUAX
277=kAsAQjim9PAKRrnRVvkGyFCJOJAQBkE7BsmAasaJUNcZhpnAq4aYQIuGmABLhpgAS4aYAE
278=uGmABLhpgQSbhGuVDZyIAYUenYkBBG0QVyPMJYEEWIgBlQIwnG2cCqhvkQkylQIJewaXAM
279=yhck/AcowFoHKFCCiNcwdsBaByiAGhcgt0AqFyD2kBEo1zE2gBrHORCQ6YdAMHAABQAI/v
280=c1AAkCgoACdle1Ao+TBQKHUaUChtDlAobQ5QKG0OUChtDlAobQ5QKG0OUChtDlAobQ5QKG
281=0OUChtDlAobQ5QKG0OUChtDlAobQ5QKG0OUChtDlAobQ5QKG0OUChtDlAodBoAA1AALAAZ
282=BAAAAAAAUAArAB8EAAAAABEAAFMOACAFAFAAKgAhBABgAAJQAC0AJesBiwAn6AEJVAA2BA
283=AAAQAAUABViQEDawGRADfgBARjAFgEAAAHdQJkiQELawGFAGb5BoaJAQR1AoeIAY8FYABo
284=5QhhiAGdCmKJAQZvBVsAreUIXIgBgQSeiQECYwR4ALDhBHmIAYkMeogBiQx7iQEKbwVvAL
285=PxFHCJAQx1ApOIAY0blIgBgw8uALXnE5kAuekBmogBgw8vALr1AjCIAZQCA10AxQQAAJMU
286=mwDG5ROciAGVAp2JAQVjD1cAx+EEWIgBlQJZiQEJYAQDMQDJBAAAmREyiAGVGDOJAQ5jBJ
287=YAzOUIl4gBhQiYiAGECAMmABAFAACFEyeIAYEEKIkBCGcIDQA94QQOiAGVAg+IAQYOAABR
288=AFYAOQFkQwEAUQCPKCkAkCgrABAATuEEESgpABIoKQATKCkAFCgpABUoKQAWKCkAFygpAB
289=goKQAZKCkAGigpABsoKQAcKCkAHSgpAB4oKQAfKCkAICgpACEoKQAiKCkAIygpACQoKAAB
290=dAD9A98gKQAbpD8CUQArABzrASgAIukBCONnUQBQKCkAZSgpAJYoKwBbACz4BgGIAEMEkj
291=VRAKFnAmAwoWcFaAGhZwhoAaFnAWgBoWcEaAGhZwdoAQF8AKwEg1FRAJ2UZYwFoWcDYAS0
292=ZZwKtGWcCrVlC2AEtGWUArVlDXQCqGSJDJWVZQx1Ai+UZY0QbYlkAHUCbogBlBigZ4EPm5
293=QCgA+gZ5UCMYxolwJsALzpF1yYaYgXpGuJDF6UAowQrGiIDK1oBmAPrWgKaAGgZ4AaqGSA
294=BKhkgQSZlGWMXQElABMFzTwmiAGFEyeIAZgGtGWUArVlCWgMtGUBDwAAUii3DFIAV+tkUg
295=CFKCkAhigoACe2DFIAJ7YMUgAntgxSACe2DFIAJ7YMUgAntgxSACe2DFIAJ7YMUgAntgxS
296=ACe2DFIAJ7YMUgAntgxSACe2DFIAJ7YMUgAntgxSACe2DFIAJ7YMUgAntgxSACe2DFIAJ7
297=QMAlIAdADxtGUCUgB1APrrAXYA/OkBcvhpAlIAKwAap2BSACn7aVIALP/QUgAq92VSAEso
298=KQB4KCkAgCgpAEX7aVIAh5lpAXgypWsDawFfAEj0Da1oAnQCrWgFaAGtaAhrAVsAo+0FXI
299=gBhQh7hGucCrFsBG0FfZUCB2gBtWUOaAG0ZZAJtWUNdAK0ZZcNLQC36QwuiAGIDKBniQFv
300=92VSAGucYoAPqGSBD22UAoAPqGScCqhkgA+8YoAEvWILbRCSmcwAaQGTiAGTCVoAyKpvUg
301=CoZIwFAw0ABgUAAJwKqGSMEKhkmAaoZIgMvWIKfAq9YhBpARCAygEWAABTKDIMUwAnMgxT
302=ACcxDFMoMQxTKDEMUygxDFMoMQxTKDEMUygxDFMoMQxTKDEMUygxDFMoMQxTKDEMUygxDF
303=MoMQxTKDEMUygxDFMoMQxTKDEMUygxDFMoMwxTAHbwYQJTAHIA9KRgAlMAdAD16wFxAPvp
304=AXfpZFMoMwxTAAvjXFMARigoAKlZAXEqYJVaA2sBhwBjp0pTAIiJAQJ1AomJAQRoAahZiQ
305=FdlVoHdAIBfgCrBI48UwC1WgV0ArVaCGgBvVcOaAGkVYUIL5BWhAisUpgGrFKZBiyRSwB5
306=Bi2IAZgGtE+IF7RPmQaUgQQJbQVZgFGABKxSmQZblAKVDQyMUoAEuVMGeQYOlQILaAGkVZ
307=AfpFWIDKRVhBO5UxFsBbhTAxcAAFQAZeK0VAAnZSNUKHkKVCh5ClQoeQpUKHkKVCh5ClQo
308=eQpUKHkKVCh5ClQoeQpUKHkKVCh5ClQoeQpUKHkKVCh5ClQoeQpUKHkKVCh5ClQoewpUAH
309=LgUQJUAHcA8qhOAlQAdgDz6wF0APbrAXMA+OkBeO9SVAB6+LYCVAApABm8TAJUACgAIOkB
310=Kvq2VAAnFyRUADLzVlQAPigpAFUoKQBuKCkAbygpAJUoKwAJADXrDF4AYukBX4kBBHw2uV
311=4BaAG5XgNoAbleBWgBrV0IaQF9jF2MBbleBnQCqFmABLBWgASwVoUILvpTVAC9VwJ4BrxX
312=hAi9Vwp0ArxXgAS8V4QIvFeJDFyJWQtsBahZjAWpWQd1Ag6JWQxpAQ+JARFrASUAICSLIl
313=QAJogBmRwniAGPECMANuEEJIgBgAQBCwA+BSN7NlUAXONcVQBdKCgAJ60LVSitC1UorQtV
314=KK0LVSitC1UorQtVKK0LVSitC1UorQtVKK0LVSitC1UorQtVKK0LVSitC1UorQtVKK0LVS
315=ivC1UAePdaVQBy61lVAHPnrVUAeigpAHkmMyJVAHzrWVUAKCbYIQJVACsAJLNLVQB2909V
316=AIQoKQCPKCsAYwAp7AW4UwUBAABVAIcAPPUCiIkBA3UCiYkBBmgBvFeMBb1XBXQCrVICaA
317=GtUgdpAX+FVQxrAZUAw6K0VQC4U4wFuFOcCrlTCmwFrFKECK1SC3QCsUsIaAGxSw1oAbFL
318=EmgBsEuEE7FLBHQCsEuTCSEAL7NLVQAiiAGIF6hOmAaoTpkGCohOlAK0T4EPDJQCAQ8AAF
319=YoIQpWKCMKVgCB71JWAIIoKQCMKCkADyZNNlYogRZWKNEKVijRClYo0QpWKNEKVijRClYo
320=0QpWKNEKVijRClYo0QpWKNEKVijRClYo0QpWKNEKVijRClYo0QpWKNMKVgBz81ZWAHrzVl
321=YAfORVAlYAeAD3v69WAHvzVlYAdOixAlYAKAAYv0xWACsmQDoCVgAqAB/2AikAJVNHVgBN
322=81ZWAG8mgSxWxVUBbDGlVQRoAaVVB2sBigBB8QmLiQECdAK8V4gBvVcGdAKxVghoAbFWDW
323=kBgJ1XEmsBLwC+JGspVgCUiFmAD7RahQiWlQILbAW0WowQtFqUArFWDmAEpFWMEKVVBXQC
324=pFWMEKRViAykVYkMI5BWkAmkVZgGpFWQCaVVCXAJpVUQaQENkFYBFwAAVyh5ClcoewpXAA
325=7uUlcAJ3kKVyh5ClcoeQpXKHkKVyh5ClcoeQpXKHkKVyh5ClcoeQpXKHkKVyh5ClcoeQpX
326=KHkKVyh5ClcoeQpXKHkKVyh5ClcoewpXAHz7U1cAcyanIFcAdCgpAHImeCACVwBwAPmnVV
327=cAcedVVwB151VXAH0oKQB3865XACsm/yBXAComBDgCVwAoAB6oTgJXACwAI+kBOf1XVyj/
328=IFcAWyhUALGuAmQ0qVkFaAGpWQhoAalZAWgBvVcDaAG9VwdrAYsAZ/UNjIgBgQSNiQEGYA
329=ShXAloAaFcDmkBLpRanAqhXAR1AjCUAp0KMYkBCnQCrF2UAq1dDHUCgCMwQ5QNsFaUGLBW
330=jAWwVowFuFOQCblTEWQIuFMDGAAAWAAo/aRYKE0KWChNClgoTQpYKE0KWChNClgoTQpYKE
331=0KWChNClgoTQpYKE0KWChNClgoTQpYKE0KWChNClgoTQpYKE0KWChNClgoTQpYKEwKAlgA
332=fQDvv0xYAHzjUVgAdfenWAB396dYAHImczVYAHAmTytYAG/zVlgAefNWWAB281ZYAHooKA
333=An0xVYAG4meDYCWAB+AP7tECz/r1gALeetWAAu81ZYAFT7U1gAjyakIAJYAFkAK7xMAlgA
334=KgAy6QEriAEFAgAAWABeAGT1Al+IAZQCuVMBYAS5UwRoAblTB2gBtU8FaAG1TwhoAbVPC2
335=kBMpirgASgUYAEoVENYQR/gFGIDKxSiQyBlAKIDLlTA2wFuFOECLhThAi4U5QNuVMSbAW4
336=UwMZAABZACf5U1kopQpZKKUKWSilClkopQpZKKUKWSilClkopQpZKKUKWSilClkopQpZKK
337=UKWSilClkopgpZACelTFkopQpZKKUKWSilClkopQpZKKUKWSilClko9zVZAHfjqVkAb+1S
338=WSh7ClkAeftTWQB96/5ZAHjnVVkAbeumWQAsJp8qWQAuKCkAJv9MWQBRKCkAYigpAGooKA
339=AnTytZAHwoVQBG+VNZzVIBcTUrjVIDawGOAD8kZVpZ2FOABLhTgAS5UwJsBblTBWgBuVMI
340=awF/AKC3WlkAMYBRhAitUgZhBDOVAgtoAblTCWgBuVMOaAGsUpwKrFKcCgQKAAcFAAAEYA
341=QBIwAOBSOPalkAJIgBnAqkVZAJuVMMbAW5UxNoAbhTARoAAFooTwpaACnnVVoAMCgpADEo
342=KAAnyR9aKNEKWijRCloo0QpaKNEKWijRCloo0QpaKNEKWijRCloo0QpaKNEKWijSCloAJ9
343=EKWijRCloo0QpaKNEKWijRCloo0QpaKNEKWijRClooy0BaAG3lrVooy0BaAG/nrVoAeCgp
344=AHL/V1oAbPurWgB1KCkAbvmrWijTFVoALCYjIFoALiYhK1ooTxVaACsmZ2VaADbzVloASS
345=goACd4NgJaAFsAO79MWgBciQEDYztdAD31Al6IAZUCX4kBBmEEjYFcAWkBjiN1cgBpAY+I
346=AY0FkIgBjAWoWY0FgJVaBWwFqVkHaAGpWQxpAQuZUwloAblTAmgBuFONBSWEVYwFrVIUYA
347=SsUgEbAABbKPYJWwAn9wlbAA0mwSlbKPUUWyghClsoIQpbKCEKWyghClsoIQpbKCEKWygh
348=ClsoIQpbKCEKWyghClsoIQpbKCEKWyghClsoIQpbKCEKWyghClsoIQpbKCEKWyghClsoIQ
349=pbKGtVWwBv6/5bAHgoKQB1+6tbAGzjUVsAcOKpWwAn7T9bKJ0fWyhzNVsAfCafKlsAcf38
350=WyinFVsANOlOW91MAWQ0vUwEaAG8TJQCvEyUAr1MB2AEsEuABLBLgASwS4AEpUoGbQWBkU
351=sKaQF+I51WAGkBf4kBA2gBqU4IaAGpTg1pAQyJTg5oAQEpAAoFIw9wWwAqiAGcCg0kAA4F
352=AAAIAABbACUADgUAEQAA6Q0AIAAEAA0AAFsAJgAOBQAAEgAAXABKADkBAGMAXACCKCsADQ
353=BO9QIOKCkADygpABAoKQARKCkAEigpABMoKQAUKCkAFSgpABYoKQAXKCkAGCgpABkoKQAa
354=KCkAGygpABwoKQAdKCkAHigpAB8oKQAgKCkAISgpACIoKQAjKCkAJCgoAAF8APEDcCMDAF
355=wAdQDy6wFwAPXrAXMA+esBdAD66wF2AP7pAX0oKAABLgAcBNMJTAAi6wFNACPrATEAJOsB
356=LwAn6QFPKCkAWSgoAASIADkEAAACazhbADvpAVyJAQV3Al0APfUCXogBlQJfiQEIYwSOAG
357=bhBI+IAYEEkIgBgAQEgQCgBAAAC28FfgCi+BEEfwCjBAAABHUCgIkBB2gBBDQAwgQAAANo
358=AQQyAMMEAAAJaQEziQEOaAEEKAAKBQAAAWkBKYgBhQgqiAGFCCWMUowFASsAJAXBJSyIAZ
359=scJgAz9QIniAGUAgEtAEYFlQ1dKCsLXQBL61ldAIEoKAAnggtdACdWC10AJ1YLXQAnVgtd
360=ACdWC10AJ1YLXQAnVgtdACdWC10AJ1YLXQAnVgtdACdWC10AJ1YLXQAnVgtdACdWC10AJ1
361=YLXQAnVgtdACdWC10AJ1YLXQAnVgtdACdWC10AJ1YLXQAnVgtdACdWC10AJ1cLXQAl4FwC
362=XQBwAO+kVQJdAHMA9usBfAD36QFv41xdAHHjXF0AcigrAC4AGqhDAl0AMQAb6QFN7F0CXQ
363=AvAB/3AjAAIekBUu9dXQBV91pdAHQoKQCHgFwCAQAAXQCtXQNrAVoAS+UIW4kBAnQCuFON
364=BX+FVQR0ArlTCGkBM5hTgASkVYEENZUCB2AEuFOQCblTBXQCuFOECKxShAigUYgBoFGFEy
365=yAUZQCrFIBCgAAXihNCl4oexVeAIPtUl4o9QleKPUJXij1CV4o9QleKPUJXij1CV4o9Qle
366=KPUJXij1CV4o9QleKPUJXij1CV4o9QleKPUJXij1CV4o9QleKPUJXij1CV4o9QleKPUJXi
367=j1CV4o9QleKPcJXgAm41FeACcoKQAoKCkAKSgpACooKQArKCkAb+C0Al4AcAD0sFYCXgBt
368=AP3rAU0AGKNGXgAx71JeAFIoKwAvAB7hBDPvUl4ASSgpAFAoKwBOACXtBTfnVV4AZigoAK
369=1SA2c/WABp7QVZiAGVAlqJAQZgBKVVBWsBfgCp7AW4U5QCuVMIYwQ2AMmyrl4AvUwCdAK9
370=TAtpAS6UTwMUAABfAGPzS18AZCgoACdpE18ocQlfKHEJXyhxCV8ocQlfKHEJXyhxCV8ocQ
371=lfKHEJXyhxCV8ocQlfKHEJXyhxCV8ocQlfKHEJXyhxCV8ocQlfKHEJXyhxCV8ocQlfKHEJ
372=XyhxCV8ocQlfKHIJXwAncglfACdyCV8AJ3IJXwAncwlfACz9TF8onxRfAG8mICACXwBtAP
373=O/TF8AbuSiAl8AcwD79wJ0APzpAXEmIyBfADHvUl8AUCgrADMAGbNAXwBJ46lfAE0oKwBS
374=AB3hBDLsqgJfAEsAIPUCTPurXwBRKCkASCavIV8AYOtZXwA061lfAF3/V18AiCgrAIEAK/
375=wKqVkBcEupWQRoAalZB2gBvFeBBH+JWQN1AjWQVpQCvVcFdQI3lQIJaAG9VwxoAb1XFWkB
376=L4hZAx4AAGAAU/9XYABUKCgAJ4ELYCiBC2AoVQtgKFULYChVC2AoVQtgKFULYChVC2AoVQ
377=tgKFULYChVC2AoVQtgKFULYChVC2AoVQtgKFULYChVC2AoVQtgKFULYChVC2AoVQtgKFUL
378=YChVC2AoVQtgKFULYChVC2AoVQtgKFULYChVC2AoVwtgAC3jXGAAdOKpYAAneytgAHXyVm
379=AAJyMVYAAx6/5gAEkoKQAy51VgAEsoKQBQKCkAYPOuYABO/1dgAE8oKQBK8FYCYABXAEi2
380=T2AAtU8CfEG1TwVoAbVPCGsBNADH7QU1iQEEdAKpTgZoAalOCmkBOJVPDmgBqU4WaAGoTg
381=EfAABhKJ8JYQBc6U5hKEUJYShFCWEoRQlhKEUJYShFCWEoRQlhKEUJYShFCWEoRQlhKEUJ
382=YShFCWEoRQlhKEUJYShFCWEoRQlhKEUJYShFCWEoRQlhKEUJYShFCWEoRQlhKEUJYShFCW
383=EoRQlhKEUJYShFCWEoRQlhKEcJYQBw86NhAHTo8wJhAHIA+KWiYSg/KWEAc/SnAmEATgAI
384=tzlhAFAoKAAn9wlhAGDrpmEAT+umYQAy80thAEsoKQBS8UthKEcUYQBTJss1YQBh+6BhAD
385=3vn2EAaygpAHkoKACtUgF1RFiZUwNoAbRPlAK1TwV1AjaBUQloAbVPC2gBqU4XaAGpTiBp
386=ATCAngMpAABiAEbpTmIo9wliAF0oVAAnATJiKPUJYij1CWIo9QliKPUJYij1CWIo9QliKP
387=UJYij1CWIo9QliKPUJYij1CWIo9QliKPUJYij1CWIo9QliKPUJYij1CWIo9QliKPUJYij1
388=CWIo9QliKPUJYij1CWIo9QliKPUJYij3CWIAdPdPYgByJrs+YgB1909iAHbrTmIAd/f0Yg
389=Ay8UtiKMMTYgBS95xiAFP9mWIonwliAFDrTmIATvf0YgBgKCkAXvf0YgBf9pxiACdrHmIA
390=M+9SYgBJKCsAVgBhs2FiAFeJAQR1RFiJAQhrAUIAquEEQ4kBA3QCrVICaAGtUgZoAa1SCm
391=gBoVEYaAGhUSFoAaBRAyoAAGMARelOYyhPCmMAYihUACf5O2Mo9gljACf5O2Mo9QljKPUJ
392=Yyj1CWMo9QljKPUJYyj1CWMo9QljKPUJYyj1CWMo9QljKPUJYyj1CWMo9QljKPUJYyj1CW
393=Mo9QljKPUJYyj1CWMo9QljKPUJYyj1CWMo9QljKPcJYwAu4+tjAHLjUWMAdSZbPWMAdygp
394=AHPv7GMAS/+ZYwAy6U5jKI8dYwBTKFUAM+FRYyiNKGMoIAoCYwBeAByrQ2MASvugYwBMKC
395=kAVO+fYwBf95xjAGQoKQCBKCsAXAA38AmtUgF0RK1SBWgBrVIJaAGsUoEEQ41SBHUCRIkB
396=B2sBNwC+JLJIYwC4U5QCuVMLYAStUiJoAa1SK2kBMZykAzQAAGQASeFRZChNCmQo5TNkKE
397=0KZChNCmQoTQpkKE0KZChNCmQoTQpkKE0KZChNCmQoTQpkKE0KZChNCmQoTQpkKE0KZChN
398=CmQoTQpkKE0KZChNCmQoTQpkKE0KZChNCmQoTQpkKE0KZChNCmQoTQpkKE0KZChPCmQAL/
399=tTZABM455kAF4oKQBN41FkAFAoKQAz909kAEom1TxkKAMnZAA065tkAE4oKAAnLTJkKO8T
400=ZAA195xkAFIoKQBgKCkAXCayMmQAqU4CZD+pTgZoAalOCmsBeACfu1NkAHmIAY0FeokBBG
401=MEdwCn4AStUgV0Aq1SCGgBA0UAqwQAAJUCNplTAXQCpFWFCDiVAgd1AjmIAYMPQADKJGI+
402=ZAClVSxjBDEARySrUmQAMogBAQcAAGUo0QplKFlIZSjBKWUoKQtlKNEKZSjRCmUo0QplKN
403=EKZSjRCmUo0QplKNEKZSjRCmUo0QplKNEKZSjRCmUo0QplKNEKZSjRCmUo0QplKNEKZSjR
404=CmUo0QplKNEKZSjRCmUo0QplKNEKZSjRCmUo0QplKNEKZSjTCmUAMP9XZQBc8VZlKGEoZS
405=jAHgFlAEwAJVBSAWUANQDHomUATygpAF739GUAXfOjZQBLJtc8ZQBh71JlAFPppmXNUgNg
406=O6xSjDytUgt0AqBRgAShUQV3AnUApaNRZQB2iQECdwI8AKb0AqVVAXUCeJFWBGsBPgCo4Q
407=REhFWABLFWBmAEpFWIDKVVCHQCpFWbEToAyLOuZQA/kFaECLxXmQZBlQIJeQZwiAGAD6hZ
408=jAWoWZ0KM5RaAQ8AAGYoeQpmKHkKZih5CmYoeQpmKHkKZih5CmYoeQpmKHkKZih5CmYoeQ
409=pmKHkKZih5CmYoeQpmKHkKZih5CmYoeQpmKHkKZih5CmYoeQpmKHkKZih5CmYoeQpmKHkK
410=Zih5CmYoeQpmKHsKZgAx51VmADXlVWYo0xVmAFz7q2YAYCgpAGEoKQBP865mAF3rWWYAN+
411=dVZgBQKCkAYigpAF8mwylmADbrsWYAYygpAFviXGYAJwtqZgBK865mADjvXWYAUSgpAGQo
412=KQBzJnsgZgBWIy1eAH1BV4kBAmkBdCN8aJUCdYkBA3QCuF6JAXeFYAV0AqVgAWkBPZFhBG
413=gBpGCBBHmRYQh0ArBhjQU/nGKMBbxigA+9YgdtBUaVZQxqATkAZGCYBrBhmQY7lAKMBbFh
414=BmwFsWEKaQFCkWEOaQFviAGECKhkhRNxlQIJYASoZIgBqWQQdQI0lGUBFwAAZygNGGcotQ
415=xnKLUMZyi1DGcotQxnKLUMZyi1DGcotQxnKLUMZyi1DGcotQxnKLUMZyi1DGcotQxnKLUM
416=Zyi1DGcotQxnKLUMZyi1DGcotQxnKLUMZyi1DGcotQxnKLUMZyi1DGcotQxnKLcMZwAy42
417=dnAEwmGkBnACdfImcASv9iZwA387lnAF0oKQBfKCkAYigrADUAHqOpZwBQKCkAS/9iZwBa
418=5mBnACe7X2cANu9dZwBEKCgArV0DYztUAGj9ClWIAZUCVokBBmEEbyNhagBpAXQoKAC9Yg
419=R1AnaJZAdoAaVgBWkBPpFhCGgBrF2VAkCYXpQCrF2IAa1dDW0FR5heDxIAAGcAQwDDBAAA
420=BQAAZwA5ABEAAPYNACAIyAQAAAIAAGcAOgBpAQVpATuJAQhpATyJAQtoAQNBAMoEAACJAU
421=KJAQ91AnCJAQZpAXGJAQppAXKJAQ5oAQQzAEcFAAARaQE0iAEHGAAAaAA2ADkBAGMAaABI
422=KCkASSgpAHcoKwAZAE7tBRooKQAbKCkAHCgpAB0oKQAeKCkAHygpACAoKQAhKCkAIigpAC
423=MoKQAkKCkAJSgpACYoKQAnKCkAKCgpACkoKQAqKCkAKygpACwoKQAtKCkALigpAC8oKQAw
424=KCkAMSgpADIoKAABXwAIBGApAwBoAFoAGOsBXQAZ6wE3ABrrAUwAHOkBYigrAFwAH/UCXi
425=grAGQAIPcCOAAh6QFbKCkAZSgrADkAI+EEYCgrAD4AJPcCZgAl6wFOACfpAXkoKQB9KCsA
426=OwAw4QQ8iQECY0Y/ADb1AkCIAZcCYwA39AIEVABoBAAAAW0FVYkBBGkBVokBB2sBbwCi4Q
427=RwiAGBBHSIAZkGdYgBlAIEdgCjBAAACHsGbgCm6AwERQCrBAAACXUCRokBDmsBQgDD/QpD
428=iQEGdQJEiQELaAEERwDFBAAAA2kBc5hpiAG0ZYAEtWUPYAS1ZRJoAbVlGWkBNYBnASAAAG
429=ko4wxpADfqZGkAJ+MMaQBKKFUAdigoACc6DWkAJw4NaQAnDg1pACcODWkAJw4NaQAnDg1p
430=ACcODWkAJw4NaQAnDg1pACcPDWkAI/pTaQAnDg1pACcODWkAJw4NaQAnDg1pACcODWkAJw
431=4NaQAnDg1pACcODWkAJw4NaQAnDg1pACcODWkAJw4NaQAnDg1pACcODWkAJw8NaQBe42dp
432=AF/jZ2kAYCgpAGIoKQA5+GkCaQBkABurQ2kAWvhpAmkAPgAd9wJMAB7pAVwoKQA952tpAG
433=HvaGkAYygpADrvaGkAWO5oaQC9YgFwQL1iA2sBRQA06AyoZIAEqGSDBFMASOAEqWQCeAap
434=ZAVoAalkCGgBvGKUArBhiwFsAKTlCG2IAZwKvGKVDW+JZARkCKVgB2gBpWAMaQFGhGCMBb
435=BhjQVIlAKNBXKcYoAEqGSBBHSUAoAEBDgAQwUAABJwCalkE2gBqWQaaAGoZAMhAABqAEL5
436=XmoogQtqKIELaiiBC2oogQtqKIELaiiBC2oogQtqKIELaiiBC2oogQtqKIELaiiBC2oogQ
437=tqKIELaiiBC2oogQtqKIELaiiBC2oogQtqKIELaiiBC2oogQtqKIELaiiDC2oAM+NyagA6
438=/1dqAFgoKQA961lqAFooKQBeKCkAZONcagA888RqAF3rWWoAO/9XagBZKCgAJ7cXagBc67
439=xqAGEoKQBoKCsATQArvEwGagBJAC0EAAAEdTlKiQEIaAGpWQFpAVSVWgNpAUaZtgBpAWwo
440=KACkVYUIbpFWB2AEpVUFaQFwkFacCrBWiAGxVg1gBKRVjAWkVYAEpVUCYASkVYAEpFWBBH
441=WRVgthBDWQVp0VNogBjRA3iAGIDLVaE20FOZUCGWgBtFoDGwAAawBB6VlrKFcLawBvKFUA
442=cSgpAHIoKQAc+T1rKK0LayitC2sorQtrKK0LayitC2sorQtrKK0LayitC2sorQtrKK0Lay
443=itC2sorQtrKK0LayitC2sorQtrKK0LayitC2sorQtrKK0LayitC2sorQtrKK0LayivC2sA
444=NCgcBCdvJGsAXfe9awA9/7prAF4oKQA8/2JrAGTzuWsAX/teawBi+V5rKNsWawA++7ZrAF
445=smvyNrAGAoKQA/711rAGooKwBPACm7XmsASI1dAWQ/pWAFaAGlYAlpAUuBBA1rAVIAY/kG
446=U4kBAnUCVIkBBGgBvGKRCUecYpQCqGSVAm0oVACpZAh4BrBhlA2xYQ51AkWVWgNoAQF/AA
447=oFIzsjawCAiQEGdAKsXYwQrF2QCaxdhAitXRRsBa1dGmkBOpheASAAAGwogwtsAEPrWWwA
448=YCgpAGEoKAAn2gtsACfZC2worQtsKK0LbCitC2worQtsKK0LbCitC2worQtsKK0LbCitC2
449=worQtsKK0LbCitC2worQtsKK0LbCitC2worQtsKK0LbCitC2worQtsKK0LbCitC2worQts
450=KK0LbCivC2wANftebAA2KCkANygpAD7nYGwAXeNcbABaJosibABfKCkAYigpAD/nYGwAXO
451=dgbABA971sAEHvXWwATONcbABRKCgAoVwCeD2hXAZoAaFcCmgBoVwOaQFNJm4vbACtXQF0
452=Aq1dA2gBrV0FawFsAKCyYWwArF2UAqBciQFEnFeECKlZBHkGRpUCB2gBA3sABgUAAI0Ffp
453=RajAWsXYwFrF2MBQGBAAsFI8s1bACCiAGBGoOIAY8FfAAj4QR9iAGABKVgFXQNpWAbaAGl
454=YCFpATuRYSdpATyIAQItAABtACfZC20oVQttKFULbShVC20oVQttKFULbShVC20oVQttKF
455=ULbShVC20oVQttKFULbShVC20oVQttKFULbShVC20oVQttKFULbShVC20oVQttKFULbShV
456=C20oVQttKFULbShVC20oVgttACdXC20AOONcbQA+57htAD8mDyNtAFwmDiNtACdfIm0AWP
457=tTbQBlKCgAuVMHYDC5UwtrAWcALiRfOG0AaIkBDHcCTAA1tE8GbQBRADkEAAACdwJSAGT1
458=AlOIAZQCpVUBYQRtkVYFawFrAKfsBaRVjAWkVYAEpVUIbQVHkFaZEXPzVm0AeogBnAqpWQ
459=ZtBXyUAowFtFqcCrRanAq0WpwKtFqECLVaA2QItFqNBXSJWQB1AnWIAZAJoFyPBXYAJLte
460=bQB3iAGABK1dHHgGrV0iaAGtXShoAaxdAS4AAG4oVQtuKFULbihVC24oVQtuKFULbihVC2
461=4oVQtuKFULbihVC24oVQtuKFULbihVC24oVQtuKFULbihVC24oVQtuKFULbihVC24oVQtu
462=KFULbihVC24oVgtuACetFm4oVQtuKFULbihXC24AOeNcbgA6KCkAfigpAH8oKQCAKCkAgS
463=gpAIIoKQBc78BuAD/3ZW4AQCYPI24AQybrOW4AXf+6bgBL62RuAG8oKQBXkWEIaThYiQEM
464=aQFmiQEFaAGhZwloAaFnDWgBoWcBaQFQgGeIAa1oA3QCrGiUAqxolAKhZwZhBG6NaAprAW
465=kApa9obgBqiQECdAKka4UIbJFsBHUCYiN8UokBcohkgAS4aZ0KdJUCC2wFpGuQCaVrB3QC
466=pGuZHH2NBRF0ArxikBSwYZ8KdwAtv2JuAHiIAYkieYgBiBexYSlnCDwARO0FPYgBAQUAAG
467=8oMQxvKDEMbygxDG8oMQxvKDEMbygxDG8oMQxvKDEMbygxDG8oMQxvKDEMbygxDG8oMQxv
468=KDEMbygxDG8oMQxvKDEMbygxDG8oMQxvKDEMbygxDG8oMQxvKDEMbygxDG8oMQxvKDEMby
469=gzDG8AO+NcbwB2KCgAJ4oMbwAnigxvACeKDG8AJ4sMbwBA82FvAEMmbyRvAFwmFyRvAEIm
470=FyRvAEEm6SNvKEMZbwBW+l5vAL1iCWg4vWINaQFlgQQCaAGpZAZoAalkCmsBUgBiq1lvAF
471=OJAQR0Aq1dC2kBaSPpLgBoAa1dA2kBa5hegEasXYkBbZleCGEEYZleAWgBpGCBBGOUApAU
472=sGGEE7FhB2wFsWEMaQF17l1vALBhnAqwYYwbsWESbwVxAAgkSiVvAKRggA+kYIQepGCBGn
473=qRYRB4BqRgjAWkYI0FPpBhjQU/iAEBEAAAcCijMHAAayZ1MHAoiQxwKIkMcCiJDHAoiQxw
474=KIkMcCiJDHAoiQxwKIkMcCiJDHAoiQxwKIkMcCiJDHAoiQxwKIkMcCiJDHAoMQxwKDEMcC
475=gxDHAoMQxwKDEMcCgxDHAoMQxwKDEMcCgxDHAoMwxwADzxYXAoXwxwAHcoVQB4KCkAfSgo
476=ACfhDHAo4QxwKOMMcABC/2JwAF3/xXAARuXDcCi/GHAAUChXAEkAKqNccABV8WFwwWcGYD
477=uhZwpoAbVlA2gBtWUHawFNADjkCLVlAXQCtWUFaQFhhcMAaAG0ZYEEaoFnBHQCpGCUDaRg
478=lQ1kkWEOYASlYAhoAaVgDWgBpWASaAG4Xo0FcIxdiAy4Xp0KcpUCC2wFrV0MaAGtXRFpAX
479=uZXhZoAaxdjBusXYwFrF2NBUCYXowFATAAGAcjAzJwADGIAQEEAABxKDMMcQBE8WFxKAUM
480=cSgFDHEoBQxxKAUMcSgFDHEoBQxxKAUMcSgFDHEoBQxxKAUMcSgFDHEoBQxxKAUMcSgFDH
481=Eo2QtxKNkLcSjZC3Eo2QtxKNkLcSjZC3Eo2QtxKNkLcSjZC3Eo2wtxAD33WnEAdSgoACeR
482=GHEoMgxxACczDHEAfCisACdeDHEAJ10McShfDHEAXfFhcdVaA3gyucEHaQFPI+VqAGkBUI
483=kBAmgBqVkBaAGoWZQCqVkGdAKoWYEEYpVaBXQCqFmJAWgjuGqdCmmIAYMPZwCoq2RxAGUj
484=zDCUAq1dC2QIrV0PaAGhXA5oAahZjBCoWYgXqVkMYQRzlVoRawFvAAmqvHEAoVwNdAKhXB
485=JoAaFcF2gBtFqABLRagAS0WoEEQYFcHGwFoFyEHqBcmRwyjF0BCQAAciitC3IoVQtyKFUL
486=cihVC3IoVQtyKFULcihVC3IoVQtyKFULcihVC3IoVQtyKFULcijRCnIo0QpyKNEKcijRCn
487=Io0QpyKNEKcijRCnIo0QpyKNEKcijTCnIAPuNRcgA/KCkAdCgoACdVC3IoiRdyKFULcvRa
488=CwAAcgB5AE4BAAAAAAByEQAAsg0AIAMAewBOAQBgAANyAHwATgFkAQEAcgB9KCkAfigoAA
489=FKACcEwAQJTwA2BAAAAQAAcgBQiQEDaAEDUgBiBAAAiQFTiQEHdAIEYgCgBAAABmkBY4kB
490=CmgBBGkAowQAAARpAWqIAY8FZwCo/QpoiAGDBGEAqeMPZADI4QRliAGBBGaIAYQIBHEACA
491=UAAAh9CnKJAQ1pAXOJARJoAQFuAAkFyRdviAGFE3CJAQtjBEEAD+EEQogBgAQEegAtBQAA
492=E2AEBEAARAUAABhoAQQzAP8GAAACaAEBMAAYB8kBMYgBmQYyiAGEHgEuABkH2ScviAEDAw
493=AAcwAk/ytzACUoKQAmKCkAJygpACgoKQApKCkAKigpACsoKQAsKCkALSgpADUoKQA2KCkA
494=NygpADgoKQA5KCkAOigpADsoKQA8KCkAPSgpAD4oKQA/KCkAQCgpAHMoKQB0KCkAdSgpAH
495=YoKQB3KCkAeCgpAHkoKQB6KCkAeygoACcpC3MoKwtzAE3/V3MAUCgpAF0oKwBSAEu/THMA
496=U4kBAmQ0sVYLaAGlVQhoAblTBWkBaYRVlAKlVQF1AmKQVo88VgDG/QpXiAGdCliJAQRsBb
497=RalAK0WpwKtFqdCmeAXIwQtVoOeAaoWZgGqVkHdAKpWQxpAXGVWhFoAQFsAAoFj3NzAG2J
498=AQZ0AqxdhAisXYUIQ5hehQgygFyAGqxdgBoBNAAXB5J3cwCsXZgGoFyMBaBcjRswjF0FBw
499=AAdABaADmnjHQAWygpAGMoKAAnBgx0ACcGDHQAJwYMdAAnBgx0ACcGDHQAJwYMdAAnBgx0
500=ACcGDHQAJwYMdAAn2gt0ACfaC3QAJ9oLdAAn2gt0ACfaC3QAJ9oLdAAn2gt0ACfaC3QAJ9
501=oLdAAn2gt0ACfbC3QAQftTdAByKCgAJzIMdAAnMgx0ACcyDHQAJzIMdAAnMgx0ACcyDHQA
502=JzIMdAAnMQx0KF0XdChcFwJ0ADEAIqBRAnQAMgAj6wFIADHrAU0ANOgBpWADfzZQAGj1Al
503=GIAZUCUokBBmAEAVkArQSOn3QArV0BdAKsXYwFrV0FdwJUAMfxCVWJAQR1AmiAtIAEqVkI
504=dAKpWQ1oAalZEmkBa5xXiAy0WoQItFqcTKhZhAioWYUIRJRahAgBaQAjBYuxdABqiQECfw
505=puADL0AgEwABMHl2V0ADOMXZQNuF6RFDWVAgl4BrhehAi4XgEFAAB1KIMLdQBi4lx1ACet
506=C3UogQt1KIELdSiBC3UogQt1KIELdSiBC3Uoggt1ACeDC3UALvFLdSitC3UorQt1KK0LdS
507=itC3UorQt1KK0LdSitC3UorQt1KK0LdSitC3UorQt1KK8LdQBCKDkCcSgoACcGDHUAJwUM
508=dSgFDHUoBQx1KAUMdSgFDHUoBQx1KAUMdSgFDHUoBAwCdQAyAB6rTnUAZPe9dQBmKCsAVw
509=A14AStXQFoOK1dBGgBrV0HaQFYjF2ABLleA3cCWgDFJOojdQCgXIAEoFydQVaNXQltBWeM
510=XYAEuV4GdQJplQILaAG5Xg5oAa1dAmgBrF2QCa1dCHQCoFyMBahZmxFEACWrWXUARYgBhA
511=igXIEPb4xdjAUBMwD0BpNhdQAvmF6ABKRgkR8xlAKQH6RgnBWkYAMKAAB2AFPhXHYogwt2
512=AGQoVAAnBRd2KIELdiiBC3YogQt2KIELdiiBC3YogQt2KIMLdgAv5Up2KK0LdiitC3YorQ
513=t2KK0LdiitC3YorQt2KK0LdiitC3YorQt2KK0LdiitC3YorQt2KK8LdgBDKGUCaygpAGwo
514=KQBtKCkAbigpAG8oKQBwKCgAJ+EMdijpGHYo4Qx2KOEMdijhDHYo4Qx2KOEMdijhDHYo4Q
515=x2KOEMdiiaJHYAvWIBbDy9YgJoAb1iBWgBvWIIawFPAHGvwHYAWZBhmAa9YgRhBFuVAgdo
516=AahkkAmpZAZ0AqhkhEqoZIAEqGSYBqlkDG0FapVlEWkBZiOQI5gRuF6AD7leA2AEoFyVAj
517=SMXZgRoFyYBqBclBi1Wgt4BgcyABoHAAALAAB3KNEKdyjRCnco0Qp3KNEKdyjRCnco0Qp3
518=KNEKdyjTCncAMO48dwAnZS53KCkLdygpC3coKQt3KCkLdygpC3coKQt3KCkLdygpC3coKQ
519=t3KCkLdygpC3coKQt3KCoLdwAn/gp3ACf+CncAJ/4KdwAn/gp3ACf+CncAJ/4KdwAn/Qp3
520=KP0Kdyj9Cnco/Qp3KP0Kdyj9Cnco/Qp3KP0Kdyj8CgJ3AF4AMyQ7OXcAX4kBCH02To1SAW
521=gBuVMDaQFQlQIFaQFYI+k5AGkBWYgBgASwVoAEsFaQCaVVB2wFpFWJQ1cjZC6YBqRVjAWl
522=VQ1sBaVVEmkBZYRVmBGxVgZ1AmeUApMJRAAmu7Z3AEWJAQJgBAFDAC4FI7YtdwC8V4UTMZ
523=hTmBGlVQxtBTOUAgMRAAB4AFz9r3go0Qp4KNEKeCjRCngo0Qp4KNEKeCjRCngo0Qp4KNEK
524=eCjRCngo0Qp4KNEKeCjRCngo0Qp4KNEKeCjRCngo0Qp4KNEKeCjRCngo0Qp4KNEKeCjTCn
525=gAavlpeCjRCngo0Qp4KNEKeCjRCngo0Qp4KNEKeCjRCngo0Qp4KNEKeCjRCngo0Qp4KNEK
526=eCjRCngo0gp4ACcXRXgAUyYHIngAXZFWAXw2qVkFaAGpWQlpAWCBBA1oAaVVBGkBWpFWB2
527=kBVoBRhAisUoEEWJQCgAQDZAAGBQAAnAq5Uw54Bq1SAmgBrFKMBa1SDHUCaJhThEqtUgN1
528=AkKMUpQNuFOdCkSUApwVuVMIbAW4U4gXuVMSdQI0hFUBFwAAeSitLHko0Qp5KKUKeSilCn
529=kopQp5KKUKeSilCnkopQp5KKcKeQAx60N5ADIoKAAn0RV5KP0KeSj9Cnko/Qp5KP0KeSj9
530=Cnko/Qp5KP0KeSj9Cnko/Qp5KP0KeSj9Cnko/wp5AGkoZAInKQt5KCkLeSgpC3koKQt5KC
531=kLeSgpC3koKQt5KCkLeSgpC3koKQt5KCkLeSgpC3koKQt5KCkLecWtBnw2uVMKaAG5Uw5o
532=Aa1SCGgBrVICaAGtUgVoAaxSgQRZmVMLdQJjmVMBaAGkVYkMZZQCgAS4U5gGuVMNbAW5Ux
533=JoAaxSlA2sUoQIrFKQFLVPE2wFtE8BGAAAeihVQnooIQp6KMkJeijJCXooyQl6KMkJeijJ
534=CXooyQl6KMkJeijLCXoAM+88egA0KCgAJyEKeighCnooIQp6KCEKeighCnooIQp6KCEKei
535=ghCnooIQp6KCEKeighCnooIQp6KCEKeij3H3oAaCiQAid5CnoopRV6KHkKeih5CnooeQp6
536=KHkKeih5CnooeQp6KHkKeih5CnooeQp6KHkKeih5CnooeAoCegBQADIk/zZ6AFGJAQJgO7
537=lTC2gBsEuUArFLB3QCsUsMaQFmnUwRaAGxSw5pAUcjpUEDaQFIiQEGaQFhiAGVAmKIAZQC
538=qE6cCqhOAQsAAHsocQl7KHEJeyhFCXsoRQl7KEUJeyhFCXsoRQl7KEUJeyhFCXsoRQl7KE
539=UJeyhpHnsoRQl7KEUJeyhFCXsoRQl7KEUJeyhFCXsoRQl7KEUJeyhFCXsoRQl7KEUJeyhF
540=CXsoRQl7KGs0ewBn8Ut7KJ0JeygZFHsonQl7KJ0JeyidCXsonQl7KJ0JeyidCXsonQl7KJ
541=0JeyidCXsonQl7KJ0JeyidCXvRSwF0ObFLA2gBuUgIaAG5SA1oAblIEmkBXSOFMgVpAUaU
542=RIQIpUoEdAKlSgdpAWAogACwS4AEsEuDBEkADCRjKHsASokBAnkGS4gBjQVeIxlLAHUCX4
543=gBgwRMACT5Bk2IAZUCYyPsP48FRAAz4QRFiAEBAgAAfChNCnwoTQp8KE0KfChNCnwoTQp8
544=KE0KfChNCnwoTQp8KE0KfChNCnwoTQp8KE0KfChNCnwoTQp8KE0KfChNCnwoTQp8KE0KfC
545=hNCnwoTQp8KE0KfChNCnwoTwp8AGbtUnwoeQp8KHkKfCh5CnwoeQp8KHkKfCh5CnwoeQp8
546=KHkKfCh5CnwoeQp8KHkKfCh5CnwoeQp8KHoKfACpTg5xNVydTAFoAalOBmkBXpUCC2gBtE
547=+AO7VPBXQCtU8IaAG0T4AEtE+ABLRPgAS0T4gMtU8DeAa0T4wFqE6UAqhOjAW8TIkBZIhO
548=gASoTpQCqE6VAk0jTW0AfQpOiAEBBQAAfSj1CX0o9Ql9KPUJfSj1CX0o9Ql9KPUJfSj1CX
549=0o9Ql9KPUJfSj1CX0o9Ql9KPUJfSj1CX0o9Ql9KPUJfSj1CX0o9Ql9KPUJfSj1CX0o9Ql9
550=KPUJfSj3CX0ARPdPfQBFKCkARigpAEcoKQBIKCkASSgpAEooKQBLKCkATCgpAGAoKQBhKC
551=kAYigpAGMoKQBkKCkAZSgoACeJDH0oiQx9KIkMfSiJDH0oiQx9KIkMfSiJDH0oiQx9KIkM
552=fSiJDH0oiQx9KIkMfSiJDH0oiwx9AFYmRzV9AFuE+phIqWQCZEqpZAdoAalkDGoBXwAi0X
553=gRaAGhUQFoAaFRBmkBT41SC2kBUIgBARAAAH4oTQp+KE0KfihNCn4oTQp+KE0KfihNCn4o
554=TQp+KE0KfihNCn4oTQp+KE0KfihNCn4oTQp+KE0KfihNCn4oTAoAAn4APwBOAQAAAAAAfg
555=BAAE4BAAAAEQAAWwwAIAYAAH4AQQBOAQBjAH4AQigpAEMoKQBEKCkARSgpAEYoKQBHKCkA
556=SCgpAEkoKQBKKCkASygpAEwoKQBNKCkAYCgpAGEoKQBiKCkAYygpAGQoKQBlKCkAZigpAG
557=coKQBoKCkAaSgpAGooKQBrKCkAbCgpAG0oKQBuKCkAbygpAHAoKQBxKCkAcigoAARaAAYF
558=AAABaS1biQEGaQFciQELaAEEXQAIBQAACGkBXokBDWkBX4kBEmgBBE4ARAUAAAdpAU+JAQ
559=xpAVCJARFpAVGIAQMWAAB/ADDjD38AMSgpADIoKQAzKCkANCgpADUoKQA2KCkANygpADgo
560=KQA5KCkAOigpADsoKQA8KCkAPSgpAD4oKQA/KCkAQCgpAEEoKAAnIgp/ACciCn8AJyIKfw
561=AnIgp/ACciCn8AJyIKfwAnIgp/ACciCn8AJyIKfwAnIgp/ACciCn8AJyMKfwBOKDkCXygo
562=ACd6Cn8AJ3oKfwAnegp/ACd6Cn8AJ3sKfwBlKAQBJ3oKfwAnegp/ACd6Cn8AJ3oKfwAneg
563=p/ACd6Cn8AJ3oKfwAnegp/ACd6Cn8AJ3oKfwAnegp/ACd6Cn8ArVICYEatUgdoAa1SDGkB
564=XZlTEWgBrVIOaAEEVQAKBQAAA2kBVokBBmgBrVINaAGtUhJoAa1SF2kBUphTARwAAIAoTg
565=qAACdOCoAAJ04KgAAnTgqAACdOCoAAJ04KgAAnTgqAACdOCoAAJ04KgAAnTgqAACdOCoAA
566=J04KgAAnTgqAACdOCoAAJ04KgAAnTgqAACdNCoAocRSAKE0KgChNCoAoTQqAKE0KgChNCo
567=AoTQqAKE0KgChNCoAoTQqAKE0KgChNCoAoTwqAAE/nSoAAUCgpAF4oKAAn0gqAACfRCoAo
568=0QqAKNEKgCjRCoAo0QqAKNIKgAAn0QqAKNEKgCjRCoAo0QqAKNEKgCjRCoAo0QqAKNEKgC
569=jRCoAo0QqAKNIKgAC5UwhsR7lTDWgBuVMSaQFUgVEBaAG5UwRoAblTB2gBAVcACwV42wEA
570=gABYiQECdQJZiAGPBVoAMuMEUgAz6QFTiAGMBahZARgAAIEo0QqBKNEKgSjRCoEo0QqBKN
571=EKgSjRCoEo0QqBKNEKgSjRCoEo0QqBKNEKgSjRCoEo0QqBKNEKgSjRCoEo0QqBKNEKgSjR
572=CoEo0QqBKNEKgSjRCoEo0QqBKNEKgSjRCoEo0QqBKNEKgSjRCoEo0QqBKNEKgSjRCoEo0w
573=qBAFHzVoEAXSgoACcqC4EAJyoLgQAnKQuBKCkLgSgpC4EoKQuBKCkLgSgpC4EoKQuBKCkL
574=gSgpC4EoKQuBKCkLgSgpC4EoKQuBKCkLgSgpC4EoKguBALFWDmxHpVUCaAGlVQVoAaVVCG
575=gBpVUBaAGlVQNoAaRVjAWkVYEEW5BWgASwVpQCsFYBAwAAgih5CoIoeQqCKHkKgih5CoIo
576=eQqCKHkKgih5CoIoeQqCKHkKgih5CoIoeQqCKHkKgih5CoIoeQqCKHkKgih5CoIoeQqCKH
577=kKgih5CoIoeQqCKHkKgih5CoIoeQqCKHkKgih5CoIoeQqCKHkKgih5CoIoeQqCKHkKgih7
578=CoIAUvtTggBTKCkAVCgpAFUoKQBWKCkAVygpAFgoKQBZKCkAWigpAFsoKQBcKCgAJ14Mgg
579=AnXQyCKF4MggAnXQyCKF0MgihdDIIoXQyCKF0MgihdDIIoXQyCKF0MgihdDIIoXQyCKF0M
580=gihdDIIoXQyCKF0MgihdDIMoIQqDKCEKgyghCoMoIQqDKCEKgyghCoMoIQqDKCEKgyghCo
581=MoIQqDKCEKgyghCoMoIQqDKCEKgyghCoMoIQqDKCEKgyghCoMoIQqDKCEKgyghCoMoIQqD
582=KCEKgyghCoMoIQqDKCEKgyghCoMoIQqDKCEKgyghCoMoIQqDKCIKgwAnIgqDACciCoMAJy
583=IKgwAnIgqDACciCoMAJyIKgwAnIgqDACciCoMAJyEKgyiBFoMoIQqDKCEKgyghCoMoIQqD
584=KCEKgyghCoMoIQqDKCEKgyghCoMoIQqDKCEKgyghCoMoIQqDKCEKgyghCoMoIQqEKMkJhC
585=jJCYQoyQmEKMkJhCjJCYQoyQmEKMkJhCjJCYQoyQmEKMkJhCjJCYQoyQmEKMkJhCjJCYQo
586=yQmEKMkJhCjJCYQoyQmEKMkJhCjJCYQoyQmEKMkJhCjJCYQoyQmEKMkJhCjJCYQoyQmEKM
587=kJhCjJCYQoyQmEKMkJhCjJCYQoyQmEKMkJhCjJCYQoyQmEKMkJhCjJCYQoyQmEKMkJhCjJ
588=CYQoyQmEKMkJhCjJCYQoyQmEKMkJhCjJCYQoyQmEKMkJhCjJCYQoyQmEKMkJhCjJCYQoyQ
589=mEKMkJhCjJCYUocQmFKHEJhShxCYUocQmFKHEJhShxCYUocQmFKHEJhShxCYUocQmFKHEJ
590=hShxCYUocQmFKHEJhShxCYUocQmFKHEJhShxCYUocQmFKHEJhShxCYUocQmFKHEJhShxCY
591=UocQmFKHEJhShxCYUocQmFKHEJhShxCYUocQmFKHIJhQAnPROFKHEJhShxCYUocQmFKHEJ
592=hShxCYUocQmFKHEJhShxCYUocQmFKHEJhShxCYUocQmFKHEJhShxCYUocQmFKHEJhShxCY
593=UocQmFKHEJhShxCYUocQmGKBkJhigZCYYoGQmGKBkJhigZCYYoGQmGKBkJhigZCYYoGQmG
594=KBkJhigZCYYoGQmGKBkJhigZCYYoGQmGKBkJhigZCYYoGQmGKBkJhigZCYYoGQmGKBkJhi
595=gZCYYoGQmGKBkJhigZCYYoGQmGKBkJhigZCYYoGQmGKBkJhigZCYYoGQmGKBkJhigZCYYo
596=GQmGKBkJhigZCYYoGQmGKBkJhigZCYYoGQmGKBkJhigZCYYoGQmGKBkJhigZCYYoGQmGKB
597=kJhigZCYYoGQmGKBkJhyjBCIcowQiHKMEIhyjBCIcowQiHKMEIhyjBCIcowQiHKMEIhyjB
598=CIcowQiHKMEIhyjBCIcowQiHKMEIhyjBCIcowQiHKMEIhyjBCIcowQiHKMEIhyjBCIcowQ
599=iHKMEIhyjBCIcowQiHKMEIhyjBCIcowQiHKMEIhyjBCIcowQiHKMEIhyjBCIcowQiHKMEI
600=hyjBCIcowQiHKMEIhyjBCIcowQiHKMEIhyjBCIcowQiHKMEIhyjBCIcowQiHKMEIhyjBCI
601=cowQiIKGkIiChpCIgoaQiIKGkIiChpCIgoaQiIKGkIiChpCIgoaQiIKGkIiChpCIgoaQiI
602=KGkIiChpCIgoaQiIKGkIiChpCIgoaQiIKGkIiChpCIgoaQiIKGkIiChpCIgoaQiIKGkIiC
603=hpCIgoaQiIKGkIiChpCIgoaQiIKGkIiChpCIgoaQiIKGkIiChpCIgoaQiIKGkIiChpCIgo
604=aQiIKGkIiChpCIgoaQiIKGkIiChpCIgoaQiIKGkIiChpCIgoaQiJKBEIiSgRCIkoEQiJKB
605=EIiSgRCIkoEQiJKBEIiSgRCIkoEQiJKBEIiSgRCIkoEQiJKBEIiSgRCIkoEQiJKBEIiSgR
606=CIkoEQiJKBEIiSgRCIkoEQiJKBEIiSgRCIkoEQiJKBEIiSgRCIkoEQiJKBEIiSgRCIkoEQ
607=iJKBEIiSgRCIkoEQiJKBEIiSgRCIkoEQiJKBEIiSgRCIkoEQiJKBEIiSgRCIkoEQiJKBEI
608=iSgRCIkoEQiJKBEIiii5B4oouQeKKLkHiii5B4oouQeKKLkHiii5B4oouQeKKLkHiii5B4
609=oouQeKKLkHiii5B4oouQeKKLkHiii5B4oouQeKKLkHiii5B4oouQeKKLkHiii5B4oouQeK
610=KLkHiii5B4oouQeKKLkHiii5B4oouQeKKLkHiii5B4oouQeKKLkHiii5B4oouQeKKLkHii
611=i5B4oouQeKKLkHiii5B4oouQeKKLkHiii5B4oouQeLKGEHiyhhB4soYQeLKGEHiyhhB4so
612=YQeLKGEHiyhhB4soYQeLKGEHiyhhB4soYQeLKGEHiyhhB4soYQeLKGEHiyhhB4soYQeLKG
613=EHiyhhB4soYQeLKGEHiyhhB4soYQeLKGEHiyhhB4soYQeLKGEHiyhhB4soYQeLKGEHiyhh
614=B4soYQeLKGEHiyhhB4soYQeLKGEHiyhhB4soYQeLKGEHiyhhB4soYQeMKAkHjCgJB4woCQ
615=eM6DgAAQAAjABBAE4BAAAAAACMAEIATgERAAC3BtMRCAAAAAAAjABDAE4ByQFEKCkARSgp
616=AEYoKQBHKCkASCgpAEkoKQBKKCkASygpAEwoKQBNKCkATigpAE8oKQBQKCkAUSgpAFIoKQ
617=BTKCkAVCgpAFUoKQBWKCkAVygpAFgoKQBZKCkAWigpAFsoKQBcKCkAXSgpAF4oKQBfKCkA
618=YCgpAGEoKQBiKCkAYygpAGTrAY0APigpAD8oKQBAKCkAQSgpAEIoKAAnsgaNACeyBo0AJ7
619=IGjQAnsgaNACeyBo0AJ7IGjQAnsgaNACeyBo0AJ7IGjQAnsgaNACeyBo0AJ7IGjQAnsgaN
620=ACeyBo0AJ7IGjQAnsgaNACeyBo0AJ7IGjQAnsgaNACeyBo0AJ7IGjQAnsgaNACeyBo0AJ7
621=IGjQAnsgaNACeyBo0AJ7IGjQAnsgaNACeyBo0AJ7IGjQAnsgaNACeyBo0AJ7IGjgAnWgaO
622=ACdaBo4AJ1oGjgAnWQaOKA0NjihZBo4oWQaOKFkGjihZBo4oWQaOKFkGjihZBo4oWQaOKF
623=kGjihZBo4oWQaOKFkGjihZBo4oWQaOKFkGjihZBo4oWQaOKFkGjihZBo4oWQaOKFkGjihZ
624=Bo4oWQaOKFkGjihZBo4oWQaOKFkGjihZBo4oWQaOKFkGjihZBo8oAQaPKAEGjygBBo8oAQ
625=aPKAEGjygBBo8oAQaPKAEGjygBBo8oAQaPKAEGjygBBo8oAQaPKAEGjygBBo8oAQaPKAEG
626=jygBBo8oAQaPKAEGjygBBo8oAQaPKAEGjygBBo8oAQaPKAEGjygBBo8oAQaPKAEGjygBBo
627=8oAQaPKAEGjygBBo8oAQaQKKkFkCipBZAoqQWQKKkFkCipBZAoqQWQKKkFkCipBZAoqQWQ
628=KKkFkCipBZAoqQWQKKkFkCipBZAoqQWQKKkFkCipBZAoqQWQKKkFkCipBZAoqQWQKKkFkC
629=ipBZAoqQWQKKkFkCipBZAoqQWQKKkFkCipBZAoqQWQKKkFkCipBZEoUQWRKFEFkShRBZEo
630=UQWRKFEFkShRBZEoUQWRKFEFkShRBZEoUQWRKFEFkShRBZEoUQWRKFEFkShRBZEoUQWRKF
631=EFkShRBZEoUQWRKFEFkShRBZEoUQWRKFEFkShRBZEoUQWRKFEFkShRBZEoUQWRKFEFkShR
632=BZIo+QSSKPkEkij6BJIAJ1kckij5BJIo+QSSKPkEkij5BJIo+QSSKPkEkij5BJIo+QSSKP
633=kEkij5BJIo+QSSKPkEkij5BJIo+QSSKPkEkij5BJIo+QSSKPkEkij5BJIo+QSSKPkEkij5
634=BJIo+QSSKPkEkyihBJMooQSTKKEEkyihBJMooQSTKKEEkyihBJMooQSTKKEEkyihBJMooQ
635=STKKEEkyihBJMooQSTKKEEkyihBJMooQSTKKEEkyihBJMooQSTKKEEkyihBJMooQSTKKEE
636=kyihBJMooQSUKEkElChJBJQoSQSUKEkElChJBJQoSQSUKEkElChJBJQoSQSUKEkElChJBJ
637=QoSQSUKEkElChJBJQoSQSUKEkElChJBJQoSQSUKEkElChJBJQoSQSUKEkElChJBJQoSQSV
638=KPEDlSjxA5Uo8QOVKPEDlSjxA5Uo8QOVKPEDlSjxA5Uo8QOVKPEDlSjxA5Uo8QOVKPEDlS
639=jxA5Uo8QOVKPEDlSjxA5Uo8QOVKPEDlSjxA5Uo8QOVKPEDliiZA5YomQOWKJkDliiZA5Yo
640=mQOWKJkDliiZA5YomQOWKJkDliiZA5YomQOWKJkDliiZA5YomQOWKJkDliiZA5YomQOWKJ
641=kDliiZA5YomQOXKEEDlyhBA5coQQOXKEEDlyhBA5coQQOXKEEDlyhBA5coQQOXKEEDlyhB
642=A5coQQOXKEEDlyhBA5coQQOXKEEDlyhBA5coQQOYKOkCmCjpApgo6QKYKOkCmCjpApgo6Q
643=KYKOkCmCjpApgo6QKYKOkCmCjpApgo6QKYKOkCmCjpApgo6QKYKOkCmSiRApkokQKZKJEC
644=mSiRApkokQKZKJECmSiRApkokQKZKJECmSiRApkokQKZKJECmSiRApkokQKaKDkCmig5Ap
645=ooOQKaKDkCmig5ApooOQKaKDkCmig5ApooOQKaKDkCmig5ApooOQKbKOEBmyjhAZso4QGb
646=KOEBmyjhAZso4QGbKOEBmyjhAZso4QGbKOEBnCiJAZwoiQGcKIkBnCiJAZwoiQGcKIkBnC
647=iJAZwoiQGdKDEBnSgxAZ0oMQGdKDEBnSgxAZ0oMQGeKNkAnijZAJ4o2QCeKNkAn+AEDgAA
648=nwBRAE4BAAAAAAAAAAAAEQAA

[Lighting]
Red=1.300000
Blue=0.500000
Green=1.300000
Level=0.032000
Ground=-0.010000
IonRed=1.000000
Ambient=0.650000
IonBlue=1.000000
IonGreen=1.000000
IonLevel=0.032000
IonGround=0.000000
IonAmbient=1.000000

[Map]
Size=0,0,80,80
Theater=Temperate
LocalSize=2,4,76,71

[NavalNod]
IQ=0
Edge=West
Side=Nod
Color=Purple
Allies=NavalNod,Nod,Nod1,Nod2,Neutral
Credits=100
ActsLike=1
NodeCount=0
TechLevel=10
PercentBuilt=100
PlayerControl=no

[Neutral]
IQ=5
Edge=North
Side=Neutral
Color=Grey
Allies=Neutral,Nod,Nod1,Nod2,NavalNod
Credits=0
ActsLike=4
NodeCount=0
TechLevel=10
PercentBuilt=100
PlayerControl=no

[Nod]
IQ=5
000=TDPROC,32,85
001=NUK2,29,88
002=NUK2,29,85
003=NUK2,26,85
004=NUK2,23,85
005=NUK2,23,88
006=NHPAD,26,77
007=NHPAD,23,77
008=NHPAD,23,74
009=NHPAD,26,74
010=NUK2,29,68
011=NUK2,31,66
012=NUK2,33,64
013=NUK2,31,62
014=NUK2,29,64
015=NUK2,27,66
016=OBLI,49,68
017=OBLI,41,56
018=NHQ,37,57
019=HAND,34,74
020=TDPROC,44,79
021=TDPROC,44,70
022=OBLI,52,78
023=SAM,43,95
024=SAM,29,94
025=SAM,25,98
026=SAM,54,80
027=SAM,50,66
028=SAM,41,53
029=HAND,34,77
030=NUK2,14,82
031=NUK2,11,82
032=NUK2,11,79
033=NUK2,14,79
034=NUK2,14,76
035=AFLD,42,65
Edge=North
Side=Nod
Color=DarkRed
Allies=Nod,Nod1,Nod2,NavalNod
Credits=100
ActsLike=1
NodeCount=36
TechLevel=10
PercentBuilt=100
PlayerControl=no

[Nod1]
IQ=5
000=GUN,75,78
001=GUN,70,75
002=AFLD,75,72
003=OBLI,81,77
004=SAM,83,73
005=OBLI,87,71
006=NUK2,76,58
007=NUK2,73,58
008=NUK2,70,58
009=NUKE,70,55
010=NUKE,73,55
011=NUK2,76,55
012=HAND,70,63
013=NHPAD,66,60
014=NHPAD,63,60
015=TDPROC,78,61
016=TDPROC,82,66
017=SAM,74,62
Edge=North
Side=Nod
Color=DarkOrange
Allies=Nod1,Nod,Nod2,NavalNod,Neutral
Credits=200
ActsLike=1
NodeCount=18
TechLevel=6
PercentBuilt=100
PlayerControl=no

[Nod2]
IQ=0
000=GUN,45,62
001=GUN,42,59
002=GUN,40,92
003=GUN,35,91
004=GUN,54,92
005=GUN,54,88
Edge=North
Side=Nod2
Color=Black
Allies=Nod2,Nod,Nod1,NavalNod,Neutral
Credits=100
ActsLike=1
NodeCount=6
TechLevel=10
PercentBuilt=0
PlayerControl=no

[OverlayDataPack]
0=BQAAIP4AIACABQAAIP4AIACABQAAIP4AIACAdAEAIP41AACCBAT+HgAAgQH+2wEAhwEABg
1=cABwb+HAAAgQP+3QEAiAQHBwgHAAcG/hkAAIQEAAAD/t0BAIcHAAgKCggE/hgAAIYEBgcE
2=AAP+2wEAhgQICAsKB/4aAACGBgAGAAYG/toBAIgGAAgKCAAAAf4RAACOAQAAAAMBAAADAA
3=YHAAP+2QEAhwMHBgAEBgT+EwAAgwMDBP4GAACGBgAGAAAB/tkBAIUGAAAABP4WAACMBAQD
4=AwQGBgAHBwAG/tkBAIQDAwAB/hcAAIEE/gQAAI0GAAcKCgoIBwAAAAME/u4BAIgBAAEDAA
5=YACP4EAAuHCggEAAAGA/7xAQCEBwYICP4FAAuECgcABP7wAQCHAQABAAQACP4FAAuGCAAG
6=BgAD/u4BAIEB/gUAAIEH/gUAC4YHAAAHCAf+8QEAkAEAAAQICgsLCwgABAAKCAT+8QEAjg
7=EAAAAICgoIBgYACAgI/vUBAIwEAAcHAAAACAoIAAH+mwEAgK0AACD+VwAAjAEGBAAABgAD
8=BgcIB/72AQCMAwAGBwAABgAABAYE/vYBAIUHCAYAA/4EAACCBAP+8QEAiAEAAAAGCAAG/v
9=kBAIcBAAADAAYG/v4BAIQEAAQB/voBAIQBAAAG/v0BAIMDBAP+EgYAgQP+/QEAhAMABgb+
10=/AEAhQQEAAQD/vcBAIQBAAED/vwBAIEE/gQAAIUDAwMAAf70AQCLAQMABAADAwAAAAP+jA
11=EAgCEAACD+bAAAggQE/v0BAIEB/rUZAIIDBP7+AQCDBAAD/twBAIAdAQAg/iIAAIEH/gwA
12=AIQDAAAD/u4BAIMHCAf+CgAAhQEABggG/usBAIwDAAYHCAYDAAAAAQH+BgAAgwYKB/7rAQ
13=CEBwgABv4JAACBAf4EAACEAwAGBP7pAQCEBggHBP4IAACFAwAGAAH+BAAAgQP+6gEAggYH
14=/goAAIQDBwYH/vEBAIEG/gYAAIED/gUAAIUGAAYGBP7rAQCEAQQGBP4FAACDBgAE/gUAAI
15=QEAAgG/u0BAIEE/gQAAIcBBgcHAAYE/gQAAIMEAAT+9AEAhQgHAAYG/gQAAIMBAAH+8QEA
16=igMGCAgABwAABwT+9wEAgwgIBv4GAAf+9gEAiwQGAAAACAcABgAD/vYBAIsDAAEDAAQAAQ
17=AAAf76AQCBAf7YAwCAgwAAIP5IBgCEAQADAf79AQCBBv77AQCGAQAGBgAD/vsBAIYHCAcA
18=AAT++QEAhwEABwcABwf++wEAhgQABwoKB/74AQCJAwQAAAgLCwoG/vYBAIoBAAADBggLCg
19=oH/vsBAIYICAcABwb++AEAiQEEBAAABAQAAf4BAgCBAf7+AQCBAf6vAwCABQAAIP4AIACA
20=BQAAIP4AIACABQAAIP4AIACABQAAIP4AIACABQAAIP4AIACABQAAIP4AIACABQAAIP4AIA
21=CABQAAIP4AIACABQAAIP4AIACABQAAIP4AIACABQAAIP4AIACABQAAIP4AIACABQAAIP4A
22=IACABQAAIP4AIACABQAAIP4AIACABQAAIP4AIACABQAAIP4AIACABQAAIP4AIACABQAAIP
23=4AIACABQAAIP4AIACABQAAIP4AIACABQAAIP4AIACABQAAIP4AIACABQAAIP4AIACA

[OverlayPack]
0=BQAAIP4AIP+ABQAAIP4AIP+ABQAAIP4AIP+AdQEAIP41AP+CaWb+HgD/gW/+2wH/h2b/bW
1=f/bG/+HAD/gW3+3QH/iGpmaWtt/2xq/hkA/4Rm//9s/t0B/4dm/25uZmZp/hgA/4Zpbmlt
2=/2n+2wH/hmdnZ2ttb/4aAP+GZv9v/2dp/toB/4ht/2ZraP//a/4RAP+Obf///21t//9r/2
3=dq/2b+2QH/h3Bpa/9naXD+EwD/g2tub/4GAP+Gb/9v//9s/tkB/4Vr////af4WAP+McG9u
4=bmxrb/+Baf9t/tkB/4Robv9r/hcA/4Ft/gQA/41s/2eHhG9mgP///25w/uwB/5Vs/2z/Zm
5=n/av9rh2dwhoFub///b27+8QH/jWxvZ4d/iImEg29n/27+8AH/kmf/av9t/4OAgYiBaGv/
6=aGv/bv7uAf+BbP4FAP+Ma2h/aYmHgf//cHBw/vEB/5Bw//+DhmaFf2yE/2n/hmxu/vEB/4
7=5p////aYCEcG1r/2Ztbf71Af+McP+Eaf///25rZ/9w/psB/4C0AAAg/lUA/45q/2tnav//
8=bv9rbmtvbP72Af+MaP9wbf//aP//ZnBu/vYB/4Vwbmf/av4EAP+Cb2z+8QH/iGv///9waP
9=9o/vkB/4dq//9o/25u/v4B/4Rs/2ps/voB/4Rv//9o/v0B/4ZqaWv//27+Dwb/gZb++wH/
10=hpP/lP+Tlv78Af+FlJP/mJ3+9wH/hJj/mZz+/AH/gZr+BAD/hZ2Ymf+c/vQB/4uamP+Z/5
11=WW////lf6MAf+AJwAAIP5sAP+Ck5v+/QH/h5n///+Y/5T+rxn/goKH/v4B/4OE/4P+3AH/
12=gCEBACD+IgD/gYP+DAD/hHD//2/+7gH/g4OHhP4KAP+FZ/9uaG7+6wH/jIT/h4CJiIP///
13=9/gv4GAP+DaW5v/usB/4SJhP+J/gkA/4GH/gQA/4Rm/2ht/ukB/4SFiICA/ggA/4V//4H/
14=g/4EAP+Bbf7qAf+CgID+CgD/hIiDhYb+8QH/gYL+BgD/gYT+BQD/hYj/hImI/usB/4SGf3
15=+J/gUA/4OD/4f+BQD/hoT/hIT/iP7rAf+Bhf4EAP+HbYGDgf+Chf4EAP+Dg/+H/vQB/4WI
16=hP+Bgv4EAP+Dif+E/vEB/4qJgYCF/3///4CC/vcB/4l/g3+Fh4GGgYf+9gH/i4mB////go
17=T/gP+A/vYB/4uA/4SJ/4n/hP//hv76Af+BgP7YA/+AgwAAIP5IBv+Eaf9rbv79Af+BZ/77
18=Af+Gav9rbP9p/vsB/4Zvam3//2j++QH/h23/bmr/bGz++wH/hmr/bmtnbP74Af+JcHD//2
19=pqbmZt/vYB/4ps//9nbWxwZ2tu/vsB/4Zsbmf/bWr++AH/iWdubP//aWr/av4BAv+Bbf7+
20=Af+Bb/6vA/+ABQAAIP4AIP+ABQAAIP4AIP+ABQAAIP4AIP+ABQAAIP4AIP+ABQAAIP4AIP
21=+ABQAAIP4AIP+ABQAAIP4AIP+ABQAAIP4AIP+ABQAAIP4AIP+ABQAAIP4AIP+ABQAAIP4A
22=IP+ABQAAIP4AIP+ABQAAIP4AIP+ABQAAIP4AIP+ABQAAIP4AIP+ABQAAIP4AIP+ABQAAIP
23=4AIP+ABQAAIP4AIP+ABQAAIP4AIP+ABQAAIP4AIP+ABQAAIP4AIP+ABQAAIP4AIP+ABQAA
24=IP4AIP+ABQAAIP4AIP+A

[SPFTNK]
Primary=none
Strength=500

[ScriptTypes]
0=01000014
1=01000024
2=01000025
3=01000043
4=01000068
5=01000082

[Soviet]
IQ=0
Edge=North
Side=Soviet
Color=Gold
Allies=Neutral
Credits=0
ActsLike=3
NodeCount=0
TechLevel=10
PercentBuilt=100
PlayerControl=no

[Soviet1]
IQ=0
Edge=North
Side=Soviet
Color=Gold
Allies=Neutral
Credits=0
ActsLike=3
NodeCount=0
TechLevel=10
PercentBuilt=100
PlayerControl=no

[Soviet2]
IQ=0
Edge=North
Side=Soviet
Color=Gold
Allies=Neutral
Credits=0
ActsLike=3
NodeCount=0
TechLevel=10
PercentBuilt=100
PlayerControl=no

[Special]
IQ=5
Edge=North
Side=Special
Color=Grey
Allies=Special
Credits=0
ActsLike=5
NodeCount=0
TechLevel=10
PercentBuilt=100
PlayerControl=no

[SpecialFlags]
Inert=no
FogOfWar=no
IonStorms=no
MCVDeploy=no
Meteorites=no
Visceroids=yes
FixedAlliance=no
TiberiumGrows=yes
InitialVeteran=no
HarvesterImmune=no
TiberiumSpreads=yes
TiberiumExplosive=no
DestroyableBridges=yes

[Structures]
0=TTEGDI,GFACT,256,89,115,64,None,1,0,1,0,0,None,None,None,0,0
1=TTEGDI,ATWR,256,95,125,64,None,1,0,1,0,0,None,None,None,0,0
2=TTEGDI,ATWR,256,99,121,64,None,1,0,1,0,0,None,None,None,0,0
3=TTEGDI,NUKE,256,85,116,64,None,1,0,1,0,0,None,None,None,0,0
4=TTEGDI,NUKE,256,85,113,64,None,1,0,1,0,0,None,None,None,0,0
5=TTEGDI,NUK2,256,86,122,64,None,1,0,1,0,0,None,None,None,0,0
6=TTEGDI,NUK2,256,89,122,64,None,1,0,1,0,0,None,None,None,0,0
7=TTEGDI,NUK2,256,92,122,64,None,1,0,1,0,0,None,None,None,0,0
8=TTEGDI,TDPROC,256,94,115,64,None,1,0,1,0,0,None,None,None,0,0
9=TTEGDI,PYLE,256,87,109,64,None,1,0,1,0,0,None,None,None,0,0
S=GDI,BUILDCONST,256,0,0,64,None,1,0,1,0,0,None,None,None,0,0
T=Nod,BUILDCONST,256,1,0,64,None,1,0,1,0,0,None,None,None,0,0
U=GDI1,BUILDCONST,256,2,0,64,None,1,0,1,0,0,None,None,None,0,0
V=Nod1,BUILDCONST,256,3,0,64,None,1,0,1,0,0,None,None,None,0,0
W=GDI2,BUILDCONST,256,4,0,64,None,1,0,1,0,0,None,None,None,0,0
X=Nod2,BUILDCONST,256,5,0,64,None,1,0,1,0,0,None,None,None,0,0
Y=NavalNod,BUILDCONST,256,6,0,64,None,1,0,1,0,0,None,None,None,0,0
Z=TTEGDI,BUILDCONST,256,7,0,64,None,1,0,1,0,0,None,None,None,0,0
10=TTEGDI,WEAP,256,92,108,64,None,1,0,1,0,0,None,None,None,0,0
11=TTEGDI,GHPAD,256,80,117,64,None,1,0,1,0,0,None,None,None,0,0
12=TTEGDI,GHPAD,256,80,114,64,None,1,0,1,0,0,None,None,None,0,0
13=Neutral,V11,256,56,128,64,01000035,1,0,1,0,0,None,None,None,0,0
14=Neutral,TWR,256,58,124,64,01000035,1,0,1,0,0,None,None,None,0,0
15=GDI,BRIK,256,84,108,64,None,1,0,1,0,0,None,None,None,0,0
16=GDI,BRIK,256,84,107,64,None,1,0,1,0,0,None,None,None,0,0
17=Neutral,GUN,256,59,122,64,01000035,1,0,1,0,0,None,None,None,0,0
18=GDI,BRIK,256,84,106,64,None,1,0,1,0,0,None,None,None,0,0
19=GDI,BRIK,256,84,105,64,None,1,0,1,0,0,None,None,None,0,0
20=GDI,BRIK,256,84,104,64,None,1,0,1,0,0,None,None,None,0,0
21=GDI,BRIK,256,85,104,64,None,1,0,1,0,0,None,None,None,0,0
22=GDI,BRIK,256,86,104,64,None,1,0,1,0,0,None,None,None,0,0
23=GDI,BRIK,256,87,104,64,None,1,0,1,0,0,None,None,None,0,0
24=GDI,BRIK,256,88,104,64,None,1,0,1,0,0,None,None,None,0,0
25=GDI,BRIK,256,89,104,64,None,1,0,1,0,0,None,None,None,0,0
26=GDI,BRIK,256,90,104,64,None,1,0,1,0,0,None,None,None,0,0
27=GDI,BRIK,256,91,104,64,None,1,0,1,0,0,None,None,None,0,0
28=GDI,BRIK,256,92,104,64,None,1,0,1,0,0,None,None,None,0,0
29=GDI,BRIK,256,96,104,64,None,1,0,1,0,0,None,None,None,0,0
30=GDI,BRIK,256,97,104,64,None,1,0,1,0,0,None,None,None,0,0
31=GDI,BRIK,256,98,104,64,None,1,0,1,0,0,None,None,None,0,0
32=GDI,BRIK,256,99,104,64,None,1,0,1,0,0,None,None,None,0,0
33=GDI,BRIK,256,100,104,64,None,1,0,1,0,0,None,None,None,0,0
34=GDI,BRIK,256,101,104,64,None,1,0,1,0,0,None,None,None,0,0
35=GDI,BRIK,256,102,104,64,None,1,0,1,0,0,None,None,None,0,0
36=GDI,BRIK,256,102,105,64,None,1,0,1,0,0,None,None,None,0,0
37=GDI,BRIK,256,102,106,64,None,1,0,1,0,0,None,None,None,0,0
38=GDI,BRIK,256,102,107,64,None,1,0,1,0,0,None,None,None,0,0
39=GDI,BRIK,256,102,108,64,None,1,0,1,0,0,None,None,None,0,0
40=GDI,BRIK,256,102,109,64,None,1,0,1,0,0,None,None,None,0,0
41=GDI,BRIK,256,102,110,64,None,1,0,1,0,0,None,None,None,0,0
42=TTEGDI,ATWR,256,90,105,64,None,1,0,1,0,0,None,None,None,0,0
43=TTEGDI,ATWR,256,98,105,64,None,1,0,1,0,0,None,None,None,0,0
44=TTEGDI,NUK2,256,83,122,64,None,1,0,1,0,0,None,None,None,0,0
45=TTEGDI,DMSA,256,90,113,64,None,1,0,1,0,0,None,None,None,0,0
46=TTEGDI,FIX,256,98,110,64,None,1,0,1,0,0,None,None,None,0,0
47=Neutral,V02,256,50,109,64,01000035,1,0,1,0,0,None,None,None,0,0
48=Nod,TMPL,256,14,85,64,None,1,0,1,0,0,None,None,None,1,0
49=Nod2,GUN,256,54,92,64,None,1,0,1,0,0,None,None,None,0,0
50=Nod2,GUN,256,54,88,64,None,1,0,1,0,0,None,None,None,0,0
51=Nod,NUK2,256,11,79,64,None,1,0,1,0,0,None,None,None,1,0
52=Nod,NUK2,256,11,82,64,None,1,0,1,0,0,None,None,None,1,0
53=Nod,NUK2,256,14,82,64,None,1,0,1,0,0,None,None,None,1,0
54=Nod,NUK2,256,14,79,64,None,1,0,1,0,0,None,None,None,1,0
55=Nod2,GUN,256,45,62,64,None,1,0,1,0,0,None,None,None,0,0
56=Nod2,GUN,256,42,59,64,None,1,0,1,0,0,None,None,None,0,0
57=Nod,NFACT,256,40,75,64,None,1,0,1,0,0,None,None,None,0,0
58=Nod,NUK2,256,27,66,64,None,1,0,1,0,0,None,None,None,1,0
59=Nod,NUK2,256,29,64,64,None,1,0,1,0,0,None,None,None,1,0
60=Nod,NUK2,256,31,62,64,None,1,0,1,0,0,None,None,None,1,0
61=Nod,NUK2,256,29,68,64,None,1,0,1,0,0,None,None,None,1,0
62=Nod,NUK2,256,31,66,64,None,1,0,1,0,0,None,None,None,1,0
63=Nod,NUK2,256,33,64,64,None,1,0,1,0,0,None,None,None,1,0
64=Nod,LSRPOST,256,50,67,64,None,1,0,1,0,0,None,None,None,0,0
65=Nod,AFLD,256,42,65,64,None,1,0,1,0,0,None,None,None,1,0
66=Nod,HAND,256,34,74,64,None,1,0,1,0,0,None,None,None,1,0
67=Nod,BIO,256,23,71,64,None,1,0,1,0,0,None,None,None,0,0
68=Nod,NUK2,256,23,88,64,None,1,0,1,0,0,None,None,None,1,0
69=Nod,NUK2,256,23,85,64,None,1,0,1,0,0,None,None,None,1,0
70=Nod2,GUN,256,35,91,64,None,1,0,1,0,0,None,None,None,0,0
71=Nod2,GUN,256,40,92,64,None,1,0,1,0,0,None,None,None,0,0
72=Nod,SGEN,256,39,60,64,None,1,0,1,0,0,None,None,None,1,0
73=Nod,NHPAD,256,23,77,64,None,1,0,1,0,0,None,None,None,1,0
74=Nod,NHPAD,256,23,74,64,None,1,0,1,0,0,None,None,None,1,0
75=Nod,NHPAD,256,26,74,64,None,1,0,1,0,0,None,None,None,1,0
76=Nod,NHPAD,256,26,77,64,None,1,0,1,0,0,None,None,None,1,0
77=Nod,TDPROC,256,44,79,64,None,1,0,1,0,0,None,None,None,1,0
78=Nod,HAND,256,34,77,64,None,1,0,1,0,0,None,None,None,1,0
79=Nod,NHQ,256,37,57,64,None,1,0,1,0,0,None,None,None,0,0
80=NavalNod,NSYRD,256,56,42,64,01000060,1,0,1,0,0,None,None,None,1,0
81=Neutral,V03,256,53,116,64,01000077,1,0,1,0,0,None,None,None,0,0
82=Nod,SGEN,256,30,77,64,None,1,0,1,0,0,None,None,None,1,0
83=Neutral,V04,256,48,114,64,01000077,1,0,1,0,0,None,None,None,0,0
84=Neutral,V07,256,59,120,64,01000035,1,0,1,0,0,None,None,None,0,0
85=Neutral,V08,256,55,111,64,01000035,1,0,1,0,0,None,None,None,0,0
86=Nod,TDPROC,256,32,85,64,None,1,0,1,0,0,None,None,None,1,0
87=Nod,TDPROC,256,44,70,64,None,1,0,1,0,0,None,None,None,1,0
88=Neutral,V09,256,52,123,64,01000077,1,0,1,0,0,None,None,None,0,0
89=Neutral,V10,256,59,114,64,01000035,1,0,1,0,0,None,None,None,0,0
90=Nod,SGEN,256,26,88,64,None,1,0,0,0,0,None,None,None,1,0
91=Neutral,TWR,256,61,115,64,01000035,1,0,1,0,0,None,None,None,0,0
92=Neutral,V06,256,43,116,64,01000077,1,0,1,0,0,None,None,None,0,0
93=Nod,SGEN,256,46,75,64,None,1,0,1,0,0,None,None,None,1,0
94=Nod,NUK2,256,14,76,64,None,1,0,1,0,0,None,None,None,0,0
95=Nod,SGEN,256,17,82,64,None,1,0,1,0,0,None,None,None,0,0
96=Nod,LSRPOST,256,50,69,64,None,1,0,1,0,0,None,None,None,0,0
97=Nod,LSRPOST,256,48,67,64,None,1,0,1,0,0,None,None,None,0,0
98=Nod,NUK2,256,29,88,64,None,1,0,1,0,0,None,None,None,1,0
99=Nod,NUK2,256,29,85,64,None,1,0,1,0,0,None,None,None,1,0
100=Nod,NUK2,256,26,85,64,None,1,0,1,0,0,None,None,None,1,0
101=Neutral,GUN,256,51,115,64,None,1,0,1,0,0,None,None,None,0,0
102=Nod1,NUK2,256,17,76,64,None,1,0,1,0,0,None,None,None,0,0
103=Nod1,NUK2,256,17,73,64,None,1,0,1,0,0,None,None,None,0,0
104=Nod1,NUK2,256,20,73,64,None,1,0,1,0,0,None,None,None,0,0
105=Neutral,INGRNLMP,256,75,122,64,None,1,0,1,0,0,None,None,None,0,0
106=Neutral,INGRNLMP,256,55,52,64,None,1,0,1,0,0,None,None,None,0,0
107=Neutral,INGRNLMP,256,95,68,64,None,1,0,1,0,0,None,None,None,0,0
108=Neutral,INGRNLMP,256,85,55,64,None,1,0,1,0,0,None,None,None,0,0
109=Neutral,INBLULMP,256,92,60,64,None,1,0,1,0,0,None,None,None,0,0
110=Neutral,INBLULMP,256,39,106,64,None,1,0,1,0,0,None,None,None,0,0
111=Neutral,INGRNLMP,256,50,99,64,None,1,0,1,0,0,None,None,None,0,0
112=Nod2,ASTRP,256,81,10,64,01000064,1,0,1,0,0,None,None,None,0,0
113=Nod2,VMINE,256,38,94,64,None,1,0,1,0,0,None,None,None,0,0
114=Nod2,VMINE,256,37,94,64,None,1,0,1,0,0,None,None,None,0,0
115=Nod2,VMINE,256,36,94,64,None,1,0,1,0,0,None,None,None,0,0
116=Nod2,GUN,256,79,12,64,None,1,0,1,0,0,None,None,None,0,0
117=Nod2,GUN,256,62,31,64,None,1,0,1,0,0,None,None,None,0,0
118=Nod2,GUN,256,61,52,64,None,1,0,1,0,0,None,None,None,0,0
119=Neutral,NEGLAMP,256,65,88,64,None,1,0,1,0,0,None,None,None,0,0
120=Neutral,INREDLMP,256,13,81,64,None,1,0,1,0,0,None,None,None,0,0
121=Nod,SAM,256,54,80,64,None,1,0,1,0,0,None,None,None,0,0
122=Nod,SAM,256,50,66,64,None,1,0,1,0,0,None,None,None,0,0
123=Nod,SAM,256,43,95,64,None,1,0,1,0,0,None,None,None,0,0
124=Nod,SAM,256,29,94,64,None,1,0,1,0,0,None,None,None,0,0
125=Nod,SAM,256,25,98,64,None,1,0,1,0,0,None,None,None,0,0
126=Nod,SAM,256,41,53,64,None,1,0,1,0,0,None,None,None,0,0
127=Nod1,SAM,256,65,70,64,None,1,0,1,0,0,None,None,None,0,0
128=GDI,BRIK,256,83,109,64,None,1,0,1,0,0,None,None,None,0,0
129=GDI,BRIK,256,103,110,64,None,1,0,1,0,0,None,None,None,0,0
130=GDI,BRIK,256,103,109,64,None,1,0,1,0,0,None,None,None,0,0
131=GDI,BRIK,256,83,110,64,None,1,0,1,0,0,None,None,None,0,0
132=GDI,BRIK,256,84,110,64,None,1,0,1,0,0,None,None,None,0,0
133=Nod,OBLI,256,52,78,64,None,1,0,1,0,0,None,None,None,0,0
134=Nod,OBLI,256,41,56,64,None,1,0,1,0,0,None,None,None,0,0
135=Nod,OBLI,256,49,68,64,None,1,0,1,0,0,None,None,None,0,0
136=Nod,LSRPOST,256,51,79,64,None,1,0,1,0,0,None,None,None,0,0
137=Nod,LSRPOST,256,53,79,64,None,1,0,1,0,0,None,None,None,0,0
138=Nod,LSRPOST,256,53,77,64,None,1,0,1,0,0,None,None,None,0,0
139=Nod2,GUN,256,68,50,64,None,1,0,1,0,0,None,None,None,0,0
140=Nod2,GUN,256,57,63,64,None,1,0,1,0,0,None,None,None,0,0
141=Nod2,GUN,256,62,67,64,None,1,0,1,0,0,None,None,None,0,0
142=Nod2,GUN,256,62,73,64,None,1,0,1,0,0,None,None,None,0,0
143=Nod2,GUN,256,65,81,64,None,1,0,1,0,0,None,None,None,0,0
144=GDI,BRIK,256,84,109,64,None,1,0,1,0,0,None,None,None,0,0
145=GDI,BRIK,256,92,105,64,None,1,0,1,0,0,None,None,None,0,0
146=GDI,BRIK,256,91,105,64,None,1,0,1,0,0,None,None,None,0,0
147=GDI,BRIK,256,97,105,64,None,1,0,1,0,0,None,None,None,0,0
148=Nod,LSRPOST,256,42,57,64,None,1,0,1,0,0,None,None,None,0,0
149=Nod,LSRPOST,256,42,55,64,None,1,0,1,0,0,None,None,None,0,0
150=Nod,LSRPOST,256,40,55,64,None,1,0,1,0,0,None,None,None,0,0
151=GDI,BRIK,256,96,105,64,None,1,0,1,0,0,None,None,None,0,0

[TTEGDI]
IQ=0
Edge=South
Side=GDI
Color=Gold
Allies=TTEGDI,GDI
Credits=60
ActsLike=0
NodeCount=0
TechLevel=6
PercentBuilt=100
PlayerControl=yes

[Tags]
01000001=0,_Civilians not saved - Neutral allies with Nod 1,01000000
01000003=0,AI Auto Production Nod 1,01000002
01000005=0,_Civilians not saved - Nod allies with Neutral 1,01000004
01000007=0,Reveal 1,01000006
01000011=0,AI Auto Production Nod2 1,01000010
01000017=0,_Civilians not saved -- Nod Mutation Reinforcements 1,01000016
01000020=0,.MH_Nod Mutation Reinforcements 1,01000019
01000022=0,.H_Nod Visceroid Reinforcements 1,01000021
01000031=0,_Civilians Saved previously -- ally with GDI 1,01000030
01000033=0,_GDI Ally with Civilians 1,01000032
01000035=0,_Hostile Civilians found 1,01000034
01000037=0,_Civilian text-trigger 1,01000036
01000039=0,Nod1 MCV 1,01000038
01000048=0,NavalNod initial attack 1,01000047
01000050=2,Continous NavalNod attack 1,01000049
01000052=2,.MH_Continous NavalNod attack 1,01000051
01000054=2,.H_Continous NavalNod attack 1,01000053
01000056=0,Initial ChemHVC attack 1,01000055
01000058=2,Continous ChemHVC attack 1,01000057
01000060=0,NavalNod Navalyard destroyed 1,01000059
01000062=0,Win - Nod factories destroyed 1,01000061
01000064=0,Secret Airfield Captured 1,01000063
01000066=0,Lose - GDI Destroyed 1,01000065
01000071=0,GDI Reinforcements 1,01000070
01000073=0,.EM_GDI Reinforcements 1,01000072
01000075=0,.E_GDI Reinforcements 1,01000074
01000077=0,_Civilians Slain 1,01000076
01000079=0,Gift Ion Cannon 1,01000078
01000086=0,Start - lock input 1,01000085
01000088=0,Start - Create APC 1,01000087
01000090=0,Start - Create Flame Tanks 1,01000089
01000092=0,Start - Unlock Input 1,01000091
01000094=0,AI Auto Production Nod1 1,01000093

[TaskForces]
0=01000012
1=01000013
2=01000023
3=01000027
4=01000040
5=01000041
6=01000042
7=01000067
8=01000080
9=01000081

[TeamTypes]
0=01000015
1=01000018
2=01000026
3=01000028
4=01000029
5=01000044
6=01000045
7=01000046
8=01000069
9=01000083
10=01000084

[Terrain]
6078=TC05
6082=T14
10075=T01
10084=T03
12078=T02
19074=WROCK02
28059=TC05
33058=TC04
35051=TC02
37047=TC03
38088=T10
39056=WROCK03
40072=T03
40089=TC05
41063=WROCK01
42076=BR2
42081=BR1
44072=BR7
45063=WROCK04
46041=T01
46046=T02
46069=T01
46079=TC04
48090=TC03
49097=T12
49116=T13
50094=BR1
50116=T03
50117=T10
51035=T13
51039=T01
51043=T06
51046=T08
51054=TIBTREE
51069=TC01
51076=T16
52072=T13
53038=T16
53065=T12
54047=T16
54084=TIBTREE2
54104=BR6
55037=T12
56035=T02
57053=T15
57059=T15
57064=T14
57073=T08
57104=T13
58030=TC05
58040=TC05
58049=T01
58110=WROCK03
59091=VINTREE2
60028=TC04
60060=TC02
61072=T01
61104=BR2
62025=T06
62051=T14
62055=T03
63027=TC01
63066=T06
63083=T07
64036=T16
64042=T06
65023=TC02
65061=T06
66049=TC04
66107=TC05
66110=T14
67021=T11
67040=T13
67094=TIBTREE
67112=BR8
68057=TC02
68063=T07
69033=T07
69063=T02
69071=T16
69106=T03
69121=T10
70029=T02
70060=T14
70081=T02
70099=TC04
70118=T01
71021=T01
71039=T16
71049=T08
71056=T17
71063=T12
71066=T14
71102=T17
72037=T17
73014=TC03
73061=T08
73070=T12
73100=BR9
73104=TC05
73122=T02
74066=TC02
74092=BR8
74098=T10
74104=T14
74110=T15
75089=T12
75105=T15
75106=T03
75127=WROCK01
76011=T02
76031=TC01
76051=TC05
76062=T01
76084=T16
76096=BR1
76097=T15
76122=T05
77044=T07
77067=TC01
78038=T13
78060=T17
78093=BR2
78102=BR2
79009=T05
79034=T01
79072=T11
79079=T17
79090=T02
79099=T17
79124=T06
80006=T03
80026=T05
80065=T17
80085=T14
81023=TC01
81024=TC03
81036=T02
81041=TC02
81063=T16
81094=T15
81121=T08
82008=T08
82023=TC02
82049=T05
82092=T01
82099=T14
83026=T03
83032=T06
83061=T13
83096=BR6
83118=TC01
84082=T11
84091=T02
84096=T11
84101=TC01
84115=T16
84127=T07
85052=T06
85087=T07
85123=T15
86012=T07
86038=T14
86076=T07
86081=TC03
86095=T07
86108=T12
87050=T02
87084=T08
87092=T08
88057=T12
88066=T13
88070=T01
88118=T03
88130=WROCK03
88138=WROCK02
89036=T16
89066=TC03
89077=T10
89090=T16
89113=T06
89125=T17
90022=T11
90081=T03
90085=T17
90116=TC02
90122=TC03
91017=T02
91033=T12
91050=TC03
91063=T08
91103=T17
92044=T17
92057=T11
92085=TC02
92097=BR9
92121=TC04
93073=T02
93089=T01
94020=TC02
94047=T01
94057=T07
94109=T11
94118=T08
95027=T02
95064=T17
96023=T01
96060=T06
96067=T02
96078=TC03
96103=T03
96108=BR7
96114=T02
96128=WROCK04
97071=T01
97084=T02
97098=T15
97104=BR1
97119=T01
98049=TIBTREE
98053=T02
98099=BR8
99061=TC01
99067=T15
99075=TC05
99095=TC03
99117=TC05
100063=TC05
100093=T06
101053=T08
101057=T05
101060=T17
101062=TC02
101084=TC01
101088=T13
101106=T14
102099=T08
103055=T11
103070=T13
103112=T12
104079=T06
105038=VINTREE2
106052=T03
106063=T16
106082=T15
106100=T17
107059=T01
107076=T17
107087=T16
107106=T15
107112=TC01
108073=T07
109113=T02
110057=T01
110066=T15
110069=T07
110079=T02
111047=T10
111085=T15
111107=TC01
111109=T01
112054=T02
112075=T16
113073=T08
113107=TC02
114117=WROCK04
115041=TC01
115052=T12
115103=T02
116046=T11
116049=T01
116056=T05
116062=T13
116067=TC04
116100=T06
117108=T07
118042=TC03
118050=T17
118079=T12
119044=T16
119058=T06
119063=T01
119105=TC04
120044=TC02
120049=T06
120053=T08
120087=T05
120094=T10
121074=TIBTREE2
121109=T11
122058=T16
123050=TC04
123060=T15
123103=T02
124064=T02
125056=T07
125059=T14
125091=T06
126051=T10
127104=T07
128060=T01
128066=T03
129074=TC01
129086=TC03
130070=T01
130084=T01
130093=TC05
130097=T08
131056=T08
131064=T16
132061=T13
133067=T08
133070=T17
133082=TC02
134069=TC02
134076=T07
134096=T02
136066=T06
136069=TC04
136071=TC05
137081=T01
137091=T06
138063=T02
138070=T13
138072=T17
138076=T12
139074=T14
140068=T07
140086=TC01
141077=TC02
141084=T15
143071=T02
143080=TC03
144075=T14
145070=T01
146087=T11
149080=T03
150074=TC03

[Triggers]
01000000=Neutral,<none>,_Civilians not saved - Neutral allies with Nod,0,1,1,1,0
01000002=Nod,<none>,AI Auto Production Nod,0,1,1,1,0
01000004=Nod,<none>,_Civilians not saved - Nod allies with Neutral,0,1,1,1,0
01000006=Neutral,<none>,Reveal,1,1,1,1,0
01000010=Nod2,<none>,AI Auto Production Nod2,0,1,1,1,0
01000016=Nod,<none>,_Civilians not saved -- Nod Mutation Reinforcements,0,1,1,1,0
01000019=Nod,<none>,.MH_Nod Mutation Reinforcements,1,0,1,1,0
01000021=Nod,<none>,.H_Nod Visceroid Reinforcements,1,0,0,1,0
01000030=Neutral,<none>,_Civilians Saved previously -- ally with GDI,0,1,1,1,0
01000032=TTEGDI,<none>,_GDI Ally with Civilians,1,1,1,1,0
01000034=Neutral,<none>,_Hostile Civilians found,0,1,1,1,0
01000036=Neutral,<none>,_Civilian text-trigger,1,1,1,1,0
01000038=Nod1,<none>,Nod1 MCV,0,1,1,1,0
01000047=NavalNod,<none>,NavalNod initial attack,0,1,1,1,0
01000049=NavalNod,<none>,Continous NavalNod attack,1,1,1,1,0
01000051=NavalNod,<none>,.MH_Continous NavalNod attack,1,0,1,1,0
01000053=GDI,<none>,.H_Continous NavalNod attack,1,0,0,1,0
01000055=NavalNod,<none>,Initial ChemHVC attack,1,1,1,1,0
01000057=NavalNod,<none>,Continous ChemHVC attack,1,1,1,1,0
01000059=NavalNod,<none>,NavalNod Navalyard destroyed,0,1,1,1,0
01000061=Nod,<none>,Win - Nod factories destroyed,0,1,1,1,0
01000063=TTEGDI,<none>,Secret Airfield Captured,0,1,1,1,0
01000065=TTEGDI,<none>,Lose - GDI Destroyed,0,1,1,1,0
01000070=TTEGDI,<none>,GDI Reinforcements,0,1,1,1,0
01000072=TTEGDI,<none>,.EM_GDI Reinforcements,1,1,1,0,0
01000074=TTEGDI,<none>,.E_GDI Reinforcements,1,1,0,0,0
01000076=Neutral,<none>,_Civilians Slain,0,1,1,1,0
01000078=TTEGDI,<none>,Gift Ion Cannon,0,1,1,1,0
01000085=TTEGDI,<none>,Start - lock input,0,1,1,1,0
01000087=TTEGDI,<none>,Start - Create APC,0,1,1,1,0
01000089=Nod,<none>,Start - Create Flame Tanks,0,1,1,1,0
01000091=TTEGDI,<none>,Start - Unlock Input,0,1,1,1,0
01000093=Nod1,<none>,AI Auto Production Nod1,1,1,1,1,0

[Tutorial]
23=Nod has mutated the civilians they previously attacked and are sending them against us!
24=Civilians: We remember how you saved our brothers and sisters in the nearby village! We're not letting Nod get off with their doings!
25=It appears Nod is producing their new Hovercrafts from their naval yard and using them to flank our base. Drive them off from the seas!
26=Nod has finished their initial research on Tiberium waste and has incorporated some of its results on their new Hovercraft. Don't let them get near your base!
27=Civilians: We know how you left our friends without help earlier. You're just like Nod, fighting only for Tiberium resources without caring about anything else.
28=You better not come here, we'll defend ourselves this time!
29=Nod Naval Yard neutralized.
30=GDI reinforcements have arrived from the west.
31=The GDI high command might not like it after they hear about your attack against the civilians, but at least they're out of the way.
32=You've been given the possibility to use the Ion Cannon. However, since GDI needs it for other fronts too, you can use it only once.
33=So we're safe. Now let's drive Nod out of here!

[Units]
0=TTEGDI,HVCSAM,256,98,113,64,Guard,None,0,-1,0,-1,1,0
1=TTEGDI,HVCSAM,256,99,113,64,Guard,None,0,-1,0,-1,1,0
2=TTEGDI,HVCSAM,256,98,109,64,Guard,None,0,-1,0,-1,1,0
3=TTEGDI,HVCSAM,256,99,109,64,Guard,None,0,-1,0,-1,1,0
4=Nod,AITDHARV,256,49,97,64,Guard,None,0,-1,0,-1,1,0
5=Nod,AITDHARV,256,41,107,64,Guard,None,0,-1,0,-1,1,0
6=Nod,AITDHARV,256,56,54,64,Guard,None,0,-1,0,-1,1,0
7=Nod,AITDHARV,256,52,50,64,Guard,None,0,-1,0,-1,1,0
8=Neutral,CAR1B,256,52,124,64,Guard,01000077,0,-1,0,-1,1,0
9=Neutral,CAR1C,256,49,114,128,Guard,01000077,0,-1,0,-1,1,0
10=Neutral,CAR2E,256,50,110,64,Guard,01000077,0,-1,0,-1,1,0
11=Neutral,CAR2F,256,60,114,128,Guard,01000035,0,-1,0,-1,1,0
12=Neutral,CAR2G,256,58,120,0,Guard,None,0,-1,0,-1,1,0
13=Neutral,CAR1F,256,52,117,64,Guard,None,0,-1,0,-1,1,0
14=Neutral,CAR2B,256,52,116,64,Guard,None,0,-1,0,-1,1,0
15=TTEGDI,AITDHARV,256,74,123,64,Harvest,None,0,-1,0,-1,1,0
16=Nod2,AIMLRS,256,52,48,64,Guard,None,0,-1,0,-1,1,0
17=Nod2,AIMLRS,256,66,51,64,Guard,None,0,-1,0,-1,1,0

[VariableNames]
0=MCV Deployed,0
1=NavalNod destroyed,0

[Waypoints]
0=48045
1=147073
2=66076
3=78087
4=47046
5=80142
6=129102
7=114089
80=118057
81=105043
82=45059
98=125099
99=124099

[Digest]
1=OggRl0x4QEXHvuWZ1/YAReIbAgI=

