; Map created with FinalSun Mission Editor
; www.wagnerma.de (german+english homepage of author), finalsun.wagnerma.de (finalsun homepage, german+english), www.theonliner.de (german homepage of FRG)
; note that all comments were truncated

[AITDHARV]
Owner=GDI,GDI1,GDI2,Nod,Nod1,Nod2,TutorialGDI
CollateralDamageCoefficient=0.033

[AudioVisual]
MessageDelay=1.0

[COMM]
TechLevel=1
Prerequisite=WEAP

[Difficult]
ROF=0.91
Cost=1.0
Armor=1.0
Airspeed=1.0
BuildTime=1.0
BuildDelay=.03
Groundspeed=0.9
RepairDelay=.02
DestroyWalls=no
BuildSlowdown=yes

[Easy]
ROF=0.91
Cost=1.0
Armor=1.0
Airspeed=1.0
BuildTime=1.0
BuildDelay=.001
ContentScan=yes
Groundspeed=0.9
RepairDelay=.001
DestroyWalls=yes

[General]
TeamDelays=1200,1800,3000

[INBLULMP]
LightRedTint=0.01
LightBlueTint=0.7
LightGreenTint=0.01
LightIntensity=0.02
LightVisibility=3000

[Normal]
ROF=0.91
Cost=1.0
Armor=1.0
Airspeed=1.0
BuildTime=1.0
BuildDelay=.03
ContentScan=yes
Groundspeed=0.9
RepairDelay=.02
DestroyWalls=yes
BuildSlowdown=yes

[PYLE]
Prerequisite=GFACT,NUKE,TDPROC

[TDPROC_AI]
Owner=GDI,GDI1,GDI2,Nod,Nod1,Nod2,TutorialGDI

[TIBSPRDA]
LightRedTint=0.4
LightBlueTint=0.005
LightGreenTint=0.4
LightIntensity=.007
LightVisibility=3000

[TIBSPRDR]
LightRedTint=0.005
LightBlueTint=0.005
LightGreenTint=0.35
LightIntensity=0.01
LightVisibility=3000

[TIBSPRDV]
LightRedTint=0.01
LightBlueTint=0.35
LightGreenTint=0.01
LightIntensity=0.005
LightVisibility=3000

[WEAP]
Prerequisite=POWER,TDPROC,PYLE


[Preview]
Size=0,0,106,61

[PreviewPack]
1=yAsAIAXQ5PDQ5PDQ6JQATAEE6PDQ4PDI4JgBTAFEAkgAJyAATAG0AydEAEABpAJIA0wBVA
2=BIACcgAEwBtAMnRABAAaQCSANMAVQASAAnIABMAbQDJ0QAQAGkAkgDTAFUAEgAJyAATAG0

[01000000]
0=50,300
1=5,1
2=20,14
Name=Flash and Change House

[01000001]
0=1,GMCV
Name=1 GDI MCV
Group=-1

[01000002]
Max=0
Full=no
Name=MCV Team
Group=-1
House=GDI
Script=01000000
Whiner=no
Droppod=no
Suicide=no
Loadable=no
Prebuild=no
Priority=5
Waypoint=CV
Annoyance=no
IonImmune=no
Recruiter=yes
Reinforce=no
TaskForce=01000001
TechLevel=0
Aggressive=no
Autocreate=no
GuardSlower=no
OnTransOnly=no
AvoidThreats=no
LooseRecruit=no
VeteranLevel=1
IsBaseDefense=no
OnlyTargetHouseEnemy=no
TransportsReturnOnUnload=no
AreTeamMembersRecruitable=no

[01000035]
0=1,E1N
Name=1 Minigunner
Group=-1

[01000036]
0=1,E3N
Name=1 E3
Group=-1

[01000037]
0=1,E4
Name=1 E4
Group=-1

[01000038]
0=1,BIKE
Name=1 Bike
Group=-1

[01000039]
0=1,LTNK
Name=1 Light tank
Group=-1

[01000040]
0=1,BGGY
Name=1 Buggy
Group=-1

[01000041]
0=11,14
Name=Hunt

[01000042]
Max=0
Full=no
Name=Spawned bike
Group=-1
House=Nod
Script=01000041
Whiner=no
Droppod=no
Suicide=no
Loadable=no
Prebuild=no
Priority=5
Waypoint=H
Annoyance=no
IonImmune=no
Recruiter=no
Reinforce=no
TaskForce=01000038
TechLevel=0
Aggressive=no
Autocreate=no
GuardSlower=no
OnTransOnly=no
AvoidThreats=no
LooseRecruit=no
VeteranLevel=1
IsBaseDefense=no
OnlyTargetHouseEnemy=no
TransportsReturnOnUnload=no
AreTeamMembersRecruitable=no

[01000050]
0=2,E1N
Name=2 Minigunners
Group=-1

[01000051]
0=2,E3N
Name=2 E3s
Group=-1

[01000052]
0=2,E4
Name=2 E4s
Group=-1

[01000053]
0=2,BIKE
Name=2 Bikes
Group=-1

[01000054]
0=2,LTNK
Name=2 Light tanks
Group=-1

[01000055]
0=2,BGGY
Name=2 Buggies
Group=-1

[AITriggerTypes]
EBGGYN00-T=EM_Nod Buggy,EBGGYN00-G,<all>,1,1,AFLD,0100000003000000000000000000000000000000000000000000000000000000,35.000000,35.000000,35.000000,1,0,2,0,EBGGYN00-G,1,1,0
EBIKEN00-T=EM_Nod Bike,EBIKEN00-G,<all>,1,1,AFLD,0100000003000000000000000000000000000000000000000000000000000000,30.000000,30.000000,30.000000,1,0,2,0,EBIKEN00-G,1,1,0
EE1N0000-T=E_Nod Minigunner,EE1N0000-G,<all>,1,1,HAND_AI,0100000003000000000000000000000000000000000000000000000000000000,40.000000,40.000000,40.000000,1,0,2,0,EE1N0000-G,1,0,0
EE3N0000-T=E_Nod E3,EE3N0000-G,<all>,1,1,HAND_AI,0100000003000000000000000000000000000000000000000000000000000000,40.000000,40.000000,40.000000,1,0,2,0,EE3N0000-G,1,0,0
EE4N0000-T=E_Nod E4,EE4N0000-G,<all>,1,1,HAND_AI,0100000003000000000000000000000000000000000000000000000000000000,40.000000,40.000000,40.000000,1,0,2,0,EE4N0000-G,1,0,0
ELTNKN00-T=EM_Nod Light Tank,ELTNKN00-G,<all>,1,1,AFLD,0100000003000000000000000000000000000000000000000000000000000000,30.000000,30.000000,30.000000,1,0,2,0,ELTNKN00-G,1,1,0
HBGGYN00-T=H_Nod Buggies,HBGGYN00-G,<all>,1,1,AFLD,0100000003000000000000000000000000000000000000000000000000000000,35.000000,35.000000,35.000000,1,0,2,0,HBGGYN00-G,0,0,1
HBIKEN00-T=H_Nod Bikes,HBIKEN00-G,<all>,1,1,AFLD,0100000003000000000000000000000000000000000000000000000000000000,30.000000,30.000000,30.000000,1,0,2,0,HBIKEN00-G,0,0,1
HE1N0000-T=MH_Nod Minigunners,HE1N0000-G,<all>,1,1,HAND_AI,0100000003000000000000000000000000000000000000000000000000000000,40.000000,40.000000,40.000000,1,0,2,0,HE1N0000-G,0,1,1
HE3N0000-T=MH_Nod E3s,HE3N0000-G,<all>,1,1,HAND_AI,0100000003000000000000000000000000000000000000000000000000000000,40.000000,40.000000,40.000000,1,0,2,0,HE3N0000-G,0,1,1
HE4N0000-T=MH_Nod E4s,HE4N0000-G,<all>,1,1,HAND_AI,0100000003000000000000000000000000000000000000000000000000000000,40.000000,40.000000,40.000000,1,0,2,0,HE4N0000-G,0,1,1
HLTNKN00-T=H_Nod Light Tanks,HLTNKN00-G,<all>,1,1,AFLD,0100000003000000000000000000000000000000000000000000000000000000,30.000000,30.000000,30.000000,1,0,2,0,HLTNKN00-G,0,0,1

[AITriggerTypesEnable]
EBGGYN00-T=yes
EBIKEN00-T=yes
EE1N0000-T=yes
EE3N0000-T=yes
EE4N0000-T=yes
ELTNKN00-T=yes
HBGGYN00-T=yes
HBIKEN00-T=yes
HE1N0000-T=yes
HE3N0000-T=yes
HE4N0000-T=yes
HLTNKN00-T=yes

[Actions]
01000003=5,4,1,01000002,0,0,0,0,A,11,0,10021,0,0,0,0,A,17,0,0,0,0,0,0,A,17,0,3,0,0,0,0,A,17,0,4,0,0,0,0,A
01000005=3,17,0,5,0,0,0,0,A,17,0,1,0,0,0,0,A,17,0,2,0,0,0,0,A
01000007=1,11,0,10022,0,0,0,0,A
01000009=3,11,0,10023,0,0,0,0,A,53,2,01000011,0,0,0,0,A,53,2,01000015,0,0,0,0,A
01000011=2,11,0,10024,0,0,0,0,A,53,2,01000013,0,0,0,0,A
01000013=1,11,0,10025,0,0,0,0,A
01000015=1,11,0,10026,0,0,0,0,A
01000017=3,11,0,10027,0,0,0,0,A,54,2,01000013,0,0,0,0,A,53,2,01000019,0,0,0,0,A
01000019=2,11,0,10028,0,0,0,0,A,53,2,01000021,0,0,0,0,A
01000021=1,11,0,10029,0,0,0,0,A
01000023=6,54,2,01000021,0,0,0,0,A,53,2,01000025,0,0,0,0,A,53,2,01000027,0,0,0,0,A,53,2,01000029,0,0,0,0,A,53,2,01000043,0,0,0,0,A,53,2,01000045,0,0,0,0,A
01000025=1,11,0,10030,0,0,0,0,A
01000027=1,11,0,10031,0,0,0,0,A
01000029=1,11,0,10034,0,0,0,0,A
01000031=1,11,0,10032,0,0,0,0,A
01000033=2,11,0,10033,0,0,0,0,A,17,0,6,0,0,0,0,A
01000043=1,80,1,01000042,0,0,0,0,H
01000045=3,3,0,1,0,0,0,0,A,13,0,1,0,0,0,0,A,74,0,1,0,0,0,0,A
01000047=1,1,0,14,0,0,0,0,A

[Allies]
NodeCount=

[Allies1]
NodeCount=

[Allies2]
NodeCount=

[Basic]
Name=Tutorial Mission 2
Theme=DRIL226M
Player=TutorialGDI
Percent=0
GameMode=Custom Map
HomeCell=98
InitTime=10000
Official=yes
EndOfGame=yes
FreeRadar=no
MaxPlayer=8
MinPlayer=2
SkipScore=no
TrainCrate=no
TruckCrate=no
AltHomeCell=99
OneTimeOnly=yes
CarryOverCap=0
NewINIFormat=4
NextScenario=Maps\Missions\TUTORIAL1.MAP
RequiredAddOn=1
SkipMapSelect=yes
CarryOverMoney=0.000000
AltNextScenario=
MultiplayerOnly=0
IceGrowthEnabled=no
VeinGrowthEnabled=no
TiberiumGrowthEnabled=yes
IgnoreGlobalAITriggers=yes
TiberiumDeathToVisceroid=yes

[Briefing]
1=Nod forces are faster than we thought. The outpost you destroyed was
2=actually a secondary base they were bringing on-line. We've located their main
3=base, and need it removed in order to secure the area.@@GDI has already
4=established a foothold in the area, but needs someone to
5=take charge, build a base and wipe out the Nod forces. That's where you come
6=in.@@Locate the Nod base and use whatever means necessary to destroy it.

[CellTags]
80033=01000034
80034=01000034
81032=01000034
81033=01000034
82031=01000034
82032=01000034
83031=01000034
96052=01000034
97052=01000034
98052=01000034
99052=01000034
100052=01000034
101052=01000034
102052=01000034

[EBGGYN00-G]
Max=4
Full=no
Name=EM Nod Buggy
Group=-1
House=Nod
Script=01000041
Whiner=no
Droppod=no
Suicide=no
Loadable=no
Prebuild=no
Priority=12
Annoyance=no
IonImmune=no
Recruiter=no
Reinforce=no
TaskForce=01000040
TechLevel=0
Aggressive=no
Autocreate=no
GuardSlower=no
OnTransOnly=no
AvoidThreats=no
LooseRecruit=no
VeteranLevel=1
IsBaseDefense=no
OnlyTargetHouseEnemy=yes
TransportsReturnOnUnload=no
AreTeamMembersRecruitable=yes

[EBIKEN00-G]
Max=4
Full=no
Name=EM Nod Bike
Group=-1
House=Nod
Script=01000041
Whiner=no
Droppod=no
Suicide=no
Loadable=no
Prebuild=no
Priority=12
Annoyance=no
IonImmune=no
Recruiter=no
Reinforce=no
TaskForce=01000038
TechLevel=0
Aggressive=no
Autocreate=no
GuardSlower=no
OnTransOnly=no
AvoidThreats=no
LooseRecruit=no
VeteranLevel=1
IsBaseDefense=no
OnlyTargetHouseEnemy=yes
TransportsReturnOnUnload=no
AreTeamMembersRecruitable=yes

[EE1N0000-G]
Max=4
Full=no
Name=Easy Nod Minigunner
Group=-1
House=Nod
Script=01000041
Whiner=no
Droppod=no
Suicide=no
Loadable=no
Prebuild=no
Priority=12
Waypoint=
Annoyance=no
IonImmune=no
Recruiter=no
Reinforce=no
TaskForce=01000035
TechLevel=0
Aggressive=no
Autocreate=no
GuardSlower=no
OnTransOnly=no
AvoidThreats=no
LooseRecruit=no
VeteranLevel=1
IsBaseDefense=no
OnlyTargetHouseEnemy=yes
TransportsReturnOnUnload=no
AreTeamMembersRecruitable=yes

[EE3N0000-G]
Max=4
Full=no
Name=Easy Nod E3
Group=-1
House=Nod
Script=01000041
Whiner=no
Droppod=no
Suicide=no
Loadable=no
Prebuild=no
Priority=12
Annoyance=no
IonImmune=no
Recruiter=no
Reinforce=no
TaskForce=01000036
TechLevel=0
Aggressive=no
Autocreate=no
GuardSlower=no
OnTransOnly=no
AvoidThreats=no
LooseRecruit=no
VeteranLevel=1
IsBaseDefense=no
OnlyTargetHouseEnemy=yes
TransportsReturnOnUnload=no
AreTeamMembersRecruitable=yes

[EE4N0000-G]
Max=4
Full=no
Name=Easy Nod E4
Group=-1
House=Nod
Script=01000041
Whiner=no
Droppod=no
Suicide=no
Loadable=no
Prebuild=no
Priority=12
Annoyance=no
IonImmune=no
Recruiter=no
Reinforce=no
TaskForce=01000037
TechLevel=0
Aggressive=no
Autocreate=no
GuardSlower=no
OnTransOnly=no
AvoidThreats=no
LooseRecruit=no
VeteranLevel=1
IsBaseDefense=no
OnlyTargetHouseEnemy=yes
TransportsReturnOnUnload=no
AreTeamMembersRecruitable=yes

[ELTNKN00-G]
Max=4
Full=no
Name=EM Nod Light tank
Group=-1
House=Nod
Script=01000041
Whiner=no
Droppod=no
Suicide=no
Loadable=no
Prebuild=no
Priority=12
Annoyance=no
IonImmune=no
Recruiter=no
Reinforce=no
TaskForce=01000039
TechLevel=0
Aggressive=no
Autocreate=no
GuardSlower=no
OnTransOnly=no
AvoidThreats=no
LooseRecruit=no
VeteranLevel=1
IsBaseDefense=no
OnlyTargetHouseEnemy=yes
TransportsReturnOnUnload=no
AreTeamMembersRecruitable=yes

[Events]
01000003=1,8,0,0
01000005=1,13,0,1
01000007=1,13,0,10
01000009=1,19,0,0
01000011=1,13,0,15
01000013=1,13,0,50
01000015=1,13,0,30
01000017=1,19,0,28
01000019=1,13,0,10
01000021=1,13,0,45
01000023=1,19,0,24
01000025=1,13,0,15
01000027=1,13,0,35
01000029=1,13,0,100
01000031=1,41,0,0
01000033=1,1,0,14
01000043=1,13,0,150
01000045=1,13,0,10
01000047=1,10,0,1

[GDI]
IQ=0
Edge=South
Side=GDI
Color=Gold
Allies=GDI,TutorialGDI
Credits=100
ActsLike=0
NodeCount=0
TechLevel=1
PercentBuilt=0
PlayerControl=no

[GDI1]
NodeCount=

[GDI2]
NodeCount=

[HBGGYN00-G]
Max=4
Full=no
Name=H Nod Buggies
Group=-1
House=Nod
Script=01000041
Whiner=no
Droppod=no
Suicide=no
Loadable=no
Prebuild=no
Priority=12
Annoyance=no
IonImmune=no
Recruiter=no
Reinforce=no
TaskForce=01000055
TechLevel=0
Aggressive=no
Autocreate=no
GuardSlower=no
OnTransOnly=no
AvoidThreats=no
LooseRecruit=no
VeteranLevel=1
IsBaseDefense=no
OnlyTargetHouseEnemy=yes
TransportsReturnOnUnload=no
AreTeamMembersRecruitable=yes

[HBIKEN00-G]
Max=4
Full=no
Name=H Nod Bikes
Group=-1
House=Nod
Script=01000041
Whiner=no
Droppod=no
Suicide=no
Loadable=no
Prebuild=no
Priority=12
Annoyance=no
IonImmune=no
Recruiter=no
Reinforce=no
TaskForce=01000053
TechLevel=0
Aggressive=no
Autocreate=no
GuardSlower=no
OnTransOnly=no
AvoidThreats=no
LooseRecruit=no
VeteranLevel=1
IsBaseDefense=no
OnlyTargetHouseEnemy=yes
TransportsReturnOnUnload=no
AreTeamMembersRecruitable=yes

[HE1N0000-G]
Max=4
Full=no
Name=MH Nod Minigunners
Group=-1
House=Nod
Script=01000041
Whiner=no
Droppod=no
Suicide=no
Loadable=no
Prebuild=no
Priority=12
Annoyance=no
IonImmune=no
Recruiter=no
Reinforce=no
TaskForce=01000050
TechLevel=0
Aggressive=no
Autocreate=no
GuardSlower=no
OnTransOnly=no
AvoidThreats=no
LooseRecruit=no
VeteranLevel=1
IsBaseDefense=no
OnlyTargetHouseEnemy=yes
TransportsReturnOnUnload=no
AreTeamMembersRecruitable=yes

[HE3N0000-G]
Max=4
Full=no
Name=MH Nod E3s
Group=-1
House=Nod
Script=01000041
Whiner=no
Droppod=no
Suicide=no
Loadable=no
Prebuild=no
Priority=12
Annoyance=no
IonImmune=no
Recruiter=no
Reinforce=no
TaskForce=01000051
TechLevel=0
Aggressive=no
Autocreate=no
GuardSlower=no
OnTransOnly=no
AvoidThreats=no
LooseRecruit=no
VeteranLevel=1
IsBaseDefense=no
OnlyTargetHouseEnemy=yes
TransportsReturnOnUnload=no
AreTeamMembersRecruitable=yes

[HE4N0000-G]
Max=4
Full=no
Name=MH Nod E4s
Group=-1
House=Nod
Script=01000041
Whiner=no
Droppod=no
Suicide=no
Loadable=no
Prebuild=no
Priority=12
Annoyance=no
IonImmune=no
Recruiter=no
Reinforce=no
TaskForce=01000052
TechLevel=0
Aggressive=no
Autocreate=no
GuardSlower=no
OnTransOnly=no
AvoidThreats=no
LooseRecruit=no
VeteranLevel=1
IsBaseDefense=no
OnlyTargetHouseEnemy=yes
TransportsReturnOnUnload=no
AreTeamMembersRecruitable=yes

[HLTNKN00-G]
Max=4
Full=no
Name=H Nod Light tanks
Group=-1
House=Nod
Script=01000041
Whiner=no
Droppod=no
Suicide=no
Loadable=no
Prebuild=no
Priority=12
Annoyance=no
IonImmune=no
Recruiter=no
Reinforce=no
TaskForce=01000054
TechLevel=0
Aggressive=no
Autocreate=no
GuardSlower=no
OnTransOnly=no
AvoidThreats=no
LooseRecruit=no
VeteranLevel=1
IsBaseDefense=no
OnlyTargetHouseEnemy=yes
TransportsReturnOnUnload=no
AreTeamMembersRecruitable=yes

[Houses]
0=GDI
1=Nod
2=Allies
3=Soviet
4=Neutral
5=Special
6=GDI1
7=Nod1
8=GDI2
9=Nod2
10=Allies1
11=Allies2
12=Soviet1
13=Soviet2
14=TutorialGDI

[IsoMapPack5]
1=2Q4AIA48AAEA//8AAAAAADsAAgD//0MBAAA8KCkAPSgrADoAA+EEOygpADwoKQA9KCkAPi
2=grADkABPkGOigpADsoKQA8KCkAPSgpAD4oKQA/KCsAOAAF8Qk5KCkAOigpADsoKQA8KCkA
3=PSgpAD4oKQA/KCkAQCgrADcABukMOCgpADkoKQA6KCkAO0oB+wPMJifZAD1UAsUpPigpAD
4=8oKQBAKCkAQSgrADYAB+EPNygpADgoKQA5KCkAOkkB/aEPO0kB8qkBPEgBwQ89SgEnBIUT
5=PkgB0RQ/SAHBBEAoKQBBKCkAQigrADUACPkRNigpADcoKQA4KCkAOSgpADooKQA7SQH85x
6=MIAPWpAT1VAvGpAT5JAfSpAT9JAfepAUBIAdEUQSgpAEIoKQBDKCsANAAJ8RQ1KCkANigp
7=ADcoKQA4KCkAOUgBySI6SAHVDTsoKQA8KCkAPUkB/qUTPkgBzQU/KCkAQCgpAEEoKQBCKC
8=kAQygpAEQoKwAzAArpFzQoKQA1KCkANigpADcoKQA4SAHBOzlIAcUTOkgB1QI7SAHNGzxI
9=Ad0VPUkBy/5BCgBoAQEBAAA/VALBBEAoKQBBKCkAQigpAEMoKQBEKCkARSgrADIAC+EaMy
10=gpADQoKQA1KCkANigpADdIAd0VOEgB2RE5KCkAOkkB+aEwO0gBwUY8SAHBRj1IAWAaTQQ+
11=yAFFHT/IAQEFAABASQH/VANZYUFIAcElQkgBwQ9DSAHBD0QoKQBFKCkARigrADEADPkcMi
12=gpADMoKQA0KCkANSgpADYoKQA3SAHdYjhIAdFhOUgByWQ6SAHJejtIAcUTPEkBpkAbVRg9
13=yAFJOD5IAXEfB3U5DIE7CGceDACwTAVBBEFABMmFQkgB3QpDSAHdCkQoKQBFKCkARigpAE
14=coKwAwAA3xHzEoKQAyKCkAMygpADRIAd0rNUgB1Q02SAHVAjdIAc0xOEgByVk5SAHNBTpJ
15=Afq9NjtIAc0FPEkBo0wbniANAGgiVQE+VAJoAVk9P0gBcB9FB0DIAUEEQcgBQQRCSAHdCk
16=NIAdUNRGgBTAZdCkVoAa3hRigpAEcoKQBIKCsALwAO6SIwKCkAMSgpADIoKQAzSAHNMTRI
17=Ac0xNUgBzRA2SQH4rRA3SAHBXDhIAcEEOSgpADpIAc0mO0kBpUwcSRc8SAF0I1EIPcgBQQ
18=M+SAF0I0lDP0gBxSlASAFgJU1HQcgBQQRCSAHZU0NIAc0QREgBzRBFKCkARigpAEcoKQBI
19=KCkASSgrAC4AD+ElLygpADAoKQAxKCkAMigpADNIAd0VNEgBxRM1SAHBZzZJAfZYHVEfN0
20=kBoVgdSQE4yAFFYDlJAaK1AjrIAVUCO0gBbSYCIr4jDwBoAVEIPVQCeCdJIj7IAUkiP0gB
21=0R9ASAFsJgEKAABByAEBCwAAQkkBrkgMXQpDSAHdFURIAdkGRSgpAEZIAcEER0gBwQRIKC
22=kASSgpAEooKwAtABD5Jy4oKQAvKCkAMCgpADFIAdFsMkgByQwzKCkANCgpADVIAdlINkgB
23=dERZJzfIAUEaOEgBcCpZGznIAU1oOkgBcCpVAjvIAVUCPEgBZClJAT1JATlYB1EJPkgBzR
24=A/SAHRH0BIAdUCQUgBeCdBMELIAV0KQ8gBUQlESAHNBUUoKQBGKCkAR0gBxR5ISAHNBUko
25=KQBKKCkASygrACwAEfEqLSgpAC4oKQAvKCkAMEgB0XcxSAHRdzJIAdUNM0gBwdU0SAHBZz
26=VIAcEENkgBcEtJIjdIAWgtWRw4yAFZHDlIAc0FOkgBwSU7SAHVAjxIAdEqPSgpAD4oKQA/
27=SAHNBUBJATNcC00wQUgB1QJCSAFoLUFcQ8gBQVxESQGrrQVFyAFdYkZIAcUeR0gBxe9ISQ
28=HzRDVVGElIAd0KSigpAEsoKQBMKCsAKwAS6S0sKCkALSgpAC4oKQAvKCkAMCgpADFIAdGj
29=MkgB0eUzSAHZfzRIAc0mNUgBYFFRFDZIAXQuSRY3yAFFHThIAWAwUR85SAHVGDooKQA7SQ
30=E0QAVFCDxIAcEEPSgpAD5IAc0xP0gBaC1ZBUDIAVU5QckBBn6DEgDFE0NUAmgtQQREyAFB
31=BEXIAVkyRsgBRRNHyAEBCQAASEgBzZ9JSAHBMEpIAcUTSygpAEwoKQBNKCsAKgAT4TArKC
32=kALCgpAC0oKQAuKCkAL0gByRcwSAHVDTFIAdWGMkgB1QIzSAFwgk0mNMgBVU81SAFsMUVK
33=NsgBjjETAHgyRR44VAJoAUUeOUgB0So6SAHdCjsoKQA8KCkAPSgpAD4oKQA/SAFsMVEJQM
34=gBWSdByAFZtkLIAVm2Q0gByQxEKCkARUgBZDQBDAAARsgBAQ0AAEfJAQ5vMRMAzEw9TRtJ
35=VALdIEpIAcElS0gB3QpMKCkATSgpAE4oKwApABT5MiooKQArKCkALCgpAC0oKQAuKCkALy
36=gpADAoKQAxKCkAMkgBbF1ZMjPIAUkXNEgBcDVBGTXIAU1SNkgBcDVJATdIAdUYOEgB2TI5
37=KCkAOkkBNlgHXQo7yAFdCjxIAd0gPUgBxQg+KCkAPygpAEBIAXA1XStByAFdK0JIAdkGQy
38=gpAERIAd0KRUgBwQRGSAFxNRJlNBSYMkUSSFQCZDRVGEnIAVFsSkgB2QZLKCkATCgpAE0o
39=KQBOKCkATygrACgAFfE1KSgpACooKQArKCkALCgpAC0oKQAuSAHB1S9IAdkRMEgByccxSA
40=HJxzJJAaRUGV0rM0gBaDhVATTIAU0bNUgBxQg2KCkAN0gB0TU4KCkAOUgBzQU6SAF8NkFy
41=O8gBQXI8SAHBBD0oKQA+SAHVLj9IAcEEQCgpAEEoKQBCKCkAQygpAERJATdcFlUYRUkBs6
42=kBRsgBQUZHSAHJDEhIAXw2RXZJyAFFdkrIAUV2S0gBzRBMKCkATSgpAE4oKQBPKCkAUCgr
43=ACcAFuk4KCgpACkoKQAqKCkAKygpACwoKQAtSAHZ4i5IAdniL0gBJUUqMEgBydIxSAHNGz
44=JIAXQ5SS0zyAFJITRIAWA7WZU1SAHNBTZIAdkcN0gBJzYHFgDJATlUAsEEOkgB2QY7SAHV
45=AjwoKQA9KCkAPigpAD8oKQBASAHFCEFIAcUIQigpAEMoKQBEKCkARUkBukgYQTtGSAFgO1
46=FsR8gBXbpIyAFNG0lIAWA7VXtKSAHJDEtIAcEPTEgB1QJNKCkATigpAE8oKQBQKCkAUSgo
47=AAEmABcAZIFFSifIAUFcKEgB3QopKCkAKkgByTgrSAHV6SxIAc0FLUgBxRMuSAHVAi9IAd
48=W9MEgB1QIxSQGnvSAyyAFNEDNIAXg9XSA0yAFdIDVIAdkGNigpADcoKQA4KCkAOUgBzRA6
49=SAHZBjsoKQA8KCkAPUgBzQU+SAHNBT8oKQBASQE1sRRByAFRFEJIAc0FQ0gBxQhESQG4rQ
50=VFSAFsPEUpRsgBXVdHSAF4PUXkSMgBRbhJyAGNPBflVUtUAskMTCgpAE0oKQBOKCkATygp
51=AFAoKQBRKCkAUigrACUAGJg9WaAmyAFVTyfIAVUuKMgBVS4pyAFZiipIAdkcK0gBJT0pLE
52=gBJT0pLUgB3a8uSAHJFy9IASKIIk1dMEgBfOZJATHIAUUpMkgBcEBZJjPIAUUTNEgBxQg1
53=KCkANigpADcoKQA4KCkAOSgpADooKQA7SAHJFzxIAd0KPSgpAD4oKQA/KCkAQCgpAEEoKQ
54=BCSQG0UBVVGENIAdEJREgBZD9NPEXIAU0ERkgBcEBBGkdIAc0QSCgpAElIAcGTSigpAEso
55=KQBMSAHJDE1IAcUITkgB1QJPKCkAUCgpAFEoKQBSKCkAUygoAAIkABkAJEQUVRglSQEcqQ
56=EmSQEaqQEnSAFwgkVVKMgBRVUpyAFFVSpJAaxMBUk4K0gB1XssSAHFEy1IASL4O0kMLsgB
57=TQUvSAF8QUElMMgBUQgxSAFoQ0kBMsgBTSYzSAFoQ0FRNEgBwSU1SAHJDDYoKQA3SAHVIz
58=hIAcEEOSgpADooKQA7KCkAPEgB1Xs9yAFRFD5IAcUIP0gBwQ9ASQEqRBRBGkFIAcEEQkkB
59=ubUCQ0gBaENVAUTIAVUYRUgBaENFa0bIAUEaR0gBxQhIKCkASUgB1Q1KKCkASygpAExIAS
60=LUUk0QTcgBXRVOSAHRCU8oKQBQKCkAUSgpAFIoKQBTKCkAVCgoAAIjABoAPFwWTX4kyAEB
61=CgAAJcgBAQsAACZJASNMHE0QJ0kBHqkBKEgBYEYBEgAAKUgBaENNPCrIAU0EK8gBSQssSA
62=FgO0UILcgBVRguSAFgRk0FL8gBTQUwSAFgRlknMcgBWScySAHZPTNIAc0mNCgpADVIAcki
63=NigpADcoKQA4KCkAOSgpADooKQA7SAHJDDxIAdEJPSgpAD5IAcEPPygpAEAoKQBBSQG3VB
64=lZHEJIAXREWcFDyAFVI0RIAckMRUgByQxGKCkAR0gBwQRISAHVDUkoKQBKSAFsJkkMS8gB
65=RSlMSAF0REkMTcgBWRBOyAFRKk9IAd0KUEgBwQ9RKCkAUigpAFMoKQBUKCkAVSgrACIAG4
66=BGARAAACPIAQERAAAkyAFdQSXJARNsR6wFARQAACfUAgEVAAAoyQEWbUcbJsE/KlQCeEhF
67=PyvIAUU/LEkBxVQZWRwtSAF4SFUBLsgBTRsvSAHBGjAoKQAxKCkAMigpADMoKQA0SQE4RA
68=lFKTXIAUkMNkgB0Qk3SAHNJjhIAdUCOUgB2TI6SAHVAjsoKQA8KCkAPSgpAD5IAdkGP0gB
69=dIZBD0BIAdUCQUgBbEdJOELIAVETQ0gBeEhZHERIAdUNRSgpAEZIAdEUR0gBwQRISAHVAk
70=lIASLYLFUNSsgBWRxLSAF4SEkMTMgBSQxNSAF4SEEwTsgBQTBPSAEiIExZBlBIASU1KFFI
71=ASU1KFJIAdUNU0gBzRBUKCkAVSgpAFYoKAACIQAcAE5QCkUTIigpACNJAYO1AiRIAWGTGn
72=WRHIlOG2RKqQEcZEqpAR1kSqkBHmRKqAEBHwAAKkUIJkwcSQwrSAF4SF0rLMgBQQMtyAFR
73=Hy5IAXBLRR4vSAHUGAUwABwAJwQAABEAANIPACAGAAAAMQAcAP//QAEDAAAyABwAyQEzSg
74=EnBJUCNEgB1QI1KCkANigpADcoKQA4SgE5AZkGOSgpADpIAdEJO0kBOVwKTQQ8SAHdCj0o
75=KQA+SAHNBT9JAblMBVkJQEkBtEgBSQBByAEBBQAAQkkBt0gCAQcAAEPIAQEIAABESAHdCk
76=VIAdEJRkgB1QJHSAHVAkhIAdUCSUkBo1AJVQ1KSQGmSAFJAEvIAVUNTEgBzQVNKCkATkkB
77=rkAFAQMAAE/IAVUBUMgBWQZRSQH+VANdClJIAcUIU0kB+7UCVEgB1QJVKCkAVigpAFcoKA
78=ACIAAdAE5MJ1EJISgpACJJAYK1AiNJAYGpASRJAYOpASVJATxMEQEjAAAmyAEBJAAAJ8gB
79=ASUAACjIAQEmAAApSQEoTAVJDCrIAVEIK0kBIkAbVQIsSQHFSAFVLi3IAVUuLkgB0SovSA
80=HRQDBIAc0bMSgpADJJASlECFEJM0gBwQQ0KCkANSgpADYoKQA3KCkAOCgpADlIAdUNOmgB
81=XAoBAgAAO8gBSSw8SAHJDD0oKQA+KCkAP0gBfExZBkDIAVkGQUgBwRpCKCkAQ0gB1Q1EKC
82=kARUgByQxGSAHBBEdJAaJYEVkcSMgBRSlJSQGjVAJJDErIAVUBS0kBplwARSlMSAHBD01I
83=AdVETkgByQxPSAFoTkEwUMgBWQZRSQGsRAhJDFJJAf1cC0EPU0kB9KkBVEkB9akBVUkB86
84=kBVkgB3QpXKCkAWCgrAB8AHulOICgpACFJAXlIDUkMIsgBVQEjSQF8XABVAiTIAVUBJcgB
85=XSsmyAFNDydJAYBUA00FKEkBJ6lOKcgBQQMqyAFZBitJASNMG00FLEkBGKkBLUkBHqkBLk
86=gB1S4vKCkAMCgpADFIAdkcMigpADMoKQA0KCkANSgpADYoKQA3SAHZMjhIAdEJOSgpADoo
87=KQA7KCkAPCgpAD1IAcUIPkgBxQg/SQG7tRhASAFgUUkhQUgBzQVCSAHNBUNIAdkcRCgpAE
88=VIAcEERkgBeEhBJUfIAUUpSEgBYFFVDEnIAUkMSkgBYFFZSEvIAVlITEgB0QlNSQH6RDVR
89=CU5IAdUCT0gBzVJQSAFoTk0EUcgBSQxSyAFJDFNIAdkGVEgBwRpVSAHdClZIAcEEVygpAF
90=goKQBZKCsAHgAf4VEfKCkAIEgBwZ4hSAFsUkFGIsgBRRMjSAFsUkUTJMgBRRMlyQEGZqIf
91=AGAEXSAnVQJOVANFHijIAVknKUgBeFNFCCrIAU0EK2gBSAJNBSxJASGpAS1IAdkcLkgBzR
92=svKCkAMEgByTgxSAHBBDJJAXFECFUNM0gBxQg0SAHBBDUoKQA2SAHFCDdIAcEEOCgpADko
93=KQA6SAHRCTtIAc0FPCgpAD0oKQA+SQG4TBBBGj9IAWxSRSlAyAFFKUFIAcEPQigpAENIAc
94=kMREgByQxFSAHVAkZJAaS9CkdIAXhTVQFIyAFFKUlJAf9cC0EPSkgB2QZLSQH5tQJMSQHx
95=qQFNSAHdmU5IAd2ZT0kB76EEUEkB96kBUUgBeFNBO1LIAUFcU0kBq0AQSS1UyAFZHFVJAf
96=65BlZIAdUYVygpAFgoKQBZKCkAWigoAAIdACAASFQZUQkeyAFdCR9IAdWcICgpACFJAXpA
97=EEUeIsgBVQEjSAFgUVEUJMgBAQkAACXJAQplVSCFVQtu9yAAZFVBDihABGgBSVkpyAFFHi
98=pJASBYHEkMK0gByaYsSQEbtQItSQEeqQEuSAHFHi9IAcEwMEgB1QIxSAF4U00bMsgBTRsz
99=SAHBBDQoKQA1SAHVRDYoKQA3KCkAOEgB2QY5KCkAOigpADsoKQA8SAHZET1JAba9FT5IAW
100=RVTRA/yAFBA0BIAXBWSSJBSAHNEEIoKQBDSAHRCURJAaFMBlUjRcgBQTBGSAFkVV0KR8gB
101=TQRISAFwVlkySUgByRdKSAHZU0tIAc1STEkB8lgHXQpNSAHNBU4oKQBPSAHNn1BIAcEEUU
102=kB+7kGUkgBeFNVGFPIAUE7VMgBQTtVyAFZEVbIAVVEV0gB0QlYKCkAWSgpAFooKQBbKCsA
103=HAAhkFZdCh3IAV0KHsgBXQofyAFVTyBJAYFUJE0bIUgBfFddQSLIAVUXI0gBfFcBDAAAJM
104=kBDX1XIZFWDnxXqQEPfVchnFddCihMBXxXVVopyAFFCCpIAcn+K0kBGUAxQQ8sSAHZHC0o
105=KQAuSAHBOy9JAWitBTDIAUkWMcgBXRUySAFoWV0rM0gB0Qk0KCkANUgBzUc2KCkANygpAD
106=hIAdkGOSgpADooKQA7KCkAPCgpAD1IAXxXQSU+yAFdFD9IAWhZQTBAyAFBMEFIAckMQkgB
107=2RFDSQGoTAZdIETIAU0bRUgBaFlBA0bIAU0bR0gBaFldCkjIAV0KSUkB+UAQRQhKSQH2qQ
108=FLSAHVDUxJAfy1Ak1IAdGuTkgBJ6YVIQDNXVBUAsEEUUgB0QlSSAHRCVMoKQBUSAF0WkE7
109=VcgBSUNWyAFJQ1dJAcxIGEEaWEgBxQhZKCkAWigpAFsoKQBcKCgAAhsAIgAkRAhNGxxJAR
110=qpAR1JAUhcIUkMHsgBVU8fygEQAElhIoZgEQBLCSIAgkAQRQgiQQQSWAZJASPIAUEDJMgB
111=WUglSQEToQQmyAFBBCfIAUEEKEgBdFpJDCnIAUkMKsgBARIAACtIAcFcLEgB3RUtSAHRHy
112=5JASa1GC9JAWhIAUUzMMgBVQExyAFZEDJIAdkGMygpADQoKQA1SAHZSDYoKQA3SAHBZzhI
113=AcUIOUgB1QI6SAHVAjsoKQA8SAHBBD1JAbpMEUElPkgBYFxJTj/IAUlOQEgBwQ9BKCkAQi
114=gpAENJAcpECFknREgBYFxVAUXIAU0bRkgB1Q1HSAHZEUgoKQBJSQH6SCNNEEpIAcEES0gB
115=zapMSAHVAk1IAc0FTkgB1QJPSAHJDFBIAcEEUUgBwQRSSAEnRjUiANFhVFQCJRk1VUgBYF
116=xBO1ZIAWhZVRhXyAFVGFjIAVG5WUgB1Q1aSAHJDFsoKQBcKCkAXSgrABoAIyZ1RhsoKQAc
117=SQEfSA1RHx1JARqpAR5JAUhUDgEVAAAfyQEWb10jACVUAk0FIVQCaAFVLiJIAWxdRSgjyA
118=FRCCTIAVkFJUgBbF1BBCbIAUEEJ8gBQQQoSQEmXABdCilIAXheVQ0qyQEXbV0jlL0BGAAA
119=LFQC2V4tSAEnByIjAExQCkUIL1UCaEgBQSUwyAFFSjHIAUVKMkgBzSYzKCkANCgpADUoKQ
120=A2KCkANygpADgoKQA5SAEiCElBDzpJAbNAD0kBO8gBVSM8SAHVDT1IAWxdVXs+yAFJIj9I
121=AcFcQCgpAEEoKQBCSAFgXEkLQ8gBTSVEyAFZHEVIAXheTRtGSAHVDUdIAclOSEgBxa1JSA
122=ElgSFKSAHNBUtIAdm2TEgB2VNNSAHNBU5IAc0FTygpAFBJAfhIGEUeUUgBJdksUkgBzQVT
123=SAHFVVRJAf6tBVVIAcEEVkgBwQRXSAF4XgEJAABYyAFR+1nIAVH7WkgB2QZbKCkAXCgpAF
124=0oKQBeKCsAGQAk+V4aKCkAG0gBJ7cXJAAbUCtVGB1UAskBHkkBGLUCH0kBHqkBIEgBeF5J
125=OCHIAUwaQccAZGBNMSNUAmgBSU4kyAFZMiVIAWRgQQQmyAFBBCfIAUEEKEgBZGBdCinIAV
126=0KKkkBIqEPK0kBNqkBLMgBUUstSAHZJy5IAWRgRQgvyAFFCDBIAc0mMSgpADJIAdkGM0gB
127=wQQ0KCkANSgpADZIAc0FN0gBzQU4SAFstU0mOUgBZGBVDTrIAV0UO0gBcGFFHjzIAUUePc
128=gBRR4+SAFwYUlZP0gByQxASAHJDEFIAd1iQkgB1QJDSAFwYVVERMgBVURFyAFVREZIAc0F
129=RygpAEhIAcFcSUgBJQUiSkgB3a9LSAHZBkxIAdkRTUgB2QZOSAHdYk8oKQBQSAHJZFFIAc
130=UIUigpAFNJAftII0ElVEgBwQRVKCkAVkkBxkAmQQRXyAFBO1hIAXBhAQ4AAFlIAd14WkgB
131=zRBbSAHJF1xIAd0KXSgpAF4oKQBfKCsAGAAl8WEZKCkAGigpABsoKQAcKCkAHSgpAB5JAS
132=G9FR9IAcElIEgB2WkhSAHBZyJIAcDKQccAzQUkVALNBSVIAcVrJkgBwQQnSAHBBChIAdEJ
133=KUkBHKEPKkkBGakBK0gBfGJZXizIAVUtLUkBPaEELsgBUSovyAFNBTBJATehBDFIAdknMi
134=gpADMoKQA0KCkANSgpADYoKQA3KCkAOEgBfGJNEDnIAVUMOkgBaGRFYDvIAUVgPEgBaGQB
135=DAAAPcgBAQ0AAD7IAUU/P0gBxRNAKCkAQUkBK1AKQUZCSAHBBEMoKQBESAFoZEUIRcgBAQ
136=8AAEZJAcNYBl0gR0kB/0QURQhIaAEk8WZJKCkASkkB/KEES0gBycdMSAHJvE1IAcEPTigp
137=AE9IAck4UEkB+KUIUUgB0VZSSAHRCVNIAdVwVEgB3QpVSAHdClZIAXxiUTVXyAFdCVhIAc
138=kMWUkBMEAaVRhayAFNG1tJAfpABVUCXEgB0QldKCkAXigpAF8oKQBgKCsAFwAm6WQYKCkA
139=GSgpABooKQAbSAHNlBxIAcUTHUgBwQ8eSQElsRQfSAHVAiAoKQAhSQEfoQQiSQEbqQEjSA
140=HdYiRJAWG1AiXIAVkcJsgBVSMnyAFRHihIAdUNKUgB2REqSAHVAitJAWSxCSzIAVEJLUgB
141=dGVFCC7IAU0EL8gBQbQwSAHJFzEoKQAyKCkAMygpADQoKQA1KCkANigpADdIAWA7RTQ4yA
142=FNEDlIAWBnSWQ6yAFJZDtIAcEPPEgBwRo9SAHVAj4oKQA/SQE0XBZdCkBIAcEEQSgpAEIo
143=KQBDSQExrQVESAHNBUVIAWhkRR5GyAFZ10fIAUUTSMgBRRNJyAFd0EpIAcUTS0kB/lgoTR
144=BMSAHdCk1JAce1DU7IAUUeT8gBSThQSAHZBlFIAdkGUkgByVlTSAHVAlQoKQBVaAG1DVZI
145=AXAqVQxXyAFVGFhJAbBIAlUNWUgBdGVVDVrIAUUHW0gB2XRcSAHVcF1IAdUNXigpAF8oKQ
146=BgKCkAYSgrABYAJ+FnFygpABhIAclkGSgpABooKQAbKCkAHCgpAB1IAc0QHigpAB8oKQAg
147=SAHRxCFJAR1YHFUuIkkBSKkBI8gBUR8kSAFsaEEDJcgBVSMmyAFNPCfIAU08KEkBVUAFUQ
148=kpyAFFCCrIAVknK0gBbGhJASzIAUUpLUgBbGhRCS7IAVEJL8gBQUYwSAHBGjEoKQAyKCkA
149=MygpADRIAcVKNUgB2QY2KCkAN0gBeD1NEDjIAU0QOUgB2QY6SAHZBjsoKQA8KCkAPSgpAD
150=4oKQA/SAHFCEBIAcUIQUkBLkgiVQ1CyAEFAwAAQwAnAP8RAAAsDwAgCP8AAAAAAEQAJwD/
151=qgFFACcpAEZIAQXDBAAACwAAR8gBAQwAAEjIAQENAABJyAEBDgAASkkByUwFAQEAAEtJAb
152=RIAQEAAABMSgH/A0MBAABNSQHHVAJJAE7IAQEFAABPyAEBBgAAUMgBAQcAAFFJASdABUEH
153=UkkB/qUIU0gB0RRUKCkAVSgpAFYoKQBXSQGwRAhFB1jIAVUBWcgBQQ9aSQH9VANJDFtJAf
154=KpAVxIAckMXSgpAF5IAdkRX0gBwQRgKCkAYSgpAGIoKwAVACjxKhYoKQAXKCkAGEkBOUAm
155=TRAZKCkAGkgB1Q0bSAHBBBwoKQAdSAHNEB4oKQAfSAHZBiBJAWlYHV0KIcgBVQwiyAEBAg
156=AAI0kBSEAEUR4kSQFhSAEBCAAAJcgBAQkAACbKAQoAWhkoAGAEUUAoVQJVTAVZBinIAVUB
157=KsgBUSorSAHFEywoKQAtKCkALigpAC8oKQAwKCkAMSgpADIoKQAzKCkANCgpADUoKQA2KC
158=kAN0kBxlgSSQA4yAFFEzlJAcxIAl0gOkgB0RQ7KCkAPCgpAD1JASlMBVknPkgBzQU/KCkA
159=QEkBLkAEXQpByAFdV0LIAV1XQ0kBOUAEVQ1ESAHZMkVIAdEJRigpAEcoKQBIKCkASUgBeG
160=lRCErIAVUNS8gBVQ1MSAFwbEEETcgBQQROSAFwbEk4T8gBSThQyAFJOFFJAchMBkUTUsgB
161=XUFTSAHFE1QoKQBVKCkAVigpAFcoKQBYSAFwbEUeWcgBWUhaSAHRCVtJAfxURUUpXEkB9a
162=kBXUkB86kBXkgBzQVfKCkAYCgpAGEoKQBiKCkAY0kBuVQYSBcCFAApAGdIAUEPFUkBP0gB
163=TRsWSAHdChcoKQAYSAHNMRlIAcEEGkgB0WwbKCkAHEgBwQQdKCkAHigpAB8oKQAgSAF8bU
164=0aIcgBWRAiyAFZMiNIAdEJJCgpACUoKQAmKCkAJygpACgoKQApSQFyUApFKSpIAdUYK0gB
165=3QosKCkALUgBwQQuSAHBBC8oKQAwKCkAMUgBzQUySAHdIDMoKQA0SAHFCDUoKQA2SAHZBj
166=dIAcEEOEgBcGxdFDnIAVEfOsgBUVY7SAHNBTwoKQA9SAHRCT5IAcEEP0gBcGxBO0DIAVVa
167=QcgBVVpCSAFwbFFAQ8gBQTBESAHFCEUoKQBGKCkARygpAEhIAcEPSUgB2QZKSAFob1UNS8
168=gBVQ1MyAFNaE1IAc0FTigpAE8oKQBQSAFwbFkRUcgBSSJSyAFJIlNIAcUIVCgpAFUoKQBW
169=KCkAVygpAFhIAXxtWRFZyAFZEVpJAatcC1leW8gBSSJcSAHNG11IAcnoXkgBwQ9fKCkAYC
170=gpAGEoKQBiKCkAY0gBfG1VT2TIAVcYEwAq/dsUSAFob0EPFUkBZlgRTQUWyAFFExfIAUEE
171=GEgB3UwZSAHZERooKQAbKCkAHCgpAB0oKQAeSAHNGx9JAUe1DSBIAXRwXUwhyAFBkyLIAV
172=lII0gB1Q0kKCkAJSgpACZIAd0KJ0gBzQUoKCkAKUkBQbUNKsgBTRsrSAHNBSwoKQAtKCkA
173=LigpAC8oKQAwKCkAMSgpADJIAdUjMygpADRIAckMNUkBt60QNkkBs6kBN8gBWRE4SAHNBT
174=lIAWBySVk6yAFNRzvIAU1HPEgB1Q09KCkAPkgBxQg/SAF0cAEMAABAyAEBDQAAQUgBwSVC
175=SAHNBUMoKQBESQEqpRNFSAHBBEZJATi1AkfIAV0VSEgBwQRJKCkASigpAEtIAWFyDiI8KS
176=fJCU1UAtkGTkgB2RFPSAHVAlBIAc0bUUgBYHJdQVLIAV1BU0gBzQVUKCkAVSgpAFZIAd0K
177=V0gBzQVYKCkAWUgBaG9RYVrIAVVPW8gBVQ1cyAFVDV3IAU0xXkkBN70gX0kB+1yEVWVgSA
178=HJDGFIAdUCYkgB1QJjSAF0cE1oZMgBRQdlSAHDBBIAK+FyEygpABQoKQAVSAFsc1kGFsgB
179=WRAXyAFVGBhIAdEJGUgB0R8aSAHVAhsoKQAcKCkAHUkBaEQJVRgeyAFBOx/IAV0VIEgBeH
180=RBDyFIAdEJIigpACMoKQAkKCkAJSgpACYoKQAnKCkAKCgpAClIAWxzVQ0qSAF4HFkRK8gB
181=WREsyAFBBC1IAc0QLigpAC8oKQAwKCkAMSgpADIoKQAzSAHRSzQoKQA1SAFsc1kcNsgBVS
182=I3SQGzXABJQzjIAUlDOcgBSUM6SQHMQARBXDtIAcUTPEgByQw9KCkAPkkBNUwFTRs/yAFN
183=G0BIAdkGQSgpAEIoKQBDKCkARCgpAEVIAc08RkgBxQhHKCkASCgpAEkoKQBKKCkAS0gBxQ
184=hMSAHFCE0oKQBOKCkATygpAFBJAaa1GFHIAVUYUkkByFQCQZNTSAHRCVQoKQBVKCkAVigp
185=AFcoKQBYKCkAWSgpAFooKQBbSQGrSAxdmVzIAV2ZXcgBQTBeSQGuQARZEV9IASX1KmBIAS
186=X1KmFIASW1OGJIAdEfY0kB0FgGWTJkSAF4dFlpZUgB1RhmKCsAEQAs+XQSKCkAEygpABRI
187=AcU/FUgBaFlNRxbIAU1HF8gBTUcYSQFEQA9dFRlIAdUNGigpABsoKQAcSAHdFR1IAWR2RV
188=UeyAFRCB/IAUkXIEgB0QkhSAHZBiJIAdUCIygpACQoKQAlKCkAJigpACcoKQAoKCkAKUgB
189=3QoqSAF4HFkRK8gBWREsyAFZES1IAcEPLigpAC9IAcUIMEgBwQQxKCkAMkgBxSkzKCkANC
190=gpADVJAbtIDV02NkgBcHddKzfIAV0rOEgBcHdBRjnIAUFGOsgBQUY7SAHBDzxJASCxCT1J
191=AR6pAT5IAcEEPygpAEBJATKhBEHIAUk4QkgBzQVDSAHRxERIAdUCRUkBy7kGRsgBWQZHSA
192=HBBEgoKQBJKCkASigpAEsoKQBMKCkATSgpAE5JAaOpDE9JAaKpAVDIAVUNUUgBcHdBA1LI
193=AUU0U0gBzRBUKCkAVSgpAFYoKQBXKCkAWCgpAFkoKQBaKCkAWygpAFxIAXB3ARIAAF1IAX
194=h0QUZeyAFZEV/IAVkRYEgByUNhSQH6QAVNPGJIAdEUY0gBZHZZwWTIAU0EZUgBwQRmKCkA
195=ZygrABAALfF3ESgpABIoKQATSAHJThQoKQAVKCkAFkgBxRMXSAFwd00QGMgBTRAZSAHNEB
196=pJAWNAG0kXG8gBQTAcSQFLtQIdSAF8eF2DHsgBXVcfyAFdVyBIAdEJISgpACIoKQAjKCkA
197=JCgpACVIAdEUJkgBxQgnKCkAKEkBvEwQWREpSAHBBCpIAXx4WREryAFZESzIAVkRLUkBbr
198=kGLkgB2QYvKCkAMCgpADFIAWByUR8ySAF0cEkBM8gBQQ80SAHJLTVIAXx4RSk2yAFFKTdI
199=AckMOCgpADlIAc0bOkgBxXY7SQEcRBNJDDxJARmpAT1IAc0FPkkBIrUCP0gB1QJASAF8eE
200=EPQcgBQQ9CSAHBBENIAc0QREkBykQISRdFSAF8eE0FRsgBQQNHyAFdV0hIAdkGSSgpAEpI
201=Ad0KS0gBwQRMKCkATSgpAE5IAXx4SQxPyAFJDFBIAWh6SQFRyAFVDVJIAWh6RTRTSAHdCl
202=QoKQBVKCkAVigpAFcoKQBYKCkAWSgpAFooKQBbKCkAXCgpAF0oKQBeSAFoekFGX8gBWRFg
203=SQGwUBVNJmFJAfxUGUU0YkgBJQlJY0gBfHhNBGTIAUEaZUgB2QZmSAHBGmcoKQBoKCsADw
204=Au6XoQKCkAESgpABIoKQATSAHJThRIAd0KFUgB1QIWSAHVAhdJAVNYEl0VGMgBVRgZyAFB
205=RhpIAXR7SQEbyAFZGxxIAXR7VQIdyAFVAh5IAd0KHygpACAoKQAhKCkAIigpACMoKQAkSA
206=HZaSVIASLwUEUTJkgB3QonSAFoelUNKMgBVRcpyAFRKipIAc0FKygpACxIAWh6WQYtyAFZ
207=Bi5IAc0FLygpADBJAbJUA10gMUgBeBFZBjLIAUEDM0gBYH1BiDTIAV1BNcgBXUE2SAFgfV
208=kRN0gByQw4SQEkWAdBGjlJARipATpIAd14O0gBwWc8SQEjoQQ9SQEcqQE+SAHNBT9IAd0K
209=QEkBJqEEQUgB1QJCKCkAQ0gBaHpNBETIAUUTRcgBVRhGSAFgfVUYR8gBVRhISQHPTAZdIE
210=lIAd0KSigpAEsoKQBMKCkATUgBeHRZHE7IAUUIT0gBYH1JDFDIAUkMUUgB3QpSKCkAUygp
211=AFQoKQBVKCkAVigpAFcoKQBYKCkAWSgpAFooKQBbKCkAXCgpAF0oKQBeKCkAX0gBbHNFP2
212=DIAUkhYcgBWSdiSQH+VANZHGNIAdUYZEgB2QZlyAFZBmbIAVkGZ0gBzQVoKCkAaSgrAA4A
213=L+F9DygpABBIAdF3ESgpABIoKQATSAHNRxRIAckMFSgpABYoKQAXSAFsflUXGMgBURQZyA
214=FRFBpIAWx+VQIbyAFVAhxIAd0KHSgpAB4oKQAfKCkAICgpACEoKQAiKCkAI0gBwRokSAHR
215=bCXIAUEPJkgBeH9JASfIAU0QKEgBeH9ZSCnIAVlIKkgBxRMrKCkALCgpAC1IAXh/WQYuyA
216=FZBi9IAWB9SQwwyAFJDDHIAV1iMkgBZBNZBjPIAVkGNEgBeH8BDAAANcgBAQ0AADbIAQEO
217=AAA3SAHZEThIAdkyOUkBH0gNQUY6SQEdqQE7SQFUXAtJZDxJAWtIAUEEPUkBaKkBPkgBxY
218=E/SQEauQZASAHJDEFIAcn+QkgB1QJDKCkAREgBeH8BCQAARcgBAQoAAEbJAQsi3nQvAGB9
219=SQtIVAJoAV0gScgBXSBKSQGhVANFE0vIAV0VTEgBdPRVAk3IAVUCTkgBeH9ZBU/IAVEJUE
220=gBxRNRKCkAUigpAFMoKQBUKCkAVSgpAFYoKQBXSAHRKlhIAd0KWSgpAFooKQBbKCkAXCgp
221=AF1IAcUIXkgBxQhfKCkAYEgBfHhNMGHIAUU/YkgBzQVjKCkAZCgpAGVIAdkGZsgBWQZnSA
222=HZBmgoKQBpKCkAaigrAA0AMPl/DigpAA9IAdVlECgpABEoKQASKCkAE0gB1Q0UKCkAFSgp
223=ABZIAdEfF0gBZIFNPBjIAUUeGcgBSRcaSAHRCRsoKQAcKCkAHUgB0QkeSAHNBR8oKQAgKC
224=kAIUgBzQUiSAHNBSMoKQAkSAF85kRKCiUAMAC3BAAABwAAJgARAADYDgAgDTAAtwQAAAgA
225=ACcAMAAnBABhAChKAf//ZgEAKUoB/QOJASpJAfepAStIAcEELEkB+7UCLUgB1QIuKCkALy
226=gpADBJAbJIDAEJAAAxyAEBCgAAMsgBAQsAADNIAcUINEgB2RE1SAHVAjZJASRECEESN0kB
227=HKkBOEkBGKkBOUkBGakBOkgBAVQHAABREzvIAUEDPMgBAQUAAD1JAWhABAEBAAA+SQFnSA
228=FdCj9JASNABUkBQEgB3QpBSQEdtQJCSAHZEUNJAatUAgECAABESAHVAkVJAcpUAgEOAABG
229=yAEBDwAAR0kB0lQCVQ1ISQHPSAFdIEnIAV0gSsgBXSBLSQGhQARJAEzIAV0VTUkBokgCSQ
230=BOyAFVAk9JAaZIAgEIAABQSAHNEFEoKQBSKCkAUygpAFQoKQBVKCkAVigpAFcoKQBYKCkA
231=WSgpAFooKQBbKCkAXCgpAF0oKQBeKCkAXygpAGBJAbBIF1EfYcgBUR9iSQGuVAJBJWNIAc
232=EaZEgB3UFlSAHZBmbIAVkGZ0gB2QZoSAHZBmkoKQBqKCkAaygpAAxIUc0FDSgpAA4oKQAP
233=KCkAEEgBzRARSAHZBhIoKQATKCkAFCgpABUoKQAWSQFfTBtRSxfIAVkcGMgBWUgZSAHdCh
234=ooKQAbKCkAHCgpAB0oKQAeKCkAHygpACAoKQAhKCkAIigpACMoKQAkSQG7RBNNECXIAUFn
235=JkkB/VwAXRUnSQH1qQEoSQHzqQEpSAHJIipIAckXK0kB+aEELEkB9qkBLUgBwQQuSAHVhi
236=9IAdUCMCgpADEoKQAyKCkAMygpADQoKQA1KCkANigpADcoKQA4SQEfTBtVGDlJAR2pATpI
237=AXyDAQYAADvIAUWAPEkBg0wyTQU9SQGBqQE+SAF8g1UBP0kBZUAFQQRASQEhsQlBSAHVGE
238=JIAckiQ0gB1QJEKCkARSgpAEZIAXCCUQhHyAFJekjIAUUTSUgBxQhKKCkASygpAEwoKQBN
239=KCkATigpAE8oKQBQKCkAUSgpAFIoKQBTKCkAVCgpAFUoKQBWKCkAVygpAFgoKQBZKCkAWi
240=gpAFsoKQBcKCkAXSgpAF4oKQBfKCkAYCgpAGFIAXR7RUliyAFNJmPIAU0mZEkB/VQDWTJl
241=SAHZU2ZIAdkGZ8gBWQZoyAFZBmlIAd0raigpAGsoKQBsKCkAC0nVvlgHUUAMSAHZBg0oKQ
242=AOKCkADygpABAoKQARKCkAEigpABMoKQAUKCkAFSgpABZIAXSGWRsXyAFZEBjIAVUYGUgB
243=2REaKCkAGygpABwoKQAdKCkAHigpAB8oKQAgKCkAISgpACIoKQAjKCkAJEkBuUwRVS4lSA
244=FgiFkRJkgB2REnKCkAKEkB+kgYTQUpSAHBBCpIAcmFK0kB8qEELEgBwQQtSAHBBC5JAfSh
245=BC9IAc08MEgBzQUxSAHNBTJIASW1IjNIAcFyNEgBzQU1KCkANkkBIrUYN0gBzQU4SAHVez
246=lJAVatfjrIAVFAO0kBeVwAQRo8yAFVAT1JAXhcAFUCPsgBVQE/SQFkpQhASAHVkUFIASUN
247=I0JJAR6tEENIAdEURCgpAEVIAcUTRkgBwQRHSAFgiAEJAABIyAFV6UlIAcEESigpAEsoKQ
248=BMKCkATSgpAE4oKQBPKCkAUCgpAFEoKQBSKCkAUygpAFQoKQBVKCkAVigpAFcoKQBYKCkA
249=WSgpAFooKQBbKCkAXCgpAF0oKQBeKCkAXygpAGAoKQBhKCkAYkgBZIFNMGPIAQEIAABkSA
250=EiKCFFNGVJAf6xS2ZIAdknZ0gB2QZoyAFZBmlIAdkGakgBzQVrKCkAbCgpAG0oKAABCgAz
251=AGCIVQwLyAFFPgzIAUFnDUgB0QkOKCkADygpABAoKQARKCkAEigpABNIAdVEFEgB0QkVKC
252=kAFkkBYFQOWVMXyAFRHxjIAVX/GUgByfMaSAHFCBsoKQAcSAHJDB1IAcEEHigpAB8oKQAg
253=KCkAISgpACJIAcUII0gBIkgwTRAkSAFsiU0QJcgBQSUmSAHJeidIAScGIjMAyYUpVALNEC
254=pJAfhMBk0bK0gByYUsSAHZBi1IASUxIi5IAc0QL0gBxT8wSAHVAjFIAdmVMkgByQwzKCkA
255=NCgpADVIASVZMjZJARu9KzdJARipAThJAR2pATlIAWyJWRw6SQGARB9dFTtIAWyJVQI8yA
256=FBGT1IAWyJVQI+yAFVAj9IAScuETMAzZRBVALJF0JIAd0VQ0kBo6EPREkBoKkBRcgBTQ9G
257=SAEiqDFNEEfIAVUCSEgBeIoBDgAAScgBAQ8AAEpIAd0KS0gB1Q1MSAHVAk0oKQBOKCkATy
258=gpAFAoKQBRKCkAUigpAFMoKQBUKCkAVSgpAFYoKQBXKCkAWCgpAFkoKQBaKCkAWygpAFwo
259=KQBdKCkAXigpAF8oKQBgKCkAYSgpAGIoKQBjSAFkgVkyZMgBSSxlyAFJemZJAf1UA10rZ0
260=gBzdZoSAHZBmnIAVkGasgBWQZrSAHRKmwoKQBtKCkAbigoAAEJADQAzQUKKCkAC0gBcI1B
261=ngzIAUWXDUgBzQUOSAHJOA9IAdUCECgpABEoKQASKCkAEygpABQoKQAVKCkAFkgBZIxRHh
262=fIAU0bGMgBTRsZSAHFaxpIAc0QG0kB+0wGQSUcSAHZER0oKQAeKCkAHygpACAoKQAhKCkA
263=IkgBeIpBDyPIAUEPJMgBAQYAACVIAXCNVQImSAHZfydIAdkRKEkB/LkRKUgBwYgqSAHdji
264=tIAdEULEgB2QYtSAHVAi5IAcEaL0gB1QIwSAHdmTFJAe+pDDJIAckMM0gBJeEiNEgB2QY1
265=KCkANkgB1Q03SAHZfzhIAdUCOUkBWFg+RSk6SQF2XHlJATvIAVUBPEkBglwAVQI9SQFsrQ
266=U+SQFeqQE/SQF5qQFASAEntyI0AB5EKlkGQlUCpKkBQ0gBZIxBGUTIAUEDRUgBcI1dK0bI
267=AVUuR0gBcI1BBEjIAUEESUgBcY0TZIwnKQtLVALRH0woKQBNKCkATigpAE8oKQBQKCkAUS
268=gpAFJIAdUjU0gB3QpUKCkAVSgpAFYoKQBXKCkAWCgpAFkoKQBaKCkAWygpAFwoKQBdKCkA
269=XigpAF8oKQBgKCkAYSgpAGIoKQBjKCkAZEgBdIZFM2XIAUl6ZkgBzRtnSQH+QDFFNGhIAd
270=UCaUgB2QZqyAFZBmtIAd0gbCgpAG0oKQBuKCkAbygrAAgANfGNCSgpAAooKQALSAF8jgEK
271=AAAMyAEBCwAADUkBv1g+VU4OSAHBDw8oKQAQKCkAESgpABIoKQATKCkAFCgpABUoKQAWSQ
272=FXSAxRHxfIAVUNGMgBSegZSAHJehpIAd1tG0gB1XAcSAHBtB1IAdEUHigpAB8oKQAgKCkA
273=ISgpACIoKQAjSAFokAEJAAAkyAFJIiXIAUkiJkgByQwnKCkAKCgpACkoKQAqSAHJFytJAf
274=GtPCwoKQAtSAHBGi5IAc2UL0gByQwwSQH4uQYxSAElFSQySAHVRDNIAc0FNCgpADUoKQA2
275=KCkAN0kBI6ktOEkBGqkBOUkBWUxTQTA6SAF8jlUuO8gBTQ88SQFhoQQ9SQFiqQE+SQEgpQ
276=g/SQEYqQFASQEZqQFBSAHRFEJIAXyOUQlDyAFNBERIAWiQXQlFyAFBXEZIAWiQVS5HyAFV
277=LkhIAdkcSSgpAEooKQBLKCkATCgpAE0oKQBOKCkATygpAFAoKQBRKCkAUigpAFMoKQBUKC
278=kAVSgpAFYoKQBXKCkAWCgpAFkoKQBaKCkAWygpAFwoKQBdKCkAXigpAF8oKQBgKCkAYSgp
279=AGIoKQBjKCkAZEgBYIhFKWXIAUUpZkkBzFQvUWxnSQE1SAFFP2jIAVUCaUgB2QZqyAFZBm
280=tIAdkGbEgBzTFtKCkAbigpAG8oKQBwKCsABwA26ZAIKCkACSgpAAooKQALSAHNRwxIAWiQ
281=TUcNyAFJFg7IAV3QD0gB2REQKCkAESgpABIoKQATKCkAFEkBSEQJUR8VyAFRHxZIAXSRVQ
282=0XyAFNBBjIAVUNGUkBQEgCWQYayAFZBhtIAcF9HEgBwZMdSAHNfh5IASV5IB9IAd0VICgp
283=ACEoKQAiKCkAIygpACQoKQAlKCkAJkgBJZ0qJ0gB1Q0oSAHZiilIAdGjKkkBNKkXK0kB+E
284=wcVRgsSAHZii1IAcUTLkgBwRovSAHRCTBIAc2UMUgBzQUySQH5sQkzSAHZHDRIAcEENUgB
285=1Tk2SAHVAjdIAdUCOEgBJUEkOUkBXESCRRM6yAFdKztIASWRIzxIAXSRVQI9SAHJkD5JAQ
286=itGz9JARupAUBJARmpAUFIASK8ZV0KQsgBRQhDSAFgk0EORMgBSZBFSAHRFEZIAdEUR0gB
287=1QJIKCkASSgpAEooKQBLKCkATCgpAE0oKQBOKCkAT0kBY7EUUMgBRRNRSQFktQJSyAFVAl
288=NJAW21AlTIAVUCVUgBxRNWKCkAVygpAFgoKQBZKCkAWkgBzRtbSAHFCFwoKQBdKCkAXigp
289=AF8oKQBgKCkAYSgpAGJIAd0KY0gB3QpkKCkAZUgBbIlBGWbIAUVrZ8gBAQYAAGhIAdkGaS
290=gpAGpIAdkGa8gBWQZsyAFZBm1IAdkGbigpAG8oKQBwKCkAcSgrAAYAN+GTBygpAAgoKQAJ
291=KCkACigpAAsoKQAMKCkADUgBeJVFSg7IAUVKD0kByFgdUTUQyAFN7BFIAd0VEigpABNJAW
292=9MBUVVFEkBaEgBTRsVSAF4lV1sFkgBbJRVAhfIAVUNGMgBVQ0ZSAFslEkMGkkBZ0QIUQkb
293=SQFuSAFNEBxIAdl/HUgByXoeSAHZER8oKQAgKCkAISgpACIoKQAjKCkAJEgBxT8lSAHRCS
294=YoKQAnSAElpSsoSAHBBClIAdGNKkgB0ZgrSAHBkyxIAc0FLSgpAC4oKQAvKCkAMEgBzRsx
295=SAHFlzJIAdkcM0gB0RQ0SAHdCjUoKQA2KCkAN0gBJYVIOEgB2Yo5SQEYRClRKjpJARypAT
296=tIAdUCPEgB1QI9SAHBkz5JAR2tBT9IAc0QQEkBJbUCQUgB2RFCSAF4lUEDQ8gBCgUAAEQA
297=NwD//wAAAAARAABWDgAgBQBFADcA//8AYQBGKCkARygpAEgoKQBJKCkASigpAEsoKQBMKC
298=kATUoBSAR6CgBOyAEBAQAAT0kBY1QCAQIAAFDIAQEDAABRSQFktQJSyAFVAlNJAW21AlTI
299=AVUCVUoB//+dClYoKQBXKCkAWCgpAFkoKQBaKCkAWygpAFwoKQBdKCkAXigpAF8oKQBgKC
300=kAYSgpAGIoKQBjKCkAZCgpAGUoKQBmSQHMQBoBCQAAZ8gBAQoAAGjIAQELAABpSQH7TBxV
301=G2pJASdMBUkBa0gB2QZsyAFZBm3IAVkGbkgBySJvKCkAcCgpAHEoKQByKCgAAQUAOADZBg
302=YoKQAHKCkACCgpAAlIAdkRCkkBNaUTC8gBQTsMSAHRCQ1IAc0FDkkByEwFTRoPyAFVARDI
303=AQEFAAARSAHZBhJIAdkGE0kBb0AFVUQUyAFFCBVIAc0FFkkBXUAEVSMXyAFNEBjIAVkGGU
304=kB/0wGQQQaSQFuTAVVARvIAVUBHEkB/EgCQQQdSQHyqQEeSAHJDB8oKQAgKCkAISgpACIo
305=KQAjKCkAJCgpACUoKQAmaAGpDCdoAb1XKCgpACkoKQAqSQH+rQUrSAHZESxIAclDLUgB1Q
306=IuSAHNJi9JAfm5BjBJAfapATFIAc0FMkkB+LUCM0kB96kBNEgBwQQ1KCkANigpADcoKQA4
307=KCkAOUkBJVgoWSc6SAHFCDtJASG1AjxIAcUTPUgB1QI+SAHNBT9JASatBUBIAdUCQUkBp7
308=UCQsgBQTtDSQGmVAIBCAAAREgBzQVFKCkARigpAEdJATFMBUUTSEgBzQVJSAHZEUpIAdUC
309=S0kBaa0FTMgBVQ1NyAFZSE5IAXCYTSVPSAFkl1kFUMgBXVdRSAHRCVIoKQBTKCkAVCgpAF
310=UoKQBWKCkAVygpAFgoKQBZKCkAWigpAFsoKQBcKCkAXSgpAF4oKQBfKCkAYCgpAGEoKQBi
311=KCkAYygpAGQoKQBlKCkAZkkB0EQfUSpnSAF1kQ5nlzgA/UgjVQJpVALNaGpJAcatBWvIAV
312=EqbEgB2QZtSAHNJm4oKQBvKCkAcCgpAHEoKQByKCkAcygrAAQAOfGYBSgpAAYoKQAHKCkA
313=CCgpAAkoKQAKKCkACygpAAxJATlUGEkXDUgB3RUOSAHZSA9IAWibAQcAABDIAVlTEUgBzQ
314=USKCkAE0gBfJldCRTIAU1HFUgB0QkWSAF8mVEpF8gBTQUYyAFNBRlIAd0KGigpABtIAWib
315=TRAcyAFNEB1JAfpECVkyHkgB2QYfKCkAICgpACEoKQAiKCkAIygpACQoKQAlKCkAJigpAC
316=coKQAoKCkAKSgpACpIAdkcK0gBzZQsSQH0sRQtSQH1qQEuSQHxqQEvSAHRmDBIAdUYMUgB
317=xQgySAHBBDNIAcEENCgpADUoKQA2SQEtRCpVOTfIAVV7OEgB2QY5KCkAOkkBJEwFWSc7SQ
318=EdqQE8SAHNBT1JASO1Aj5JAR6pAT9IAcEEQCgpAEFJAaOhBEJIAWibVQFDyAFBO0RIAdkG
319=RSgpAEYoKQBHKCkASCgpAEkoKQBKKCkAS0gBfJlFKEzIAVUNTcgBVQ1OSAHVDU8oKQBQKC
320=kAUSgpAFIoKQBTKCkAVCgpAFUoKQBWKCkAVygpAFgoKQBZKCkAWigpAFsoKQBcKCkAXSgp
321=AF4oKQBfKCkAYCgpAGEoKQBiKCkAYygpAGQoKQBlKCkAZkgBfJlRQGfIAU0maEgBxVVpSA
322=HNaGpIAXyZTQVryAFNBWxIAcUpbSgpAG4oKQBvKCkAcCgpAHEoKQByKCkAcygpAHQoKwAD
323=ADrpmwQoKQAFKCkABigpAAdIAckXCCgpAAkoKQAKSAHdFQtIAWibQRoMyAFBGg1IAcUIDk
324=gBeO1FYA/IAUFnEEgBYZ4LItQmJ2UCElUC/VgHTQUTSQHzqQEUSAHVDRVIASXhIhZIAXSc
325=AQYAABfIAUWXGMgBRZcZSAHZBhpIAdkRG0gB1QIcKCkAHUgBJQEnHkgBJTkjH0gBzQUgKC
326=kAISgpACIoKQAjKCkAJCgpACUoKQAmKCkAJygpACgoKQApKCkAKigpACtJAf69ICxIAdkR
327=LSgpAC5IAcEEL0gB2RwwSAHNBTFIAcEEMkgBwQQzSAHBBDQoKQA1SAFom0F9NsgBQX03yA
328=FJLTjIAUktOUgBxQg6KCkAOygpADwoKQA9KCkAPigpAD8oKQBASQGlVA5FP0FIAXScUR5C
329=yAFBA0NIAWCeQTtESAHBD0UoKQBGKCkARygpAEgoKQBJKCkASkkBR1AKVQ1LSAF0nE0bTM
330=gBTRtNyAFVDU5IAdUNTygpAFAoKQBRKCkAUigpAFMoKQBUKCkAVUgBwTBWSAHdClcoKQBY
331=KCkAWSgpAFooKQBbKCkAXCgpAF0oKQBeKCkAXygpAGAoKQBhKCkAYigpAGMoKQBkKCkAZS
332=gpAGZIAXScWSZnyAFJQ2hIASIkJkl6aUgB3UxqSAF0nE0Fa8gBTQVsSAHNBW1IAdEfbigp
333=AG8oKQBwKCkAcSgpAHIoKQBzKCkAdCgpAHUoKwACADvhngMoKQAEKCkABSgpAAZIAdkyB0
334=gBxRMIKCkACUgBwQQKKCkAC0gBzQUMSAHBBA1IASXNMA5JAaRQIF1MD0gBeKBVARDIAUki
335=EUgBxQgSKCkAE0gBJXE1FEgBJQ0jFUgBJVUsFkgBbZ8Jbp87AGgBAQoAABjUAk2qGUgB3a
336=QaSAHJDBtIAdUCHEgB1QIdKCkAHigpAB8oKQAgSAHNGyFIAdkGIigpACMoKQAkKCkAJSgp
337=ACYoKQAnSQGqUCBJIijIAU1HKUgB3QoqSQEwoQQryAFBBCxIAcEELUgB2REuSAHVAi8oKQ
338=AwKCkAMSgpADIoKQAzKCkANCgpADVIAWyfTX42yAFdKzfIAV0rOMgBXSs5SAHBDzooKQA7
339=KCkAPEgB0RQ9SAHNBT4oKQA/SAHBBEBIAWyfSehByAGOnzsAeKBVkUNUAmgBRRNESAHRCU
340=VIAcUIRkgB1QJHKCkASEkBaKUpScgBRSlKyAFVDUtIAXigVQ1MSAHFCE0oKQBOKCkAT0gB
341=1Q1QSAHNBVEoKQBSKCkAUygpAFQoKQBVKCkAVigpAFcoKQBYKCkAWSgpAFooKQBbKCkAXC
342=gpAF0oKQBeKCkAXygpAGAoKQBhKCkAYigpAGMoKQBkKCkAZUkBJ7knZkgBxR5nSQHMVAJJ
343=AGjIAV14acgBVchqSAHNBWtIAc0FbMgBTQVtyAFNBW5IAc0FbygpAHAoKQBxKCkAcigpAH
344=MoKQB0KCkAdSgpAHYoKwABADz5oAIoKQADKCkABCgpAAUoKQAGSAHRHwcoKQAIKCkACSgp
345=AApIAdUYC0kBKkgjVXsMSAHVAg1JAcpUAlVPDkgBZKJJTg/IAUEDEEgBcKNBXBFJAf1UA0
346=UIEkkB9akBE0kB76kBFEkB9KkBFUkB8qkBFkgB1Q0XSQFeUApFCBjIAUEPGUkB/K0FGkkB
347=8akBG0kB9qkBHEgBxQgdSAHRHx5IAdUCHygpACAoKQAhKCkAIigpACMoKQAkKCkAJSgpAC
348=YoKQAnSAFkolkQKMgBVRcpyAFBRipJATBIAkV2K8gBTQUsSAHFEy0oKQAuKCkALygpADBJ
349=ActECEkiMcgBSSIySAHFCDMoKQA0KCkANSgpADZJAS1ECAENAAA3yAEBDgAAOEgBxQg5KC
350=kAOigpADsoKQA8KCkAPSgpAD4oKQA/SAEihCdRFEDIAVEUQUgBcKNdIEJIAdUNQygpAEQo
351=KQBFKCkARigpAEcoKQBISAFkolknScgBTRpKyAFJDEtIAckMTCgpAE0oKQBOKCkATygpAF
352=BJAcdECUkXUcgBSRdSyAFdNlNIAd0KVCgpAFUoKQBWKCkAVygpAFgoKQBZKCkAWigpAFso
353=KQBcKCkAXSgpAF4oKQBfKCkAYCgpAGEoKQBiKCkAYygpAGQoKQBlKCkAZkkBtKUeZ0gBzR
354=toSAFgnl3macgBXeZqyAFd5mtJATlII0ElbEgBzQVtyAFNBW7IAU0Fb0gB3QpwKCkAcSgp
355=AHIoKQBzKCkAdCgpAHUoKQB2KCkAdygrAAIAPfGjAygpAAQoKQAFKCkABigpAAcoKQAISQ
356=E0vSAJSAHdFQpIAcGIC0gB1QIMSAF4oFkFDcgBSU4OyAFZwQ9IAXCjSf4QyAGEoieRAhJU
357=AtEJE0kB+lxYRSkUSAHVAhVIAdUCFkgBzRAXSAFkokFRGMgBRQcZSAHZBhpJAf5IAlEJG0
358=gB1QIcKCkAHSgpAB4oKQAfKCkAICgpACEoKQAiKCkAIygpACQoKQAlKCkAJigpACcoKQAo
359=SAFwo0kiKcgBSSIqSQGwWChFSStIAd0VLCgpAC0oKQAuKCkAL0gBIhwlWRwwSAFkolEeMc
360=gBXQkyyAFZMjNIAd0KNEgBxSk1SAHVAjYoKQA3KCkAOCgpADkoKQA6SAHFCDtIAcUIPCgp
361=AD0oKQA+KCkAP0kBn1gSXRVASAFwo1UBQcgBURRCSAHRCUMoKQBEKCkARSgpAEYoKQBHSQ
362=FMRAldCkhIAWSiVU9JyAFJLUrIAUktS0gByQxMSAHRd01JAbOlCE7IAU0xT0gBzQVQSAFk
363=ok0EUcgBXRVSyAFVDVPIAVUNVEgB2QZVKCkAVigpAFcoKQBYKCkAWSgpAFooKQBbKCkAXC
364=gpAF0oKQBeKCkAXygpAGAoKQBhSAHRNWJIAcUTYygpAGQoKQBlKCkAZkkBulgdUSpnSAFw
365=o1UBaMgBUR9pSAFgnl3makgBJZEja0kB91RQWQZsSQG7TAZJAW1IAc0FbkgBzRBvKCkAcC
366=gpAHEoKQByKCkAcygpAHQoKQB1KCkAdigpAHcoKQB4KCsAAwA+8aMEKCkABSgpAAYoKAAE
367=BwA+ACcEABEAALYOACAHAAAAAAgAPgD//0ABBQAACQA+ACcEiQEKSAHVAgsoKQAMSAHBBA
368=1JAcpMBQEJAAAOyAEBCgAAD8gBAQsAABBIAc0FEUgB0QkSKCkAE0oB+AOVDRRJAfWpARVJ
369=Ae+pARZJAfepARdJAV5UDUkAGMgBAQUAABlIAd0KGkkBPFQDWQkbSQFiqQEcyAEBAQAAHc
370=gBAQIAAB7IAUkLH0gBxQggKCkAISgpACIoKQAjKCkAJCgpACUoKQAmSAHFHidIAd0KKCgp
371=AClJAbBEE0EPKsgBVQEryAFBGixIAdkGLUgB0QkuSAHVAi9JAaNMBkUIMMgBVQExSQHLXA
372=ABBwAAMsgBAQgAADNJAcVUAlEfNEkBokgBVSM1yAFVAjZJAam1AjfIAVUCOEgB1Q05KCkA
373=OigpADsoKQA8KCkAPSgpAD4oKQA/SQGfSAxVLkDIAUkXQUkBp1QCURRCSAHVDUMoKQBEKC
374=kARSgpAEYoKQBHSQFMRAhdCkjIAV0KSUgB0QlKKCkAS0kBOUAbUR9MKCkATUkBu0QIVQJO
375=SQGzSAEBBgAAT8gBRSlQyAFRFFFJAcdABE1dUsgBTV1TyAFNXVRJAb5ABFUMVUgBzRBWKC
376=kAVygpAFgoKQBZKCkAWigpAFsoKQBcKCkAXSgpAF4oKQBfKCkAYCgpAGEoKQBiKCkAYygp
377=AGQoKQBlSQG4SBddIGZJAbpIAVEqZ8gBUSpoSAHBUWlIAWAlTQVqyAFFHmtIAcEEbEgBcC
378=pFCG3IAUUIbkgBySJvKCkAcCgpAHEoKQByKCkAcygpAHQoKQB1KCkAdigpAHcoKQB4KCkA
379=eSgoAAEEAD8AzRAFKCkABigpAAcoKQAISAHBGgkoKQAKSAHFCAtIAcEEDEgB1QINSAHVAg
380=5IAXGjDmaiPwBpAQ9noj8A0lwrTSYRQATZBhJJAf1UJFEqE0kB8qkBFEgB0QkVSQH6tQIW
381=SAHZBhdJAVNQCVkGGMgBXQoZyAFBMBpJAVWhBBvIAUEEHMgBQQQdSAF8pFleHsgBWV4fSQ
382=FAuQYgyAFZBiFIAWwFVQ0iyAFVAiPIAVEJJMgBXRQlSAHRFCYoKQAnKCkAKCgpACkoKQAq
383=SAFwo00QK8gBSW8sSAHRCS0oKQAuSAFgiFkRL8gBWREwSAFwo0UIMcgBRQgySAF4oEUTM8
384=gBWRs0yAFRrjVIAXCjVQI2yAFVAjdIAXCjWQY4SAHNEDkoKQA6KCkAOygpADwoKQA9KCkA
385=PigpAD9IAWSiVQ1AyAFVDUFIAckMQigpAEMoKQBEKCkARSgpAEZJAV1ECV0gR8gBXSBIyA
386=FZMklIAd0KSkgBxUpLSAHVAkxIAdl/TUgB0XdOyAFRH09IAWx+AQwAAFDIAQENAABRyAFB
387=XFJIAdmrU0gBeKBZBlTIAVETVcgBWRxWSAHBD1coKQBYKCkAWSgpAFpIAd0VW0gB2QZcKC
388=kAXSgpAF4oKQBfKCkAYCgpAGEoKQBiKCkAY0kBtUQUWSdkSAHJDGVIAWgiVRhmyAFNBGdI
389=AXCjVRhoSQH7VANZBmlJAdBUA0kBakgBYCVZaWvIAUFRbMgBQVFtSAF8K0UIbkgB1Q1vKC
390=kAcCgpAHEoKQByKCkAcygpAHQoKQB1KCkAdigpAHcoKQB4KCkAeSgrAAUAQOWiBigpAAco
391=KQAIKCkACUkBOLkcCsgBXUwLSAHFNAwoKQANSAHNGw5IAcEED0gBbJ9RCBDIAV0gEcgBTS
392=YSSAHZBhNIAcGeFEgB1QIVSAEluSgWSQHzoTAXSAF4oFUBGMgBSQwZyAFJDBpIAXigQQQb
393=yAFBBBzIAUEEHUgByQweKCkAH0gBeKBNaCBJAUNMBkUIIUgBeKBVASLIAUUII8gBVRgkyA
394=FFPyVIAWQISUMmyAFNJidIAdUNKCgpACkoKQAqSAF4oAEKAAAryAEBCwAALEgBcJhFCC1I
395=AXiVXQouyAFVAi9IAWSiRRMwyAFFEzFJAS5IAlUYMsgBVRgzSAFwCVEUNMgBWVM1SAHFEz
396=YoKQA3KCkAOCgpADkoKQA6KCkAOygpADwoKQA9KCkAPigpAD8oKQBAKCkAQSgpAEJIAc1H
397=Q0gBxRNEKCkARSgpAEZIAXigTRtHyAFRHkjIAV0gSUgBxQhKKCkASygpAExIAc1+TcgBRQ
398=hOSAHFdk9IAcUIUCgpAFFIAc2fUigpAFMoKQBUSAFkokktVcgBSS1WSAHRCVcoKQBYKCkA
399=WSgpAFooKQBbKCkAXCgpAF0oKQBeKCkAXygpAGAoKQBhKCkAYigpAGNJAblYHUVKZEgBZK
400=JVAWXIAVknZkgBdCNVGGfIAVUYaEkB/kguWQZpSAF4oF1MasgBQQNrSAFkoknHbMgBScdt
401=yAFJx25IAd0gbygpAHAoKQBxKCkAcigpAHMoKQB0KCkAdSgpAHYoKQB3KCkAeCgrAAYAQe
402=2fBygpAAgoKQAJKCkACigpAAsoKQAMKCkADUgBxVUOSQE3TCdJIg9IAdUCEEgBbJ8BCQAA
403=EcgBVXsSSAHRHxNJAfxAJlkGFEkB8akBFUgBJyc8QQD2tQIXVAJgnlGNGMgBWTIZyAFZMh
404=pJAWqtEBvIAV2DHEgB1Q0dKCkAHkgB0RQfSAHBBCAoKQAhKCkAIigpACMoKQAkKCkAJUgB
405=YJ5RQCZJAWatECfIAU0QKMgBQQQpSAHVDSooKQArSAFgk0UdLMgBUQgtyAFBUS5IAWyfVQ
406=IvyAFVAjBIAXScSQExyAFVIzLIAVUjM0gB1Q00KCkANSgpADYoKQA3KCkAOCgpADkoKQA6
407=SAHNJjtIAd0KPCgpAD0oKQA+SAHNBT9IAc0FQCgpAEEoKQBCKCkAQygpAEQoKQBFKCkARk
408=gBYJ5ZHEfIAVkcSMgBUUBJSAHVDUooKQBLSAHZlUxIASI4I0lOTUgB1XtOyAFFCE9IAckX
409=UEgB0QlRKCkAUkgBwQRTSAHdClRIAWCeQVxVyAFZ11ZIAWRgUUBXSAHRCVgoKQBZKCkAWi
410=gpAFsoKQBcKCkAXSgpAF4oKQBfKCkAYCgpAGEoKQBiSQG2QEdFHmNIAWCeQVFkyAFJTmVI
411=ASUhNmZIASWBIWdIAd0VaCgpAGlIAWCeXQlqyAFVT2tIAWz3WRxsSAHZBm0oKQBuKCkAby
412=gpAHAoKQBxKCkAcigpAHMoKQB0KCkAdSgpAHYoKQB3KCsABwBC9ZwIKCkACSgpAAooKQAL
413=SAHVOQxIAckXDSgpAA4oKQAPSQEpRB9FKRBIAdkGEUgBbDxduhLIAQEPAAATSAHRCRRIAd
414=WcFUgBJaE7FkgBxQgXSAEikE9dChjIAUUpGUgBJbUtGkgBaJtdNhvIAV02HEgByQwdKCkA
415=HigpAB8oKQAgKCkAISgpACIoKQAjKCkAJCgpACUoKQAmSAFom0EPJ8gBSSEoyAFRQClIAd
416=kRKigpACsoKQAsSAF0nEV2LcgBXW0uSAHZBi9IAXyZVQIwyAFJxzHIAUVrMkgBzQUzKCkA
417=NCgpADVIAdEqNkgBzQU3KCkAOCgpADkoKQA6KCkAOygpADwoKQA9KCkAPigpAD8oKQBAKC
418=kAQSgpAEIoKQBDKCkARCgpAEVIAd0VRkgBaJtFHkfIAUUeSMgBTYlJSAHBGkooKQBLKCkA
419=TEgBaJtVRE3IAVE1TkgB2QZPKCkAUCgpAFFJATNIOUlOUkgBzQVTKCkAVEgB0RRVSAFsXV
420=kFVsgBRT9XyAFVslhIAcUIWSgpAFooKQBbKCkAXCgpAF0oKQBeKCkAXygpAGAoKQBhKCkA
421=YkgBaJtZHGPIAUUTZEgBdJxFE2VIAckXZkgBJRk1Z0gBJX1daEgB3RVpKCkAakgBfJldCm
422=vIAV0KbMgBXQptSAHZBm4oKQBvKCkAcCgpAHEoKQByKCkAcygpAHQoKQB1KCkAdigrAAgA
423=Q/2ZCSgpAAooKQALKCkADCgpAA1IAdEfDkgB3RUPKCkAEEgBIuw0XY4RyAFRQBJIAW08E3
424=CYQA9QIEEEFFQCxQgVSAHFKRZIAcUpF0gBcJhVTxjIAUUHGUgBzZ8aSAHNyxtIAcUTHEgB
425=3QodKCkAHigpAB8oKQAgKCkAISgpACIoKQAjKCkAJCgpACUoKQAmSAFwmEVVJ8gBVZEoyA
426=FdjilIASLMO10gKkkBYVg+UR8ryAFVAizIAVkcLcgBWRwuSAHVGC9IAXCYAQwAADDIAQEN
427=AAAxSAHBBDIoKQAzKCkANCgpADUoKQA2KCkANygpADgoKQA5KCkAOigpADsoKQA8KCkAPS
428=gpAD4oKQA/KCkAQCgpAEEoKQBCKCkAQygpAEQoKQBFKCkARkkBYK0mR8gBTSZIyAFNJklI
429=Ad0gSigpAEtIAd1BTEgBIoAhVS5NSAF8mV1tTkgBwQRPSAHFCFBIAWSXQQ5RyAFNBVLIAU
430=08U0gBzQVUKCkAVSgpAFZIAWxdUa5XyAFRrlhIAdkGWSgpAFooKQBbKCkAXCgpAF0oKQBe
431=KCkAXygpAGAoKQBhKCkAYkgBIrA9RR5jSAF8mU1SZMgBTVJlSQH5UExBBGZIASU9NGdIAd
432=EUaCgpAGkoKQBqKCkAa0gBfJldCmzIAV0KbUgBxQhuKCkAbygpAHAoKQBxKCkAcigpAHMo
433=KQB0KCkAdSgrAAkAROWXCigpAAsoKQAMSAHBOw0oKQAOKCkADygpABBIASKYW10gEUgBZJ
434=dFPxLIAUU/E0gB0QkUSAHNJhVIASfMJSc5AhdUAniVRQgYyAFFCBlIAckiGkgB1ZwbSAEl
435=bTocSAHBnh1IAc0FHigpAB8oKQAgKCkAISgpACIoKQAjSAHdFSRIAdEJJSgpACYoKQAnKC
436=kAKEgBbJRZaSnIAVVDKkgBeJVBGivIAUEaLMgBUWEtyAFRQC5IASLEOkUpL8gBWXQwSAHN
437=EDFIASVJMDJIAcUeM0gBwQQ0SQFjSA1FCDXIAUUINkgBbBBVAjfIAVUCOMgBXRU5yAFdFT
438=pIAdEJOygpADwoKQA9KCkAPigpAD8oKQBAKCkAQSgpAEIoKQBDKCkARCgoAAFFAEQAEQAA
439=Eg8AIAH//wAAQAAJRgBEAGAEAAADAABHyAFVAUjIAQEFAABJSQEnSAJNBUpIAdkGSygpAE
440=xJAdBABAECAABNyAFRCU5IAc0FTygpAFBJATNMBQEIAABRyAEBCQAAUsgBAQoAAFPIAQEL
441=AABUSAHBD1VIAdEJVkkBo0QIWRFXSQHSSAEBDgAAWMgBAQ8AAFlIAdkGWkgB2QZbKCkAXC
442=gpAF0oKQBeKCkAXygpAGBJAbRIDFUNYUgB0QliSQG7VAJFHmPIAUUeZEkB/VwATQVlSQHy
443=qQFmSAHZBmcoKQBoKCkAaSgpAGooKQBrSQGwSAxJImzIAUkibUkBq1QCAQEAAG7IAU0Qb0
444=gByQxwKCkAcSgpAHIoKQBzKCkAdCgoAAEKAEUAxQgLKCkADCgpAA0oKQAOKCkAD0gByS0Q
445=SAF4MlEeEcgBXRQSSQGnXABZPRNIAckMFEkB/EAFQSUVSQH2qQEWSAHBBBdJAUFYBkEEGM
446=gBRR4ZSAHdKxpJAfS5BhtIAcktHEgBxQgdKCkAHigpAB8oKQAgKCkAISgpACIoKQAjKCkA
447=JCgpACUoKQAmKCkAJygpACgoKQApKCkAKkkBYUAaXSAryAFZXizIAU08LcgBTTwuSQFATA
448=VBOy9JAWZIAV0gMEkBTkgBXSAxyAFBBDJJAUhUAkEEM8gBQQQ0SQFjVAJBBDXIAU0lNkgB
449=bBBBAzfIAVV7OMgBAQYAADnIAQEHAAA6SAFsEF0KO8gBXQo8SAHdKz0oKQA+SAHRQD9IAc
450=EEQCgpAEEoKQBCKCkAQygpAEQoKQBFKCkARkkBX1AVTRBHyAFNEEjIAU0bSUgB1Q1KKCkA
451=S0kBOUAFWQZMSAFgk1EITcgBRR5OSQGtSAJNBE9IAckXUEgB0QlRSAFtlA1ik0UAaAFFjF
452=NUAmBcXQpUSQGhRAhJAVXIAVEJVkgBYARJLVfIAU0EWEgBbZQTYJMnkQ1aVALVDVsoKQBc
453=KCkAXSgpAF4oKQBfSAHdFWBJAblcC00QYUgBbJRVAWLIAVkcY0gBbJRJAWRIAdkGZUkB/k
454=QUWQZmSAHNEGcoKQBoKCkAaSgpAGooKQBrKCkAbEgBdJFJDG3IAVlIbsgBWUhvyAFZXnDI
455=AVlecUgBwQ9yKCkAcygrAAsARvWRDCgpAA0oKQAOKCkAD0gBZIxBGhDIAU0xEUgBbDFNEB
456=LIAU0QE0gBwQ8UKCkAFSgpABYoKQAXSAFokF1MGEgBdHBdKxnIAUUeGkgB0QkbSAHRKhxI
457=AdUCHSgpAB4oKQAfKCkAICgpACEoKQAiKCkAIygpACQoKQAlKCkAJigpACcoKQAoSAHZPS
458=lIAdkRKigpACsoKQAsKCkALSgpAC4oKQAvSAF8jkUeMMgBTTwxyAFdKzLIAV0rM0gBdJFd
459=SzRIAWiQTSY1yAFFCDZIAWiQTQU3yAFdQTjIAVmgOcgBWaA6SAFokEEwO0gBYDBNPDzIAU
460=08PcgBQQQ+SAHZHD8oKQBAKCkAQSgpAEIoKQBDKCkAREgBzSZFSAHRCUZIAWiQQRpHyAFB
461=GkjIAUEaSUgBzQVKSAHdjksoKQBMKCkATUgBfI5dFU7IAV0KT0kBrFAKQRpQSAHRCVEoKQ
462=BSKCkAU0kBpkwFXSBUyAFZBlVIAXSRQQNWyAFFE1dIAcVgWMgBVS5ZSAHJDFooKQBbKCkA
463=XCgpAF0oKQBeKCkAX0kBt0gNTRBgSAFokEEaYcgBQRpiSQE0oQRjSQH7SAJNBWRIAcEPZS
464=gpAGYoKQBnKCkAaCgpAGkoKQBqKCkAaygpAGwoKQBtKCkAbkgBYJMBDAAAb8gBUblwyAFR
465=uXFIAWwxWSdySAHHEwwAR/2ODSgpAA4oKQAPSQGlrRsQSAF8jlUBEcgBVS4SSAHRCRMoKQ
466=AUKCkAFSgpABZIAclOF0gB2QYYSAFsXUVrGcgBXTYaSQFESA1dFRtIAc0FHCgpAB1IAdEJ
467=HkgBwQQfKCkAICgpACFJAcdQCVkyIsgBXQojyAFVOSRIAcUIJSgpACYoKQAnKCkAKCgpAC
468=koKQAqKCkAKygpACwoKQAtKCkALigpAC8oKQAwKCkAMUgBaJBVOTLIAVU5M8gBVTk0SAHR
469=HzVIAckXNigpADcoKQA4KCkAOSgpADooKQA7SAFgMF1WPMgBTSU9yAFNPD5IAckMPygpAE
470=AoKQBBKCkAQigpAEMoKQBEKCkARSgpAEZJAT1IDVkyR8gBWTJIyAFZMklIAcEPSkgBxR5L
471=SAHdjkwoKQBNSQE3sQlOSAFkjEEaT8gBQQNQyAFBGlFIAd0KUkgB3QpTSAEnshFHAGgBWR
472=FVVALVDVZIAdkGV0gB2QZYSAHVAlkoKQBaKCkAW0kBLkAQQRpcyAFFE11IAdkGXkkBuEAE
473=XSBfSAFwjUEEYMgBQQNhSAF8jkkXYkkB+VQDTQVjSAElJTFkSAHRCWUoKQBmKCkAZygpAG
474=goKQBpKCkAaigpAGsoKQBsKCkAbSgpAG4oKQBvSAF8jgESAABwSAFkjFkcccgBXxQNAEjl
475=jA5JAaRUGUkXD0gBeIpNBRDIAU0FEUgBZIxZfxJIAcEaEygpABQoKQAVKCkAFigpABcoKQ
476=AYKCkAGUgBbIlVDRrIAVUNG0gByQwcKCkAHSgpAB4oKQAfSAHFNCBIAdkGIUgBeIpNGiLI
477=AUU0I8gBAQYAACTIAUmbJUgB2QYmKCkAJygpACgoKQApKCkAKigpACsoKQAsKCkALUgBwV
478=EuSAHJDC8oKQAwKCkAMSgpADIoKQAzSAF0GFkyNMgBWV41yAFNJjZIAd0KNygpADhIAcEP
479=OUgBwQQ6KCkAO0gBeIpdIDzIAV0gPcgBTTw+SQFDTCdVDT9JAWJIAU0QQMgBVQJByAFNEE
480=LIAV02Q0gB1Q1EKCkARSgpAEZIAXiKTQVHyAFJC0jIAUU0SUgBxQhKKCkAS0gBwX1MKCkA
481=TSgpAE4oKQBPSAFkjEEaUMgBQRpRSQHPSA1JF1JIAckMU0gB2V5USAF4ik0EVcgBWRFWSA
482=HNBVcoKQBYKCkAWUgByS1aSAFsiVkGW8gBXStcyAFZEV1IAdEJXkgBcFZdIF/IAUEPYEgB
483=ZIxNBWHIAUkXYkkB+kAFQTBjSAHFCGQoKQBlKCkAZigpAGcoKQBoKCkAaSgpAGooKQBrKC
484=kAbCgpAG0oKQBuKCkAbygpAHAoKAABDgBJAGQpXRQPyAFBGhBIAWyJSSIRSAHJFxIoKQAT
485=KCkAFCgpABUoKQAWKCkAFygpABhIASKYUEkiGcgBQTsayAFNUhtIAdUNHCgpAB0oKQAeKC
486=kAH0gBzTEgyAFJFyFIASIcO0kXIkgBdHABCQAAI8kBCmKISQB0AgELAAAlVQK+TAZNECZI
487=Ad1BJ0gBzRAoKCkAKSgpACooKQArKCkALCgpAC0oKQAuKCkAL0gBfBVRHzBJAbNAD0kBMc
488=gBTRAySAHBDzNIAXAUTQQ0yAFBGjXIAVlTNsgBSU43SAHZBjgoKQA5SAEl2Sw6SAHNGztI
489=ASX1SzxJAfNYPk0QPUgBdIZBMD7IAUEDP0gBYIhNEEDIAU0QQcgBTRBCyAFNEENJAVVABV
490=EJRMgBQRpFyAFdCkZIAWCIWQZHyAFZBkjIAVVlSUgB1RhKKCkASygpAExIAc2JTSgpAE5I
491=AdkGTygpAFBIAXSGRRJRyAFJF1LIAU0QU0gB2V5UyAFNBVVIAWyJWRFWSAHNJldIAckMWC
492=gpAFlIAXSGTQVayAFdTFvIAV1MXEgB2QZdSQHGXAtVI17IAVUjX0gBfEFdIGDIAVEJYUgB
493=xTRiSAElMSJjSAHRCWQoKQBlKCkAZigpAGcoKQBoKCkAaSgpAGooKQBrKCkAbCgpAG0oKQ
494=BuKCkAbygrAA8ASpSGSRcQyAFJFxFIAdEUEigpABNIAcUpFEgBwQQVKCkAFigpABcoKQAY
495=SAFohUFRGcgBRSgayAFVORtIAdEJHEgByQwdSAHVAh5IAdUuH8gBVS4gSAHVLiHIAUkXIk
496=gB2QYjSAHRCSRIAXyDTRAlyAFNECbIAU0QJ0gB2QYoKCkAKSgpACpIAWTDRT8rSQG1WAdJ
497=ASxIAdkGLUgBeJVVAi5IAdUCL0gBcBRBDzDIAUUHMUgBdIZdVzLIAUEwM8gBVRg0SAF0hk
498=FRNcgBQVE2yAFBnjdJAb9ECV0gOEgB1Q05SAEl5Uk6SAHVAjsoKQA8SAElqV09SAHVhj5I
499=AcElP0gB0Y1ASAHFCEEoKQBCKCkAQ0gBaIVNG0TIAUUSRcgBUSpGSAHFCEcoKQBIKCkASS
500=gpAEooKQBLKCkATCgpAE1IAdEUTkgB3QpPKCkAUEgBwQRRSAF0hlknUsgBWSdTyAFZJ1RI
501=AXSGVS5VyAFVLlZIAcGTV0gByQxYKCkAWUgBaIUBDAAAWsgBAQ0AAFtIAc0FXEgBzRBdSA
502=FwVkmmXsgBQSVfSQH/XABVRGBIAc0FYUgBxQhiKCkAYygpAGQoKQBlKCkAZigpAGcoKQBo
503=KCkAaSgpAGooKQBrKCkAbCgpAG0oKQBuKCsAEABLJoUyESgpABIoKQATKCkAFCgpABUoKQ
504=AWKCkAFygpABgoKQAZSAEiaFVJIhrIAVVaG0gBySIcKCkAHSgpAB5IAd0rH8gBXSogSAHR
505=KiFJAS9AUkkAIsgBTVIjyAFJbyRIAckMJUgBfINdQSbIAV1BJ0gBwQQoKCkAKUkBtlAKXR
506=UqSAFwgkEPK8gBQQMsSAF8g0kBLcgBQQ8uSAF8g1UCL8gBVQIwSAF8g0EPMcgBQQ8ySAF8
507=g11MM8gBXUw0yAEBDgAANUkB/1QOTRA2SAFkgVUBN8gBSQw4yAFJDDlIAdUYOkkB/UAFWQ
508=Y7SAHZfzxIAcEEPUkB+qEEPkgB1QI/SQH4tQJASQH1qQFBSAHFCEJIAc0FQ0kBXUAQSQxE
509=yAFVOUXIAVFhRkgBzQVHSAHRNUhIAdUCSSgpAEpIAcEES0gBwQRMKCkATSgpAE4oKQBPKC
510=kAUCgpAFEoKQBSKCkAU0gByQxUSAHJDFVIAcWBVigpAFdIAcEEWCgpAFkoKQBaKCkAWygp
511=AFwoKQBdSAFwVkEkXsgBRTRfSQGvSAJBJWBIAckMYSgpAGIoKQBjKCkAZCgpAGUoKQBmKC
512=kAZygpAGgoKQBpKCgACWoASwD//wAAAAAAaxEAAIkOACAIAEsA//8AAAAAAGwoKQBtKCsA
513=EQBM4QQSKCkAEygpABQoKQAVKCkAFigpABdKAScEQwwAABhKAf//iQEZSQFBVAIBAgAAGk
514=kBZkgBXQIbyAEBAQAAHMgBQQQdSAHZBh5JAcZMBUkAH8gBAQUAACBJAaxIAlkGIUkBL0gB
515=AQgAACLIAQEJAAAjyAEBCgAAJMgBAQsAACVJAb5MBVUCJsgBVQInSQHNVAJRCSjIAU0QKU
516=kBtlQCAQMAACrIAVUBK0kBt1wAAQcAACzIAUEPLUkB+0AFQRouSAHRHy9JAf+1AjBIAdUC
517=MUgBzRsySAHZBjNIAdUCNGgBuQY1SAHZBjZIAcEEN0kBv60QOMgBTRA5SQHCVAJVGDpIAd
518=kGO0kB/LEJPEkB9akBPUkB76kBPkgB1QI/SQHytQJASAHVDUFJAf61AkJIAdUCQ0kBXVQN
519=QQNEyAFVAUXIAUU0RkgBzQVHKCkASCgpAEkoKQBKKCkASygpAEwoKQBNKCkATigpAE8oKQ
520=BQKCkAUSgpAFIoKQBTKCkAVCgpAFUoKQBWKCkAVygpAFgoKQBZKCkAWigpAFtIAcktXEgB
521=xR5dSQE5QDFdQV5JAa9II0ElX8gBVQFgyAFBJWFIAdkGYigpAGMoKQBkKCkAZSgpAGYoKQ
522=BnKCkAaCgpAGkoKQBqKCkAaygpAGwoKwASAE3tfhMoKQAUKCkAFSgpABYoKQAXKCkAGCgp
523=ABkoKQAaSAFgfVEfG8gBUR8cyAFRHx1IAdEfHigpAB9IAXR7WQYgyAFZBiHIAVkGIkgBbX
524=4NYn1NAGkBDmB9JxUDJUAE2TImSAF0e0UIJ8gBRQgoyAEBBgAAKcgBSXoqSAFsfkkBK8gB
525=RWssSAHVOS1IAdlpLkkB80QUTTwvSAHVGDBJAfm1AjFIAcVrMkgB3W0zSAHZBjRIAdEUNU
526=gBxYE2SAHRCTdIAcEEOEgBdHtJCznIAUEaOsgBQRo7SAHZBjxIAdkGPUkB+kwGURQ+SAHB
527=BD9IAdUYQEgB2RFBSAHZBkJIAc0FQ0gBYH1BJUTIAVUjRcgBVSNGSAHNBUcoKQBIKCkASS
528=gpAEooKQBLKCkATCgpAE0oKQBOSAHZEU9IAckMUCgpAFEoKQBSSAHNBVNIAc0FVCgpAFUo
529=KQBWKCkAVygpAFgoKQBZKCkAWkgB3QpbSAHRQFwoKQBdKCkAXigpAF9IAWx+QSVgyAFBJW
530=FJAa5QNl2CYkgB0RRjKCkAZCgpAGUoKQBmKCkAZygpAGgoKQBpKCkAaigpAGsoKwATAE71
531=exQoKQAVKCkAFigpABcoKQAYKCkAGSgpABpIAWh6XUEbyAFZHBzIAVkcHUkBP7kcHkgB2R
532=wfKCkAIEgBdHtZBiHIAVkGIkkBrbkGI0gB1S4kSQGjVAJdVyVJAaKpASbIAUUpJ0gBdHtJ
533=/ijIAVH7KcgBUfsqSAHRCStIAck4LCgpAC1IAdEULkgB3WIvSAHRdzBIAdniMUgB0QkySA
534=HNBTNIAdV7NEgB2QY1SAHZBjZIAckMNygpADgoKQA5SAF0e0kiOsgBSSI7SQHDRB5ZHDxJ
535=Af29eD1JAfapAT5IAdkRP0gByQxASAHNfkFIAdUCQigpAENIAWh6TSZEyAFNJkXIAU0mRk
536=gB3QpHSAHNJkhIAdEJSSgpAEpIAc0FS0gBwQRMSAHZBk1IAdUCTigpAE8oKQBQSAHFCFFI
537=AdkGUigpAFMoKQBUSAHNBVVIAd0KVigpAFdIAcEEWEgBwQRZKCkAWigpAFtIAdUNXCgpAF
538=1IAcUIXkgBwQRfSAHRCWBIAXx4TTBhyAFRNGLIAUmxY0gBzQVkKCkAZSgpAGYoKQBnKCkA
539=aCgpAGkoKQBqKCsAFABP/XgVKCkAFigpABcoKQAYKCkAGSgpABooKQAbKCkAHEgBZHYBAg
540=AAHUkBZ1QZXW0eyAFVTx/IAUEEIEgBzRshSAFkdlUCIsgBSSIjSQHFRAhZBiRIAXB3VQIl
541=yAFBAyZIAXx4SQEnyAFNJihIAXx4WfgpyQEPIuMtTwCwQAVRCStUAsEPLEgBxTQtSAHd5i
542=5IAdUCL0gBzQUwSAHRYTFIAdUCMigpADNIAcEENEgBwQQ1SAEl0Ss2SAHVAjdIAckMOEkB
543=LkQTUR85yAFZHDpIAWR2QRo7yAFdpDzIAVV7PcgBVXs+yAFVcD9IAdV7QEgB1XtBSAHBD0
544=IoKQBDSAHNEERJAV5MEFE1RcgBQSVGSAHRVkcoKQBISAHRCUlIAcUISkgB1QJLSAHZBkwo
545=KQBNSAHBBE4oKQBPKCkAUCgpAFFIAcUIUigpAFMoKQBUSAHRCVUoKQBWKCkAVygpAFgoKQ
546=BZKCkAWigpAFsoKQBcKCkAXSgpAF4oKQBfKCkAYCgpAGFIAXx4WTJiyAFZMmNIAclOZEgB
547=3RVlKCkAZigpAGcoKQBoKCkAaSgrABUAUOV2FigpABcoKQAYKCkAGUgB2TIaSAHBDxsoKQ
548=AcKCkAHUgBeHRJTh7IAV1AH8gBVU8gSAHFCCEoKQAiSAFsc1kGI8gBWQYkyAFZBiVIAWR2
549=SSImyAFJIidIAdEJKCgpAClIAWAlUQkqyAFRCSvIAVEJLEgB2QYtSAHZaS5IAdUCL0gBJa
550=0sMEkB9EQJSVkxSAHJ6DJJAfG1AjNIAcEENEgBJckqNUgBzSY2SAHdCjdIAWxzTRA4yAFV
551=cDnIAU0bOkgBzQU7SAFkdlXePMgBAQwAAD3IAQENAAA+yAFBkz9JAcRMHFFsQEgBxQhBKC
552=kAQigpAEMoKQBESAF4dEmFRcgBTRpGSAHFCEdIAcFnSEgB1QJJKCkASkgB2RxLSAHNBUwo
553=KQBNSAHZBk4oKQBPKCkAUEgB2QZRKCkAUkgB2QZTSAHJDFRIAdUCVSgpAFYoKQBXKCkAWC
554=gpAFkoKQBaKCkAWygpAFwoKQBdKCkAXigpAF8oKQBgKCkAYSgpAGJIAclOY8gBWTFkyAFZ
555=PWVIAckXZigpAGcoKQBoKCsAFgBR7XMXKCkAGCgpABkoKQAaKCkAGygpABwoKQAdSAFgcl
556=1MHsgBXUwfyAFNaCBJAUNQFU1HIUgB0RQiKCkAI0gBbHNZBiTIAVkGJUgB3TYmSAHZBico
557=KQAoKCkAKSgpACpIAWAlUQkryAFRCSxIAcUILUgB2T0uSAHVcC9IAdHPMEgBzQUxKCkAMk
558=gB0eUzSAHFCDRIAdUCNUgB2QY2SAF0cEEPN8gBSd04yAEBCgAAOUgBzQU6KCkAO0gB3Qo8
559=SAHBBD1IAdUCPkgBdHBNaD/IAV0qQMgBUUBBSAHNBUJIAcUIQygpAERIAWByWQZFyAFZBk
560=ZIAdkGR0gB2QZISAHBMElIAdUCSkgB1QJLKCkATCgpAE1IAc0FTigpAE9IAckMUEgBwQRR
561=KCkAUigpAFMoKQBUKCkAVSgpAFYoKQBXKCkAWEgByQxZSAHJDFooKQBbKCkAXCgpAF0oKQ
562=BeKCkAXygpAGAoKQBhKCkAYigpAGNIAclOZMgBRT9lSAHNEGYoKQBnKCsAFwBS9XAYKCkA
563=GSgpABooKQAbKCkAHEgB2RwdSAHJDB4oKQAfSAF8bVGuIMgBQUYhSQFAWD5ZzCLIAUFyI0
564=gBxQgkSAHBOyUoKQAmSAHBBCcoKQAoKCkAKUgB2QYqSAF8IEFcK8gBTcssSQGrQA9VDS3I
565=AUUTLkgB2eIvSAHBGjBIAcFyMUgBJy4cUgAlkTkzKFUANEgB2eI1SAHZ4jZIAWhvRdk3yA
566=FF2ThIAckMOUgBwRo6KCkAOygpADwoKQA9KCkAPigpAD9IAXRwRYxAyAFZPUFIAd0KQigp
567=AENJAT1QH1UuRMgBXSBFyAFdIEZIAdkGRygpAEgoKQBJSAHJF0pIAc0FSygpAEwoKQBNKC
568=kATigpAE8oKQBQKCkAUSgpAFIoKQBTKCkAVCgpAFUoKQBWSAHZEVdIAdkRWCgpAFkoKQBa
569=KCkAWygpAFwoKQBdKCkAXigpAF8oKQBgKCkAYSgpAGIoKQBjSAHJTmTIAUlOZUgBxRNmKC
570=sAGABT/W0ZKCkAGigpABsoKQAcKCkAHSgpAB5JAbxUOUk4H0gByQwgKCkAIUgBcGxBOyJI
571=AXjiRT8jyAFZBiTIAUEEJUgBxQgmSAHRKidIASU9NChIAdVaKUgBwQQqSAEl2TcrSAFka0
572=W4LMgBUfAtyAFZUy7IAVlTL8gBXdAwSAHJbzFIAd0KMkgB1QIzSQFwWBxJFzTIAUkXNUgB
573=wQQ2SAHJFzcoKQA4KCkAOUkBM0QIWQY6SAHNBTsoKQA8KCkAPSgpAD5IAdkRP0kBYUQITR
574=BAyAFRCUHIAVknQsgBSZtDSAFwbEkBRMgBRQdFyAFVI0ZIAc0QRygpAEgoKQBJKCkASigp
575=AEsoKQBMSAHFE01IAdEJTigpAE9IAdmgUEgBzQVRSAHNBVIoKQBTKCkAVEgBzQVVSAHNBV
576=YoKQBXKCkAWCgpAFkoKQBaKCkAWygpAFwoKQBdKCkAXigpAF8oKQBgKCkAYSgpAGIoKQBj
577=KCkAZCgpAGUoKwAZAFTlaxooKQAbKCkAHEgBIuhwVTkdSAFsaFE1HsgBUTUfyAFRNSBIAd
578=0gISgpACJIAXhpWQYjyAFZBiTIAVkGJUgB2QYmaAFABVUNJ0gB3SsoSAElqSYpSAHNBSpI
579=AdUCK0gB1QIsSAHZBi1IAXBsQcouyAFByi/IAQEOAAAwSAEiTFdZUzFIAcUIMigpADNIAX
580=hpRRI0yAFJFzXIAUkXNkgB2QY3SAHBDzhIAWxoTQU5yAFNBTrIAUF9O0gBzQU8SQE7QAVF
581=Hj3IAVkRPsgBVWU/SAF4aU0EQMgBUQlByAFRCULIAVWGQ0gBeGlVAkTIAVUCRcgBTYlGSA
582=HdFUcoKQBIKCkASSgpAEooKQBLKCkATEgB1WVNSAHRCU5IAdUCTygpAFAoKQBRSAHNBVIo
583=KQBTKCkAVCgpAFUoKAAGVgBUAP//AAAAEQAAaQ4AIAYAAFcAVAD//wBgAANYAFQA//9mAQ
584=BZKCkAWigpAFsoKQBcKCkAXSgpAF4oKQBfKCkAYCgpAGEoKQBiKCkAYygpAGQoKwAaAFX5
585=ERtKAbYEhRMcSQG3SAEBAwAAHcgBVQEeSQG8XAABBwAAH8gBAQgAACBKATkBmQYhSAHNGy
586=JJAWdMBQEGAAAjyAFZBiTIAVkGJUkBPkAERQcmSAHZBidJAf1UDlkJKEkB76kBKUkB9akB
587=KkkB9KkBK0kB8akBLEgBwQQtSQH3tQIuSQGrSAwBEgAAL0kBrEgBQQMwyAFVATHIAQEFAA
588=AySQEnSAJBDzNIAdkRNEkBcFQCSRc1SAFgGlUBNsgBWQY3SAHNBThJATNUA00bOcgBAQkA
589=ADrIAQEKAAA7yAEBCwAAPEkBO0wFWRE9yAFVAT7IAV0KP0kBYUgCUQlAyAFRCUHIAVEJQs
590=gBUQlDSAHJF0RIAdkRRSgpAEYoKQBHSAHNBUhIAc0FSSgpAEooKQBLSAHBO0woKQBNSAHZ
591=Bk4oKQBPKCkAUEgB2QZRSAHNBVIoKQBTSAHNEFRIAcEEVSgpAFYoKQBXKCkAWCgpAFkoKQ
592=BaKCkAWygpAFwoKQBdKCkAXigpAF8oKQBgKCkAYSgpAGIoKQBjKCgAARsAVgBoZF02HMgB
593=UTQdSAF0ZVVEHsgBXTYfSAHdICAoKQAhKCkAIkgB3SAjKCkAJEgBfGIBAgAAJUkBZlwLTV
594=ImyAFVZSfIAUEEKEkB+kwRQQQpSAHRCSpIAdEqK0gBwQQsSAHBBC1IAcEELkkB+6UIL0gB
595=wQQwSAF0ZUEaMcgBQRoySQGwWBFNEDNIAcUINCgpADVIAWhkWQY2yAFZBjdJAT+5BjhIAc
596=kMOUgBdWUNamRWAGkBDmpkVgDNJjxBBGBYBk0bPcgBQQ8+yAFRHz9IAc0QQCgpAEEoKQBC
597=KCkAQygpAEQoKQBFKCkARigpAEcoKQBIKCkASUgByRdKSAHBD0soKQBMKCkATSgpAE4oKQ
598=BPKCkAUEgB0QlRSAHRCVIoKQBTKCkAVCgpAFUoKQBWKCkAVygpAFgoKQBZKCkAWigpAFso
599=KQBcKCkAXSgpAF4oKQBfKCkAYCgpAGEoKQBiKCkAHETcfGJFPx3IAUU/HkgBzRsfKCkAIE
600=gB0R8hSAHZPSIoKQAjSAHZBiQoKQAlSAFwYVFVJsgBVUMnyAFJpihJAf5UA0FGKUgBxQgq
601=KCkAK0kB+KEELEgBJ74YVwDVyC5VAvahBC9IAcUIMCgpADFIAWRgTQQyyAFNEDPIAU0QNE
602=gB2QY1SAHZHDZIAWRgUVY3SAF0GFEUOMgBVVo5yAFBBDpIAckiOygpADxIAXBhQQ89yAFB
603=Dz7IAUEPP0gBwQ9ASAHBD0FIAdUCQigpAEMoKQBEKCkARSgpAEYoKQBHKCkASCgpAEkoKQ
604=BKKCkASygpAEwoKQBNKCkATigpAE9IAdkcUEgB0RRRKCkAUigpAFNIAcEaVEgBzQVVKCkA
605=VigpAFcoKQBYKCkAWSgpAFooKQBbKCkAXCgpAF0oKQBeKCkAXygpAGAoKQBhKCsAHQBYJh
606=0lHigpAB8oKQAgKCkAIUgB0R8iKCkAI0gBzRskSAHFHiVIAWBGAQYAACbIAVFsJ8gBUWwo
607=SQFEUEFZSClIASXxJCpIAdVaK0kB8kBHSU4sSAHJDC1IAcXDLkgB1Q0vSAHBBDAoKQAxSA
608=HBBDJIAWRgTRAzyAFNEDRIAdkGNUgBzRs2KCkAN0gBdBhZEDjIAUkWOcgBXVc6SAHJDDtI
609=AdEJPEkBSUAFSRc9yAFZHD5IAc0FP0kBykAEVQJASQGpSAFNBUHIAVUCQkgB0QlDKCkARC
610=gpAEUoKQBGKCkARygpAEhIAdUNSUgB0QlKKCkASygpAExIAc0FTUgBzQVOSAHJIk8oKQBQ
611=SAHBBFEoKQBSKCkAUygpAFQoKQBVKCkAVigpAFcoKQBYKCkAWSgpAFooKQBbKCkAXCgpAF
612=0oKQBeKCkAXygpAGAoKwAeAFntXR8oKQAgKCkAISgpACIoKQAjKCkAJCgpACVIAc0mJigp
613=ACdIAXRaRaIoyAFNRylIAc0FKkgB0bkrSAElSTAsSAHZXi1IAdUCLkkB81gHSUMvSAHVLj
614=AoKQAxKCkAMkgBYFwBCgAAM8gBAQsAADRJAcxQS0VKNUgB1Tk2KCkAN0gBYFxZdDjIAUlk
615=OcgBSWQ6SQFYpQg7yAFNGzxJAWhUAlkGPUgBbF1dFD5IAXRaQQM/yAFJZEDIAU0FQUgBbF
616=1NBUJIAcEaQygpAERIAcElRUgBwQRGKCkARygpAEgoKQBJKCkASigpAEsoKQBMKCkATSgp
617=AE4oKQBPSAHVI1BIAcEPUSgpAFIoKQBTKCkAVCgpAFUoKQBWKCkAVygpAFgoKQBZKCkAWi
618=gpAFsoKQBcKCkAXSgpAF4oKQBfKCsAHwBa9VogKCkAISgpACIoKQAjSAHdKyRIASKQOVU5
619=JUgBxR4mKCkAJ0kBOkg5VU8oyAFZSCnIAVkGKkgBybErSAHFCCxIAdUCLUgB1QIuSAElkS
620=MvSAHNEDBJAS1IDF0KMcgBXQoySAHZBjNIAXxXTQQ0yAFFSjXIAUVKNkgBzQU3SAHdCjhI
621=AdUCOUgBfFdFCDrIAUUIO8gBRQg8yAFZXj1IAdkGPigpAD9IAXRaAQkAAEDIAVFsQcgBUW
622=xCSAHZBkMoKQBEKCkARSgpAEZIAd1MRygpAEhIAcUISSgpAEooKQBLKCkATCgpAE0oKQBO
623=SAHRH09IAdEJUCgpAFEoKQBSKCkAUygpAFQoKQBVKCkAVigpAFcoKQBYKCkAWSgpAFooKQ
624=BbKCkAXCgpAF0oKQBeKCsAIABb/VchKCkAIigpACMoKQAkKCkAJSgpACZIAdEfJ0gBcFZF
625=jCjIAUU/KcgBRT8qSAHBUStIAcElLEgB1QItSAHRCS5IAcEEL0gBZFVRCTDIAVEJMcgBWU
626=gyyAFZSDNIAdkGNEgBfFdNRzXIAU1HNsgBTUc3SAHNBThIAclDOUgBcFacr1zeVA5FCDvU
627=AkUIPMgBRQg9SAHFCD5IAckXP0gB1QJASAF8VwEOAABByAEBDwAAQkkBvlwKSW9DSAHNBU
628=QoKQBFKCkARkgBxRNHKCkASEgB2QZJKCkASkgBzRBLSAHZBkwoKQBNKCkATkgBxQhPKCkA
629=UCgpAFEoKQBSKCkAUygpAFQoKQBVKCkAVigpAFcoKQBYKCkAWSgpAFooKQBbKCkAXCgpAF
630=0oKwAhAFzlVSIoKQAjKCkAJCgpACVJAThcK1WnJsgBSS0nSAF4U0FGKMgBQUYpyAFZPSpJ
631=AUC5BivIAVkGLEgBwSUtKCkALigpAC9IAXhTRQgwyAFBRjHIAUFGMsgBQUYzSAHFNDRJAb
632=u1DTVIAWRVVUQ2SQEwtQI3yAFNEDhJAUy1AjlIAdX/OkgBZVUNIg5EXABoAUUIPFQCyQw9
633=SAHJFz4oKQA/KCkAQEgB1URBSAFsUlF3QsgBQQ5DyAFdbURIAdEJRSgpAEYoKQBHSAHBD0
634=hIAc0FSSgpAEooKQBLSAHBD0woKQBNKCkATigpAE9IAdEJUCgpAFEoKQBSKCkAUygpAFQo
635=KQBVKCkAVigpAFcoKQBYKCkAWSgpAFooKQBbKCkAXCgrACIAXe1SIygpACQoKQAlSAHJIi
636=ZIAdUYJygpAChIAcEEKUgBwQQqSAFgUV3xK0gBInhMSVksyAFdQS3IAUEELkgBxQgvSAHF
637=CDBIAWxSSUMxyAFJQzJIAcEEM0kBskA8UQk0SAFgUVEJNcgBUUA2SAFgUVUCN8gBVQI4SA
638=FgUVUCOcgBVQI6SAHNEDtIAckMPEkBKkgMSRc9SAHVAj5IAc0FP0gB0UBAKCkAQSgpAEJI
639=AWxSWXRDyAFRbERIAdEJRSgpAEYoKQBHKCkASCgpAEkoKQBKKCkASygpAEwoKQBNSAHRFE
640=5IAdEUT0gBwQ9QKCkAUSgpAFIoKQBTKCkAVCgpAFUoKQBWKCkAVygpAFgoKQBZKCkAWigp
641=AFsoKwAjAF71TyQoKQAlKCkAJigpACcoKQAoKCkAKSgpACooKQArSAFoTkE7LMgBVTgtyA
642=FFgS5IAd0gLygpADBIAc0mMUgBwQQySAF8TEUIM8gBRQg0yAFJsTVIAXRPVQI2SAHFCDdJ
643=AV1MBk1HOMgBRVU5yAFVTzpIAckMOygpADwoKQA9KCkAPigpAD8oKQBASQE3qQxBSAHNPE
644=JIAWhOWbZDyAFZtkRJAb9MBU0QRUgBzQVGSAHdFUdIAdkRSCgpAElIAc0FSkgBwQRLKCkA
645=TCgpAE0oKQBOKCkATygpAFAoKQBRKCkAUigpAFMoKQBUKCkAVSgpAFYoKQBXKCkAWCgpAF
646=koKQBaKCsAJABf/UwlKCkAJigpACcoKQAoSAHJIilIAcUeKkgB1QIrSAFwS0U/LMgBVXst
647=yAFVey5JAUOpLS9JAWRIAVFAMMgBQTAxSAHdCjIoKQAzSAF8TEXvNMgBSTg1yAFJODZIAc
648=0xN0gBcEtBXDjIAVUMOcgBQVE6SAHJDDsoKQA8SAHVGD1IAcEEPkgB1QI/SAHVAkAoKQBB
649=SAHBBEJIAcEEQ0gBZEpNEETIAU0QRcgBTRBGSAHNBUcoKQBISAHVGEkoKQBKSAHJDEtIAd
650=kGTCgpAE0oKQBOKCkATygpAFAoKQBRKCkAUigpAFMoKQBUKCkAVSgpAFYoKQBXKCkAWCgp
651=AFkoKwAlAGDlSiYoKQAnKCkAKCgpAClIAc0bKkgBzRsrSAHdICxIAdUCLUgBbEddgy7IAV
652=0rL0gBeEhVAjDIAVUCMUgBbOxRSzLIAVFLM0gB1Q00SAHdCjVIAdUNNigpADdIAXhISVk4
653=yAFJWTnIAUlZOkgB0Qk7SAHRCTwoKQA9SAElnSo+yAEGAQAAPwBgAP//EQAAkgwGHQgAAA
654=AAAEAAYAD//0ABAgAAQQBg6QFCKCkAQ0oBJwSBBERJAb9IAQEHAABFyAEBCAAARkkBvlQC
655=AQEAAEdIAdEJSCgpAEkoKQBKKCkASygpAEwoKQBNKCkATigpAE8oKQBQKCkAUSgpAFIoKQ
656=BTKCkAVCgpAFUoKQBWKCkAVygpAFgoKwAmAGH9ICcoKQAoKCkAKSgpACpJAbZQHwEDAAAr
657=SAHRHyxIAc0mLUgB1QIuKCkAL0gBwQQwSAHBBDFJAUBQCQECAAAySQFmSAFdLjPIAV0rNM
658=gBQQQ1SAHZBjZIAdEJN0kBXVgGAQkAADjIAQEKAAA5yAEBCwAAOkkBOUQJXQo7SAHFCDxI
659=AcUIPSgpAD5IAcEEPygpAEAoKQBBKCkAQkgB3QpDaAFMEFUMREgB3QpFSAF0REElRsgBTQ
660=RHyAEBBQAASEgB1Q1JKCkASigpAEsoKQBMKCkATSgpAE4oKQBPKCkAUCgpAFEoKQBSKCkA
661=UygpAFQoKQBVKCkAVigpAFcoKwAnAGL1RCgoKQApKCkAKigpACtIAd0gLEgB2RwtSQE3UC
662=BNMS5IAdUCL0gBzQUwSAHRKjEoKQAySAFoQ0UpM8gBUQg0yAFFKTVIAdkGNkkBUlQDSQw3
663=yAFZMjjIAVlIOUgBzQU6KCkAOygpADxIAcUTPSgpAD5IAdkGP0gBwQRASAHJF0FIAdUCQk
664=kBOUwQVQ1DyAFJF0RIAcEERSgpAEZIAXRERYxHyAFFjEhIAd0KSUgB2QZKKCkASygpAEwo
665=KQBNKCkATigpAE8oKQBQKCkAUSgpAFIoKQBTKCkAVCgpAFUoKQBWKCsAKABj/UEpKCkAKi
666=gpACsoKQAsSAHZJy1IAc0bLkgBzRsvKCkAMEgBzQUxKCkAMkgBcEABBgAAM8gBTSY0yAFN
667=JjVJAUNULlk9NkgBcEBVLjfIAUEDOMgBQUY5SQE0SAJVRDpIAc0QO0gBwQ88SAHRFD1IAc
668=EEPigpAD8oKQBAKCkAQSgpAEIoKQBDKCkARCgpAEVIAckMRkgBcEBFl0fIAUWXSMgBQRpJ
669=SAHNEEooKQBLKCkATCgpAE0oKQBOKCkATygpAFAoKQBRKCkAUigpAFMoKQBUKCkAVSgrAC
670=kAZOU/KigpACsoKQAsKCkALSgpAC5IAd0rL0gB0R8wSAHNGzEoKQAySAHNBTNIAc0FNEgB
671=bDxFazXIAU08NkgBeD1JQzfIAUlDOMgBSUM5SAF4zJo9ZABoAVEqO1QCwQ88KCkAPSgpAD
672=5IAcEPP0gBzQVASAHVAkFIAdUCQkgB1QJDSAHVAkRIAdUYRSgpAEZIAc0FR0gBZD9VGEjI
673=AVlSScgBRVVKSAHRCUsoKQBMKCkATSgpAE4oKQBPKCkAUCgpAFEoKQBSKCkAUygpAFQoKw
674=AqAGXtPCsoKQAsKCkALUgBzRsuKCkALygpADAoKQAxKCkAMkgBwRozKCkANCgpADVIAdUj
675=NkgBzQU3KCkAOEgBwQQ5SAF0OV1BOkkBZ0wnTTw7yAFNPDzIAUEEPUgB0Qk+SAHJFz9IAd
676=UCQCgpAEEoKQBCSQE1vQpDyAFdCkRIAcUIRSgpAEZIAdEJRygpAEhIAWw8TVJJyAFNUkpI
677=Ac0FSygpAEwoKQBNKCkATigpAE8oKQBQKCkAUSgpAFIoKQBTKCsAKwBm9TksKCkALSgpAC
678=4oKQAvSAHNGzAoKQAxKCkAMkgByRczSAHNMTRJAbxAJVUjNUgBwQQ2KCkANygpADgoKQA5
679=KCkAOkgBaDhRYTvIAV0JPMgBUWE9SAHFEz4oKQA/SAHVDUBIAdkRQUgB1QJCKCkAQ0gBxQ
680=hESAHNwEVIAc0FRigpAEcoKQBISAFoOEG0ScgBQbRKSAEidDBFHktIAcUITCgpAE0oKQBO
681=KCkATygpAFAoKQBRKCkAUigrACwAZ/02LSgpAC4oKQAvKCkAMCgpADFIAdkcMkgBxRMzSA
682=FkNF0rNMgBXSs1yAFdKzZIAc0FNygpADgoKQA5KCkAOkgBcDVRrjvIAUFcPMgBQVw9SQE/
683=XAtVIz5JASdIAU1zP0gByQxAKCkAQSgpAEJIAckXQygpAEQoKQBFSAHFCEYoKQBHKCkASC
684=gpAElIAWQ0RR5KyAFZEEvIAUUeTEgB0QlNKCkATigpAE8oKQBQKCkAUSgrAC0AaOU0Ligp
685=AC8oKQAwSAHBGjEoKQAySAHJIjNJAblYElUjNEgBZDRFKTXIAUUpNkgBxQg3SAHZBjhIAc
686=kXOSgpADooKQA7KCkAPEgBbDGaoGgAIhwlVQ0+VAJoAUU0P8gBQQRASAHdCkFJASmlE0JI
687=AdUCQ0gB2RFEKCkARUgBwQRGKCkARygpAEgoKQBJKCkASkgBZDRFHkvIAUUeTEgBfG1FE0
688=1IAd0KTigpAE8oKQBQKCgAAS4AaQDNBS8oKQAwKCkAMSgpADJJAbetGzNIAWAwUR80yAFB
689=RjVIAdkcNigpADdIAckMOCgpADkoKQA6SAHFNDtIAc0FPEgB1QI9SAF0LkkMPsgBWRA/yA
690=FNUkBIAdkGQUgB2QZCSAHVAkNIAcUTRCgpAEVIAcEERigpAEcoKQBIKCkASSgpAEooKQBL
691=SAF0LkUTTMgBRRNNyAFFE05IAckMTygrAC8AavUuMCgpADEoKQAySAFoLV0KM8gBXQo0SA
692=F0Ll0KNUgB2Rw2SAHJDDcoKQA4KCkAOSgpADooKQA7KCkAPCgpAD1IAWgtTZQ+yAFdTD/I
693=AV1MQEkBPkwRXUxBSAHBD0IoKQBDKCkARCgpAEUoKQBGKCkARygpAEgoKQBJKCkASigpAE
694=soKQBMSAF0LkUTTcgBRRNOSAHbETAAa/0rMSgpADJJAbpIF114M0gBfCtFCDTIAUUINUgB
695=xQg2SAHJ3TdIAdUCOEgB2Ug5SAHVAjpIAc0xO0gB1QI8KCkAPSgpAD5IAc0FP0gBZClNaE
696=BIAWTDRRNByAFdK0LIAUEEQ0gB3QpEKCkARSgpAEYoKQBHKCkASCgpAEkoKQBKKCkASygp
697=AExIAXAqQfZNyAFD9jEAbOUpMkgBeCdZETPIAVlTNEgBxRM1SAHNGzZIAcElNygpADhIAc
698=0FOSgpADpJATi5MjvIAVEfPEgB0Qk9SAHZBj4oKQA/KCkAQEgBeCdZEUHIAV0JQsgBVWVD
699=SAHFCEQoKQBFKCkARigpAEcoKQBIKCkASSgpAEooKQBLKCkATCgrADIAbe0mM0gBbCZNED
700=RIAc0QNSgpADZIASeiBG0AyQE4VALRHzlIAdUCOigpADtIAdEJPCgpAD0oKQA+KCkAPygp
701=AEBIAWAlVXtByAFFYELIAUVgQ0gBbFJBMERIAckMRSgpAEYoKQBHKCkASCgpAEkoKQBKKC
702=kASygrADMAbvUjNCgpADUoKQA2KCkANygpADhIAd0gOSgpADooKQA7SAHdFTwoKQA9KCkA
703=PigpAD8oKQBAKCkAQSgpAEJIAXwgTV1DSAFkok1zRMgBVSNFyAFBBEZIAcEPRygpAEgoKQ
704=BJKCkASigrADQAb/0gNSgpADYoKQA3SAHFHjgoKQA5KCkAOkgBwQ87SAHBRjxIAdUCPSgp
705=AD4oKQA/KCkAQCgpAEEoKQBCKCkAQ0gBcB9Fa0TIAUVrRcgBVVpGSAHVDUcoKQBIKCkASS
706=grADUAcOUeNigpADcoKQA4KCkAOUgB0R86SAHNGztIAdUNPCgpAD0oKQA+KCkAPygpAEAo
707=KQBBKCkAQigpAENIAXgcXWJEyAFdYkXIAV1iRkgBfEFFP0dIAc0QSCgrADYAce0bNygpAD
708=goKQA5KCkAOigpADsoKQA8KCkAPSgpAD4oKQA/KCkAQCgpAEEoKQBCKCkAQygpAEQoKQBF
709=SAF0GJFWcSZNK0dUAnAfTxs3AHL1GDgoKQA5KCkAOigpADsoKQA8KCkAPSgpAD4oKQA/KC
710=kAQCgpAEEoKQBCKCkAQygpAEQoKQBFKCkARkgBfBVPUjgAc/0VOSgpADooKQA7KCkAPCgp
711=AD0oKQA+KCkAPygpAEAoKQBBKCkAQigpAEMoKQBEKCkARSgrADkAdOUTOigpADsoKQA8KC
712=kAPSgpAD4oKQA/KCkAQCgpAEEoKQBCKCkAQygpAEQoKwA6AHXtEDsoKQA8KCkAPSgpAD4o
713=KQA/KCkAQCgpAEEoKQBCKCkAQygrADsAdvUNPCgpAD0oKQA+KCkAPygpAEAoKQBBKCkAQi
714=grADwAd/0KPSgpAD4oKQA/KCkAQCgpAEEoKwA9AHjlCD4oKQA/KCkAQCgrAD4AeewFCD8A
715=eQD//wAAAAAAEQAA

[Lighting]
Red=1.200
Blue=1.000
Green=1.150
Level=0.032
Ground=0.000
IonRed=1.500
Ambient=0.650
IonBlue=0.700
IonGreen=1.000
IonLevel=0.032
IonGround=0.000
IonAmbient=0.500

[Map]
Size=0,0,60,62
Theater=TEMPERATE
LocalSize=2,4,56,50

[Neutral]
Color=
NodeCount=

[Nod]
IQ=5
000=AFLD,24,54
001=PROC_AI,24,64
002=NUKE_AI,24,68
003=HAND_AI,20,65
004=PROC_AI,18,54
005=NUK2_AI,20,62
006=NUK2_AI,20,60
007=NUKE_AI,20,58
008=NUK2_AI,18,58
009=NUK2_AI,18,60
010=NUK2_AI,18,62
Edge=North
Side=Nod
Color=DarkRed
Allies=Nod
Credits=100
ActsLike=1
NodeCount=11
TechLevel=10
PercentBuilt=100
PlayerControl=no

[Nod1]
NodeCount=

[Nod2]
NodeCount=

[OverlayDataPack]
1=BQAAIP4AIACAIQAAIP5NGgCBAf7/AQCBA//7AUwahAEABgb+AwAAgQT+rwEAgG0AACD+Sg
2=AAiAcHBgAEBAAD/vcBAAH7gwAEAAID//cBUwD+BQAAgQYSAf/0AVEAgQMCAYEDMf8QDf/0
3=AVYCBf2CBgYB/oIGBv7zAQCBATQDAggEBP/8AVECIgb/9wFRAAQFUgL+/AEAgQNCCf6lDw
4=CAmAAAIP4pAACEAwMAA/75AQCHAQQEAAAHBP/7ASsAhAYABggABgID//QBLgKGAwcGAAcH
5=Af4CB/70AQCDAwAEAgEUBoQHAAQB//kBMgIB/4EGAgb/8wE0BoEEFfyCBgAWAYEE//QBMg
6=Qx+wYIJgf/8gE1AP4DAAAiAYMHBwgOB//3ATQI/gQABgIC/vgBAAf4A/v/+gEuAv7VCQCA
7=PwAAIP41FgCBAf73AQCBAwACAAOBBv74AQCJBAcABgYABwYE/vgBAIcGBwYABAAI/vgBAA
8=X+gQcCBYEGAAj+yAEAgIgAACD+LQAAhwMABgYEAAb++gEAhwYHAAAHAAT++QEAhgMABAcG
9=BgAH/vABAIIEA0H1AgKDAAAB//IBPgKBBwf7/vsBAIUGBgcGAAn8//oBLggQA4EH//wBNA
10=IJ+//7ATMCH/wIBf/8ASwIgwAHB//7AS4OhAAECAb//AEtDgYBgQP/8gE0Bv7hBwCABQAA
11=IP4AIACABQAAIP4AIACABQAAIP4AIACABQAAIP4AIACABQAAIP4AIACABQAAIP4AIACABQ
12=AAIP4AIACABQAAIP4AIACABQAAIP4AIACABQAAIP4AIACABQAAIP4AIACABQAAIP4AIACA
13=BQAAIP4AIACABQAAIP4AIACABQAAIP4AIACABQAAIP4AIACABQAAIP4AIACABQAAIP4AIA
14=CABQAAIP4AIACABQAAIP4AIACABQAAIP4AIACABQAAIP4AIACABQAAIP4AIACABQAAIP4A
15=IACABQAAIP4AIACABQAAIP4AIACA

[OverlayPack]
1=BQAAIP4AIP+AIwAAIP5ABv+BPf4MFP+Ba/7/Af+DaP9t/vkB/4Rt/3Bw/7MBShqArQAAIP
2=4rAP+CtLT+HQD/iGtwZ/9naf9s/toB/9osAIlvbv//cP9u/2n+9gH/gWb+BQD/hnD/bf9t
3=bf7zAf+BaAIBgXAD/IZo/2r//2f/9QFVAoVm/25vbQf+gmdv/vMB/wH0gWgH/Yb//2lr/2
4=sQCP/IAWUA3CsAyzsG/gMA/4FuEgv/zAFUCv4rAP83+IFoCAn+/QH/gWo0Cv7nAf+BPf78
5=Cf/oIAz/8wFWAP6kAf+A2QAAIP4pAP+Ea27/a/75Af+Ia2xm//9saP8ABv73Af+Ebv9nZw
6=IDg23/aAAH//IBNwKLb2r/bmhpZ/9o/2r+9AH/hG//Z2oR+oFpAAqCZmz/9wEwAIL/agIH
7=gm1o//UBNAKKbGto/25q/2z/bQID/gQA/4K0tP7tAf+BbAX7gWkQB4FsXAT/7QE5DBv0gW
8=0SAYVmbm9ob/7VAf/fOQ6Hbm9ma2b/aP/WATEGJ9DbCRIF+cEoAv/2ATUQ/t0B//4DALT/
9=/wEEFoG0MgT//AELFv//AQkYFgL/8wELHIB4AAAg/gwA/4K0tP7+Af//AAINAP8AAgwABA
10=H//QENBP4EALTg6wf//gExAM4OCv8AAg0E/vkH///6AUIKgZn+9wH/iJX/mv//lP+W//gB
11=MBSJnJz/lJP/m5uT/vgB/4WYmJP/l8kzGP/uATsUgZQEA4X//5qYnf7KAf+AmgAAIP4tAP
12=+Hl/+amJz/lv76Af+HlJn//5z/lf75Af+Gmf+Vmp2X//MBMgCEf4L/g/4FAP+BlQIEBAP+
13=7wH/hoP/f/+Hgv77Af+HhYSFif+Cgf76Af8F/oSA/4aI/h0A/4E9/9wBTAQUBIL/hP76Af
14=+Ehv+F///7AS0KA/+D/4GH2y4M/98BTBCDhX////wBKwiBhwoEwyoG/swJ/4ALAAAg/jYU
15=/4E9/skL/4AFAAAg/gAg/4AFAAAg/gAg/4AFAAAg/gAg/4AFAAAg/gAg/4AFAAAg/gAg/4
16=AFAAAg/gAg/4AFAAAg/gAg/4AFAAAg/gAg/4AFAAAg/gAg/4AFAAAg/gAg/4AFAAAg/gAg
17=/4AFAAAg/gAg/4AFAAAg/gAg/4AFAAAg/gAg/4AFAAAg/gAg/4AFAAAg/gAg/4AFAAAg/g
18=Ag/4AFAAAg/gAg/4AFAAAg/gAg/4AFAAAg/gAg/4AFAAAg/gAg/4AFAAAg/gAg/4AFAAAg
19=/gAg/4AFAAAg/gAg/4AFAAAg/gAg/4A=

[ScriptTypes]
0=01000000
1=01000041

[Soviet]
NodeCount=

[Soviet1]
NodeCount=

[Soviet2]
NodeCount=

[Special]
Color=
NodeCount=

[SpecialFlags]
Inert=no
FogOfWar=no
IonStorms=no
MCVDeploy=no
Meteorites=no
Visceroids=yes
FixedAlliance=no
TiberiumGrows=yes
InitialVeteran=no
HarvesterImmune=no
TiberiumSpreads=yes
TiberiumExplosive=no
DestroyableBridges=yes

[Structures]
0=Special,TIBSPRDA,256,49,79,64,None,1,0,1,0,0,None,None,None,0,0
1=Special,TIBSPRDV,256,42,87,64,None,1,0,1,0,0,None,None,None,0,0
2=Neutral,TIBSPRDR,256,42,52,64,None,1,0,1,0,0,None,None,None,0,0
3=Neutral,TIBSPRDR,256,47,54,64,None,1,0,1,0,0,None,None,None,0,0
4=Special,TIBSPRDR,256,80,35,64,None,1,0,1,0,0,None,None,None,0,0
5=Special,TIBSPRDR,256,75,34,64,None,1,0,1,0,0,None,None,None,0,0
6=TutorialGDI,TWR,256,77,58,64,01000032,1,0,1,0,0,None,None,None,0,0
7=Nod,NFACT,256,24,59,64,None,1,0,1,0,0,None,None,None,1,0
8=Nod,BRIK,256,18,72,64,None,1,0,1,0,0,None,None,None,0,0
9=Nod,BRIK,256,17,72,64,None,1,0,1,0,0,None,None,None,0,0
10=Nod,BRIK,256,19,72,64,None,1,0,1,0,0,None,None,None,0,0
11=Nod,NUK2_AI,256,18,62,64,None,1,0,1,0,0,None,None,None,1,0
12=Nod,NUK2_AI,256,18,60,64,None,1,0,1,0,0,None,None,None,1,0
13=Nod,NUK2_AI,256,18,58,64,None,1,0,1,0,0,None,None,None,1,0
14=Nod,NUK2_AI,256,20,62,64,None,1,0,1,0,0,None,None,None,1,0
15=Nod,NUK2_AI,256,20,60,64,None,1,0,1,0,0,None,None,None,1,0
16=Nod,NUKE_AI,256,20,58,64,None,1,0,1,0,0,None,None,None,1,0
17=Nod,AFLD,256,24,54,64,None,1,0,1,0,0,None,None,None,1,0
18=Nod,HAND_AI,256,20,65,64,None,1,0,1,0,0,None,None,None,1,0
19=Nod,PROC_AI,256,24,64,64,None,1,0,1,0,0,None,None,None,1,0
20=Nod,SILO,256,26,68,64,None,1,0,1,0,0,None,None,None,1,0
21=Nod,NUKE_AI,256,24,68,64,None,1,0,1,0,0,None,None,None,1,0
22=Nod,NHQ,256,20,68,64,None,1,0,1,0,0,None,None,None,1,0
23=Nod,BRIK,256,21,72,64,None,1,0,1,0,0,None,None,None,0,0
24=Nod,BRIK,256,20,72,64,None,1,0,1,0,0,None,None,None,0,0
25=Nod,BRIK,256,22,72,64,None,1,0,1,0,0,None,None,None,0,0
26=Nod,BRIK,256,23,72,64,None,1,0,1,0,0,None,None,None,0,0
27=Nod,BRIK,256,27,72,64,None,1,0,1,0,0,None,None,None,0,0
28=Nod,BRIK,256,28,72,64,None,1,0,1,0,0,None,None,None,0,0
29=Nod,BRIK,256,29,72,64,None,1,0,1,0,0,None,None,None,0,0
30=Nod,BRIK,256,30,72,64,None,1,0,1,0,0,None,None,None,0,0
31=Nod,BRIK,256,31,72,64,None,1,0,1,0,0,None,None,None,0,0
32=Nod,BRIK,256,31,71,64,None,1,0,1,0,0,None,None,None,0,0
33=Nod,BRIK,256,31,70,64,None,1,0,1,0,0,None,None,None,0,0
34=Nod,BRIK,256,31,69,64,None,1,0,1,0,0,None,None,None,0,0
35=Nod,BRIK,256,31,68,64,None,1,0,1,0,0,None,None,None,0,0
36=Nod,BRIK,256,31,67,64,None,1,0,1,0,0,None,None,None,0,0
37=Nod,BRIK,256,31,66,64,None,1,0,1,0,0,None,None,None,0,0
38=Nod,BRIK,256,31,62,64,None,1,0,1,0,0,None,None,None,0,0
39=Nod,BRIK,256,31,61,64,None,1,0,1,0,0,None,None,None,0,0
40=Nod,BRIK,256,31,60,64,None,1,0,1,0,0,None,None,None,0,0
41=Nod,BRIK,256,31,59,64,None,1,0,1,0,0,None,None,None,0,0
42=Nod,BRIK,256,31,58,64,None,1,0,1,0,0,None,None,None,0,0
43=Nod,BRIK,256,31,57,64,None,1,0,1,0,0,None,None,None,0,0
44=Nod,BRIK,256,31,56,64,None,1,0,1,0,0,None,None,None,0,0
45=Nod,BRIK,256,31,55,64,None,1,0,1,0,0,None,None,None,0,0
46=Nod,BRIK,256,31,54,64,None,1,0,1,0,0,None,None,None,0,0
47=Nod,BRIK,256,31,53,64,None,1,0,1,0,0,None,None,None,0,0
48=Nod,BRIK,256,31,52,64,None,1,0,1,0,0,None,None,None,0,0
49=Nod,BRIK,256,31,51,64,None,1,0,1,0,0,None,None,None,0,0
50=Nod,BRIK,256,31,50,64,None,1,0,1,0,0,None,None,None,0,0
51=Nod,BRIK,256,30,50,64,None,1,0,1,0,0,None,None,None,0,0
52=Nod,BRIK,256,29,50,64,None,1,0,1,0,0,None,None,None,0,0
53=Nod,BRIK,256,27,50,64,None,1,0,1,0,0,None,None,None,0,0
54=Nod,BRIK,256,28,50,64,None,1,0,1,0,0,None,None,None,0,0
55=Nod,BRIK,256,26,50,64,None,1,0,1,0,0,None,None,None,0,0
56=Nod,BRIK,256,25,50,64,None,1,0,1,0,0,None,None,None,0,0
57=Nod,BRIK,256,21,50,64,None,1,0,1,0,0,None,None,None,0,0
58=Nod,BRIK,256,20,50,64,None,1,0,1,0,0,None,None,None,0,0
59=Nod,BRIK,256,19,50,64,None,1,0,1,0,0,None,None,None,0,0
60=Nod,BRIK,256,17,50,64,None,1,0,1,0,0,None,None,None,0,0
61=Nod,BRIK,256,18,50,64,None,1,0,1,0,0,None,None,None,0,0
62=Nod,BRIK,256,16,50,64,None,1,0,1,0,0,None,None,None,0,0
63=Nod,BRIK,256,15,50,64,None,1,0,1,0,0,None,None,None,0,0
64=Nod,BRIK,256,14,50,64,None,1,0,1,0,0,None,None,None,0,0
65=Nod,BRIK,256,13,50,64,None,1,0,1,0,0,None,None,None,0,0
66=Nod,BRIK,256,12,50,64,None,1,0,1,0,0,None,None,None,0,0
67=Nod,OBLI_AI,256,30,71,64,None,1,0,1,0,0,None,None,None,0,0
68=Nod,OBLI_AI,256,30,51,64,None,1,0,1,0,0,None,None,None,0,0
69=Nod,GUN_AI,256,32,66,64,None,1,0,1,0,0,None,None,None,0,0
70=Nod,GUN_AI,256,32,62,64,None,1,0,1,0,0,None,None,None,0,0
71=Nod,GUN_AI,256,23,73,64,None,1,0,1,0,0,None,None,None,0,0
72=Nod,GUN_AI,256,27,73,64,None,1,0,1,0,0,None,None,None,0,0
73=Nod,GUN_AI,256,25,49,64,None,1,0,1,0,0,None,None,None,0,0
74=Nod,GUN_AI,256,21,49,64,None,1,0,1,0,0,None,None,None,0,0
75=Nod,PROC_AI,256,18,54,64,None,1,0,1,0,0,None,None,None,1,0
76=TutorialGDI,BRIK,256,78,61,64,None,1,0,1,0,0,None,None,None,0,0
77=TutorialGDI,BRIK,256,78,60,64,None,1,0,1,0,0,None,None,None,0,0
78=TutorialGDI,BRIK,256,78,59,64,None,1,0,1,0,0,None,None,None,0,0
79=TutorialGDI,BRIK,256,78,58,64,None,1,0,1,0,0,None,None,None,0,0
80=TutorialGDI,TWR,256,77,53,64,01000032,1,0,1,0,0,None,None,None,0,0
81=TutorialGDI,BRIK,256,78,53,64,None,1,0,1,0,0,None,None,None,0,0
82=TutorialGDI,BRIK,256,78,52,64,None,1,0,1,0,0,None,None,None,0,0
83=TutorialGDI,BRIK,256,78,51,64,None,1,0,1,0,0,None,None,None,0,0
84=TutorialGDI,BRIK,256,78,50,64,None,1,0,1,0,0,None,None,None,0,0
85=TutorialGDI,BRIK,256,78,49,64,None,1,0,1,0,0,None,None,None,0,0
86=TutorialGDI,BRIK,256,88,66,64,None,1,0,1,0,0,None,None,None,0,0
87=TutorialGDI,BRIK,256,89,66,64,None,1,0,1,0,0,None,None,None,0,0
88=TutorialGDI,BRIK,256,90,66,64,None,1,0,1,0,0,None,None,None,0,0
89=TutorialGDI,BRIK,256,97,66,64,None,1,0,1,0,0,None,None,None,0,0
90=TutorialGDI,BRIK,256,96,66,64,None,1,0,1,0,0,None,None,None,0,0
91=TutorialGDI,BRIK,256,95,66,64,None,1,0,1,0,0,None,None,None,0,0
92=TutorialGDI,BRIK,256,94,66,64,None,1,0,1,0,0,None,None,None,0,0
93=TutorialGDI,TWR,256,90,67,64,01000032,1,0,1,0,0,None,None,None,0,0
94=TutorialGDI,TWR,256,94,67,64,01000032,1,0,1,0,0,None,None,None,0,0
95=Special,INBLULMP,256,37,32,64,None,1,0,1,0,0,None,None,None,0,0
97=TutorialGDI,NUKE,256,80,49,64,None,1,0,1,0,0,None,None,None,0,0
98=TutorialGDI,NUKE,256,83,49,64,None,1,0,1,0,0,None,None,None,0,0
99=Special,INBLULMP,256,60,51,64,None,1,0,1,0,0,None,None,None,0,0

[Tags]
01000004=0,Init 1,01000003
01000006=0,Init 2 1,01000005
01000008=0,Init 3 1,01000007
01000010=0,Player deploys CY 1,01000009
01000012=0,Tiberium refinery explanation 1,01000011
01000014=2,Tiberium refinery recommendation repeat 1,01000013
01000016=0,Building ready explanation 1,01000015
01000018=0,Player builds refinery 1,01000017
01000020=0,Barracks recommendation 1,01000019
01000022=2,Barracs recommendation repeat 1,01000021
01000024=0,Player builds barracks 1,01000023
01000026=0,WF explanation 1,01000025
01000028=0,Power plant explanation 1,01000027
01000030=0,Objective explanation 1,01000029
01000032=0,Player structures damaged 1,01000031
01000034=0,Blue tiberium explanation 1,01000033
01000044=0,Spawned bike 1,01000043
01000046=0,Nod Auto Production Trigger 1,01000045
01000048=0,Win 1,01000047

[TaskForces]
0=01000001
1=01000035
2=01000036
3=01000037
4=01000038
5=01000039
6=01000040
7=01000050
8=01000051
9=01000052
10=01000053
11=01000054
12=01000055

[TeamTypes]
0=01000002
1=01000042
2=EE1N0000-G
3=EE3N0000-G
4=EE4N0000-G
5=EBIKEN00-G
6=ELTNKN00-G
7=EBGGYN00-G
8=HE1N0000-G
9=HE3N0000-G
10=HE4N0000-G
11=HBIKEN00-G
12=HLTNKN00-G
13=HBGGYN00-G

[Terrain]
6061=T06
8058=T16
10055=T02
10063=T05
12053=T08
12059=T01
13067=T01
14057=T06
16050=T06
16063=T16
16068=T16
16070=T01
17053=T16
17058=T05
17061=TC05
18047=T02
19050=T06
19061=T01
20046=T07
20057=TC04
20060=T02
20068=T07
20074=T02
21055=TC03
21062=T08
21071=T16
22044=T16
22053=T02
22058=T05
22064=T05
22077=T06
23048=T05
23061=T16
23067=T06
24046=T05
24059=T01
24064=T07
24071=T08
24074=TC05
25044=T01
25055=T07
25057=T06
25074=TC01
26039=T15
26040=BR2
26052=TC04
26063=TC05
26068=T01
26070=T16
26073=TC04
26079=T05
27060=T05
27062=TC01
27072=T16
27082=T02
28042=T17
28051=T08
28053=T16
28057=TC04
28058=T16
28061=T08
28068=T06
28072=T05
29049=T02
29051=T05
29057=TC01
29067=TC02
29070=TC01
30044=T14
30047=TC05
30055=T01
30060=T07
30061=T02
30083=T16
31051=T16
31058=T06
31065=TC03
31066=T16
31069=T02
32042=T03
32043=BR9
32045=T12
32047=T16
32054=TC05
32058=T16
32060=T05
33053=TC03
33055=TC04
33088=T07
34043=T13
34046=T15
34052=T01
34057=T06
34066=TC04
34075=TIBTREE
35060=T01
35064=TC05
35080=TIBTREE2
36030=T10
36042=T11
36049=T06
36053=T02
37032=T14
37037=T10
38030=T03
38031=BR8
38034=T11
38036=BR1
38040=T12
38042=T14
38064=T07
38068=T06
39024=TC03
39027=TC05
39030=T16
39032=T13
39047=T08
39049=T05
39051=T01
39054=T16
39094=T05
40060=T02
40063=T08
40090=T06
41027=TC04
41031=T07
41039=T01
41043=T01
41050=TC02
41053=T06
41071=T01
41094=T08
42024=TC01
42036=T06
42045=T05
42047=T05
42056=TC01
42060=TC02
42080=TC01
43028=T08
43052=TC01
43066=T05
43076=T07
44026=T02
44035=T08
44040=T02
44051=TC05
44096=T16
45020=TC05
45032=T16
45046=T02
45063=T06
45072=T16
45093=T16
46019=TC01
46038=T05
46058=T14
46060=T17
46062=BR6
46076=T02
47017=TC03
47021=T02
47035=TC01
47057=T03
47062=T11
47064=T05
47081=T06
47100=T05
48016=TC04
48028=T07
48033=T06
49015=T08
49051=T06
49056=T10
49057=T12
49064=T14
49069=T01
50038=T05
50056=BR2
50074=T01
50096=T05
51034=T16
51055=T14
51065=T15
52042=TIBTREE
52064=BR1
52102=T06
53056=T11
53062=T13
53064=T11
53075=T08
53099=T08
54047=TIBTREE3
54056=BR7
55010=T07
55011=T02
55033=T01
55056=T17
55058=T13
55061=T10
55063=T12
55070=T06
55073=T16
55106=T01
56013=T06
56099=T02
57011=T16
57059=T15
57068=T02
58009=TC04
58013=TC01
58038=T05
58105=T02
59008=T08
59010=T01
59012=T05
59041=T02
59071=T05
60006=TC05
60008=T01
60012=T02
60103=T16
60107=TC01
61010=TC05
61035=T16
61046=T05
61051=T06
61084=T05
62007=T07
62008=TC02
62061=T16
62069=T01
62076=TC04
62099=T01
62107=T16
63011=T16
63012=TC03
63044=T01
64011=T05
64057=T08
64068=T08
64079=T05
64082=TC05
65010=T02
65013=T02
65015=T01
65042=T02
65053=TC04
65075=TC01
65087=T01
66012=TC05
66013=TC02
66050=T02
66073=T01
66080=T12
66082=T16
66101=T06
66104=T07
67015=TC01
67055=T05
67063=T06
67067=T07
67070=T16
67078=T01
68013=TC05
68015=TC04
68038=T05
68048=TC01
68049=SROCK07
68060=T02
68085=T06
68089=T05
68097=T05
69034=T01
69063=T05
69066=SROCK01
69080=T08
69082=T17
69102=T05
70075=TC05
71038=T08
71055=T01
71065=T01
71069=T06
71073=T06
71075=TC03
71085=TC01
71088=T16
71098=T01
72043=T02
72047=T01
72050=T06
72076=TC02
72078=TC01
72082=T02
72093=T06
73018=T01
73059=T16
73074=T06
73079=T05
73086=T06
73089=T08
74029=T08
74034=T06
74035=T03
74040=T06
74056=T02
74059=SROCK05
74096=T02
75021=T01
75023=T06
75032=T05
75062=T06
75066=T05
75074=T02
75082=T01
75086=TC04
76051=TC01
76064=SROCK04
76071=T02
76079=T02
76084=T06
77030=T05
77037=T02
77055=T02
77059=T08
77062=T07
77074=T01
77077=T06
77086=T05
77089=T16
77091=TC03
77093=TC05
78023=T06
78025=T16
78035=T01
78044=TC04
78063=SROCK02
78070=T16
78075=T05
78077=T16
78081=TC01
78082=TC03
78083=T16
79049=OREMINE3
79065=T02
79071=TC04
79073=T02
79076=TC04
79080=T06
79090=T06
80032=T16
80039=T16
80071=TC01
80074=T02
80075=TC02
80081=TC04
80085=T05
80088=T05
81027=T02
81044=T07
81071=T05
81072=TC01
81074=TC01
81078=T01
81083=T16
81087=T07
82029=T05
82037=TC04
82041=TC01
82066=T01
82076=T16
82080=T06
82090=T01
83028=T07
83074=T05
83083=T02
84049=T06
84071=T06
84075=T06
84079=TC05
84085=T01
84088=T16
85038=T16
85076=TC04
85079=T16
86032=TC05
86035=T02
86052=T05
86064=T16
86068=T08
86073=T02
86083=T06
87042=VINTREE2
87059=TC04
87071=T05
87076=T06
87078=T06
87082=T16
88034=TC04
88036=T06
88049=T16
88052=T02
88053=TC02
88059=T16
88069=T06
88074=T16
88079=TC04
88080=T01
89036=T02
89038=T01
89067=T05
89078=T05
89079=TC01
89083=T02
90035=T16
90054=T01
90062=T01
90070=TC03
90073=T06
90075=T07
90079=T06
91038=T07
91056=TC01
91061=T02
91072=T05
91075=TC02
91078=T16
91081=T01
92061=T05
92068=T06
92073=T01
92077=TC05
93037=T05
93040=T02
93041=T06
93059=T06
93064=TC05
94042=T16
94054=T06
94062=T07
94069=TC01
94072=T02
94075=T08
95040=T06
95059=T05
95061=T08
95066=T01
95073=TC04
95077=T16
96041=T05
96043=TC01
96054=TC04
96058=T16
96064=T16
97045=T02
97060=T02
97066=TC01
97072=T02
98047=T01
98048=TC02
98053=TC01
98058=TC05
98062=TC01
98065=T02
98069=T02
98074=T01
99044=TC01
99061=T05
99064=T06
100050=TC01
100051=T01
100059=T06
100060=T16
100062=T02
100064=T01
100066=T07
100068=TC03
100070=T07
101046=TC05
101048=TC03
101056=T02
101063=T08
101064=T01
102050=T02
102051=T08
102054=T01
102057=T07
102062=TC04
103056=T16
103064=T16
103065=T01
103067=TC05
104049=TC04
104057=T08
104058=T01
104067=TC02
105054=TC04
105060=T05
105065=T02
106057=T02
107053=T05
107056=TC01
107059=T06
107061=T01
108054=TC02
108056=T06
108061=T06
109057=TC03
109063=T02
110060=T16
111056=TC05
111058=T08

[Triggers]
01000003=GDI,<none>,Init,0,1,1,1,0
01000005=Neutral,<none>,Init 2,0,1,1,1,0
01000007=Neutral,<none>,Init 3,0,1,1,1,0
01000009=TutorialGDI,<none>,Player deploys CY,0,1,1,1,0
01000011=Neutral,<none>,Tiberium refinery explanation,1,1,1,1,0
01000013=Neutral,<none>,Tiberium refinery recommendation repeat,1,1,1,1,0
01000015=Neutral,<none>,Building ready explanation,1,1,1,1,0
01000017=TutorialGDI,<none>,Player builds refinery,0,1,1,1,0
01000019=Neutral,<none>,Barracks recommendation,1,1,1,1,0
01000021=Neutral,<none>,Barracs recommendation repeat,1,1,1,1,0
01000023=TutorialGDI,<none>,Player builds barracks,0,1,1,1,0
01000025=Neutral,<none>,WF explanation,1,1,1,1,0
01000027=Neutral,<none>,Power plant explanation,1,1,1,1,0
01000029=Neutral,<none>,Objective explanation,1,1,1,1,0
01000031=TutorialGDI,<none>,Player structures damaged,0,1,1,1,0
01000033=Neutral,<none>,Blue tiberium explanation,0,1,1,1,0
01000043=Neutral,<none>,Spawned bike,1,1,1,1,0
01000045=Nod,<none>,Nod Auto Production Trigger,1,1,1,1,0
01000047=Nod,<none>,Win,0,1,1,1,0

[Tutorial]
10021=You need to establish a base.
10022=Select the Mobile Construction Vehicle in your base. Once selected, press D or click on the vehicle to deploy it into a Construction Yard, which allows you to build buildings.
10023=To build structures or units, left-click on their pictures on the sidebar.
10024=A Refinery allows you to collect resources such as tiberium and ore in order to increase your credits.
10025=Build a Tiberium Refinery to gather resources.
10026=When a structure shows READY, click on it, then place it on the map.
10027=The harvester will automatically harvest the nearest resources.
10028=A barracks will allow you to train infantry-type units.
10029=Build a barracks to train infantry-type units.
10030=The War Factory lets you produce vehicle-type units.
10031=To keep power up, build more power plants.
10032=To repair a damaged structure, left-click on the repair wrench (default hotkey R) and then on the damaged structure.
10033=Blue tiberium is another mineral that is collected and refined for money. It is more valuable than both green tiberium and ore.
10034=To win the mission, find the Nod base and destroy all structures.

[TutorialGDI]
IQ=0
Edge=East
Side=GDI
Color=Gold
Allies=TutorialGDI,GDI
Credits=100
ActsLike=0
NodeCount=0
TechLevel=3
PercentBuilt=100
PlayerControl=yes

[Units]
0=Nod,AITDHARV,256,39,51,64,Guard,None,0,-1,0,-1,1,0
1=Nod,AITDHARV,256,45,57,64,Guard,None,0,-1,0,-1,1,0
2=GDI,GMCV,256,90,55,64,Guard,None,0,-1,0,-1,1,0
Y=Nod,BARLU,256,1,0,64,Unload,None,0,-1,0,-1,1,0
Z=TutorialGDI,BARLU,256,0,0,64,Unload,None,0,-1,0,-1,1,0

[Waypoints]
0=64098
1=54099
2=46089
3=36079
4=56084
5=73091
6=89044
7=57024
98=56090
99=55090



[Digest]
1=VkDrxU5AK+Fdutu3/m4T2jmJAEU=

